Build started 2026-01-31 5:01:41 PM.
     1>Project "C:\Users\glenl\.zenflow\worktrees\jan-31-review-f-cad9\repo.sln" on node 1 (VSTest target(s)).
     1>ValidateSolutionConfiguration:
         Building solution configuration "Debug|Any CPU".
Test run for C:\Users\glenl\.zenflow\worktrees\jan-31-review-f-cad9\TallyJ4.Tests\bin\Debug\net10.0\TallyJ4.Tests.dll (.NETCoreApp,Version=v10.0)
VSTest version 18.0.1 (x64)

Starting test execution, please wait...
A total of 1 test files matched the specified pattern.
[xUnit.net 00:00:00.00] xUnit.net VSTest Adapter v3.1.4+50e68bbb8b (64-bit .NET 10.0.2)
[xUnit.net 00:00:00.09]   Discovering: TallyJ4.Tests
[xUnit.net 00:00:00.13]   Discovered:  TallyJ4.Tests
[xUnit.net 00:00:00.15]   Starting:    TallyJ4.Tests
Starting up...
Starting up...
Starting up...
Starting up...
[17:01:43 INF] [] User profile is available. Using 'C:\Users\glenl\AppData\Local\ASP.NET\DataProtection-Keys' as key repository and Windows DPAPI to encrypt keys at rest. Microsoft.AspNetCore.DataProtection.KeyManagement.XmlKeyManager
[17:01:43 INF] [] User profile is available. Using 'C:\Users\glenl\AppData\Local\ASP.NET\DataProtection-Keys' as key repository and Windows DPAPI to encrypt keys at rest. Microsoft.AspNetCore.DataProtection.KeyManagement.XmlKeyManager
[17:01:43 INF] [] User profile is available. Using 'C:\Users\glenl\AppData\Local\ASP.NET\DataProtection-Keys' as key repository and Windows DPAPI to encrypt keys at rest. Microsoft.AspNetCore.DataProtection.KeyManagement.XmlKeyManager
[17:01:43 INF] [] User profile is available. Using 'C:\Users\glenl\AppData\Local\ASP.NET\DataProtection-Keys' as key repository and Windows DPAPI to encrypt keys at rest. Microsoft.AspNetCore.DataProtection.KeyManagement.XmlKeyManager
[17:01:44 WRN] [] Sensitive data logging is enabled. Log entries and exception messages may include sensitive application data; this mode should only be enabled during development. Microsoft.EntityFrameworkCore.Model.Validation
  Passed TallyJ4.Tests.UnitTests.ReportExportServiceTests.GenerateExcelReportAsync_WithNoElectedCandidates_SkipsElectedSheet [1 s]
  Passed TallyJ4.Tests.UnitTests.ReportExportServiceTests.GenerateExcelReportAsync_WithNoCandidatePerformance_SkipsCandidateSheet [19 ms]
  Passed TallyJ4.Tests.UnitTests.ElectionServiceTests.DeleteElectionAsync_WithInvalidGuid_ReturnsFalse [1 s]
  Passed TallyJ4.Tests.UnitTests.TallyServiceTests.CalculateNormalElectionAsync_WithInvalidElectionGuid_ThrowsArgumentException [1 s]
  Passed TallyJ4.Tests.UnitTests.ReportExportServiceTests.GeneratePdfReportAsync_WithFilters_PassesFiltersToTallyService [538 ms]
  Passed TallyJ4.Tests.UnitTests.ElectionServiceTests.GetElectionsAsync_WithStatusFilter_ReturnsFilteredResults [540 ms]
  Passed TallyJ4.Tests.UnitTests.ElectionServiceTests.UpdateElectionAsync_WithInvalidGuid_ReturnsNull [54 ms]
  Passed TallyJ4.Tests.UnitTests.ReportExportServiceTests.GeneratePdfReportAsync_WithValidData_ReturnsPdfBytes [120 ms]
  Passed TallyJ4.Tests.UnitTests.ReportExportServiceTests.GeneratePdfReportAsync_WhenTallyServiceThrows_LogsErrorAndRethrows [6 ms]
  Passed TallyJ4.Tests.UnitTests.ReportExportServiceTests.GenerateExcelReportAsync_WhenTallyServiceThrows_LogsErrorAndRethrows [5 ms]
  Passed TallyJ4.Tests.UnitTests.ElectionServiceTests.CreateElectionAsync_CreatesElectionSuccessfully [116 ms]
  Passed TallyJ4.Tests.UnitTests.ElectionServiceTests.UpdateElectionAsync_WithValidGuid_UpdatesElection [37 ms]
  Passed TallyJ4.Tests.UnitTests.ElectionServiceTests.DeleteElectionAsync_WithValidGuid_DeletesElection [45 ms]
  Passed TallyJ4.Tests.UnitTests.ElectionServiceTests.GetElectionByGuidAsync_WithValidGuid_ReturnsElection [21 ms]
  Passed TallyJ4.Tests.UnitTests.ElectionServiceTests.GetElectionsAsync_ReturnsPaginatedResults [60 ms]
[17:01:45 INF] [] Executed DbCommand (221ms) [Parameters=[], CommandType='Text', CommandTimeout='60']
CREATE DATABASE [TallyJ4TestDb_d55e258f-123b-46a0-b911-53da08696a16]; Microsoft.EntityFrameworkCore.Database.Command
[17:01:45 INF] [] Executed DbCommand (231ms) [Parameters=[], CommandType='Text', CommandTimeout='60']
CREATE DATABASE [TallyJ4TestDb_c7b3dec9-1943-4436-9cb2-5f414854806d]; Microsoft.EntityFrameworkCore.Database.Command
[17:01:45 INF] [] Executed DbCommand (251ms) [Parameters=[], CommandType='Text', CommandTimeout='60']
CREATE DATABASE [TallyJ4TestDb_0ecb54ce-bfe9-4050-93a6-e165ef596ddd]; Microsoft.EntityFrameworkCore.Database.Command
[17:01:45 INF] [] Executed DbCommand (80ms) [Parameters=[], CommandType='Text', CommandTimeout='60']
IF SERVERPROPERTY('EngineEdition') <> 5
BEGIN
    ALTER DATABASE [TallyJ4TestDb_d55e258f-123b-46a0-b911-53da08696a16] SET READ_COMMITTED_SNAPSHOT ON;
END; Microsoft.EntityFrameworkCore.Database.Command
[17:01:45 INF] [] Executed DbCommand (58ms) [Parameters=[], CommandType='Text', CommandTimeout='60']
IF SERVERPROPERTY('EngineEdition') <> 5
BEGIN
    ALTER DATABASE [TallyJ4TestDb_c7b3dec9-1943-4436-9cb2-5f414854806d] SET READ_COMMITTED_SNAPSHOT ON;
END; Microsoft.EntityFrameworkCore.Database.Command
[17:01:45 INF] [] Executed DbCommand (312ms) [Parameters=[], CommandType='Text', CommandTimeout='60']
CREATE DATABASE [TallyJ4TestDb_db56722c-b37f-4e6c-bf75-4a6690feb3fe]; Microsoft.EntityFrameworkCore.Database.Command
[17:01:45 INF] [] Executed DbCommand (63ms) [Parameters=[], CommandType='Text', CommandTimeout='60']
IF SERVERPROPERTY('EngineEdition') <> 5
BEGIN
    ALTER DATABASE [TallyJ4TestDb_0ecb54ce-bfe9-4050-93a6-e165ef596ddd] SET READ_COMMITTED_SNAPSHOT ON;
END; Microsoft.EntityFrameworkCore.Database.Command
[17:01:45 INF] [] Executed DbCommand (6ms) [Parameters=[], CommandType='Text', CommandTimeout='30']
SELECT 1 Microsoft.EntityFrameworkCore.Database.Command
[17:01:45 INF] [] Executed DbCommand (7ms) [Parameters=[], CommandType='Text', CommandTimeout='30']
SELECT 1 Microsoft.EntityFrameworkCore.Database.Command
[17:01:45 INF] [] Acquiring an exclusive lock for migration application. See https://aka.ms/efcore-docs-migrations-lock for more information if this takes too long. Microsoft.EntityFrameworkCore.Migrations
[17:01:45 INF] [] Acquiring an exclusive lock for migration application. See https://aka.ms/efcore-docs-migrations-lock for more information if this takes too long. Microsoft.EntityFrameworkCore.Migrations
[17:01:45 INF] [] Executed DbCommand (21ms) [Parameters=[], CommandType='Text', CommandTimeout='30']
DECLARE @result int;
EXEC @result = sp_getapplock @Resource = '__EFMigrationsLock', @LockOwner = 'Session', @LockMode = 'Exclusive';
SELECT @result Microsoft.EntityFrameworkCore.Database.Command
[17:01:45 INF] [] Executed DbCommand (21ms) [Parameters=[], CommandType='Text', CommandTimeout='30']
DECLARE @result int;
EXEC @result = sp_getapplock @Resource = '__EFMigrationsLock', @LockOwner = 'Session', @LockMode = 'Exclusive';
SELECT @result Microsoft.EntityFrameworkCore.Database.Command
[17:01:45 INF] [] Executed DbCommand (58ms) [Parameters=[], CommandType='Text', CommandTimeout='60']
IF SERVERPROPERTY('EngineEdition') <> 5
BEGIN
    ALTER DATABASE [TallyJ4TestDb_db56722c-b37f-4e6c-bf75-4a6690feb3fe] SET READ_COMMITTED_SNAPSHOT ON;
END; Microsoft.EntityFrameworkCore.Database.Command
[17:01:45 INF] [] Executed DbCommand (0ms) [Parameters=[], CommandType='Text', CommandTimeout='30']
SELECT 1 Microsoft.EntityFrameworkCore.Database.Command
[17:01:45 INF] [] Acquiring an exclusive lock for migration application. See https://aka.ms/efcore-docs-migrations-lock for more information if this takes too long. Microsoft.EntityFrameworkCore.Migrations
[17:01:45 INF] [] Executed DbCommand (3ms) [Parameters=[], CommandType='Text', CommandTimeout='30']
DECLARE @result int;
EXEC @result = sp_getapplock @Resource = '__EFMigrationsLock', @LockOwner = 'Session', @LockMode = 'Exclusive';
SELECT @result Microsoft.EntityFrameworkCore.Database.Command
[17:01:45 INF] [] Executed DbCommand (0ms) [Parameters=[], CommandType='Text', CommandTimeout='30']
SELECT 1 Microsoft.EntityFrameworkCore.Database.Command
[17:01:45 INF] [] Acquiring an exclusive lock for migration application. See https://aka.ms/efcore-docs-migrations-lock for more information if this takes too long. Microsoft.EntityFrameworkCore.Migrations
[17:01:45 INF] [] Executed DbCommand (2ms) [Parameters=[], CommandType='Text', CommandTimeout='30']
DECLARE @result int;
EXEC @result = sp_getapplock @Resource = '__EFMigrationsLock', @LockOwner = 'Session', @LockMode = 'Exclusive';
SELECT @result Microsoft.EntityFrameworkCore.Database.Command
[17:01:45 INF] [] Executed DbCommand (6ms) [Parameters=[], CommandType='Text', CommandTimeout='30']
IF OBJECT_ID(N'[__EFMigrationsHistory]') IS NULL
BEGIN
    CREATE TABLE [__EFMigrationsHistory] (
        [MigrationId] nvarchar(150) NOT NULL,
        [ProductVersion] nvarchar(32) NOT NULL,
        CONSTRAINT [PK___EFMigrationsHistory] PRIMARY KEY ([MigrationId])
    );
END; Microsoft.EntityFrameworkCore.Database.Command
[17:01:45 INF] [] Executed DbCommand (8ms) [Parameters=[], CommandType='Text', CommandTimeout='30']
IF OBJECT_ID(N'[__EFMigrationsHistory]') IS NULL
BEGIN
    CREATE TABLE [__EFMigrationsHistory] (
        [MigrationId] nvarchar(150) NOT NULL,
        [ProductVersion] nvarchar(32) NOT NULL,
        CONSTRAINT [PK___EFMigrationsHistory] PRIMARY KEY ([MigrationId])
    );
END; Microsoft.EntityFrameworkCore.Database.Command
[17:01:45 INF] [] Executed DbCommand (8ms) [Parameters=[], CommandType='Text', CommandTimeout='30']
IF OBJECT_ID(N'[__EFMigrationsHistory]') IS NULL
BEGIN
    CREATE TABLE [__EFMigrationsHistory] (
        [MigrationId] nvarchar(150) NOT NULL,
        [ProductVersion] nvarchar(32) NOT NULL,
        CONSTRAINT [PK___EFMigrationsHistory] PRIMARY KEY ([MigrationId])
    );
END; Microsoft.EntityFrameworkCore.Database.Command
[17:01:45 INF] [] Executed DbCommand (8ms) [Parameters=[], CommandType='Text', CommandTimeout='30']
IF OBJECT_ID(N'[__EFMigrationsHistory]') IS NULL
BEGIN
    CREATE TABLE [__EFMigrationsHistory] (
        [MigrationId] nvarchar(150) NOT NULL,
        [ProductVersion] nvarchar(32) NOT NULL,
        CONSTRAINT [PK___EFMigrationsHistory] PRIMARY KEY ([MigrationId])
    );
END; Microsoft.EntityFrameworkCore.Database.Command
[17:01:45 INF] [] Executed DbCommand (0ms) [Parameters=[], CommandType='Text', CommandTimeout='30']
SELECT 1 Microsoft.EntityFrameworkCore.Database.Command
[17:01:45 INF] [] Executed DbCommand (0ms) [Parameters=[], CommandType='Text', CommandTimeout='30']
SELECT 1 Microsoft.EntityFrameworkCore.Database.Command
[17:01:45 INF] [] Executed DbCommand (0ms) [Parameters=[], CommandType='Text', CommandTimeout='30']
SELECT 1 Microsoft.EntityFrameworkCore.Database.Command
[17:01:45 INF] [] Executed DbCommand (0ms) [Parameters=[], CommandType='Text', CommandTimeout='30']
SELECT 1 Microsoft.EntityFrameworkCore.Database.Command
[17:01:45 INF] [] Executed DbCommand (0ms) [Parameters=[], CommandType='Text', CommandTimeout='30']
SELECT OBJECT_ID(N'[__EFMigrationsHistory]'); Microsoft.EntityFrameworkCore.Database.Command
[17:01:45 INF] [] Executed DbCommand (0ms) [Parameters=[], CommandType='Text', CommandTimeout='30']
SELECT OBJECT_ID(N'[__EFMigrationsHistory]'); Microsoft.EntityFrameworkCore.Database.Command
[17:01:45 INF] [] Executed DbCommand (0ms) [Parameters=[], CommandType='Text', CommandTimeout='30']
SELECT OBJECT_ID(N'[__EFMigrationsHistory]'); Microsoft.EntityFrameworkCore.Database.Command
[17:01:45 INF] [] Executed DbCommand (0ms) [Parameters=[], CommandType='Text', CommandTimeout='30']
SELECT OBJECT_ID(N'[__EFMigrationsHistory]'); Microsoft.EntityFrameworkCore.Database.Command
[17:01:45 INF] [] Executed DbCommand (2ms) [Parameters=[], CommandType='Text', CommandTimeout='30']
SELECT [MigrationId], [ProductVersion]
FROM [__EFMigrationsHistory]
ORDER BY [MigrationId]; Microsoft.EntityFrameworkCore.Database.Command
[17:01:45 INF] [] Executed DbCommand (2ms) [Parameters=[], CommandType='Text', CommandTimeout='30']
SELECT [MigrationId], [ProductVersion]
FROM [__EFMigrationsHistory]
ORDER BY [MigrationId]; Microsoft.EntityFrameworkCore.Database.Command
[17:01:45 INF] [] Executed DbCommand (2ms) [Parameters=[], CommandType='Text', CommandTimeout='30']
SELECT [MigrationId], [ProductVersion]
FROM [__EFMigrationsHistory]
ORDER BY [MigrationId]; Microsoft.EntityFrameworkCore.Database.Command
[17:01:45 INF] [] Executed DbCommand (2ms) [Parameters=[], CommandType='Text', CommandTimeout='30']
SELECT [MigrationId], [ProductVersion]
FROM [__EFMigrationsHistory]
ORDER BY [MigrationId]; Microsoft.EntityFrameworkCore.Database.Command
[17:01:45 INF] [] Applying migration '20260113032428_InitialCreate'. Microsoft.EntityFrameworkCore.Migrations
[17:01:45 INF] [] Applying migration '20260113032428_InitialCreate'. Microsoft.EntityFrameworkCore.Migrations
[17:01:45 INF] [] Applying migration '20260113032428_InitialCreate'. Microsoft.EntityFrameworkCore.Migrations
[17:01:45 INF] [] Applying migration '20260113032428_InitialCreate'. Microsoft.EntityFrameworkCore.Migrations
  Passed TallyJ4.Tests.UnitTests.ElectionServiceTests.GetElectionByGuidAsync_WithInvalidGuid_ReturnsNull [7 ms]
  Passed TallyJ4.Tests.UnitTests.ReportExportServiceTests.GenerateExcelReportAsync_WithValidData_ReturnsExcelBytes [503 ms]
  Passed TallyJ4.Tests.UnitTests.ReportExportServiceTests.GeneratePdfReportAsync_WithNullElectionDate_HandlesGracefully [24 ms]
  Passed TallyJ4.Tests.UnitTests.ReportExportServiceTests.GeneratePdfReportAsync_WithNoElectedCandidates_ReturnsPdfBytes [24 ms]
  Passed TallyJ4.Tests.UnitTests.TallyServiceTests.CalculateNormalElectionAsync_CategorizesSections [1 s]
  Passed TallyJ4.Tests.UnitTests.ReportExportServiceTests.GeneratePdfReportAsync_WithNoLocationStatistics_ReturnsPdfBytes [56 ms]
  Passed TallyJ4.Tests.UnitTests.ReportExportServiceTests.GenerateExcelReportAsync_WithFilters_PassesFiltersToTallyService [13 ms]
  Passed TallyJ4.Tests.UnitTests.ReportExportServiceTests.GenerateExcelReportAsync_WithNoLocationStatistics_SkipsLocationSheet [24 ms]
  Passed TallyJ4.Tests.UnitTests.TallyServiceTests.CalculateNormalElectionAsync_PerformanceTest_CompletesWithin1Second [211 ms]
[17:01:45 INF] [] Executed DbCommand (2ms) [Parameters=[], CommandType='Text', CommandTimeout='30']
CREATE TABLE [AspNetRoles] (
    [Id] nvarchar(450) NOT NULL,
    [Name] nvarchar(256) NULL,
    [NormalizedName] nvarchar(256) NULL,
    [ConcurrencyStamp] nvarchar(max) NULL,
    CONSTRAINT [PK_AspNetRoles] PRIMARY KEY ([Id])
); Microsoft.EntityFrameworkCore.Database.Command
[17:01:45 INF] [] Executed DbCommand (2ms) [Parameters=[], CommandType='Text', CommandTimeout='30']
CREATE TABLE [AspNetRoles] (
    [Id] nvarchar(450) NOT NULL,
    [Name] nvarchar(256) NULL,
    [NormalizedName] nvarchar(256) NULL,
    [ConcurrencyStamp] nvarchar(max) NULL,
    CONSTRAINT [PK_AspNetRoles] PRIMARY KEY ([Id])
); Microsoft.EntityFrameworkCore.Database.Command
[17:01:45 INF] [] Executed DbCommand (3ms) [Parameters=[], CommandType='Text', CommandTimeout='30']
CREATE TABLE [AspNetRoles] (
    [Id] nvarchar(450) NOT NULL,
    [Name] nvarchar(256) NULL,
    [NormalizedName] nvarchar(256) NULL,
    [ConcurrencyStamp] nvarchar(max) NULL,
    CONSTRAINT [PK_AspNetRoles] PRIMARY KEY ([Id])
); Microsoft.EntityFrameworkCore.Database.Command
[17:01:45 INF] [] Executed DbCommand (3ms) [Parameters=[], CommandType='Text', CommandTimeout='30']
CREATE TABLE [AspNetRoles] (
    [Id] nvarchar(450) NOT NULL,
    [Name] nvarchar(256) NULL,
    [NormalizedName] nvarchar(256) NULL,
    [ConcurrencyStamp] nvarchar(max) NULL,
    CONSTRAINT [PK_AspNetRoles] PRIMARY KEY ([Id])
); Microsoft.EntityFrameworkCore.Database.Command
[17:01:45 INF] [] Executed DbCommand (1ms) [Parameters=[], CommandType='Text', CommandTimeout='30']
CREATE TABLE [AspNetUsers] (
    [Id] nvarchar(450) NOT NULL,
    [GoogleId] nvarchar(max) NULL,
    [AuthMethod] nvarchar(20) NOT NULL,
    [PasswordResetToken] nvarchar(max) NULL,
    [PasswordResetExpiry] datetime2 NULL,
    [UserName] nvarchar(256) NULL,
    [NormalizedUserName] nvarchar(256) NULL,
    [Email] nvarchar(256) NULL,
    [NormalizedEmail] nvarchar(256) NULL,
    [EmailConfirmed] bit NOT NULL,
    [PasswordHash] nvarchar(max) NULL,
    [SecurityStamp] nvarchar(max) NULL,
    [ConcurrencyStamp] nvarchar(max) NULL,
    [PhoneNumber] nvarchar(max) NULL,
    [PhoneNumberConfirmed] bit NOT NULL,
    [TwoFactorEnabled] bit NOT NULL,
    [LockoutEnd] datetimeoffset NULL,
    [LockoutEnabled] bit NOT NULL,
    [AccessFailedCount] int NOT NULL,
    CONSTRAINT [PK_AspNetUsers] PRIMARY KEY ([Id])
); Microsoft.EntityFrameworkCore.Database.Command
[17:01:45 INF] [] Executed DbCommand (1ms) [Parameters=[], CommandType='Text', CommandTimeout='30']
CREATE TABLE [AspNetUsers] (
    [Id] nvarchar(450) NOT NULL,
    [GoogleId] nvarchar(max) NULL,
    [AuthMethod] nvarchar(20) NOT NULL,
    [PasswordResetToken] nvarchar(max) NULL,
    [PasswordResetExpiry] datetime2 NULL,
    [UserName] nvarchar(256) NULL,
    [NormalizedUserName] nvarchar(256) NULL,
    [Email] nvarchar(256) NULL,
    [NormalizedEmail] nvarchar(256) NULL,
    [EmailConfirmed] bit NOT NULL,
    [PasswordHash] nvarchar(max) NULL,
    [SecurityStamp] nvarchar(max) NULL,
    [ConcurrencyStamp] nvarchar(max) NULL,
    [PhoneNumber] nvarchar(max) NULL,
    [PhoneNumberConfirmed] bit NOT NULL,
    [TwoFactorEnabled] bit NOT NULL,
    [LockoutEnd] datetimeoffset NULL,
    [LockoutEnabled] bit NOT NULL,
    [AccessFailedCount] int NOT NULL,
    CONSTRAINT [PK_AspNetUsers] PRIMARY KEY ([Id])
); Microsoft.EntityFrameworkCore.Database.Command
[17:01:45 INF] [] Executed DbCommand (2ms) [Parameters=[], CommandType='Text', CommandTimeout='30']
CREATE TABLE [AspNetUsers] (
    [Id] nvarchar(450) NOT NULL,
    [GoogleId] nvarchar(max) NULL,
    [AuthMethod] nvarchar(20) NOT NULL,
    [PasswordResetToken] nvarchar(max) NULL,
    [PasswordResetExpiry] datetime2 NULL,
    [UserName] nvarchar(256) NULL,
    [NormalizedUserName] nvarchar(256) NULL,
    [Email] nvarchar(256) NULL,
    [NormalizedEmail] nvarchar(256) NULL,
    [EmailConfirmed] bit NOT NULL,
    [PasswordHash] nvarchar(max) NULL,
    [SecurityStamp] nvarchar(max) NULL,
    [ConcurrencyStamp] nvarchar(max) NULL,
    [PhoneNumber] nvarchar(max) NULL,
    [PhoneNumberConfirmed] bit NOT NULL,
    [TwoFactorEnabled] bit NOT NULL,
    [LockoutEnd] datetimeoffset NULL,
    [LockoutEnabled] bit NOT NULL,
    [AccessFailedCount] int NOT NULL,
    CONSTRAINT [PK_AspNetUsers] PRIMARY KEY ([Id])
); Microsoft.EntityFrameworkCore.Database.Command
[17:01:45 INF] [] Executed DbCommand (2ms) [Parameters=[], CommandType='Text', CommandTimeout='30']
CREATE TABLE [AspNetUsers] (
    [Id] nvarchar(450) NOT NULL,
    [GoogleId] nvarchar(max) NULL,
    [AuthMethod] nvarchar(20) NOT NULL,
    [PasswordResetToken] nvarchar(max) NULL,
    [PasswordResetExpiry] datetime2 NULL,
    [UserName] nvarchar(256) NULL,
    [NormalizedUserName] nvarchar(256) NULL,
    [Email] nvarchar(256) NULL,
    [NormalizedEmail] nvarchar(256) NULL,
    [EmailConfirmed] bit NOT NULL,
    [PasswordHash] nvarchar(max) NULL,
    [SecurityStamp] nvarchar(max) NULL,
    [ConcurrencyStamp] nvarchar(max) NULL,
    [PhoneNumber] nvarchar(max) NULL,
    [PhoneNumberConfirmed] bit NOT NULL,
    [TwoFactorEnabled] bit NOT NULL,
    [LockoutEnd] datetimeoffset NULL,
    [LockoutEnabled] bit NOT NULL,
    [AccessFailedCount] int NOT NULL,
    CONSTRAINT [PK_AspNetUsers] PRIMARY KEY ([Id])
); Microsoft.EntityFrameworkCore.Database.Command
[17:01:45 INF] [] Executed DbCommand (5ms) [Parameters=[], CommandType='Text', CommandTimeout='30']
CREATE TABLE [Elections] (
    [_RowId] int NOT NULL IDENTITY,
    [ElectionGuid] uniqueidentifier NOT NULL DEFAULT ((CONVERT([uniqueidentifier],CONVERT([binary](10),newid(),(0))+CONVERT([binary](6),getdate(),(0)),(0)))),
    [Name] nvarchar(150) NOT NULL,
    [Convenor] nvarchar(150) NULL,
    [DateOfElection] datetime2(0) NULL,
    [ElectionType] varchar(5) NULL,
    [ElectionMode] varchar(1) NULL,
    [NumberToElect] int NULL,
    [NumberExtra] int NULL,
    [CanVote] varchar(1) NULL,
    [CanReceive] varchar(1) NULL,
    [LastEnvNum] int NULL,
    [TallyStatus] varchar(15) NULL,
    [ShowFullReport] bit NULL,
    [LinkedElectionGuid] uniqueidentifier NULL,
    [LinkedElectionKind] varchar(2) NULL,
    [OwnerLoginId] varchar(50) NULL,
    [ElectionPasscode] nvarchar(50) NULL,
    [ListedForPublicAsOf] datetime2 NULL,
    [_RowVersion] rowversion NOT NULL,
    [ListForPublic] bit NULL,
    [ShowAsTest] bit NULL,
    [UseCallInButton] bit NULL,
    [HidePreBallotPages] bit NULL,
    [MaskVotingMethod] bit NULL,
    [OnlineWhenOpen] datetime2(0) NULL,
    [OnlineWhenClose] datetime2(0) NULL,
    [OnlineCloseIsEstimate] bit NOT NULL DEFAULT CAST(1 AS bit),
    [OnlineSelectionProcess] varchar(1) NULL,
    [OnlineAnnounced] datetime2(0) NULL,
    [EmailFromAddress] nvarchar(250) NULL,
    [EmailFromName] nvarchar(100) NULL,
    [EmailText] nvarchar(max) NULL,
    [SmsText] nvarchar(500) NULL,
    [EmailSubject] nvarchar(250) NULL,
    [CustomMethods] nvarchar(50) NULL,
    [VotingMethods] varchar(10) NULL,
    [Flags] nvarchar(max) NULL,
    CONSTRAINT [PK_Elections] PRIMARY KEY ([_RowId]),
    CONSTRAINT [AK_Elections_ElectionGuid] UNIQUE ([ElectionGuid])
); Microsoft.EntityFrameworkCore.Database.Command
[17:01:45 INF] [] Executed DbCommand (6ms) [Parameters=[], CommandType='Text', CommandTimeout='30']
CREATE TABLE [Elections] (
    [_RowId] int NOT NULL IDENTITY,
    [ElectionGuid] uniqueidentifier NOT NULL DEFAULT ((CONVERT([uniqueidentifier],CONVERT([binary](10),newid(),(0))+CONVERT([binary](6),getdate(),(0)),(0)))),
    [Name] nvarchar(150) NOT NULL,
    [Convenor] nvarchar(150) NULL,
    [DateOfElection] datetime2(0) NULL,
    [ElectionType] varchar(5) NULL,
    [ElectionMode] varchar(1) NULL,
    [NumberToElect] int NULL,
    [NumberExtra] int NULL,
    [CanVote] varchar(1) NULL,
    [CanReceive] varchar(1) NULL,
    [LastEnvNum] int NULL,
    [TallyStatus] varchar(15) NULL,
    [ShowFullReport] bit NULL,
    [LinkedElectionGuid] uniqueidentifier NULL,
    [LinkedElectionKind] varchar(2) NULL,
    [OwnerLoginId] varchar(50) NULL,
    [ElectionPasscode] nvarchar(50) NULL,
    [ListedForPublicAsOf] datetime2 NULL,
    [_RowVersion] rowversion NOT NULL,
    [ListForPublic] bit NULL,
    [ShowAsTest] bit NULL,
    [UseCallInButton] bit NULL,
    [HidePreBallotPages] bit NULL,
    [MaskVotingMethod] bit NULL,
    [OnlineWhenOpen] datetime2(0) NULL,
    [OnlineWhenClose] datetime2(0) NULL,
    [OnlineCloseIsEstimate] bit NOT NULL DEFAULT CAST(1 AS bit),
    [OnlineSelectionProcess] varchar(1) NULL,
    [OnlineAnnounced] datetime2(0) NULL,
    [EmailFromAddress] nvarchar(250) NULL,
    [EmailFromName] nvarchar(100) NULL,
    [EmailText] nvarchar(max) NULL,
    [SmsText] nvarchar(500) NULL,
    [EmailSubject] nvarchar(250) NULL,
    [CustomMethods] nvarchar(50) NULL,
    [VotingMethods] varchar(10) NULL,
    [Flags] nvarchar(max) NULL,
    CONSTRAINT [PK_Elections] PRIMARY KEY ([_RowId]),
    CONSTRAINT [AK_Elections_ElectionGuid] UNIQUE ([ElectionGuid])
); Microsoft.EntityFrameworkCore.Database.Command
[17:01:45 INF] [] Executed DbCommand (7ms) [Parameters=[], CommandType='Text', CommandTimeout='30']
CREATE TABLE [Elections] (
    [_RowId] int NOT NULL IDENTITY,
    [ElectionGuid] uniqueidentifier NOT NULL DEFAULT ((CONVERT([uniqueidentifier],CONVERT([binary](10),newid(),(0))+CONVERT([binary](6),getdate(),(0)),(0)))),
    [Name] nvarchar(150) NOT NULL,
    [Convenor] nvarchar(150) NULL,
    [DateOfElection] datetime2(0) NULL,
    [ElectionType] varchar(5) NULL,
    [ElectionMode] varchar(1) NULL,
    [NumberToElect] int NULL,
    [NumberExtra] int NULL,
    [CanVote] varchar(1) NULL,
    [CanReceive] varchar(1) NULL,
    [LastEnvNum] int NULL,
    [TallyStatus] varchar(15) NULL,
    [ShowFullReport] bit NULL,
    [LinkedElectionGuid] uniqueidentifier NULL,
    [LinkedElectionKind] varchar(2) NULL,
    [OwnerLoginId] varchar(50) NULL,
    [ElectionPasscode] nvarchar(50) NULL,
    [ListedForPublicAsOf] datetime2 NULL,
    [_RowVersion] rowversion NOT NULL,
    [ListForPublic] bit NULL,
    [ShowAsTest] bit NULL,
    [UseCallInButton] bit NULL,
    [HidePreBallotPages] bit NULL,
    [MaskVotingMethod] bit NULL,
    [OnlineWhenOpen] datetime2(0) NULL,
    [OnlineWhenClose] datetime2(0) NULL,
    [OnlineCloseIsEstimate] bit NOT NULL DEFAULT CAST(1 AS bit),
    [OnlineSelectionProcess] varchar(1) NULL,
    [OnlineAnnounced] datetime2(0) NULL,
    [EmailFromAddress] nvarchar(250) NULL,
    [EmailFromName] nvarchar(100) NULL,
    [EmailText] nvarchar(max) NULL,
    [SmsText] nvarchar(500) NULL,
    [EmailSubject] nvarchar(250) NULL,
    [CustomMethods] nvarchar(50) NULL,
    [VotingMethods] varchar(10) NULL,
    [Flags] nvarchar(max) NULL,
    CONSTRAINT [PK_Elections] PRIMARY KEY ([_RowId]),
    CONSTRAINT [AK_Elections_ElectionGuid] UNIQUE ([ElectionGuid])
); Microsoft.EntityFrameworkCore.Database.Command
[17:01:45 INF] [] Executed DbCommand (7ms) [Parameters=[], CommandType='Text', CommandTimeout='30']
CREATE TABLE [Elections] (
    [_RowId] int NOT NULL IDENTITY,
    [ElectionGuid] uniqueidentifier NOT NULL DEFAULT ((CONVERT([uniqueidentifier],CONVERT([binary](10),newid(),(0))+CONVERT([binary](6),getdate(),(0)),(0)))),
    [Name] nvarchar(150) NOT NULL,
    [Convenor] nvarchar(150) NULL,
    [DateOfElection] datetime2(0) NULL,
    [ElectionType] varchar(5) NULL,
    [ElectionMode] varchar(1) NULL,
    [NumberToElect] int NULL,
    [NumberExtra] int NULL,
    [CanVote] varchar(1) NULL,
    [CanReceive] varchar(1) NULL,
    [LastEnvNum] int NULL,
    [TallyStatus] varchar(15) NULL,
    [ShowFullReport] bit NULL,
    [LinkedElectionGuid] uniqueidentifier NULL,
    [LinkedElectionKind] varchar(2) NULL,
    [OwnerLoginId] varchar(50) NULL,
    [ElectionPasscode] nvarchar(50) NULL,
    [ListedForPublicAsOf] datetime2 NULL,
    [_RowVersion] rowversion NOT NULL,
    [ListForPublic] bit NULL,
    [ShowAsTest] bit NULL,
    [UseCallInButton] bit NULL,
    [HidePreBallotPages] bit NULL,
    [MaskVotingMethod] bit NULL,
    [OnlineWhenOpen] datetime2(0) NULL,
    [OnlineWhenClose] datetime2(0) NULL,
    [OnlineCloseIsEstimate] bit NOT NULL DEFAULT CAST(1 AS bit),
    [OnlineSelectionProcess] varchar(1) NULL,
    [OnlineAnnounced] datetime2(0) NULL,
    [EmailFromAddress] nvarchar(250) NULL,
    [EmailFromName] nvarchar(100) NULL,
    [EmailText] nvarchar(max) NULL,
    [SmsText] nvarchar(500) NULL,
    [EmailSubject] nvarchar(250) NULL,
    [CustomMethods] nvarchar(50) NULL,
    [VotingMethods] varchar(10) NULL,
    [Flags] nvarchar(max) NULL,
    CONSTRAINT [PK_Elections] PRIMARY KEY ([_RowId]),
    CONSTRAINT [AK_Elections_ElectionGuid] UNIQUE ([ElectionGuid])
); Microsoft.EntityFrameworkCore.Database.Command
[17:01:45 INF] [] Executed DbCommand (3ms) [Parameters=[], CommandType='Text', CommandTimeout='30']
CREATE TABLE [Logs] (
    [_RowId] int NOT NULL IDENTITY,
    [AsOf] datetime2(2) NOT NULL DEFAULT ((getdate())),
    [ElectionGuid] uniqueidentifier NULL,
    [LocationGuid] uniqueidentifier NULL,
    [VoterId] nvarchar(250) NULL,
    [ComputerCode] varchar(2) NULL,
    [Details] varchar(max) NULL,
    [HostAndVersion] varchar(max) NULL,
    CONSTRAINT [PK_Logs] PRIMARY KEY ([_RowId])
); Microsoft.EntityFrameworkCore.Database.Command
[17:01:45 INF] [] Executed DbCommand (3ms) [Parameters=[], CommandType='Text', CommandTimeout='30']
CREATE TABLE [Logs] (
    [_RowId] int NOT NULL IDENTITY,
    [AsOf] datetime2(2) NOT NULL DEFAULT ((getdate())),
    [ElectionGuid] uniqueidentifier NULL,
    [LocationGuid] uniqueidentifier NULL,
    [VoterId] nvarchar(250) NULL,
    [ComputerCode] varchar(2) NULL,
    [Details] varchar(max) NULL,
    [HostAndVersion] varchar(max) NULL,
    CONSTRAINT [PK_Logs] PRIMARY KEY ([_RowId])
); Microsoft.EntityFrameworkCore.Database.Command
[17:01:45 INF] [] Executed DbCommand (4ms) [Parameters=[], CommandType='Text', CommandTimeout='30']
CREATE TABLE [Logs] (
    [_RowId] int NOT NULL IDENTITY,
    [AsOf] datetime2(2) NOT NULL DEFAULT ((getdate())),
    [ElectionGuid] uniqueidentifier NULL,
    [LocationGuid] uniqueidentifier NULL,
    [VoterId] nvarchar(250) NULL,
    [ComputerCode] varchar(2) NULL,
    [Details] varchar(max) NULL,
    [HostAndVersion] varchar(max) NULL,
    CONSTRAINT [PK_Logs] PRIMARY KEY ([_RowId])
); Microsoft.EntityFrameworkCore.Database.Command
[17:01:45 INF] [] Executed DbCommand (7ms) [Parameters=[], CommandType='Text', CommandTimeout='30']
CREATE TABLE [Logs] (
    [_RowId] int NOT NULL IDENTITY,
    [AsOf] datetime2(2) NOT NULL DEFAULT ((getdate())),
    [ElectionGuid] uniqueidentifier NULL,
    [LocationGuid] uniqueidentifier NULL,
    [VoterId] nvarchar(250) NULL,
    [ComputerCode] varchar(2) NULL,
    [Details] varchar(max) NULL,
    [HostAndVersion] varchar(max) NULL,
    CONSTRAINT [PK_Logs] PRIMARY KEY ([_RowId])
); Microsoft.EntityFrameworkCore.Database.Command
[17:01:45 INF] [] Executed DbCommand (3ms) [Parameters=[], CommandType='Text', CommandTimeout='30']
CREATE TABLE [OnlineVoters] (
    [_RowId] int NOT NULL IDENTITY,
    [VoterId] nvarchar(250) NOT NULL,
    [VoterIdType] varchar(1) NOT NULL DEFAULT 'E',
    [WhenRegistered] datetime2(0) NULL,
    [WhenLastLogin] datetime2(0) NULL,
    [EmailCodes] varchar(25) NULL,
    [Country] nvarchar(50) NULL,
    [OtherInfo] nvarchar(200) NULL,
    [VerifyCode] varchar(15) NULL,
    [VerifyCodeDate] datetime2(0) NULL,
    [VerifyAttempts] int NULL,
    [VerifyAttemptsStart] datetime2(0) NULL,
    CONSTRAINT [PK_OnlineVoters] PRIMARY KEY ([_RowId])
); Microsoft.EntityFrameworkCore.Database.Command
[17:01:45 INF] [] Executed DbCommand (3ms) [Parameters=[], CommandType='Text', CommandTimeout='30']
CREATE TABLE [OnlineVoters] (
    [_RowId] int NOT NULL IDENTITY,
    [VoterId] nvarchar(250) NOT NULL,
    [VoterIdType] varchar(1) NOT NULL DEFAULT 'E',
    [WhenRegistered] datetime2(0) NULL,
    [WhenLastLogin] datetime2(0) NULL,
    [EmailCodes] varchar(25) NULL,
    [Country] nvarchar(50) NULL,
    [OtherInfo] nvarchar(200) NULL,
    [VerifyCode] varchar(15) NULL,
    [VerifyCodeDate] datetime2(0) NULL,
    [VerifyAttempts] int NULL,
    [VerifyAttemptsStart] datetime2(0) NULL,
    CONSTRAINT [PK_OnlineVoters] PRIMARY KEY ([_RowId])
); Microsoft.EntityFrameworkCore.Database.Command
[17:01:45 INF] [] Executed DbCommand (3ms) [Parameters=[], CommandType='Text', CommandTimeout='30']
CREATE TABLE [OnlineVoters] (
    [_RowId] int NOT NULL IDENTITY,
    [VoterId] nvarchar(250) NOT NULL,
    [VoterIdType] varchar(1) NOT NULL DEFAULT 'E',
    [WhenRegistered] datetime2(0) NULL,
    [WhenLastLogin] datetime2(0) NULL,
    [EmailCodes] varchar(25) NULL,
    [Country] nvarchar(50) NULL,
    [OtherInfo] nvarchar(200) NULL,
    [VerifyCode] varchar(15) NULL,
    [VerifyCodeDate] datetime2(0) NULL,
    [VerifyAttempts] int NULL,
    [VerifyAttemptsStart] datetime2(0) NULL,
    CONSTRAINT [PK_OnlineVoters] PRIMARY KEY ([_RowId])
); Microsoft.EntityFrameworkCore.Database.Command
[17:01:45 INF] [] Executed DbCommand (3ms) [Parameters=[], CommandType='Text', CommandTimeout='30']
CREATE TABLE [OnlineVoters] (
    [_RowId] int NOT NULL IDENTITY,
    [VoterId] nvarchar(250) NOT NULL,
    [VoterIdType] varchar(1) NOT NULL DEFAULT 'E',
    [WhenRegistered] datetime2(0) NULL,
    [WhenLastLogin] datetime2(0) NULL,
    [EmailCodes] varchar(25) NULL,
    [Country] nvarchar(50) NULL,
    [OtherInfo] nvarchar(200) NULL,
    [VerifyCode] varchar(15) NULL,
    [VerifyCodeDate] datetime2(0) NULL,
    [VerifyAttempts] int NULL,
    [VerifyAttemptsStart] datetime2(0) NULL,
    CONSTRAINT [PK_OnlineVoters] PRIMARY KEY ([_RowId])
); Microsoft.EntityFrameworkCore.Database.Command
[17:01:45 INF] [] Executed DbCommand (1ms) [Parameters=[], CommandType='Text', CommandTimeout='30']
CREATE TABLE [OnlineVotingInfos] (
    [_RowId] int NOT NULL IDENTITY,
    [ElectionGuid] uniqueidentifier NOT NULL,
    [PersonGuid] uniqueidentifier NOT NULL,
    [WhenBallotCreated] datetime2(0) NULL,
    [Status] varchar(10) NOT NULL,
    [WhenStatus] datetime2(0) NULL,
    [ListPool] nvarchar(max) NULL,
    [PoolLocked] bit NULL,
    [HistoryStatus] varchar(max) NULL,
    [NotifiedAboutOpening] bit NULL,
    CONSTRAINT [PK_OnlineVotingInfos] PRIMARY KEY ([_RowId])
); Microsoft.EntityFrameworkCore.Database.Command
[17:01:45 INF] [] Executed DbCommand (1ms) [Parameters=[], CommandType='Text', CommandTimeout='30']
CREATE TABLE [OnlineVotingInfos] (
    [_RowId] int NOT NULL IDENTITY,
    [ElectionGuid] uniqueidentifier NOT NULL,
    [PersonGuid] uniqueidentifier NOT NULL,
    [WhenBallotCreated] datetime2(0) NULL,
    [Status] varchar(10) NOT NULL,
    [WhenStatus] datetime2(0) NULL,
    [ListPool] nvarchar(max) NULL,
    [PoolLocked] bit NULL,
    [HistoryStatus] varchar(max) NULL,
    [NotifiedAboutOpening] bit NULL,
    CONSTRAINT [PK_OnlineVotingInfos] PRIMARY KEY ([_RowId])
); Microsoft.EntityFrameworkCore.Database.Command
[17:01:45 INF] [] Executed DbCommand (2ms) [Parameters=[], CommandType='Text', CommandTimeout='30']
CREATE TABLE [OnlineVotingInfos] (
    [_RowId] int NOT NULL IDENTITY,
    [ElectionGuid] uniqueidentifier NOT NULL,
    [PersonGuid] uniqueidentifier NOT NULL,
    [WhenBallotCreated] datetime2(0) NULL,
    [Status] varchar(10) NOT NULL,
    [WhenStatus] datetime2(0) NULL,
    [ListPool] nvarchar(max) NULL,
    [PoolLocked] bit NULL,
    [HistoryStatus] varchar(max) NULL,
    [NotifiedAboutOpening] bit NULL,
    CONSTRAINT [PK_OnlineVotingInfos] PRIMARY KEY ([_RowId])
); Microsoft.EntityFrameworkCore.Database.Command
[17:01:45 INF] [] Executed DbCommand (2ms) [Parameters=[], CommandType='Text', CommandTimeout='30']
CREATE TABLE [SmsLogs] (
    [_RowId] int NOT NULL IDENTITY,
    [SmsSid] varchar(40) NOT NULL,
    [Phone] varchar(50) NOT NULL,
    [SentDate] datetime2(0) NOT NULL,
    [ElectionGuid] uniqueidentifier NULL,
    [PersonGuid] uniqueidentifier NULL,
    [LastStatus] varchar(50) NULL,
    [LastDate] datetime2 NULL,
    [ErrorCode] int NULL,
    CONSTRAINT [PK_SmsLogs] PRIMARY KEY ([_RowId])
); Microsoft.EntityFrameworkCore.Database.Command
[17:01:45 INF] [] Executed DbCommand (2ms) [Parameters=[], CommandType='Text', CommandTimeout='30']
CREATE TABLE [OnlineVotingInfos] (
    [_RowId] int NOT NULL IDENTITY,
    [ElectionGuid] uniqueidentifier NOT NULL,
    [PersonGuid] uniqueidentifier NOT NULL,
    [WhenBallotCreated] datetime2(0) NULL,
    [Status] varchar(10) NOT NULL,
    [WhenStatus] datetime2(0) NULL,
    [ListPool] nvarchar(max) NULL,
    [PoolLocked] bit NULL,
    [HistoryStatus] varchar(max) NULL,
    [NotifiedAboutOpening] bit NULL,
    CONSTRAINT [PK_OnlineVotingInfos] PRIMARY KEY ([_RowId])
); Microsoft.EntityFrameworkCore.Database.Command
[17:01:45 INF] [] Executed DbCommand (2ms) [Parameters=[], CommandType='Text', CommandTimeout='30']
CREATE TABLE [SmsLogs] (
    [_RowId] int NOT NULL IDENTITY,
    [SmsSid] varchar(40) NOT NULL,
    [Phone] varchar(50) NOT NULL,
    [SentDate] datetime2(0) NOT NULL,
    [ElectionGuid] uniqueidentifier NULL,
    [PersonGuid] uniqueidentifier NULL,
    [LastStatus] varchar(50) NULL,
    [LastDate] datetime2 NULL,
    [ErrorCode] int NULL,
    CONSTRAINT [PK_SmsLogs] PRIMARY KEY ([_RowId])
); Microsoft.EntityFrameworkCore.Database.Command
[17:01:45 INF] [] Executed DbCommand (2ms) [Parameters=[], CommandType='Text', CommandTimeout='30']
CREATE TABLE [AspNetRoleClaims] (
    [Id] int NOT NULL IDENTITY,
    [RoleId] nvarchar(450) NOT NULL,
    [ClaimType] nvarchar(max) NULL,
    [ClaimValue] nvarchar(max) NULL,
    CONSTRAINT [PK_AspNetRoleClaims] PRIMARY KEY ([Id]),
    CONSTRAINT [FK_AspNetRoleClaims_AspNetRoles_RoleId] FOREIGN KEY ([RoleId]) REFERENCES [AspNetRoles] ([Id]) ON DELETE CASCADE
); Microsoft.EntityFrameworkCore.Database.Command
[17:01:45 INF] [] Executed DbCommand (2ms) [Parameters=[], CommandType='Text', CommandTimeout='30']
CREATE TABLE [SmsLogs] (
    [_RowId] int NOT NULL IDENTITY,
    [SmsSid] varchar(40) NOT NULL,
    [Phone] varchar(50) NOT NULL,
    [SentDate] datetime2(0) NOT NULL,
    [ElectionGuid] uniqueidentifier NULL,
    [PersonGuid] uniqueidentifier NULL,
    [LastStatus] varchar(50) NULL,
    [LastDate] datetime2 NULL,
    [ErrorCode] int NULL,
    CONSTRAINT [PK_SmsLogs] PRIMARY KEY ([_RowId])
); Microsoft.EntityFrameworkCore.Database.Command
[17:01:45 INF] [] Executed DbCommand (2ms) [Parameters=[], CommandType='Text', CommandTimeout='30']
CREATE TABLE [SmsLogs] (
    [_RowId] int NOT NULL IDENTITY,
    [SmsSid] varchar(40) NOT NULL,
    [Phone] varchar(50) NOT NULL,
    [SentDate] datetime2(0) NOT NULL,
    [ElectionGuid] uniqueidentifier NULL,
    [PersonGuid] uniqueidentifier NULL,
    [LastStatus] varchar(50) NULL,
    [LastDate] datetime2 NULL,
    [ErrorCode] int NULL,
    CONSTRAINT [PK_SmsLogs] PRIMARY KEY ([_RowId])
); Microsoft.EntityFrameworkCore.Database.Command
[17:01:45 INF] [] Executed DbCommand (2ms) [Parameters=[], CommandType='Text', CommandTimeout='30']
CREATE TABLE [AspNetRoleClaims] (
    [Id] int NOT NULL IDENTITY,
    [RoleId] nvarchar(450) NOT NULL,
    [ClaimType] nvarchar(max) NULL,
    [ClaimValue] nvarchar(max) NULL,
    CONSTRAINT [PK_AspNetRoleClaims] PRIMARY KEY ([Id]),
    CONSTRAINT [FK_AspNetRoleClaims_AspNetRoles_RoleId] FOREIGN KEY ([RoleId]) REFERENCES [AspNetRoles] ([Id]) ON DELETE CASCADE
); Microsoft.EntityFrameworkCore.Database.Command
[17:01:45 INF] [] Executed DbCommand (1ms) [Parameters=[], CommandType='Text', CommandTimeout='30']
CREATE TABLE [AspNetRoleClaims] (
    [Id] int NOT NULL IDENTITY,
    [RoleId] nvarchar(450) NOT NULL,
    [ClaimType] nvarchar(max) NULL,
    [ClaimValue] nvarchar(max) NULL,
    CONSTRAINT [PK_AspNetRoleClaims] PRIMARY KEY ([Id]),
    CONSTRAINT [FK_AspNetRoleClaims_AspNetRoles_RoleId] FOREIGN KEY ([RoleId]) REFERENCES [AspNetRoles] ([Id]) ON DELETE CASCADE
); Microsoft.EntityFrameworkCore.Database.Command
[17:01:45 INF] [] Executed DbCommand (2ms) [Parameters=[], CommandType='Text', CommandTimeout='30']
CREATE TABLE [AspNetUserClaims] (
    [Id] int NOT NULL IDENTITY,
    [UserId] nvarchar(450) NOT NULL,
    [ClaimType] nvarchar(max) NULL,
    [ClaimValue] nvarchar(max) NULL,
    CONSTRAINT [PK_AspNetUserClaims] PRIMARY KEY ([Id]),
    CONSTRAINT [FK_AspNetUserClaims_AspNetUsers_UserId] FOREIGN KEY ([UserId]) REFERENCES [AspNetUsers] ([Id]) ON DELETE CASCADE
); Microsoft.EntityFrameworkCore.Database.Command
[17:01:45 INF] [] Executed DbCommand (2ms) [Parameters=[], CommandType='Text', CommandTimeout='30']
CREATE TABLE [AspNetRoleClaims] (
    [Id] int NOT NULL IDENTITY,
    [RoleId] nvarchar(450) NOT NULL,
    [ClaimType] nvarchar(max) NULL,
    [ClaimValue] nvarchar(max) NULL,
    CONSTRAINT [PK_AspNetRoleClaims] PRIMARY KEY ([Id]),
    CONSTRAINT [FK_AspNetRoleClaims_AspNetRoles_RoleId] FOREIGN KEY ([RoleId]) REFERENCES [AspNetRoles] ([Id]) ON DELETE CASCADE
); Microsoft.EntityFrameworkCore.Database.Command
[17:01:45 INF] [] Executed DbCommand (2ms) [Parameters=[], CommandType='Text', CommandTimeout='30']
CREATE TABLE [AspNetUserClaims] (
    [Id] int NOT NULL IDENTITY,
    [UserId] nvarchar(450) NOT NULL,
    [ClaimType] nvarchar(max) NULL,
    [ClaimValue] nvarchar(max) NULL,
    CONSTRAINT [PK_AspNetUserClaims] PRIMARY KEY ([Id]),
    CONSTRAINT [FK_AspNetUserClaims_AspNetUsers_UserId] FOREIGN KEY ([UserId]) REFERENCES [AspNetUsers] ([Id]) ON DELETE CASCADE
); Microsoft.EntityFrameworkCore.Database.Command
[17:01:45 INF] [] Executed DbCommand (2ms) [Parameters=[], CommandType='Text', CommandTimeout='30']
CREATE TABLE [AspNetUserClaims] (
    [Id] int NOT NULL IDENTITY,
    [UserId] nvarchar(450) NOT NULL,
    [ClaimType] nvarchar(max) NULL,
    [ClaimValue] nvarchar(max) NULL,
    CONSTRAINT [PK_AspNetUserClaims] PRIMARY KEY ([Id]),
    CONSTRAINT [FK_AspNetUserClaims_AspNetUsers_UserId] FOREIGN KEY ([UserId]) REFERENCES [AspNetUsers] ([Id]) ON DELETE CASCADE
); Microsoft.EntityFrameworkCore.Database.Command
[17:01:45 INF] [] Executed DbCommand (2ms) [Parameters=[], CommandType='Text', CommandTimeout='30']
CREATE TABLE [AspNetUserClaims] (
    [Id] int NOT NULL IDENTITY,
    [UserId] nvarchar(450) NOT NULL,
    [ClaimType] nvarchar(max) NULL,
    [ClaimValue] nvarchar(max) NULL,
    CONSTRAINT [PK_AspNetUserClaims] PRIMARY KEY ([Id]),
    CONSTRAINT [FK_AspNetUserClaims_AspNetUsers_UserId] FOREIGN KEY ([UserId]) REFERENCES [AspNetUsers] ([Id]) ON DELETE CASCADE
); Microsoft.EntityFrameworkCore.Database.Command
[17:01:45 INF] [] Executed DbCommand (4ms) [Parameters=[], CommandType='Text', CommandTimeout='30']
CREATE TABLE [AspNetUserLogins] (
    [LoginProvider] nvarchar(450) NOT NULL,
    [ProviderKey] nvarchar(450) NOT NULL,
    [ProviderDisplayName] nvarchar(max) NULL,
    [UserId] nvarchar(450) NOT NULL,
    CONSTRAINT [PK_AspNetUserLogins] PRIMARY KEY ([LoginProvider], [ProviderKey]),
    CONSTRAINT [FK_AspNetUserLogins_AspNetUsers_UserId] FOREIGN KEY ([UserId]) REFERENCES [AspNetUsers] ([Id]) ON DELETE CASCADE
); Microsoft.EntityFrameworkCore.Database.Command
[17:01:45 INF] [] Executed DbCommand (2ms) [Parameters=[], CommandType='Text', CommandTimeout='30']
CREATE TABLE [AspNetUserLogins] (
    [LoginProvider] nvarchar(450) NOT NULL,
    [ProviderKey] nvarchar(450) NOT NULL,
    [ProviderDisplayName] nvarchar(max) NULL,
    [UserId] nvarchar(450) NOT NULL,
    CONSTRAINT [PK_AspNetUserLogins] PRIMARY KEY ([LoginProvider], [ProviderKey]),
    CONSTRAINT [FK_AspNetUserLogins_AspNetUsers_UserId] FOREIGN KEY ([UserId]) REFERENCES [AspNetUsers] ([Id]) ON DELETE CASCADE
); Microsoft.EntityFrameworkCore.Database.Command
[17:01:45 INF] [] Executed DbCommand (3ms) [Parameters=[], CommandType='Text', CommandTimeout='30']
CREATE TABLE [AspNetUserLogins] (
    [LoginProvider] nvarchar(450) NOT NULL,
    [ProviderKey] nvarchar(450) NOT NULL,
    [ProviderDisplayName] nvarchar(max) NULL,
    [UserId] nvarchar(450) NOT NULL,
    CONSTRAINT [PK_AspNetUserLogins] PRIMARY KEY ([LoginProvider], [ProviderKey]),
    CONSTRAINT [FK_AspNetUserLogins_AspNetUsers_UserId] FOREIGN KEY ([UserId]) REFERENCES [AspNetUsers] ([Id]) ON DELETE CASCADE
); Microsoft.EntityFrameworkCore.Database.Command
[17:01:45 INF] [] Executed DbCommand (3ms) [Parameters=[], CommandType='Text', CommandTimeout='30']
CREATE TABLE [AspNetUserLogins] (
    [LoginProvider] nvarchar(450) NOT NULL,
    [ProviderKey] nvarchar(450) NOT NULL,
    [ProviderDisplayName] nvarchar(max) NULL,
    [UserId] nvarchar(450) NOT NULL,
    CONSTRAINT [PK_AspNetUserLogins] PRIMARY KEY ([LoginProvider], [ProviderKey]),
    CONSTRAINT [FK_AspNetUserLogins_AspNetUsers_UserId] FOREIGN KEY ([UserId]) REFERENCES [AspNetUsers] ([Id]) ON DELETE CASCADE
); Microsoft.EntityFrameworkCore.Database.Command
[17:01:45 INF] [] Executed DbCommand (3ms) [Parameters=[], CommandType='Text', CommandTimeout='30']
CREATE TABLE [AspNetUserRoles] (
    [UserId] nvarchar(450) NOT NULL,
    [RoleId] nvarchar(450) NOT NULL,
    CONSTRAINT [PK_AspNetUserRoles] PRIMARY KEY ([UserId], [RoleId]),
    CONSTRAINT [FK_AspNetUserRoles_AspNetRoles_RoleId] FOREIGN KEY ([RoleId]) REFERENCES [AspNetRoles] ([Id]) ON DELETE CASCADE,
    CONSTRAINT [FK_AspNetUserRoles_AspNetUsers_UserId] FOREIGN KEY ([UserId]) REFERENCES [AspNetUsers] ([Id]) ON DELETE CASCADE
); Microsoft.EntityFrameworkCore.Database.Command
[17:01:45 INF] [] Executed DbCommand (3ms) [Parameters=[], CommandType='Text', CommandTimeout='30']
CREATE TABLE [AspNetUserRoles] (
    [UserId] nvarchar(450) NOT NULL,
    [RoleId] nvarchar(450) NOT NULL,
    CONSTRAINT [PK_AspNetUserRoles] PRIMARY KEY ([UserId], [RoleId]),
    CONSTRAINT [FK_AspNetUserRoles_AspNetRoles_RoleId] FOREIGN KEY ([RoleId]) REFERENCES [AspNetRoles] ([Id]) ON DELETE CASCADE,
    CONSTRAINT [FK_AspNetUserRoles_AspNetUsers_UserId] FOREIGN KEY ([UserId]) REFERENCES [AspNetUsers] ([Id]) ON DELETE CASCADE
); Microsoft.EntityFrameworkCore.Database.Command
[17:01:45 INF] [] Executed DbCommand (4ms) [Parameters=[], CommandType='Text', CommandTimeout='30']
CREATE TABLE [AspNetUserRoles] (
    [UserId] nvarchar(450) NOT NULL,
    [RoleId] nvarchar(450) NOT NULL,
    CONSTRAINT [PK_AspNetUserRoles] PRIMARY KEY ([UserId], [RoleId]),
    CONSTRAINT [FK_AspNetUserRoles_AspNetRoles_RoleId] FOREIGN KEY ([RoleId]) REFERENCES [AspNetRoles] ([Id]) ON DELETE CASCADE,
    CONSTRAINT [FK_AspNetUserRoles_AspNetUsers_UserId] FOREIGN KEY ([UserId]) REFERENCES [AspNetUsers] ([Id]) ON DELETE CASCADE
); Microsoft.EntityFrameworkCore.Database.Command
[17:01:45 INF] [] Executed DbCommand (3ms) [Parameters=[], CommandType='Text', CommandTimeout='30']
CREATE TABLE [AspNetUserRoles] (
    [UserId] nvarchar(450) NOT NULL,
    [RoleId] nvarchar(450) NOT NULL,
    CONSTRAINT [PK_AspNetUserRoles] PRIMARY KEY ([UserId], [RoleId]),
    CONSTRAINT [FK_AspNetUserRoles_AspNetRoles_RoleId] FOREIGN KEY ([RoleId]) REFERENCES [AspNetRoles] ([Id]) ON DELETE CASCADE,
    CONSTRAINT [FK_AspNetUserRoles_AspNetUsers_UserId] FOREIGN KEY ([UserId]) REFERENCES [AspNetUsers] ([Id]) ON DELETE CASCADE
); Microsoft.EntityFrameworkCore.Database.Command
[17:01:45 INF] [] Executed DbCommand (3ms) [Parameters=[], CommandType='Text', CommandTimeout='30']
CREATE TABLE [AspNetUserTokens] (
    [UserId] nvarchar(450) NOT NULL,
    [LoginProvider] nvarchar(450) NOT NULL,
    [Name] nvarchar(450) NOT NULL,
    [Value] nvarchar(max) NULL,
    CONSTRAINT [PK_AspNetUserTokens] PRIMARY KEY ([UserId], [LoginProvider], [Name]),
    CONSTRAINT [FK_AspNetUserTokens_AspNetUsers_UserId] FOREIGN KEY ([UserId]) REFERENCES [AspNetUsers] ([Id]) ON DELETE CASCADE
); Microsoft.EntityFrameworkCore.Database.Command
[17:01:45 INF] [] Executed DbCommand (2ms) [Parameters=[], CommandType='Text', CommandTimeout='30']
CREATE TABLE [AspNetUserTokens] (
    [UserId] nvarchar(450) NOT NULL,
    [LoginProvider] nvarchar(450) NOT NULL,
    [Name] nvarchar(450) NOT NULL,
    [Value] nvarchar(max) NULL,
    CONSTRAINT [PK_AspNetUserTokens] PRIMARY KEY ([UserId], [LoginProvider], [Name]),
    CONSTRAINT [FK_AspNetUserTokens_AspNetUsers_UserId] FOREIGN KEY ([UserId]) REFERENCES [AspNetUsers] ([Id]) ON DELETE CASCADE
); Microsoft.EntityFrameworkCore.Database.Command
[17:01:45 INF] [] Executed DbCommand (2ms) [Parameters=[], CommandType='Text', CommandTimeout='30']
CREATE TABLE [AspNetUserTokens] (
    [UserId] nvarchar(450) NOT NULL,
    [LoginProvider] nvarchar(450) NOT NULL,
    [Name] nvarchar(450) NOT NULL,
    [Value] nvarchar(max) NULL,
    CONSTRAINT [PK_AspNetUserTokens] PRIMARY KEY ([UserId], [LoginProvider], [Name]),
    CONSTRAINT [FK_AspNetUserTokens_AspNetUsers_UserId] FOREIGN KEY ([UserId]) REFERENCES [AspNetUsers] ([Id]) ON DELETE CASCADE
); Microsoft.EntityFrameworkCore.Database.Command
[17:01:45 INF] [] Executed DbCommand (3ms) [Parameters=[], CommandType='Text', CommandTimeout='30']
CREATE TABLE [AspNetUserTokens] (
    [UserId] nvarchar(450) NOT NULL,
    [LoginProvider] nvarchar(450) NOT NULL,
    [Name] nvarchar(450) NOT NULL,
    [Value] nvarchar(max) NULL,
    CONSTRAINT [PK_AspNetUserTokens] PRIMARY KEY ([UserId], [LoginProvider], [Name]),
    CONSTRAINT [FK_AspNetUserTokens_AspNetUsers_UserId] FOREIGN KEY ([UserId]) REFERENCES [AspNetUsers] ([Id]) ON DELETE CASCADE
); Microsoft.EntityFrameworkCore.Database.Command
[17:01:45 INF] [] Executed DbCommand (5ms) [Parameters=[], CommandType='Text', CommandTimeout='30']
CREATE TABLE [TwoFactorToken] (
    [_RowId] int NOT NULL IDENTITY,
    [TokenGuid] uniqueidentifier NOT NULL DEFAULT ((CONVERT([uniqueidentifier],CONVERT([binary](10),newid(),(0))+CONVERT([binary](6),getdate(),(0)),(0)))),
    [UserId] nvarchar(450) NOT NULL,
    [Secret] nvarchar(200) NOT NULL,
    [IsEnabled] bit NOT NULL,
    [CreatedAt] datetime2 NOT NULL,
    [VerifiedAt] datetime2 NULL,
    [_RowVersion] rowversion NOT NULL,
    CONSTRAINT [PK_TwoFactorToken] PRIMARY KEY ([_RowId]),
    CONSTRAINT [FK_TwoFactorToken_AspNetUsers_UserId] FOREIGN KEY ([UserId]) REFERENCES [AspNetUsers] ([Id]) ON DELETE CASCADE
); Microsoft.EntityFrameworkCore.Database.Command
[17:01:45 INF] [] Executed DbCommand (5ms) [Parameters=[], CommandType='Text', CommandTimeout='30']
CREATE TABLE [TwoFactorToken] (
    [_RowId] int NOT NULL IDENTITY,
    [TokenGuid] uniqueidentifier NOT NULL DEFAULT ((CONVERT([uniqueidentifier],CONVERT([binary](10),newid(),(0))+CONVERT([binary](6),getdate(),(0)),(0)))),
    [UserId] nvarchar(450) NOT NULL,
    [Secret] nvarchar(200) NOT NULL,
    [IsEnabled] bit NOT NULL,
    [CreatedAt] datetime2 NOT NULL,
    [VerifiedAt] datetime2 NULL,
    [_RowVersion] rowversion NOT NULL,
    CONSTRAINT [PK_TwoFactorToken] PRIMARY KEY ([_RowId]),
    CONSTRAINT [FK_TwoFactorToken_AspNetUsers_UserId] FOREIGN KEY ([UserId]) REFERENCES [AspNetUsers] ([Id]) ON DELETE CASCADE
); Microsoft.EntityFrameworkCore.Database.Command
[17:01:45 INF] [] Executed DbCommand (4ms) [Parameters=[], CommandType='Text', CommandTimeout='30']
CREATE TABLE [TwoFactorToken] (
    [_RowId] int NOT NULL IDENTITY,
    [TokenGuid] uniqueidentifier NOT NULL DEFAULT ((CONVERT([uniqueidentifier],CONVERT([binary](10),newid(),(0))+CONVERT([binary](6),getdate(),(0)),(0)))),
    [UserId] nvarchar(450) NOT NULL,
    [Secret] nvarchar(200) NOT NULL,
    [IsEnabled] bit NOT NULL,
    [CreatedAt] datetime2 NOT NULL,
    [VerifiedAt] datetime2 NULL,
    [_RowVersion] rowversion NOT NULL,
    CONSTRAINT [PK_TwoFactorToken] PRIMARY KEY ([_RowId]),
    CONSTRAINT [FK_TwoFactorToken_AspNetUsers_UserId] FOREIGN KEY ([UserId]) REFERENCES [AspNetUsers] ([Id]) ON DELETE CASCADE
); Microsoft.EntityFrameworkCore.Database.Command
[17:01:45 INF] [] Executed DbCommand (4ms) [Parameters=[], CommandType='Text', CommandTimeout='30']
CREATE TABLE [TwoFactorToken] (
    [_RowId] int NOT NULL IDENTITY,
    [TokenGuid] uniqueidentifier NOT NULL DEFAULT ((CONVERT([uniqueidentifier],CONVERT([binary](10),newid(),(0))+CONVERT([binary](6),getdate(),(0)),(0)))),
    [UserId] nvarchar(450) NOT NULL,
    [Secret] nvarchar(200) NOT NULL,
    [IsEnabled] bit NOT NULL,
    [CreatedAt] datetime2 NOT NULL,
    [VerifiedAt] datetime2 NULL,
    [_RowVersion] rowversion NOT NULL,
    CONSTRAINT [PK_TwoFactorToken] PRIMARY KEY ([_RowId]),
    CONSTRAINT [FK_TwoFactorToken_AspNetUsers_UserId] FOREIGN KEY ([UserId]) REFERENCES [AspNetUsers] ([Id]) ON DELETE CASCADE
); Microsoft.EntityFrameworkCore.Database.Command
[17:01:45 INF] [] Executed DbCommand (3ms) [Parameters=[], CommandType='Text', CommandTimeout='30']
CREATE TABLE [ImportFiles] (
    [_RowId] int NOT NULL IDENTITY,
    [ElectionGuid] uniqueidentifier NOT NULL,
    [UploadTime] datetime2(2) NULL,
    [ImportTime] datetime2(2) NULL,
    [FileSize] AS (datalength([Contents])),
    [HasContent] AS (CONVERT([bit],case when [Contents] IS NULL then (0) else (1) end,(0))),
    [FirstDataRow] int NULL,
    [ColumnsToRead] nvarchar(max) NULL,
    [OriginalFileName] nvarchar(50) NULL,
    [ProcessingStatus] varchar(20) NULL,
    [FileType] varchar(10) NULL,
    [CodePage] int NULL,
    [Messages] varchar(max) NULL,
    [Contents] image NULL,
    CONSTRAINT [PK_ImportFiles] PRIMARY KEY ([_RowId]),
    CONSTRAINT [FK_ImportFile_Election] FOREIGN KEY ([ElectionGuid]) REFERENCES [Elections] ([ElectionGuid]) ON DELETE CASCADE
); Microsoft.EntityFrameworkCore.Database.Command
[17:01:45 INF] [] Executed DbCommand (3ms) [Parameters=[], CommandType='Text', CommandTimeout='30']
CREATE TABLE [ImportFiles] (
    [_RowId] int NOT NULL IDENTITY,
    [ElectionGuid] uniqueidentifier NOT NULL,
    [UploadTime] datetime2(2) NULL,
    [ImportTime] datetime2(2) NULL,
    [FileSize] AS (datalength([Contents])),
    [HasContent] AS (CONVERT([bit],case when [Contents] IS NULL then (0) else (1) end,(0))),
    [FirstDataRow] int NULL,
    [ColumnsToRead] nvarchar(max) NULL,
    [OriginalFileName] nvarchar(50) NULL,
    [ProcessingStatus] varchar(20) NULL,
    [FileType] varchar(10) NULL,
    [CodePage] int NULL,
    [Messages] varchar(max) NULL,
    [Contents] image NULL,
    CONSTRAINT [PK_ImportFiles] PRIMARY KEY ([_RowId]),
    CONSTRAINT [FK_ImportFile_Election] FOREIGN KEY ([ElectionGuid]) REFERENCES [Elections] ([ElectionGuid]) ON DELETE CASCADE
); Microsoft.EntityFrameworkCore.Database.Command
[17:01:45 INF] [] Executed DbCommand (5ms) [Parameters=[], CommandType='Text', CommandTimeout='30']
CREATE TABLE [ImportFiles] (
    [_RowId] int NOT NULL IDENTITY,
    [ElectionGuid] uniqueidentifier NOT NULL,
    [UploadTime] datetime2(2) NULL,
    [ImportTime] datetime2(2) NULL,
    [FileSize] AS (datalength([Contents])),
    [HasContent] AS (CONVERT([bit],case when [Contents] IS NULL then (0) else (1) end,(0))),
    [FirstDataRow] int NULL,
    [ColumnsToRead] nvarchar(max) NULL,
    [OriginalFileName] nvarchar(50) NULL,
    [ProcessingStatus] varchar(20) NULL,
    [FileType] varchar(10) NULL,
    [CodePage] int NULL,
    [Messages] varchar(max) NULL,
    [Contents] image NULL,
    CONSTRAINT [PK_ImportFiles] PRIMARY KEY ([_RowId]),
    CONSTRAINT [FK_ImportFile_Election] FOREIGN KEY ([ElectionGuid]) REFERENCES [Elections] ([ElectionGuid]) ON DELETE CASCADE
); Microsoft.EntityFrameworkCore.Database.Command
[17:01:45 INF] [] Executed DbCommand (5ms) [Parameters=[], CommandType='Text', CommandTimeout='30']
CREATE TABLE [ImportFiles] (
    [_RowId] int NOT NULL IDENTITY,
    [ElectionGuid] uniqueidentifier NOT NULL,
    [UploadTime] datetime2(2) NULL,
    [ImportTime] datetime2(2) NULL,
    [FileSize] AS (datalength([Contents])),
    [HasContent] AS (CONVERT([bit],case when [Contents] IS NULL then (0) else (1) end,(0))),
    [FirstDataRow] int NULL,
    [ColumnsToRead] nvarchar(max) NULL,
    [OriginalFileName] nvarchar(50) NULL,
    [ProcessingStatus] varchar(20) NULL,
    [FileType] varchar(10) NULL,
    [CodePage] int NULL,
    [Messages] varchar(max) NULL,
    [Contents] image NULL,
    CONSTRAINT [PK_ImportFiles] PRIMARY KEY ([_RowId]),
    CONSTRAINT [FK_ImportFile_Election] FOREIGN KEY ([ElectionGuid]) REFERENCES [Elections] ([ElectionGuid]) ON DELETE CASCADE
); Microsoft.EntityFrameworkCore.Database.Command
[17:01:45 INF] [] Executed DbCommand (4ms) [Parameters=[], CommandType='Text', CommandTimeout='30']
CREATE TABLE [JoinElectionUsers] (
    [_RowId] int NOT NULL IDENTITY,
    [ElectionGuid] uniqueidentifier NOT NULL,
    [UserId] uniqueidentifier NOT NULL,
    [Role] varchar(10) NULL,
    [InviteEmail] nvarchar(150) NULL,
    [InviteWhen] datetime2(0) NULL,
    CONSTRAINT [PK_JoinElectionUsers] PRIMARY KEY ([_RowId]),
    CONSTRAINT [FK_JoinElectionUser_Election] FOREIGN KEY ([ElectionGuid]) REFERENCES [Elections] ([ElectionGuid]) ON DELETE CASCADE
); Microsoft.EntityFrameworkCore.Database.Command
[17:01:45 INF] [] Executed DbCommand (4ms) [Parameters=[], CommandType='Text', CommandTimeout='30']
CREATE TABLE [JoinElectionUsers] (
    [_RowId] int NOT NULL IDENTITY,
    [ElectionGuid] uniqueidentifier NOT NULL,
    [UserId] uniqueidentifier NOT NULL,
    [Role] varchar(10) NULL,
    [InviteEmail] nvarchar(150) NULL,
    [InviteWhen] datetime2(0) NULL,
    CONSTRAINT [PK_JoinElectionUsers] PRIMARY KEY ([_RowId]),
    CONSTRAINT [FK_JoinElectionUser_Election] FOREIGN KEY ([ElectionGuid]) REFERENCES [Elections] ([ElectionGuid]) ON DELETE CASCADE
); Microsoft.EntityFrameworkCore.Database.Command
[17:01:45 INF] [] Executed DbCommand (9ms) [Parameters=[], CommandType='Text', CommandTimeout='30']
CREATE TABLE [JoinElectionUsers] (
    [_RowId] int NOT NULL IDENTITY,
    [ElectionGuid] uniqueidentifier NOT NULL,
    [UserId] uniqueidentifier NOT NULL,
    [Role] varchar(10) NULL,
    [InviteEmail] nvarchar(150) NULL,
    [InviteWhen] datetime2(0) NULL,
    CONSTRAINT [PK_JoinElectionUsers] PRIMARY KEY ([_RowId]),
    CONSTRAINT [FK_JoinElectionUser_Election] FOREIGN KEY ([ElectionGuid]) REFERENCES [Elections] ([ElectionGuid]) ON DELETE CASCADE
); Microsoft.EntityFrameworkCore.Database.Command
[17:01:45 INF] [] Executed DbCommand (9ms) [Parameters=[], CommandType='Text', CommandTimeout='30']
CREATE TABLE [JoinElectionUsers] (
    [_RowId] int NOT NULL IDENTITY,
    [ElectionGuid] uniqueidentifier NOT NULL,
    [UserId] uniqueidentifier NOT NULL,
    [Role] varchar(10) NULL,
    [InviteEmail] nvarchar(150) NULL,
    [InviteWhen] datetime2(0) NULL,
    CONSTRAINT [PK_JoinElectionUsers] PRIMARY KEY ([_RowId]),
    CONSTRAINT [FK_JoinElectionUser_Election] FOREIGN KEY ([ElectionGuid]) REFERENCES [Elections] ([ElectionGuid]) ON DELETE CASCADE
); Microsoft.EntityFrameworkCore.Database.Command
[17:01:45 INF] [] Executed DbCommand (7ms) [Parameters=[], CommandType='Text', CommandTimeout='30']
CREATE TABLE [Locations] (
    [_RowId] int NOT NULL IDENTITY,
    [ElectionGuid] uniqueidentifier NOT NULL,
    [LocationGuid] uniqueidentifier NOT NULL,
    [Name] nvarchar(50) NOT NULL,
    [ContactInfo] nvarchar(250) NULL,
    [Long] varchar(50) NULL,
    [Lat] varchar(50) NULL,
    [TallyStatus] varchar(15) NULL,
    [SortOrder] int NULL,
    [BallotsCollected] int NULL,
    CONSTRAINT [PK_VotingLocation] PRIMARY KEY ([_RowId]),
    CONSTRAINT [AK_Locations_LocationGuid] UNIQUE ([LocationGuid]),
    CONSTRAINT [FK_Location_Election] FOREIGN KEY ([ElectionGuid]) REFERENCES [Elections] ([ElectionGuid]) ON DELETE CASCADE
); Microsoft.EntityFrameworkCore.Database.Command
[17:01:45 INF] [] Executed DbCommand (7ms) [Parameters=[], CommandType='Text', CommandTimeout='30']
CREATE TABLE [Locations] (
    [_RowId] int NOT NULL IDENTITY,
    [ElectionGuid] uniqueidentifier NOT NULL,
    [LocationGuid] uniqueidentifier NOT NULL,
    [Name] nvarchar(50) NOT NULL,
    [ContactInfo] nvarchar(250) NULL,
    [Long] varchar(50) NULL,
    [Lat] varchar(50) NULL,
    [TallyStatus] varchar(15) NULL,
    [SortOrder] int NULL,
    [BallotsCollected] int NULL,
    CONSTRAINT [PK_VotingLocation] PRIMARY KEY ([_RowId]),
    CONSTRAINT [AK_Locations_LocationGuid] UNIQUE ([LocationGuid]),
    CONSTRAINT [FK_Location_Election] FOREIGN KEY ([ElectionGuid]) REFERENCES [Elections] ([ElectionGuid]) ON DELETE CASCADE
); Microsoft.EntityFrameworkCore.Database.Command
[17:01:45 INF] [] Executed DbCommand (3ms) [Parameters=[], CommandType='Text', CommandTimeout='30']
CREATE TABLE [Locations] (
    [_RowId] int NOT NULL IDENTITY,
    [ElectionGuid] uniqueidentifier NOT NULL,
    [LocationGuid] uniqueidentifier NOT NULL,
    [Name] nvarchar(50) NOT NULL,
    [ContactInfo] nvarchar(250) NULL,
    [Long] varchar(50) NULL,
    [Lat] varchar(50) NULL,
    [TallyStatus] varchar(15) NULL,
    [SortOrder] int NULL,
    [BallotsCollected] int NULL,
    CONSTRAINT [PK_VotingLocation] PRIMARY KEY ([_RowId]),
    CONSTRAINT [AK_Locations_LocationGuid] UNIQUE ([LocationGuid]),
    CONSTRAINT [FK_Location_Election] FOREIGN KEY ([ElectionGuid]) REFERENCES [Elections] ([ElectionGuid]) ON DELETE CASCADE
); Microsoft.EntityFrameworkCore.Database.Command
[17:01:45 INF] [] Executed DbCommand (3ms) [Parameters=[], CommandType='Text', CommandTimeout='30']
CREATE TABLE [Locations] (
    [_RowId] int NOT NULL IDENTITY,
    [ElectionGuid] uniqueidentifier NOT NULL,
    [LocationGuid] uniqueidentifier NOT NULL,
    [Name] nvarchar(50) NOT NULL,
    [ContactInfo] nvarchar(250) NULL,
    [Long] varchar(50) NULL,
    [Lat] varchar(50) NULL,
    [TallyStatus] varchar(15) NULL,
    [SortOrder] int NULL,
    [BallotsCollected] int NULL,
    CONSTRAINT [PK_VotingLocation] PRIMARY KEY ([_RowId]),
    CONSTRAINT [AK_Locations_LocationGuid] UNIQUE ([LocationGuid]),
    CONSTRAINT [FK_Location_Election] FOREIGN KEY ([ElectionGuid]) REFERENCES [Elections] ([ElectionGuid]) ON DELETE CASCADE
); Microsoft.EntityFrameworkCore.Database.Command
[17:01:45 INF] [] Executed DbCommand (4ms) [Parameters=[], CommandType='Text', CommandTimeout='30']
CREATE TABLE [Messages] (
    [_RowId] int NOT NULL IDENTITY,
    [ElectionGuid] uniqueidentifier NOT NULL,
    [Title] nvarchar(150) NOT NULL,
    [Details] nvarchar(max) NULL,
    [_RowVersion] rowversion NOT NULL,
    [AsOf] datetime2(0) NOT NULL,
    CONSTRAINT [PK_Messages] PRIMARY KEY ([_RowId]),
    CONSTRAINT [FK_Message_Election] FOREIGN KEY ([ElectionGuid]) REFERENCES [Elections] ([ElectionGuid]) ON DELETE CASCADE
); Microsoft.EntityFrameworkCore.Database.Command
[17:01:45 INF] [] Executed DbCommand (5ms) [Parameters=[], CommandType='Text', CommandTimeout='30']
CREATE TABLE [Messages] (
    [_RowId] int NOT NULL IDENTITY,
    [ElectionGuid] uniqueidentifier NOT NULL,
    [Title] nvarchar(150) NOT NULL,
    [Details] nvarchar(max) NULL,
    [_RowVersion] rowversion NOT NULL,
    [AsOf] datetime2(0) NOT NULL,
    CONSTRAINT [PK_Messages] PRIMARY KEY ([_RowId]),
    CONSTRAINT [FK_Message_Election] FOREIGN KEY ([ElectionGuid]) REFERENCES [Elections] ([ElectionGuid]) ON DELETE CASCADE
); Microsoft.EntityFrameworkCore.Database.Command
[17:01:45 INF] [] Executed DbCommand (3ms) [Parameters=[], CommandType='Text', CommandTimeout='30']
CREATE TABLE [Messages] (
    [_RowId] int NOT NULL IDENTITY,
    [ElectionGuid] uniqueidentifier NOT NULL,
    [Title] nvarchar(150) NOT NULL,
    [Details] nvarchar(max) NULL,
    [_RowVersion] rowversion NOT NULL,
    [AsOf] datetime2(0) NOT NULL,
    CONSTRAINT [PK_Messages] PRIMARY KEY ([_RowId]),
    CONSTRAINT [FK_Message_Election] FOREIGN KEY ([ElectionGuid]) REFERENCES [Elections] ([ElectionGuid]) ON DELETE CASCADE
); Microsoft.EntityFrameworkCore.Database.Command
[17:01:45 INF] [] Executed DbCommand (4ms) [Parameters=[], CommandType='Text', CommandTimeout='30']
CREATE TABLE [Messages] (
    [_RowId] int NOT NULL IDENTITY,
    [ElectionGuid] uniqueidentifier NOT NULL,
    [Title] nvarchar(150) NOT NULL,
    [Details] nvarchar(max) NULL,
    [_RowVersion] rowversion NOT NULL,
    [AsOf] datetime2(0) NOT NULL,
    CONSTRAINT [PK_Messages] PRIMARY KEY ([_RowId]),
    CONSTRAINT [FK_Message_Election] FOREIGN KEY ([ElectionGuid]) REFERENCES [Elections] ([ElectionGuid]) ON DELETE CASCADE
); Microsoft.EntityFrameworkCore.Database.Command
[17:01:45 INF] [] Executed DbCommand (11ms) [Parameters=[], CommandType='Text', CommandTimeout='30']
CREATE TABLE [People] (
    [_RowId] int NOT NULL IDENTITY,
    [ElectionGuid] uniqueidentifier NOT NULL,
    [PersonGuid] uniqueidentifier NOT NULL,
    [LastName] nvarchar(50) NOT NULL,
    [FirstName] nvarchar(50) NULL,
    [OtherLastNames] nvarchar(100) NULL,
    [OtherNames] nvarchar(100) NULL,
    [OtherInfo] nvarchar(150) NULL,
    [Area] nvarchar(50) NULL,
    [BahaiId] varchar(20) NULL,
    [CombinedInfo] nvarchar(max) NULL,
    [CombinedSoundCodes] varchar(max) NULL,
    [CombinedInfoAtStart] nvarchar(max) NULL,
    [AgeGroup] varchar(2) NULL,
    [CanVote] bit NULL,
    [CanReceiveVotes] bit NULL,
    [IneligibleReasonGuid] uniqueidentifier NULL,
    [RegistrationTime] datetime2(0) NULL,
    [VotingLocationGuid] uniqueidentifier NULL,
    [VotingMethod] varchar(1) NULL,
    [EnvNum] int NULL,
    [_RowVersion] rowversion NOT NULL,
    [_FullName] AS ((((([LastName]+coalesce((' ['+nullif([OtherLastNames],''))+']',''))+', ')+coalesce([FirstName],''))+coalesce((' ['+nullif([OtherNames],''))+']',''))+coalesce((' ('+nullif([OtherInfo],''))+')','')) PERSISTED,
    [_RowVersionInt] AS (CONVERT([bigint],[_RowVersion],(0))),
    [_FullNameFL] AS ((((coalesce([FirstName]+' ','')+[LastName])+coalesce((' ['+nullif([OtherNames],''))+']',''))+coalesce((' ['+nullif([OtherLastNames],''))+']',''))+coalesce((' ('+nullif([OtherInfo],''))+')','')) PERSISTED,
    [Teller1] nvarchar(25) NULL,
    [Teller2] nvarchar(25) NULL,
    [Email] nvarchar(250) NULL,
    [Phone] varchar(25) NULL,
    [HasOnlineBallot] bit NULL,
    [Flags] varchar(100) NULL,
    [UnitName] varchar(100) NULL,
    [KioskCode] varchar(10) NULL,
    CONSTRAINT [PK_People] PRIMARY KEY ([_RowId]),
    CONSTRAINT [AK_People_PersonGuid] UNIQUE ([PersonGuid]),
    CONSTRAINT [FK_Person_Election] FOREIGN KEY ([ElectionGuid]) REFERENCES [Elections] ([ElectionGuid]) ON DELETE CASCADE
); Microsoft.EntityFrameworkCore.Database.Command
[17:01:45 INF] [] Executed DbCommand (10ms) [Parameters=[], CommandType='Text', CommandTimeout='30']
CREATE TABLE [People] (
    [_RowId] int NOT NULL IDENTITY,
    [ElectionGuid] uniqueidentifier NOT NULL,
    [PersonGuid] uniqueidentifier NOT NULL,
    [LastName] nvarchar(50) NOT NULL,
    [FirstName] nvarchar(50) NULL,
    [OtherLastNames] nvarchar(100) NULL,
    [OtherNames] nvarchar(100) NULL,
    [OtherInfo] nvarchar(150) NULL,
    [Area] nvarchar(50) NULL,
    [BahaiId] varchar(20) NULL,
    [CombinedInfo] nvarchar(max) NULL,
    [CombinedSoundCodes] varchar(max) NULL,
    [CombinedInfoAtStart] nvarchar(max) NULL,
    [AgeGroup] varchar(2) NULL,
    [CanVote] bit NULL,
    [CanReceiveVotes] bit NULL,
    [IneligibleReasonGuid] uniqueidentifier NULL,
    [RegistrationTime] datetime2(0) NULL,
    [VotingLocationGuid] uniqueidentifier NULL,
    [VotingMethod] varchar(1) NULL,
    [EnvNum] int NULL,
    [_RowVersion] rowversion NOT NULL,
    [_FullName] AS ((((([LastName]+coalesce((' ['+nullif([OtherLastNames],''))+']',''))+', ')+coalesce([FirstName],''))+coalesce((' ['+nullif([OtherNames],''))+']',''))+coalesce((' ('+nullif([OtherInfo],''))+')','')) PERSISTED,
    [_RowVersionInt] AS (CONVERT([bigint],[_RowVersion],(0))),
    [_FullNameFL] AS ((((coalesce([FirstName]+' ','')+[LastName])+coalesce((' ['+nullif([OtherNames],''))+']',''))+coalesce((' ['+nullif([OtherLastNames],''))+']',''))+coalesce((' ('+nullif([OtherInfo],''))+')','')) PERSISTED,
    [Teller1] nvarchar(25) NULL,
    [Teller2] nvarchar(25) NULL,
    [Email] nvarchar(250) NULL,
    [Phone] varchar(25) NULL,
    [HasOnlineBallot] bit NULL,
    [Flags] varchar(100) NULL,
    [UnitName] varchar(100) NULL,
    [KioskCode] varchar(10) NULL,
    CONSTRAINT [PK_People] PRIMARY KEY ([_RowId]),
    CONSTRAINT [AK_People_PersonGuid] UNIQUE ([PersonGuid]),
    CONSTRAINT [FK_Person_Election] FOREIGN KEY ([ElectionGuid]) REFERENCES [Elections] ([ElectionGuid]) ON DELETE CASCADE
); Microsoft.EntityFrameworkCore.Database.Command
[17:01:46 INF] [] Executed DbCommand (12ms) [Parameters=[], CommandType='Text', CommandTimeout='30']
CREATE TABLE [People] (
    [_RowId] int NOT NULL IDENTITY,
    [ElectionGuid] uniqueidentifier NOT NULL,
    [PersonGuid] uniqueidentifier NOT NULL,
    [LastName] nvarchar(50) NOT NULL,
    [FirstName] nvarchar(50) NULL,
    [OtherLastNames] nvarchar(100) NULL,
    [OtherNames] nvarchar(100) NULL,
    [OtherInfo] nvarchar(150) NULL,
    [Area] nvarchar(50) NULL,
    [BahaiId] varchar(20) NULL,
    [CombinedInfo] nvarchar(max) NULL,
    [CombinedSoundCodes] varchar(max) NULL,
    [CombinedInfoAtStart] nvarchar(max) NULL,
    [AgeGroup] varchar(2) NULL,
    [CanVote] bit NULL,
    [CanReceiveVotes] bit NULL,
    [IneligibleReasonGuid] uniqueidentifier NULL,
    [RegistrationTime] datetime2(0) NULL,
    [VotingLocationGuid] uniqueidentifier NULL,
    [VotingMethod] varchar(1) NULL,
    [EnvNum] int NULL,
    [_RowVersion] rowversion NOT NULL,
    [_FullName] AS ((((([LastName]+coalesce((' ['+nullif([OtherLastNames],''))+']',''))+', ')+coalesce([FirstName],''))+coalesce((' ['+nullif([OtherNames],''))+']',''))+coalesce((' ('+nullif([OtherInfo],''))+')','')) PERSISTED,
    [_RowVersionInt] AS (CONVERT([bigint],[_RowVersion],(0))),
    [_FullNameFL] AS ((((coalesce([FirstName]+' ','')+[LastName])+coalesce((' ['+nullif([OtherNames],''))+']',''))+coalesce((' ['+nullif([OtherLastNames],''))+']',''))+coalesce((' ('+nullif([OtherInfo],''))+')','')) PERSISTED,
    [Teller1] nvarchar(25) NULL,
    [Teller2] nvarchar(25) NULL,
    [Email] nvarchar(250) NULL,
    [Phone] varchar(25) NULL,
    [HasOnlineBallot] bit NULL,
    [Flags] varchar(100) NULL,
    [UnitName] varchar(100) NULL,
    [KioskCode] varchar(10) NULL,
    CONSTRAINT [PK_People] PRIMARY KEY ([_RowId]),
    CONSTRAINT [AK_People_PersonGuid] UNIQUE ([PersonGuid]),
    CONSTRAINT [FK_Person_Election] FOREIGN KEY ([ElectionGuid]) REFERENCES [Elections] ([ElectionGuid]) ON DELETE CASCADE
); Microsoft.EntityFrameworkCore.Database.Command
[17:01:46 INF] [] Executed DbCommand (13ms) [Parameters=[], CommandType='Text', CommandTimeout='30']
CREATE TABLE [People] (
    [_RowId] int NOT NULL IDENTITY,
    [ElectionGuid] uniqueidentifier NOT NULL,
    [PersonGuid] uniqueidentifier NOT NULL,
    [LastName] nvarchar(50) NOT NULL,
    [FirstName] nvarchar(50) NULL,
    [OtherLastNames] nvarchar(100) NULL,
    [OtherNames] nvarchar(100) NULL,
    [OtherInfo] nvarchar(150) NULL,
    [Area] nvarchar(50) NULL,
    [BahaiId] varchar(20) NULL,
    [CombinedInfo] nvarchar(max) NULL,
    [CombinedSoundCodes] varchar(max) NULL,
    [CombinedInfoAtStart] nvarchar(max) NULL,
    [AgeGroup] varchar(2) NULL,
    [CanVote] bit NULL,
    [CanReceiveVotes] bit NULL,
    [IneligibleReasonGuid] uniqueidentifier NULL,
    [RegistrationTime] datetime2(0) NULL,
    [VotingLocationGuid] uniqueidentifier NULL,
    [VotingMethod] varchar(1) NULL,
    [EnvNum] int NULL,
    [_RowVersion] rowversion NOT NULL,
    [_FullName] AS ((((([LastName]+coalesce((' ['+nullif([OtherLastNames],''))+']',''))+', ')+coalesce([FirstName],''))+coalesce((' ['+nullif([OtherNames],''))+']',''))+coalesce((' ('+nullif([OtherInfo],''))+')','')) PERSISTED,
    [_RowVersionInt] AS (CONVERT([bigint],[_RowVersion],(0))),
    [_FullNameFL] AS ((((coalesce([FirstName]+' ','')+[LastName])+coalesce((' ['+nullif([OtherNames],''))+']',''))+coalesce((' ['+nullif([OtherLastNames],''))+']',''))+coalesce((' ('+nullif([OtherInfo],''))+')','')) PERSISTED,
    [Teller1] nvarchar(25) NULL,
    [Teller2] nvarchar(25) NULL,
    [Email] nvarchar(250) NULL,
    [Phone] varchar(25) NULL,
    [HasOnlineBallot] bit NULL,
    [Flags] varchar(100) NULL,
    [UnitName] varchar(100) NULL,
    [KioskCode] varchar(10) NULL,
    CONSTRAINT [PK_People] PRIMARY KEY ([_RowId]),
    CONSTRAINT [AK_People_PersonGuid] UNIQUE ([PersonGuid]),
    CONSTRAINT [FK_Person_Election] FOREIGN KEY ([ElectionGuid]) REFERENCES [Elections] ([ElectionGuid]) ON DELETE CASCADE
); Microsoft.EntityFrameworkCore.Database.Command
[17:01:46 INF] [] Executed DbCommand (5ms) [Parameters=[], CommandType='Text', CommandTimeout='30']
CREATE TABLE [ResultSummaries] (
    [_RowId] int NOT NULL IDENTITY,
    [ElectionGuid] uniqueidentifier NOT NULL,
    [ResultType] char(1) NOT NULL,
    [UseOnReports] bit NULL,
    [NumVoters] int NULL,
    [NumEligibleToVote] int NULL,
    [MailedInBallots] int NULL,
    [DroppedOffBallots] int NULL,
    [InPersonBallots] int NULL,
    [SpoiledBallots] int NULL,
    [SpoiledVotes] int NULL,
    [TotalVotes] int NULL,
    [BallotsReceived] int NULL,
    [BallotsNeedingReview] int NULL,
    [CalledInBallots] int NULL,
    [OnlineBallots] int NULL,
    [SpoiledManualBallots] int NULL,
    [Custom1Ballots] int NULL,
    [Custom2Ballots] int NULL,
    [Custom3Ballots] int NULL,
    [ImportedBallots] int NULL,
    CONSTRAINT [PK_ResultSummaries] PRIMARY KEY ([_RowId]),
    CONSTRAINT [FK_ResultSummary_Election1] FOREIGN KEY ([ElectionGuid]) REFERENCES [Elections] ([ElectionGuid]) ON DELETE CASCADE
); Microsoft.EntityFrameworkCore.Database.Command
[17:01:46 INF] [] Executed DbCommand (4ms) [Parameters=[], CommandType='Text', CommandTimeout='30']
CREATE TABLE [ResultSummaries] (
    [_RowId] int NOT NULL IDENTITY,
    [ElectionGuid] uniqueidentifier NOT NULL,
    [ResultType] char(1) NOT NULL,
    [UseOnReports] bit NULL,
    [NumVoters] int NULL,
    [NumEligibleToVote] int NULL,
    [MailedInBallots] int NULL,
    [DroppedOffBallots] int NULL,
    [InPersonBallots] int NULL,
    [SpoiledBallots] int NULL,
    [SpoiledVotes] int NULL,
    [TotalVotes] int NULL,
    [BallotsReceived] int NULL,
    [BallotsNeedingReview] int NULL,
    [CalledInBallots] int NULL,
    [OnlineBallots] int NULL,
    [SpoiledManualBallots] int NULL,
    [Custom1Ballots] int NULL,
    [Custom2Ballots] int NULL,
    [Custom3Ballots] int NULL,
    [ImportedBallots] int NULL,
    CONSTRAINT [PK_ResultSummaries] PRIMARY KEY ([_RowId]),
    CONSTRAINT [FK_ResultSummary_Election1] FOREIGN KEY ([ElectionGuid]) REFERENCES [Elections] ([ElectionGuid]) ON DELETE CASCADE
); Microsoft.EntityFrameworkCore.Database.Command
[17:01:46 INF] [] Executed DbCommand (3ms) [Parameters=[], CommandType='Text', CommandTimeout='30']
CREATE TABLE [ResultTies] (
    [_RowId] int NOT NULL IDENTITY,
    [ElectionGuid] uniqueidentifier NOT NULL,
    [TieBreakGroup] int NOT NULL,
    [TieBreakRequired] bit NULL,
    [NumToElect] int NOT NULL,
    [NumInTie] int NOT NULL,
    [IsResolved] bit NULL,
    CONSTRAINT [PK_ResultTies] PRIMARY KEY ([_RowId]),
    CONSTRAINT [FK_ResultTie_Election] FOREIGN KEY ([ElectionGuid]) REFERENCES [Elections] ([ElectionGuid]) ON DELETE CASCADE
); Microsoft.EntityFrameworkCore.Database.Command
[17:01:46 INF] [] Executed DbCommand (4ms) [Parameters=[], CommandType='Text', CommandTimeout='30']
CREATE TABLE [ResultTies] (
    [_RowId] int NOT NULL IDENTITY,
    [ElectionGuid] uniqueidentifier NOT NULL,
    [TieBreakGroup] int NOT NULL,
    [TieBreakRequired] bit NULL,
    [NumToElect] int NOT NULL,
    [NumInTie] int NOT NULL,
    [IsResolved] bit NULL,
    CONSTRAINT [PK_ResultTies] PRIMARY KEY ([_RowId]),
    CONSTRAINT [FK_ResultTie_Election] FOREIGN KEY ([ElectionGuid]) REFERENCES [Elections] ([ElectionGuid]) ON DELETE CASCADE
); Microsoft.EntityFrameworkCore.Database.Command
[17:01:46 INF] [] Executed DbCommand (8ms) [Parameters=[], CommandType='Text', CommandTimeout='30']
CREATE TABLE [ResultSummaries] (
    [_RowId] int NOT NULL IDENTITY,
    [ElectionGuid] uniqueidentifier NOT NULL,
    [ResultType] char(1) NOT NULL,
    [UseOnReports] bit NULL,
    [NumVoters] int NULL,
    [NumEligibleToVote] int NULL,
    [MailedInBallots] int NULL,
    [DroppedOffBallots] int NULL,
    [InPersonBallots] int NULL,
    [SpoiledBallots] int NULL,
    [SpoiledVotes] int NULL,
    [TotalVotes] int NULL,
    [BallotsReceived] int NULL,
    [BallotsNeedingReview] int NULL,
    [CalledInBallots] int NULL,
    [OnlineBallots] int NULL,
    [SpoiledManualBallots] int NULL,
    [Custom1Ballots] int NULL,
    [Custom2Ballots] int NULL,
    [Custom3Ballots] int NULL,
    [ImportedBallots] int NULL,
    CONSTRAINT [PK_ResultSummaries] PRIMARY KEY ([_RowId]),
    CONSTRAINT [FK_ResultSummary_Election1] FOREIGN KEY ([ElectionGuid]) REFERENCES [Elections] ([ElectionGuid]) ON DELETE CASCADE
); Microsoft.EntityFrameworkCore.Database.Command
[17:01:46 INF] [] Executed DbCommand (5ms) [Parameters=[], CommandType='Text', CommandTimeout='30']
CREATE TABLE [Tellers] (
    [_RowId] int NOT NULL IDENTITY,
    [ElectionGuid] uniqueidentifier NOT NULL,
    [Name] nvarchar(50) NOT NULL,
    [UsingComputerCode] varchar(2) NULL,
    [IsHeadTeller] bit NULL,
    [_RowVersion] rowversion NOT NULL,
    CONSTRAINT [PK_Tellers] PRIMARY KEY ([_RowId]),
    CONSTRAINT [FK_Teller_Election] FOREIGN KEY ([ElectionGuid]) REFERENCES [Elections] ([ElectionGuid])
); Microsoft.EntityFrameworkCore.Database.Command
[17:01:46 INF] [] Executed DbCommand (3ms) [Parameters=[], CommandType='Text', CommandTimeout='30']
CREATE TABLE [ResultTies] (
    [_RowId] int NOT NULL IDENTITY,
    [ElectionGuid] uniqueidentifier NOT NULL,
    [TieBreakGroup] int NOT NULL,
    [TieBreakRequired] bit NULL,
    [NumToElect] int NOT NULL,
    [NumInTie] int NOT NULL,
    [IsResolved] bit NULL,
    CONSTRAINT [PK_ResultTies] PRIMARY KEY ([_RowId]),
    CONSTRAINT [FK_ResultTie_Election] FOREIGN KEY ([ElectionGuid]) REFERENCES [Elections] ([ElectionGuid]) ON DELETE CASCADE
); Microsoft.EntityFrameworkCore.Database.Command
[17:01:46 INF] [] Executed DbCommand (4ms) [Parameters=[], CommandType='Text', CommandTimeout='30']
CREATE TABLE [Tellers] (
    [_RowId] int NOT NULL IDENTITY,
    [ElectionGuid] uniqueidentifier NOT NULL,
    [Name] nvarchar(50) NOT NULL,
    [UsingComputerCode] varchar(2) NULL,
    [IsHeadTeller] bit NULL,
    [_RowVersion] rowversion NOT NULL,
    CONSTRAINT [PK_Tellers] PRIMARY KEY ([_RowId]),
    CONSTRAINT [FK_Teller_Election] FOREIGN KEY ([ElectionGuid]) REFERENCES [Elections] ([ElectionGuid])
); Microsoft.EntityFrameworkCore.Database.Command
[17:01:46 INF] [] Executed DbCommand (11ms) [Parameters=[], CommandType='Text', CommandTimeout='30']
CREATE TABLE [ResultSummaries] (
    [_RowId] int NOT NULL IDENTITY,
    [ElectionGuid] uniqueidentifier NOT NULL,
    [ResultType] char(1) NOT NULL,
    [UseOnReports] bit NULL,
    [NumVoters] int NULL,
    [NumEligibleToVote] int NULL,
    [MailedInBallots] int NULL,
    [DroppedOffBallots] int NULL,
    [InPersonBallots] int NULL,
    [SpoiledBallots] int NULL,
    [SpoiledVotes] int NULL,
    [TotalVotes] int NULL,
    [BallotsReceived] int NULL,
    [BallotsNeedingReview] int NULL,
    [CalledInBallots] int NULL,
    [OnlineBallots] int NULL,
    [SpoiledManualBallots] int NULL,
    [Custom1Ballots] int NULL,
    [Custom2Ballots] int NULL,
    [Custom3Ballots] int NULL,
    [ImportedBallots] int NULL,
    CONSTRAINT [PK_ResultSummaries] PRIMARY KEY ([_RowId]),
    CONSTRAINT [FK_ResultSummary_Election1] FOREIGN KEY ([ElectionGuid]) REFERENCES [Elections] ([ElectionGuid]) ON DELETE CASCADE
); Microsoft.EntityFrameworkCore.Database.Command
[17:01:46 INF] [] Executed DbCommand (4ms) [Parameters=[], CommandType='Text', CommandTimeout='30']
CREATE TABLE [Ballots] (
    [_RowId] int NOT NULL IDENTITY,
    [LocationGuid] uniqueidentifier NOT NULL,
    [BallotGuid] uniqueidentifier NOT NULL,
    [StatusCode] varchar(10) NOT NULL,
    [ComputerCode] varchar(2) NOT NULL,
    [BallotNumAtComputer] int NOT NULL,
    [_BallotCode] AS ([ComputerCode]+CONVERT([varchar],[BallotNumAtComputer],(0))) PERSISTED,
    [Teller1] nvarchar(25) NULL,
    [Teller2] nvarchar(25) NULL,
    [_RowVersion] rowversion NOT NULL,
    CONSTRAINT [PK_Ballots] PRIMARY KEY ([_RowId]),
    CONSTRAINT [AK_Ballots_BallotGuid] UNIQUE ([BallotGuid]),
    CONSTRAINT [FK_Ballot_Location1] FOREIGN KEY ([LocationGuid]) REFERENCES [Locations] ([LocationGuid]) ON DELETE CASCADE
); Microsoft.EntityFrameworkCore.Database.Command
[17:01:46 INF] [] Executed DbCommand (2ms) [Parameters=[], CommandType='Text', CommandTimeout='30']
CREATE TABLE [ResultTies] (
    [_RowId] int NOT NULL IDENTITY,
    [ElectionGuid] uniqueidentifier NOT NULL,
    [TieBreakGroup] int NOT NULL,
    [TieBreakRequired] bit NULL,
    [NumToElect] int NOT NULL,
    [NumInTie] int NOT NULL,
    [IsResolved] bit NULL,
    CONSTRAINT [PK_ResultTies] PRIMARY KEY ([_RowId]),
    CONSTRAINT [FK_ResultTie_Election] FOREIGN KEY ([ElectionGuid]) REFERENCES [Elections] ([ElectionGuid]) ON DELETE CASCADE
); Microsoft.EntityFrameworkCore.Database.Command
[17:01:46 INF] [] Executed DbCommand (6ms) [Parameters=[], CommandType='Text', CommandTimeout='30']
CREATE TABLE [Tellers] (
    [_RowId] int NOT NULL IDENTITY,
    [ElectionGuid] uniqueidentifier NOT NULL,
    [Name] nvarchar(50) NOT NULL,
    [UsingComputerCode] varchar(2) NULL,
    [IsHeadTeller] bit NULL,
    [_RowVersion] rowversion NOT NULL,
    CONSTRAINT [PK_Tellers] PRIMARY KEY ([_RowId]),
    CONSTRAINT [FK_Teller_Election] FOREIGN KEY ([ElectionGuid]) REFERENCES [Elections] ([ElectionGuid])
); Microsoft.EntityFrameworkCore.Database.Command
[17:01:46 INF] [] Executed DbCommand (5ms) [Parameters=[], CommandType='Text', CommandTimeout='30']
CREATE TABLE [Ballots] (
    [_RowId] int NOT NULL IDENTITY,
    [LocationGuid] uniqueidentifier NOT NULL,
    [BallotGuid] uniqueidentifier NOT NULL,
    [StatusCode] varchar(10) NOT NULL,
    [ComputerCode] varchar(2) NOT NULL,
    [BallotNumAtComputer] int NOT NULL,
    [_BallotCode] AS ([ComputerCode]+CONVERT([varchar],[BallotNumAtComputer],(0))) PERSISTED,
    [Teller1] nvarchar(25) NULL,
    [Teller2] nvarchar(25) NULL,
    [_RowVersion] rowversion NOT NULL,
    CONSTRAINT [PK_Ballots] PRIMARY KEY ([_RowId]),
    CONSTRAINT [AK_Ballots_BallotGuid] UNIQUE ([BallotGuid]),
    CONSTRAINT [FK_Ballot_Location1] FOREIGN KEY ([LocationGuid]) REFERENCES [Locations] ([LocationGuid]) ON DELETE CASCADE
); Microsoft.EntityFrameworkCore.Database.Command
[17:01:46 INF] [] Executed DbCommand (2ms) [Parameters=[], CommandType='Text', CommandTimeout='30']
CREATE TABLE [Ballots] (
    [_RowId] int NOT NULL IDENTITY,
    [LocationGuid] uniqueidentifier NOT NULL,
    [BallotGuid] uniqueidentifier NOT NULL,
    [StatusCode] varchar(10) NOT NULL,
    [ComputerCode] varchar(2) NOT NULL,
    [BallotNumAtComputer] int NOT NULL,
    [_BallotCode] AS ([ComputerCode]+CONVERT([varchar],[BallotNumAtComputer],(0))) PERSISTED,
    [Teller1] nvarchar(25) NULL,
    [Teller2] nvarchar(25) NULL,
    [_RowVersion] rowversion NOT NULL,
    CONSTRAINT [PK_Ballots] PRIMARY KEY ([_RowId]),
    CONSTRAINT [AK_Ballots_BallotGuid] UNIQUE ([BallotGuid]),
    CONSTRAINT [FK_Ballot_Location1] FOREIGN KEY ([LocationGuid]) REFERENCES [Locations] ([LocationGuid]) ON DELETE CASCADE
); Microsoft.EntityFrameworkCore.Database.Command
[17:01:46 INF] [] Executed DbCommand (4ms) [Parameters=[], CommandType='Text', CommandTimeout='30']
CREATE TABLE [Tellers] (
    [_RowId] int NOT NULL IDENTITY,
    [ElectionGuid] uniqueidentifier NOT NULL,
    [Name] nvarchar(50) NOT NULL,
    [UsingComputerCode] varchar(2) NULL,
    [IsHeadTeller] bit NULL,
    [_RowVersion] rowversion NOT NULL,
    CONSTRAINT [PK_Tellers] PRIMARY KEY ([_RowId]),
    CONSTRAINT [FK_Teller_Election] FOREIGN KEY ([ElectionGuid]) REFERENCES [Elections] ([ElectionGuid])
); Microsoft.EntityFrameworkCore.Database.Command
[17:01:46 INF] [] Executed DbCommand (8ms) [Parameters=[], CommandType='Text', CommandTimeout='30']
CREATE TABLE [Results] (
    [_RowId] int NOT NULL IDENTITY,
    [ElectionGuid] uniqueidentifier NOT NULL,
    [PersonGuid] uniqueidentifier NOT NULL,
    [VoteCount] int NULL,
    [Rank] int NOT NULL,
    [Section] char(1) NOT NULL,
    [CloseToPrev] bit NULL,
    [CloseToNext] bit NULL,
    [IsTied] bit NULL,
    [TieBreakGroup] int NULL,
    [TieBreakRequired] bit NULL,
    [TieBreakCount] int NULL,
    [IsTieResolved] bit NULL,
    [RankInExtra] int NULL,
    [ForceShowInOther] bit NULL,
    CONSTRAINT [PK_Results] PRIMARY KEY ([_RowId]),
    CONSTRAINT [FK_Result_Election] FOREIGN KEY ([ElectionGuid]) REFERENCES [Elections] ([ElectionGuid]),
    CONSTRAINT [FK_Result_Person] FOREIGN KEY ([PersonGuid]) REFERENCES [People] ([PersonGuid]) ON DELETE CASCADE
); Microsoft.EntityFrameworkCore.Database.Command
[17:01:46 INF] [] Executed DbCommand (3ms) [Parameters=[], CommandType='Text', CommandTimeout='30']
CREATE TABLE [Ballots] (
    [_RowId] int NOT NULL IDENTITY,
    [LocationGuid] uniqueidentifier NOT NULL,
    [BallotGuid] uniqueidentifier NOT NULL,
    [StatusCode] varchar(10) NOT NULL,
    [ComputerCode] varchar(2) NOT NULL,
    [BallotNumAtComputer] int NOT NULL,
    [_BallotCode] AS ([ComputerCode]+CONVERT([varchar],[BallotNumAtComputer],(0))) PERSISTED,
    [Teller1] nvarchar(25) NULL,
    [Teller2] nvarchar(25) NULL,
    [_RowVersion] rowversion NOT NULL,
    CONSTRAINT [PK_Ballots] PRIMARY KEY ([_RowId]),
    CONSTRAINT [AK_Ballots_BallotGuid] UNIQUE ([BallotGuid]),
    CONSTRAINT [FK_Ballot_Location1] FOREIGN KEY ([LocationGuid]) REFERENCES [Locations] ([LocationGuid]) ON DELETE CASCADE
); Microsoft.EntityFrameworkCore.Database.Command
[17:01:46 INF] [] Executed DbCommand (6ms) [Parameters=[], CommandType='Text', CommandTimeout='30']
CREATE TABLE [Results] (
    [_RowId] int NOT NULL IDENTITY,
    [ElectionGuid] uniqueidentifier NOT NULL,
    [PersonGuid] uniqueidentifier NOT NULL,
    [VoteCount] int NULL,
    [Rank] int NOT NULL,
    [Section] char(1) NOT NULL,
    [CloseToPrev] bit NULL,
    [CloseToNext] bit NULL,
    [IsTied] bit NULL,
    [TieBreakGroup] int NULL,
    [TieBreakRequired] bit NULL,
    [TieBreakCount] int NULL,
    [IsTieResolved] bit NULL,
    [RankInExtra] int NULL,
    [ForceShowInOther] bit NULL,
    CONSTRAINT [PK_Results] PRIMARY KEY ([_RowId]),
    CONSTRAINT [FK_Result_Election] FOREIGN KEY ([ElectionGuid]) REFERENCES [Elections] ([ElectionGuid]),
    CONSTRAINT [FK_Result_Person] FOREIGN KEY ([PersonGuid]) REFERENCES [People] ([PersonGuid]) ON DELETE CASCADE
); Microsoft.EntityFrameworkCore.Database.Command
[17:01:46 INF] [] Executed DbCommand (3ms) [Parameters=[], CommandType='Text', CommandTimeout='30']
CREATE TABLE [Votes] (
    [_RowId] int NOT NULL IDENTITY,
    [BallotGuid] uniqueidentifier NOT NULL,
    [PositionOnBallot] int NOT NULL,
    [PersonGuid] uniqueidentifier NULL,
    [StatusCode] varchar(10) NOT NULL,
    [InvalidReasonGuid] uniqueidentifier NULL,
    [SingleNameElectionCount] int NULL,
    [_RowVersion] rowversion NOT NULL,
    [PersonCombinedInfo] nvarchar(max) NULL,
    [OnlineVoteRaw] nvarchar(max) NULL,
    CONSTRAINT [PK_Votes] PRIMARY KEY ([_RowId]),
    CONSTRAINT [FK_Vote_Ballot] FOREIGN KEY ([BallotGuid]) REFERENCES [Ballots] ([BallotGuid]) ON DELETE CASCADE,
    CONSTRAINT [FK_Vote_Person1] FOREIGN KEY ([PersonGuid]) REFERENCES [People] ([PersonGuid])
); Microsoft.EntityFrameworkCore.Database.Command
[17:01:46 INF] [] Executed DbCommand (7ms) [Parameters=[], CommandType='Text', CommandTimeout='30']
CREATE TABLE [Results] (
    [_RowId] int NOT NULL IDENTITY,
    [ElectionGuid] uniqueidentifier NOT NULL,
    [PersonGuid] uniqueidentifier NOT NULL,
    [VoteCount] int NULL,
    [Rank] int NOT NULL,
    [Section] char(1) NOT NULL,
    [CloseToPrev] bit NULL,
    [CloseToNext] bit NULL,
    [IsTied] bit NULL,
    [TieBreakGroup] int NULL,
    [TieBreakRequired] bit NULL,
    [TieBreakCount] int NULL,
    [IsTieResolved] bit NULL,
    [RankInExtra] int NULL,
    [ForceShowInOther] bit NULL,
    CONSTRAINT [PK_Results] PRIMARY KEY ([_RowId]),
    CONSTRAINT [FK_Result_Election] FOREIGN KEY ([ElectionGuid]) REFERENCES [Elections] ([ElectionGuid]),
    CONSTRAINT [FK_Result_Person] FOREIGN KEY ([PersonGuid]) REFERENCES [People] ([PersonGuid]) ON DELETE CASCADE
); Microsoft.EntityFrameworkCore.Database.Command
[17:01:46 INF] [] Executed DbCommand (5ms) [Parameters=[], CommandType='Text', CommandTimeout='30']
CREATE TABLE [Votes] (
    [_RowId] int NOT NULL IDENTITY,
    [BallotGuid] uniqueidentifier NOT NULL,
    [PositionOnBallot] int NOT NULL,
    [PersonGuid] uniqueidentifier NULL,
    [StatusCode] varchar(10) NOT NULL,
    [InvalidReasonGuid] uniqueidentifier NULL,
    [SingleNameElectionCount] int NULL,
    [_RowVersion] rowversion NOT NULL,
    [PersonCombinedInfo] nvarchar(max) NULL,
    [OnlineVoteRaw] nvarchar(max) NULL,
    CONSTRAINT [PK_Votes] PRIMARY KEY ([_RowId]),
    CONSTRAINT [FK_Vote_Ballot] FOREIGN KEY ([BallotGuid]) REFERENCES [Ballots] ([BallotGuid]) ON DELETE CASCADE,
    CONSTRAINT [FK_Vote_Person1] FOREIGN KEY ([PersonGuid]) REFERENCES [People] ([PersonGuid])
); Microsoft.EntityFrameworkCore.Database.Command
[17:01:46 INF] [] Executed DbCommand (4ms) [Parameters=[], CommandType='Text', CommandTimeout='30']
CREATE INDEX [IX_AspNetRoleClaims_RoleId] ON [AspNetRoleClaims] ([RoleId]); Microsoft.EntityFrameworkCore.Database.Command
[17:01:46 INF] [] Executed DbCommand (1ms) [Parameters=[], CommandType='Text', CommandTimeout='30']
CREATE INDEX [IX_AspNetRoleClaims_RoleId] ON [AspNetRoleClaims] ([RoleId]); Microsoft.EntityFrameworkCore.Database.Command
[17:01:46 INF] [] Executed DbCommand (4ms) [Parameters=[], CommandType='Text', CommandTimeout='30']
CREATE TABLE [Votes] (
    [_RowId] int NOT NULL IDENTITY,
    [BallotGuid] uniqueidentifier NOT NULL,
    [PositionOnBallot] int NOT NULL,
    [PersonGuid] uniqueidentifier NULL,
    [StatusCode] varchar(10) NOT NULL,
    [InvalidReasonGuid] uniqueidentifier NULL,
    [SingleNameElectionCount] int NULL,
    [_RowVersion] rowversion NOT NULL,
    [PersonCombinedInfo] nvarchar(max) NULL,
    [OnlineVoteRaw] nvarchar(max) NULL,
    CONSTRAINT [PK_Votes] PRIMARY KEY ([_RowId]),
    CONSTRAINT [FK_Vote_Ballot] FOREIGN KEY ([BallotGuid]) REFERENCES [Ballots] ([BallotGuid]) ON DELETE CASCADE,
    CONSTRAINT [FK_Vote_Person1] FOREIGN KEY ([PersonGuid]) REFERENCES [People] ([PersonGuid])
); Microsoft.EntityFrameworkCore.Database.Command
[17:01:46 INF] [] Executed DbCommand (1ms) [Parameters=[], CommandType='Text', CommandTimeout='30']
CREATE UNIQUE INDEX [RoleNameIndex] ON [AspNetRoles] ([NormalizedName]) WHERE [NormalizedName] IS NOT NULL; Microsoft.EntityFrameworkCore.Database.Command
[17:01:46 INF] [] Executed DbCommand (8ms) [Parameters=[], CommandType='Text', CommandTimeout='30']
CREATE TABLE [Results] (
    [_RowId] int NOT NULL IDENTITY,
    [ElectionGuid] uniqueidentifier NOT NULL,
    [PersonGuid] uniqueidentifier NOT NULL,
    [VoteCount] int NULL,
    [Rank] int NOT NULL,
    [Section] char(1) NOT NULL,
    [CloseToPrev] bit NULL,
    [CloseToNext] bit NULL,
    [IsTied] bit NULL,
    [TieBreakGroup] int NULL,
    [TieBreakRequired] bit NULL,
    [TieBreakCount] int NULL,
    [IsTieResolved] bit NULL,
    [RankInExtra] int NULL,
    [ForceShowInOther] bit NULL,
    CONSTRAINT [PK_Results] PRIMARY KEY ([_RowId]),
    CONSTRAINT [FK_Result_Election] FOREIGN KEY ([ElectionGuid]) REFERENCES [Elections] ([ElectionGuid]),
    CONSTRAINT [FK_Result_Person] FOREIGN KEY ([PersonGuid]) REFERENCES [People] ([PersonGuid]) ON DELETE CASCADE
); Microsoft.EntityFrameworkCore.Database.Command
[17:01:46 INF] [] Executed DbCommand (1ms) [Parameters=[], CommandType='Text', CommandTimeout='30']
CREATE INDEX [IX_AspNetRoleClaims_RoleId] ON [AspNetRoleClaims] ([RoleId]); Microsoft.EntityFrameworkCore.Database.Command
[17:01:46 INF] [] Executed DbCommand (1ms) [Parameters=[], CommandType='Text', CommandTimeout='30']
CREATE UNIQUE INDEX [RoleNameIndex] ON [AspNetRoles] ([NormalizedName]) WHERE [NormalizedName] IS NOT NULL; Microsoft.EntityFrameworkCore.Database.Command
[17:01:46 INF] [] Executed DbCommand (1ms) [Parameters=[], CommandType='Text', CommandTimeout='30']
CREATE INDEX [IX_AspNetUserClaims_UserId] ON [AspNetUserClaims] ([UserId]); Microsoft.EntityFrameworkCore.Database.Command
[17:01:46 INF] [] Executed DbCommand (1ms) [Parameters=[], CommandType='Text', CommandTimeout='30']
CREATE INDEX [IX_AspNetUserClaims_UserId] ON [AspNetUserClaims] ([UserId]); Microsoft.EntityFrameworkCore.Database.Command
[17:01:46 INF] [] Executed DbCommand (1ms) [Parameters=[], CommandType='Text', CommandTimeout='30']
CREATE INDEX [IX_AspNetUserLogins_UserId] ON [AspNetUserLogins] ([UserId]); Microsoft.EntityFrameworkCore.Database.Command
[17:01:46 INF] [] Executed DbCommand (2ms) [Parameters=[], CommandType='Text', CommandTimeout='30']
CREATE TABLE [Votes] (
    [_RowId] int NOT NULL IDENTITY,
    [BallotGuid] uniqueidentifier NOT NULL,
    [PositionOnBallot] int NOT NULL,
    [PersonGuid] uniqueidentifier NULL,
    [StatusCode] varchar(10) NOT NULL,
    [InvalidReasonGuid] uniqueidentifier NULL,
    [SingleNameElectionCount] int NULL,
    [_RowVersion] rowversion NOT NULL,
    [PersonCombinedInfo] nvarchar(max) NULL,
    [OnlineVoteRaw] nvarchar(max) NULL,
    CONSTRAINT [PK_Votes] PRIMARY KEY ([_RowId]),
    CONSTRAINT [FK_Vote_Ballot] FOREIGN KEY ([BallotGuid]) REFERENCES [Ballots] ([BallotGuid]) ON DELETE CASCADE,
    CONSTRAINT [FK_Vote_Person1] FOREIGN KEY ([PersonGuid]) REFERENCES [People] ([PersonGuid])
); Microsoft.EntityFrameworkCore.Database.Command
[17:01:46 INF] [] Executed DbCommand (1ms) [Parameters=[], CommandType='Text', CommandTimeout='30']
CREATE INDEX [IX_AspNetUserLogins_UserId] ON [AspNetUserLogins] ([UserId]); Microsoft.EntityFrameworkCore.Database.Command
[17:01:46 INF] [] Executed DbCommand (3ms) [Parameters=[], CommandType='Text', CommandTimeout='30']
CREATE UNIQUE INDEX [RoleNameIndex] ON [AspNetRoles] ([NormalizedName]) WHERE [NormalizedName] IS NOT NULL; Microsoft.EntityFrameworkCore.Database.Command
[17:01:46 INF] [] Executed DbCommand (1ms) [Parameters=[], CommandType='Text', CommandTimeout='30']
CREATE INDEX [IX_AspNetUserRoles_RoleId] ON [AspNetUserRoles] ([RoleId]); Microsoft.EntityFrameworkCore.Database.Command
[17:01:46 INF] [] Executed DbCommand (1ms) [Parameters=[], CommandType='Text', CommandTimeout='30']
CREATE INDEX [IX_AspNetRoleClaims_RoleId] ON [AspNetRoleClaims] ([RoleId]); Microsoft.EntityFrameworkCore.Database.Command
[17:01:46 INF] [] Executed DbCommand (1ms) [Parameters=[], CommandType='Text', CommandTimeout='30']
CREATE INDEX [IX_AspNetUserRoles_RoleId] ON [AspNetUserRoles] ([RoleId]); Microsoft.EntityFrameworkCore.Database.Command
[17:01:46 INF] [] Executed DbCommand (1ms) [Parameters=[], CommandType='Text', CommandTimeout='30']
CREATE INDEX [IX_AspNetUserClaims_UserId] ON [AspNetUserClaims] ([UserId]); Microsoft.EntityFrameworkCore.Database.Command
[17:01:46 INF] [] Executed DbCommand (1ms) [Parameters=[], CommandType='Text', CommandTimeout='30']
CREATE INDEX [EmailIndex] ON [AspNetUsers] ([NormalizedEmail]); Microsoft.EntityFrameworkCore.Database.Command
[17:01:46 INF] [] Executed DbCommand (1ms) [Parameters=[], CommandType='Text', CommandTimeout='30']
CREATE UNIQUE INDEX [RoleNameIndex] ON [AspNetRoles] ([NormalizedName]) WHERE [NormalizedName] IS NOT NULL; Microsoft.EntityFrameworkCore.Database.Command
[17:01:46 INF] [] Executed DbCommand (1ms) [Parameters=[], CommandType='Text', CommandTimeout='30']
CREATE INDEX [EmailIndex] ON [AspNetUsers] ([NormalizedEmail]); Microsoft.EntityFrameworkCore.Database.Command
[17:01:46 INF] [] Executed DbCommand (1ms) [Parameters=[], CommandType='Text', CommandTimeout='30']
CREATE INDEX [IX_AspNetUserLogins_UserId] ON [AspNetUserLogins] ([UserId]); Microsoft.EntityFrameworkCore.Database.Command
[17:01:46 INF] [] Executed DbCommand (2ms) [Parameters=[], CommandType='Text', CommandTimeout='30']
CREATE UNIQUE INDEX [UserNameIndex] ON [AspNetUsers] ([NormalizedUserName]) WHERE [NormalizedUserName] IS NOT NULL; Microsoft.EntityFrameworkCore.Database.Command
[17:01:46 INF] [] Executed DbCommand (1ms) [Parameters=[], CommandType='Text', CommandTimeout='30']
CREATE INDEX [IX_AspNetUserClaims_UserId] ON [AspNetUserClaims] ([UserId]); Microsoft.EntityFrameworkCore.Database.Command
[17:01:46 INF] [] Executed DbCommand (1ms) [Parameters=[], CommandType='Text', CommandTimeout='30']
CREATE INDEX [IX_AspNetUserRoles_RoleId] ON [AspNetUserRoles] ([RoleId]); Microsoft.EntityFrameworkCore.Database.Command
[17:01:46 INF] [] Executed DbCommand (2ms) [Parameters=[], CommandType='Text', CommandTimeout='30']
CREATE UNIQUE INDEX [UserNameIndex] ON [AspNetUsers] ([NormalizedUserName]) WHERE [NormalizedUserName] IS NOT NULL; Microsoft.EntityFrameworkCore.Database.Command
[17:01:46 INF] [] Executed DbCommand (1ms) [Parameters=[], CommandType='Text', CommandTimeout='30']
CREATE INDEX [IX_AspNetUserLogins_UserId] ON [AspNetUserLogins] ([UserId]); Microsoft.EntityFrameworkCore.Database.Command
[17:01:46 INF] [] Executed DbCommand (2ms) [Parameters=[], CommandType='Text', CommandTimeout='30']
CREATE UNIQUE INDEX [IX_Ballot] ON [Ballots] ([BallotGuid]); Microsoft.EntityFrameworkCore.Database.Command
[17:01:46 INF] [] Executed DbCommand (1ms) [Parameters=[], CommandType='Text', CommandTimeout='30']
CREATE INDEX [EmailIndex] ON [AspNetUsers] ([NormalizedEmail]); Microsoft.EntityFrameworkCore.Database.Command
[17:01:46 INF] [] Executed DbCommand (1ms) [Parameters=[], CommandType='Text', CommandTimeout='30']
CREATE UNIQUE INDEX [IX_Ballot] ON [Ballots] ([BallotGuid]); Microsoft.EntityFrameworkCore.Database.Command
[17:01:46 INF] [] Executed DbCommand (1ms) [Parameters=[], CommandType='Text', CommandTimeout='30']
CREATE INDEX [IX_AspNetUserRoles_RoleId] ON [AspNetUserRoles] ([RoleId]); Microsoft.EntityFrameworkCore.Database.Command
[17:01:46 INF] [] Executed DbCommand (1ms) [Parameters=[], CommandType='Text', CommandTimeout='30']
CREATE INDEX [IX_Ballot_Code] ON [Ballots] ([ComputerCode]); Microsoft.EntityFrameworkCore.Database.Command
[17:01:46 INF] [] Executed DbCommand (1ms) [Parameters=[], CommandType='Text', CommandTimeout='30']
CREATE UNIQUE INDEX [UserNameIndex] ON [AspNetUsers] ([NormalizedUserName]) WHERE [NormalizedUserName] IS NOT NULL; Microsoft.EntityFrameworkCore.Database.Command
[17:01:46 INF] [] Executed DbCommand (1ms) [Parameters=[], CommandType='Text', CommandTimeout='30']
CREATE INDEX [EmailIndex] ON [AspNetUsers] ([NormalizedEmail]); Microsoft.EntityFrameworkCore.Database.Command
[17:01:46 INF] [] Executed DbCommand (1ms) [Parameters=[], CommandType='Text', CommandTimeout='30']
CREATE INDEX [IX_Ballot_Code] ON [Ballots] ([ComputerCode]); Microsoft.EntityFrameworkCore.Database.Command
[17:01:46 INF] [] Executed DbCommand (1ms) [Parameters=[], CommandType='Text', CommandTimeout='30']
CREATE UNIQUE INDEX [IX_Ballot] ON [Ballots] ([BallotGuid]); Microsoft.EntityFrameworkCore.Database.Command
[17:01:46 INF] [] Executed DbCommand (1ms) [Parameters=[], CommandType='Text', CommandTimeout='30']
CREATE INDEX [IX_Ballot_Location] ON [Ballots] ([LocationGuid]); Microsoft.EntityFrameworkCore.Database.Command
[17:01:46 INF] [] Executed DbCommand (2ms) [Parameters=[], CommandType='Text', CommandTimeout='30']
CREATE UNIQUE INDEX [UserNameIndex] ON [AspNetUsers] ([NormalizedUserName]) WHERE [NormalizedUserName] IS NOT NULL; Microsoft.EntityFrameworkCore.Database.Command
[17:01:46 INF] [] Executed DbCommand (2ms) [Parameters=[], CommandType='Text', CommandTimeout='30']
CREATE INDEX [IX_Ballot_Location] ON [Ballots] ([LocationGuid]); Microsoft.EntityFrameworkCore.Database.Command
[17:01:46 INF] [] Executed DbCommand (2ms) [Parameters=[], CommandType='Text', CommandTimeout='30']
CREATE INDEX [IX_Ballot_Code] ON [Ballots] ([ComputerCode]); Microsoft.EntityFrameworkCore.Database.Command
[17:01:46 INF] [] Executed DbCommand (2ms) [Parameters=[], CommandType='Text', CommandTimeout='30']
CREATE UNIQUE INDEX [IX_Election] ON [Elections] ([ElectionGuid]); Microsoft.EntityFrameworkCore.Database.Command
[17:01:46 INF] [] Executed DbCommand (1ms) [Parameters=[], CommandType='Text', CommandTimeout='30']
CREATE UNIQUE INDEX [IX_Ballot] ON [Ballots] ([BallotGuid]); Microsoft.EntityFrameworkCore.Database.Command
[17:01:46 INF] [] Executed DbCommand (1ms) [Parameters=[], CommandType='Text', CommandTimeout='30']
CREATE UNIQUE INDEX [IX_Election] ON [Elections] ([ElectionGuid]); Microsoft.EntityFrameworkCore.Database.Command
[17:01:46 INF] [] Executed DbCommand (1ms) [Parameters=[], CommandType='Text', CommandTimeout='30']
CREATE INDEX [IX_Ballot_Location] ON [Ballots] ([LocationGuid]); Microsoft.EntityFrameworkCore.Database.Command
[17:01:46 INF] [] Executed DbCommand (1ms) [Parameters=[], CommandType='Text', CommandTimeout='30']
CREATE INDEX [IX_ImportFiles_ElectionGuid] ON [ImportFiles] ([ElectionGuid]); Microsoft.EntityFrameworkCore.Database.Command
[17:01:46 INF] [] Executed DbCommand (1ms) [Parameters=[], CommandType='Text', CommandTimeout='30']
CREATE INDEX [IX_Ballot_Code] ON [Ballots] ([ComputerCode]); Microsoft.EntityFrameworkCore.Database.Command
[17:01:46 INF] [] Executed DbCommand (1ms) [Parameters=[], CommandType='Text', CommandTimeout='30']
CREATE INDEX [IX_ImportFiles_ElectionGuid] ON [ImportFiles] ([ElectionGuid]); Microsoft.EntityFrameworkCore.Database.Command
[17:01:46 INF] [] Executed DbCommand (1ms) [Parameters=[], CommandType='Text', CommandTimeout='30']
CREATE UNIQUE INDEX [IX_Election] ON [Elections] ([ElectionGuid]); Microsoft.EntityFrameworkCore.Database.Command
[17:01:46 INF] [] Executed DbCommand (1ms) [Parameters=[], CommandType='Text', CommandTimeout='30']
CREATE INDEX [IX_JoinElectionUser_ElectionGuid] ON [JoinElectionUsers] ([ElectionGuid]); Microsoft.EntityFrameworkCore.Database.Command
[17:01:46 INF] [] Executed DbCommand (1ms) [Parameters=[], CommandType='Text', CommandTimeout='30']
CREATE INDEX [IX_Ballot_Location] ON [Ballots] ([LocationGuid]); Microsoft.EntityFrameworkCore.Database.Command
[17:01:46 INF] [] Executed DbCommand (1ms) [Parameters=[], CommandType='Text', CommandTimeout='30']
CREATE INDEX [IX_JoinElectionUser_UserId] ON [JoinElectionUsers] ([UserId]); Microsoft.EntityFrameworkCore.Database.Command
[17:01:46 INF] [] Executed DbCommand (1ms) [Parameters=[], CommandType='Text', CommandTimeout='30']
CREATE INDEX [IX_ImportFiles_ElectionGuid] ON [ImportFiles] ([ElectionGuid]); Microsoft.EntityFrameworkCore.Database.Command
[17:01:46 INF] [] Executed DbCommand (2ms) [Parameters=[], CommandType='Text', CommandTimeout='30']
CREATE INDEX [IX_JoinElectionUser_ElectionGuid] ON [JoinElectionUsers] ([ElectionGuid]); Microsoft.EntityFrameworkCore.Database.Command
[17:01:46 INF] [] Executed DbCommand (1ms) [Parameters=[], CommandType='Text', CommandTimeout='30']
CREATE UNIQUE INDEX [IX_Election] ON [Elections] ([ElectionGuid]); Microsoft.EntityFrameworkCore.Database.Command
[17:01:46 INF] [] Executed DbCommand (1ms) [Parameters=[], CommandType='Text', CommandTimeout='30']
CREATE UNIQUE INDEX [IX_Location] ON [Locations] ([LocationGuid]); Microsoft.EntityFrameworkCore.Database.Command
[17:01:46 INF] [] Executed DbCommand (1ms) [Parameters=[], CommandType='Text', CommandTimeout='30']
CREATE INDEX [IX_JoinElectionUser_ElectionGuid] ON [JoinElectionUsers] ([ElectionGuid]); Microsoft.EntityFrameworkCore.Database.Command
[17:01:46 INF] [] Executed DbCommand (1ms) [Parameters=[], CommandType='Text', CommandTimeout='30']
CREATE INDEX [IX_JoinElectionUser_UserId] ON [JoinElectionUsers] ([UserId]); Microsoft.EntityFrameworkCore.Database.Command
[17:01:46 INF] [] Executed DbCommand (1ms) [Parameters=[], CommandType='Text', CommandTimeout='30']
CREATE INDEX [IX_ImportFiles_ElectionGuid] ON [ImportFiles] ([ElectionGuid]); Microsoft.EntityFrameworkCore.Database.Command
[17:01:46 INF] [] Executed DbCommand (1ms) [Parameters=[], CommandType='Text', CommandTimeout='30']
CREATE INDEX [IX_Location_Election] ON [Locations] ([ElectionGuid]); Microsoft.EntityFrameworkCore.Database.Command
[17:01:46 INF] [] Executed DbCommand (1ms) [Parameters=[], CommandType='Text', CommandTimeout='30']
CREATE INDEX [IX_JoinElectionUser_UserId] ON [JoinElectionUsers] ([UserId]); Microsoft.EntityFrameworkCore.Database.Command
[17:01:46 INF] [] Executed DbCommand (1ms) [Parameters=[], CommandType='Text', CommandTimeout='30']
CREATE UNIQUE INDEX [IX_Location] ON [Locations] ([LocationGuid]); Microsoft.EntityFrameworkCore.Database.Command
[17:01:46 INF] [] Executed DbCommand (1ms) [Parameters=[], CommandType='Text', CommandTimeout='30']
CREATE INDEX [IX_JoinElectionUser_ElectionGuid] ON [JoinElectionUsers] ([ElectionGuid]); Microsoft.EntityFrameworkCore.Database.Command
[17:01:46 INF] [] Executed DbCommand (1ms) [Parameters=[], CommandType='Text', CommandTimeout='30']
CREATE UNIQUE INDEX [IX_Location] ON [Locations] ([LocationGuid]); Microsoft.EntityFrameworkCore.Database.Command
[17:01:46 INF] [] Executed DbCommand (1ms) [Parameters=[], CommandType='Text', CommandTimeout='30']
CREATE INDEX [IX_Location_Election] ON [Locations] ([ElectionGuid]); Microsoft.EntityFrameworkCore.Database.Command
[17:01:46 INF] [] Executed DbCommand (1ms) [Parameters=[], CommandType='Text', CommandTimeout='30']
CREATE INDEX [IX_JoinElectionUser_UserId] ON [JoinElectionUsers] ([UserId]); Microsoft.EntityFrameworkCore.Database.Command
[17:01:46 INF] [] Executed DbCommand (2ms) [Parameters=[], CommandType='Text', CommandTimeout='30']
CREATE INDEX [IX__Log] ON [Logs] ([AsOf]); Microsoft.EntityFrameworkCore.Database.Command
[17:01:46 INF] [] Executed DbCommand (1ms) [Parameters=[], CommandType='Text', CommandTimeout='30']
CREATE INDEX [IX_Location_Election] ON [Locations] ([ElectionGuid]); Microsoft.EntityFrameworkCore.Database.Command
[17:01:46 INF] [] Executed DbCommand (1ms) [Parameters=[], CommandType='Text', CommandTimeout='30']
CREATE UNIQUE INDEX [IX_Location] ON [Locations] ([LocationGuid]); Microsoft.EntityFrameworkCore.Database.Command
[17:01:46 INF] [] Executed DbCommand (1ms) [Parameters=[], CommandType='Text', CommandTimeout='30']
CREATE INDEX [nci_msft_1__Log_154BF30FBBDD3CC74014282844F74DFE] ON [Logs] ([ElectionGuid], [LocationGuid]); Microsoft.EntityFrameworkCore.Database.Command
[17:01:46 INF] [] Executed DbCommand (2ms) [Parameters=[], CommandType='Text', CommandTimeout='30']
CREATE INDEX [IX__Log] ON [Logs] ([AsOf]); Microsoft.EntityFrameworkCore.Database.Command
[17:01:46 INF] [] Executed DbCommand (1ms) [Parameters=[], CommandType='Text', CommandTimeout='30']
CREATE INDEX [IX_Location_Election] ON [Locations] ([ElectionGuid]); Microsoft.EntityFrameworkCore.Database.Command
[17:01:46 INF] [] Executed DbCommand (1ms) [Parameters=[], CommandType='Text', CommandTimeout='30']
CREATE INDEX [IX_Messages_ElectionGuid] ON [Messages] ([ElectionGuid]); Microsoft.EntityFrameworkCore.Database.Command
[17:01:46 INF] [] Executed DbCommand (2ms) [Parameters=[], CommandType='Text', CommandTimeout='30']
CREATE INDEX [IX__Log] ON [Logs] ([AsOf]); Microsoft.EntityFrameworkCore.Database.Command
[17:01:46 INF] [] Executed DbCommand (1ms) [Parameters=[], CommandType='Text', CommandTimeout='30']
CREATE INDEX [nci_msft_1__Log_154BF30FBBDD3CC74014282844F74DFE] ON [Logs] ([ElectionGuid], [LocationGuid]); Microsoft.EntityFrameworkCore.Database.Command
[17:01:46 INF] [] Executed DbCommand (1ms) [Parameters=[], CommandType='Text', CommandTimeout='30']
CREATE INDEX [nci_msft_1__Log_154BF30FBBDD3CC74014282844F74DFE] ON [Logs] ([ElectionGuid], [LocationGuid]); Microsoft.EntityFrameworkCore.Database.Command
[17:01:46 INF] [] Executed DbCommand (1ms) [Parameters=[], CommandType='Text', CommandTimeout='30']
CREATE UNIQUE INDEX [IX_OnlineVoter_Id] ON [OnlineVoters] ([VoterId]); Microsoft.EntityFrameworkCore.Database.Command
[17:01:46 INF] [] Executed DbCommand (2ms) [Parameters=[], CommandType='Text', CommandTimeout='30']
CREATE INDEX [IX__Log] ON [Logs] ([AsOf]); Microsoft.EntityFrameworkCore.Database.Command
[17:01:46 INF] [] Executed DbCommand (1ms) [Parameters=[], CommandType='Text', CommandTimeout='30']
CREATE INDEX [IX_Messages_ElectionGuid] ON [Messages] ([ElectionGuid]); Microsoft.EntityFrameworkCore.Database.Command
[17:01:46 INF] [] Executed DbCommand (1ms) [Parameters=[], CommandType='Text', CommandTimeout='30']
CREATE INDEX [IX_Messages_ElectionGuid] ON [Messages] ([ElectionGuid]); Microsoft.EntityFrameworkCore.Database.Command
[17:01:46 INF] [] Executed DbCommand (1ms) [Parameters=[], CommandType='Text', CommandTimeout='30']
CREATE INDEX [IX_OnlineVotingInfo_ElectionPerson] ON [OnlineVotingInfos] ([ElectionGuid], [PersonGuid]); Microsoft.EntityFrameworkCore.Database.Command
[17:01:46 INF] [] Executed DbCommand (1ms) [Parameters=[], CommandType='Text', CommandTimeout='30']
CREATE INDEX [nci_msft_1__Log_154BF30FBBDD3CC74014282844F74DFE] ON [Logs] ([ElectionGuid], [LocationGuid]); Microsoft.EntityFrameworkCore.Database.Command
[17:01:46 INF] [] Executed DbCommand (1ms) [Parameters=[], CommandType='Text', CommandTimeout='30']
CREATE UNIQUE INDEX [IX_OnlineVoter_Id] ON [OnlineVoters] ([VoterId]); Microsoft.EntityFrameworkCore.Database.Command
[17:01:46 INF] [] Executed DbCommand (1ms) [Parameters=[], CommandType='Text', CommandTimeout='30']
CREATE UNIQUE INDEX [IX_OnlineVoter_Id] ON [OnlineVoters] ([VoterId]); Microsoft.EntityFrameworkCore.Database.Command
[17:01:46 INF] [] Executed DbCommand (1ms) [Parameters=[], CommandType='Text', CommandTimeout='30']
CREATE INDEX [IX_OnlineVotingInfo_Person] ON [OnlineVotingInfos] ([PersonGuid]); Microsoft.EntityFrameworkCore.Database.Command
[17:01:46 INF] [] Executed DbCommand (1ms) [Parameters=[], CommandType='Text', CommandTimeout='30']
CREATE INDEX [IX_Messages_ElectionGuid] ON [Messages] ([ElectionGuid]); Microsoft.EntityFrameworkCore.Database.Command
[17:01:46 INF] [] Executed DbCommand (2ms) [Parameters=[], CommandType='Text', CommandTimeout='30']
CREATE INDEX [IX_OnlineVotingInfo_ElectionPerson] ON [OnlineVotingInfos] ([ElectionGuid], [PersonGuid]); Microsoft.EntityFrameworkCore.Database.Command
[17:01:46 INF] [] Executed DbCommand (2ms) [Parameters=[], CommandType='Text', CommandTimeout='30']
CREATE INDEX [IX_OnlineVotingInfo_ElectionPerson] ON [OnlineVotingInfos] ([ElectionGuid], [PersonGuid]); Microsoft.EntityFrameworkCore.Database.Command
[17:01:46 INF] [] Executed DbCommand (2ms) [Parameters=[], CommandType='Text', CommandTimeout='30']
CREATE UNIQUE INDEX [IX_OnlineVoter_Id] ON [OnlineVoters] ([VoterId]); Microsoft.EntityFrameworkCore.Database.Command
[17:01:46 INF] [] Executed DbCommand (3ms) [Parameters=[], CommandType='Text', CommandTimeout='30']
CREATE INDEX [IX_Person] ON [People] ([ElectionGuid]); Microsoft.EntityFrameworkCore.Database.Command
[17:01:46 INF] [] Executed DbCommand (1ms) [Parameters=[], CommandType='Text', CommandTimeout='30']
CREATE INDEX [IX_OnlineVotingInfo_Person] ON [OnlineVotingInfos] ([PersonGuid]); Microsoft.EntityFrameworkCore.Database.Command
[17:01:46 INF] [] Executed DbCommand (2ms) [Parameters=[], CommandType='Text', CommandTimeout='30']
CREATE INDEX [IX_OnlineVotingInfo_Person] ON [OnlineVotingInfos] ([PersonGuid]); Microsoft.EntityFrameworkCore.Database.Command
[17:01:46 INF] [] Executed DbCommand (1ms) [Parameters=[], CommandType='Text', CommandTimeout='30']
CREATE INDEX [IX_OnlineVotingInfo_ElectionPerson] ON [OnlineVotingInfos] ([ElectionGuid], [PersonGuid]); Microsoft.EntityFrameworkCore.Database.Command
[17:01:46 INF] [] Executed DbCommand (2ms) [Parameters=[], CommandType='Text', CommandTimeout='30']
CREATE UNIQUE INDEX [IX_Person_1] ON [People] ([PersonGuid]); Microsoft.EntityFrameworkCore.Database.Command
[17:01:46 INF] [] Executed DbCommand (2ms) [Parameters=[], CommandType='Text', CommandTimeout='30']
CREATE INDEX [IX_Person] ON [People] ([ElectionGuid]); Microsoft.EntityFrameworkCore.Database.Command
[17:01:46 INF] [] Executed DbCommand (1ms) [Parameters=[], CommandType='Text', CommandTimeout='30']
CREATE INDEX [IX_Person] ON [People] ([ElectionGuid]); Microsoft.EntityFrameworkCore.Database.Command
[17:01:46 INF] [] Executed DbCommand (1ms) [Parameters=[], CommandType='Text', CommandTimeout='30']
CREATE INDEX [IX_OnlineVotingInfo_Person] ON [OnlineVotingInfos] ([PersonGuid]); Microsoft.EntityFrameworkCore.Database.Command
[17:01:46 INF] [] Executed DbCommand (1ms) [Parameters=[], CommandType='Text', CommandTimeout='30']
CREATE UNIQUE INDEX [IX_Person_1] ON [People] ([PersonGuid]); Microsoft.EntityFrameworkCore.Database.Command
[17:01:46 INF] [] Executed DbCommand (1ms) [Parameters=[], CommandType='Text', CommandTimeout='30']
CREATE UNIQUE INDEX [IX_Person_1] ON [People] ([PersonGuid]); Microsoft.EntityFrameworkCore.Database.Command
[17:01:46 INF] [] Executed DbCommand (1ms) [Parameters=[], CommandType='Text', CommandTimeout='30']
CREATE INDEX [IX_Person] ON [People] ([ElectionGuid]); Microsoft.EntityFrameworkCore.Database.Command
[17:01:46 INF] [] Executed DbCommand (3ms) [Parameters=[], CommandType='Text', CommandTimeout='30']
CREATE INDEX [IX_Person_CanVote] ON [People] ([CanVote], [IneligibleReasonGuid]); Microsoft.EntityFrameworkCore.Database.Command
[17:01:46 INF] [] Executed DbCommand (1ms) [Parameters=[], CommandType='Text', CommandTimeout='30']
CREATE UNIQUE INDEX [IX_Person_1] ON [People] ([PersonGuid]); Microsoft.EntityFrameworkCore.Database.Command
[17:01:46 INF] [] Executed DbCommand (2ms) [Parameters=[], CommandType='Text', CommandTimeout='30']
CREATE INDEX [IX_Person_CanVote] ON [People] ([CanVote], [IneligibleReasonGuid]); Microsoft.EntityFrameworkCore.Database.Command
[17:01:46 INF] [] Executed DbCommand (3ms) [Parameters=[], CommandType='Text', CommandTimeout='30']
CREATE INDEX [IX_Person_CanVote] ON [People] ([CanVote], [IneligibleReasonGuid]); Microsoft.EntityFrameworkCore.Database.Command
[17:01:46 INF] [] Executed DbCommand (2ms) [Parameters=[], CommandType='Text', CommandTimeout='30']
CREATE INDEX [IX_PersonElection] ON [People] ([ElectionGuid], [_FullName]); Microsoft.EntityFrameworkCore.Database.Command
[17:01:46 INF] [] Executed DbCommand (3ms) [Parameters=[], CommandType='Text', CommandTimeout='30']
CREATE INDEX [IX_PersonElection] ON [People] ([ElectionGuid], [_FullName]); Microsoft.EntityFrameworkCore.Database.Command
[17:01:46 INF] [] Executed DbCommand (3ms) [Parameters=[], CommandType='Text', CommandTimeout='30']
CREATE INDEX [IX_PersonElection] ON [People] ([ElectionGuid], [_FullName]); Microsoft.EntityFrameworkCore.Database.Command
[17:01:46 INF] [] Executed DbCommand (3ms) [Parameters=[], CommandType='Text', CommandTimeout='30']
CREATE UNIQUE INDEX [IX_PersonEmail] ON [People] ([ElectionGuid], [Email]) WHERE ([Email] IS NOT NULL AND [Email]<>''); Microsoft.EntityFrameworkCore.Database.Command
[17:01:46 INF] [] Executed DbCommand (1ms) [Parameters=[], CommandType='Text', CommandTimeout='30']
CREATE UNIQUE INDEX [IX_PersonEmail] ON [People] ([ElectionGuid], [Email]) WHERE ([Email] IS NOT NULL AND [Email]<>''); Microsoft.EntityFrameworkCore.Database.Command
[17:01:46 INF] [] Executed DbCommand (5ms) [Parameters=[], CommandType='Text', CommandTimeout='30']
CREATE INDEX [IX_Person_CanVote] ON [People] ([CanVote], [IneligibleReasonGuid]); Microsoft.EntityFrameworkCore.Database.Command
[17:01:46 INF] [] Executed DbCommand (2ms) [Parameters=[], CommandType='Text', CommandTimeout='30']
CREATE UNIQUE INDEX [IX_PersonEmail] ON [People] ([ElectionGuid], [Email]) WHERE ([Email] IS NOT NULL AND [Email]<>''); Microsoft.EntityFrameworkCore.Database.Command
[17:01:46 INF] [] Executed DbCommand (1ms) [Parameters=[], CommandType='Text', CommandTimeout='30']
CREATE UNIQUE INDEX [IX_PersonPhone] ON [People] ([ElectionGuid], [Phone]) WHERE ([Phone] IS NOT NULL AND [Phone]<>''); Microsoft.EntityFrameworkCore.Database.Command
[17:01:46 INF] [] Executed DbCommand (2ms) [Parameters=[], CommandType='Text', CommandTimeout='30']
CREATE UNIQUE INDEX [IX_PersonPhone] ON [People] ([ElectionGuid], [Phone]) WHERE ([Phone] IS NOT NULL AND [Phone]<>''); Microsoft.EntityFrameworkCore.Database.Command
[17:01:46 INF] [] Executed DbCommand (2ms) [Parameters=[], CommandType='Text', CommandTimeout='30']
CREATE UNIQUE INDEX [IX_PersonPhone] ON [People] ([ElectionGuid], [Phone]) WHERE ([Phone] IS NOT NULL AND [Phone]<>''); Microsoft.EntityFrameworkCore.Database.Command
[17:01:46 INF] [] Executed DbCommand (3ms) [Parameters=[], CommandType='Text', CommandTimeout='30']
CREATE INDEX [IX_PersonElection] ON [People] ([ElectionGuid], [_FullName]); Microsoft.EntityFrameworkCore.Database.Command
[17:01:46 INF] [] Executed DbCommand (2ms) [Parameters=[], CommandType='Text', CommandTimeout='30']
CREATE INDEX [nci_msft_Person_22A77D9DC21D83B4582C43E94A27236D] ON [People] ([ElectionGuid]); Microsoft.EntityFrameworkCore.Database.Command
[17:01:46 INF] [] Executed DbCommand (3ms) [Parameters=[], CommandType='Text', CommandTimeout='30']
CREATE INDEX [nci_msft_Person_22A77D9DC21D83B4582C43E94A27236D] ON [People] ([ElectionGuid]); Microsoft.EntityFrameworkCore.Database.Command
[17:01:46 INF] [] Executed DbCommand (2ms) [Parameters=[], CommandType='Text', CommandTimeout='30']
CREATE INDEX [nci_msft_Person_22A77D9DC21D83B4582C43E94A27236D] ON [People] ([ElectionGuid]); Microsoft.EntityFrameworkCore.Database.Command
[17:01:46 INF] [] Executed DbCommand (1ms) [Parameters=[], CommandType='Text', CommandTimeout='30']
CREATE INDEX [IX_Result_Election] ON [Results] ([ElectionGuid]); Microsoft.EntityFrameworkCore.Database.Command
[17:01:46 INF] [] Executed DbCommand (2ms) [Parameters=[], CommandType='Text', CommandTimeout='30']
CREATE UNIQUE INDEX [IX_PersonEmail] ON [People] ([ElectionGuid], [Email]) WHERE ([Email] IS NOT NULL AND [Email]<>''); Microsoft.EntityFrameworkCore.Database.Command
[17:01:46 INF] [] Executed DbCommand (2ms) [Parameters=[], CommandType='Text', CommandTimeout='30']
CREATE INDEX [IX_Result_Election] ON [Results] ([ElectionGuid]); Microsoft.EntityFrameworkCore.Database.Command
[17:01:46 INF] [] Executed DbCommand (2ms) [Parameters=[], CommandType='Text', CommandTimeout='30']
CREATE INDEX [IX_Result_Election] ON [Results] ([ElectionGuid]); Microsoft.EntityFrameworkCore.Database.Command
[17:01:46 INF] [] Executed DbCommand (2ms) [Parameters=[], CommandType='Text', CommandTimeout='30']
CREATE INDEX [IX_Results_PersonGuid] ON [Results] ([PersonGuid]); Microsoft.EntityFrameworkCore.Database.Command
[17:01:46 INF] [] Executed DbCommand (2ms) [Parameters=[], CommandType='Text', CommandTimeout='30']
CREATE UNIQUE INDEX [IX_PersonPhone] ON [People] ([ElectionGuid], [Phone]) WHERE ([Phone] IS NOT NULL AND [Phone]<>''); Microsoft.EntityFrameworkCore.Database.Command
[17:01:46 INF] [] Executed DbCommand (2ms) [Parameters=[], CommandType='Text', CommandTimeout='30']
CREATE INDEX [IX_Results_PersonGuid] ON [Results] ([PersonGuid]); Microsoft.EntityFrameworkCore.Database.Command
[17:01:46 INF] [] Executed DbCommand (2ms) [Parameters=[], CommandType='Text', CommandTimeout='30']
CREATE INDEX [IX_Results_PersonGuid] ON [Results] ([PersonGuid]); Microsoft.EntityFrameworkCore.Database.Command
[17:01:46 INF] [] Executed DbCommand (1ms) [Parameters=[], CommandType='Text', CommandTimeout='30']
CREATE INDEX [Ix_ResultSummary_Election] ON [ResultSummaries] ([ElectionGuid]); Microsoft.EntityFrameworkCore.Database.Command
[17:01:46 INF] [] Executed DbCommand (1ms) [Parameters=[], CommandType='Text', CommandTimeout='30']
CREATE INDEX [nci_msft_Person_22A77D9DC21D83B4582C43E94A27236D] ON [People] ([ElectionGuid]); Microsoft.EntityFrameworkCore.Database.Command
[17:01:46 INF] [] Executed DbCommand (2ms) [Parameters=[], CommandType='Text', CommandTimeout='30']
CREATE INDEX [Ix_ResultSummary_Election] ON [ResultSummaries] ([ElectionGuid]); Microsoft.EntityFrameworkCore.Database.Command
[17:01:46 INF] [] Executed DbCommand (1ms) [Parameters=[], CommandType='Text', CommandTimeout='30']
CREATE INDEX [Ix_ResultSummary_Election] ON [ResultSummaries] ([ElectionGuid]); Microsoft.EntityFrameworkCore.Database.Command
[17:01:46 INF] [] Executed DbCommand (1ms) [Parameters=[], CommandType='Text', CommandTimeout='30']
CREATE UNIQUE INDEX [IX_ResultTie] ON [ResultTies] ([ElectionGuid], [TieBreakGroup]); Microsoft.EntityFrameworkCore.Database.Command
[17:01:46 INF] [] Executed DbCommand (1ms) [Parameters=[], CommandType='Text', CommandTimeout='30']
CREATE INDEX [IX_Result_Election] ON [Results] ([ElectionGuid]); Microsoft.EntityFrameworkCore.Database.Command
[17:01:46 INF] [] Executed DbCommand (1ms) [Parameters=[], CommandType='Text', CommandTimeout='30']
CREATE UNIQUE INDEX [IX_ResultTie] ON [ResultTies] ([ElectionGuid], [TieBreakGroup]); Microsoft.EntityFrameworkCore.Database.Command
[17:01:46 INF] [] Executed DbCommand (1ms) [Parameters=[], CommandType='Text', CommandTimeout='30']
CREATE UNIQUE INDEX [IX_ResultTie] ON [ResultTies] ([ElectionGuid], [TieBreakGroup]); Microsoft.EntityFrameworkCore.Database.Command
[17:01:46 INF] [] Executed DbCommand (1ms) [Parameters=[], CommandType='Text', CommandTimeout='30']
CREATE INDEX [IX_SmsLog] ON [SmsLogs] ([SmsSid]); Microsoft.EntityFrameworkCore.Database.Command
[17:01:46 INF] [] Executed DbCommand (1ms) [Parameters=[], CommandType='Text', CommandTimeout='30']
CREATE INDEX [IX_Results_PersonGuid] ON [Results] ([PersonGuid]); Microsoft.EntityFrameworkCore.Database.Command
[17:01:46 INF] [] Executed DbCommand (1ms) [Parameters=[], CommandType='Text', CommandTimeout='30']
CREATE INDEX [IX_SmsLog] ON [SmsLogs] ([SmsSid]); Microsoft.EntityFrameworkCore.Database.Command
[17:01:46 INF] [] Executed DbCommand (1ms) [Parameters=[], CommandType='Text', CommandTimeout='30']
CREATE INDEX [IX_SmsLog] ON [SmsLogs] ([SmsSid]); Microsoft.EntityFrameworkCore.Database.Command
[17:01:46 INF] [] Executed DbCommand (1ms) [Parameters=[], CommandType='Text', CommandTimeout='30']
CREATE INDEX [IX_SmsLog_Election_Date] ON [SmsLogs] ([ElectionGuid], [LastDate] DESC); Microsoft.EntityFrameworkCore.Database.Command
[17:01:46 INF] [] Executed DbCommand (1ms) [Parameters=[], CommandType='Text', CommandTimeout='30']
CREATE INDEX [Ix_ResultSummary_Election] ON [ResultSummaries] ([ElectionGuid]); Microsoft.EntityFrameworkCore.Database.Command
[17:01:46 INF] [] Executed DbCommand (1ms) [Parameters=[], CommandType='Text', CommandTimeout='30']
CREATE INDEX [IX_SmsLog_Election_Date] ON [SmsLogs] ([ElectionGuid], [LastDate] DESC); Microsoft.EntityFrameworkCore.Database.Command
[17:01:46 INF] [] Executed DbCommand (2ms) [Parameters=[], CommandType='Text', CommandTimeout='30']
CREATE INDEX [IX_SmsLog_Election_Date] ON [SmsLogs] ([ElectionGuid], [LastDate] DESC); Microsoft.EntityFrameworkCore.Database.Command
[17:01:46 INF] [] Executed DbCommand (1ms) [Parameters=[], CommandType='Text', CommandTimeout='30']
CREATE UNIQUE INDEX [IX_Teller] ON [Tellers] ([ElectionGuid], [Name]); Microsoft.EntityFrameworkCore.Database.Command
[17:01:46 INF] [] Executed DbCommand (1ms) [Parameters=[], CommandType='Text', CommandTimeout='30']
CREATE UNIQUE INDEX [IX_ResultTie] ON [ResultTies] ([ElectionGuid], [TieBreakGroup]); Microsoft.EntityFrameworkCore.Database.Command
[17:01:46 INF] [] Executed DbCommand (1ms) [Parameters=[], CommandType='Text', CommandTimeout='30']
CREATE UNIQUE INDEX [IX_Teller] ON [Tellers] ([ElectionGuid], [Name]); Microsoft.EntityFrameworkCore.Database.Command
[17:01:46 INF] [] Executed DbCommand (1ms) [Parameters=[], CommandType='Text', CommandTimeout='30']
CREATE UNIQUE INDEX [IX_Teller] ON [Tellers] ([ElectionGuid], [Name]); Microsoft.EntityFrameworkCore.Database.Command
[17:01:46 INF] [] Executed DbCommand (1ms) [Parameters=[], CommandType='Text', CommandTimeout='30']
CREATE UNIQUE INDEX [IX_TwoFactorToken_UserId] ON [TwoFactorToken] ([UserId]); Microsoft.EntityFrameworkCore.Database.Command
[17:01:46 INF] [] Executed DbCommand (1ms) [Parameters=[], CommandType='Text', CommandTimeout='30']
CREATE UNIQUE INDEX [IX_TwoFactorToken_UserId] ON [TwoFactorToken] ([UserId]); Microsoft.EntityFrameworkCore.Database.Command
[17:01:46 INF] [] Executed DbCommand (1ms) [Parameters=[], CommandType='Text', CommandTimeout='30']
CREATE INDEX [IX_SmsLog] ON [SmsLogs] ([SmsSid]); Microsoft.EntityFrameworkCore.Database.Command
[17:01:46 INF] [] Executed DbCommand (1ms) [Parameters=[], CommandType='Text', CommandTimeout='30']
CREATE INDEX [IX_VoteBallot] ON [Votes] ([BallotGuid], [PositionOnBallot]); Microsoft.EntityFrameworkCore.Database.Command
[17:01:46 INF] [] Executed DbCommand (2ms) [Parameters=[], CommandType='Text', CommandTimeout='30']
CREATE UNIQUE INDEX [IX_TwoFactorToken_UserId] ON [TwoFactorToken] ([UserId]); Microsoft.EntityFrameworkCore.Database.Command
[17:01:46 INF] [] Executed DbCommand (1ms) [Parameters=[], CommandType='Text', CommandTimeout='30']
CREATE INDEX [IX_VoteBallot] ON [Votes] ([BallotGuid], [PositionOnBallot]); Microsoft.EntityFrameworkCore.Database.Command
[17:01:46 INF] [] Executed DbCommand (2ms) [Parameters=[], CommandType='Text', CommandTimeout='30']
CREATE INDEX [IX_SmsLog_Election_Date] ON [SmsLogs] ([ElectionGuid], [LastDate] DESC); Microsoft.EntityFrameworkCore.Database.Command
[17:01:46 INF] [] Executed DbCommand (1ms) [Parameters=[], CommandType='Text', CommandTimeout='30']
CREATE INDEX [IX_VotePerson] ON [Votes] ([PersonGuid]); Microsoft.EntityFrameworkCore.Database.Command
[17:01:46 INF] [] Executed DbCommand (1ms) [Parameters=[], CommandType='Text', CommandTimeout='30']
CREATE INDEX [IX_VoteBallot] ON [Votes] ([BallotGuid], [PositionOnBallot]); Microsoft.EntityFrameworkCore.Database.Command
[17:01:46 INF] [] Executed DbCommand (1ms) [Parameters=[], CommandType='Text', CommandTimeout='30']
CREATE INDEX [IX_VotePerson] ON [Votes] ([PersonGuid]); Microsoft.EntityFrameworkCore.Database.Command
[17:01:46 INF] [] Executed DbCommand (2ms) [Parameters=[], CommandType='Text', CommandTimeout='30']
CREATE UNIQUE INDEX [IX_Teller] ON [Tellers] ([ElectionGuid], [Name]); Microsoft.EntityFrameworkCore.Database.Command
[17:01:46 INF] [] Executed DbCommand (2ms) [Parameters=[], CommandType='Text', CommandTimeout='30']
CREATE INDEX [IX_VotePerson] ON [Votes] ([PersonGuid]); Microsoft.EntityFrameworkCore.Database.Command
[17:01:46 INF] [] Executed DbCommand (1ms) [Parameters=[], CommandType='Text', CommandTimeout='30']
CREATE UNIQUE INDEX [IX_TwoFactorToken_UserId] ON [TwoFactorToken] ([UserId]); Microsoft.EntityFrameworkCore.Database.Command
[17:01:46 INF] [] Executed DbCommand (4ms) [Parameters=[], CommandType='Text', CommandTimeout='30']
INSERT INTO [__EFMigrationsHistory] ([MigrationId], [ProductVersion])
VALUES (N'20260113032428_InitialCreate', N'10.0.1'); Microsoft.EntityFrameworkCore.Database.Command
[17:01:46 INF] [] Executed DbCommand (5ms) [Parameters=[], CommandType='Text', CommandTimeout='30']
INSERT INTO [__EFMigrationsHistory] ([MigrationId], [ProductVersion])
VALUES (N'20260113032428_InitialCreate', N'10.0.1'); Microsoft.EntityFrameworkCore.Database.Command
[17:01:46 INF] [] Executed DbCommand (3ms) [Parameters=[], CommandType='Text', CommandTimeout='30']
CREATE INDEX [IX_VoteBallot] ON [Votes] ([BallotGuid], [PositionOnBallot]); Microsoft.EntityFrameworkCore.Database.Command
[17:01:46 INF] [] Executed DbCommand (3ms) [Parameters=[], CommandType='Text', CommandTimeout='30']
INSERT INTO [__EFMigrationsHistory] ([MigrationId], [ProductVersion])
VALUES (N'20260113032428_InitialCreate', N'10.0.1'); Microsoft.EntityFrameworkCore.Database.Command
[17:01:46 INF] [] Executed DbCommand (1ms) [Parameters=[], CommandType='Text', CommandTimeout='30']
CREATE INDEX [IX_VotePerson] ON [Votes] ([PersonGuid]); Microsoft.EntityFrameworkCore.Database.Command
[17:01:46 INF] [] Applying migration '20260126014631_AddRefreshToken'. Microsoft.EntityFrameworkCore.Migrations
[17:01:46 INF] [] Applying migration '20260126014631_AddRefreshToken'. Microsoft.EntityFrameworkCore.Migrations
[17:01:46 INF] [] Applying migration '20260126014631_AddRefreshToken'. Microsoft.EntityFrameworkCore.Migrations
[17:01:46 INF] [] Executed DbCommand (4ms) [Parameters=[], CommandType='Text', CommandTimeout='30']
INSERT INTO [__EFMigrationsHistory] ([MigrationId], [ProductVersion])
VALUES (N'20260113032428_InitialCreate', N'10.0.1'); Microsoft.EntityFrameworkCore.Database.Command
[17:01:46 INF] [] Applying migration '20260126014631_AddRefreshToken'. Microsoft.EntityFrameworkCore.Migrations
  Passed TallyJ4.Tests.UnitTests.TallyServiceTests.CalculateNormalElectionAsync_TieSpanningExtraOtherBoundary_RequiresTieBreak [60 ms]
  Passed TallyJ4.Tests.UnitTests.TallyServiceTests.CalculateNormalElectionAsync_WithSingleCandidate_CompletesSuccessfully [15 ms]
  Passed TallyJ4.Tests.UnitTests.TallyServiceTests.GetTallyResultsAsync_WithExistingResults_ReturnsResults [37 ms]
  Passed TallyJ4.Tests.UnitTests.TallyServiceTests.CalculateNormalElectionAsync_WithBallotsHavingZeroValidVotes_CountsBallotsButNotVotes [32 ms]
  Passed TallyJ4.Tests.UnitTests.TallyServiceTests.CalculateNormalElectionAsync_WithAllCandidatesTied_MarksAllAsTied [23 ms]
  Passed TallyJ4.Tests.UnitTests.TallyServiceTests.CalculateNormalElectionAsync_WithValidElection_CalculatesCorrectly [43 ms]
  Passed TallyJ4.Tests.UnitTests.TallyServiceTests.CalculateNormalElectionAsync_TieWithinSection_DoesNotRequireTieBreak [42 ms]
  Passed TallyJ4.Tests.UnitTests.TallyServiceTests.CalculateNormalElectionAsync_TieSpanningElectedExtraBoundary_RequiresTieBreak [43 ms]
  Passed TallyJ4.Tests.UnitTests.TallyServiceTests.GetTallyStatisticsAsync_ReturnsCorrectStatistics [48 ms]
[17:01:46 INF] [] Executed DbCommand (7ms) [Parameters=[], CommandType='Text', CommandTimeout='30']
CREATE TABLE [RefreshToken] (
    [_RowId] int NOT NULL IDENTITY,
    [UserId] nvarchar(450) NOT NULL,
    [Token] nvarchar(200) NOT NULL,
    [ExpiresAt] datetime2 NOT NULL,
    [CreatedAt] datetime2 NOT NULL DEFAULT ((getdate())),
    [IsRevoked] bit NOT NULL,
    [RevokedReason] nvarchar(max) NULL,
    [ReplacedByToken] nvarchar(max) NULL,
    [_RowVersion] rowversion NOT NULL,
    CONSTRAINT [PK_RefreshToken] PRIMARY KEY ([_RowId]),
    CONSTRAINT [FK_RefreshToken_AspNetUsers_UserId] FOREIGN KEY ([UserId]) REFERENCES [AspNetUsers] ([Id]) ON DELETE CASCADE
); Microsoft.EntityFrameworkCore.Database.Command
[17:01:46 INF] [] Executed DbCommand (1ms) [Parameters=[], CommandType='Text', CommandTimeout='30']
CREATE INDEX [IX_RefreshToken_UserId] ON [RefreshToken] ([UserId]); Microsoft.EntityFrameworkCore.Database.Command
[17:01:46 INF] [] Executed DbCommand (2ms) [Parameters=[], CommandType='Text', CommandTimeout='30']
INSERT INTO [__EFMigrationsHistory] ([MigrationId], [ProductVersion])
VALUES (N'20260126014631_AddRefreshToken', N'10.0.1'); Microsoft.EntityFrameworkCore.Database.Command
[17:01:46 INF] [] Executed DbCommand (34ms) [Parameters=[], CommandType='Text', CommandTimeout='30']
DECLARE @result int;
EXEC @result = sp_releaseapplock @Resource = '__EFMigrationsLock', @LockOwner = 'Session';
SELECT @result Microsoft.EntityFrameworkCore.Database.Command
[17:01:46 INF] [] Executed DbCommand (10ms) [Parameters=[], CommandType='Text', CommandTimeout='30']
CREATE TABLE [RefreshToken] (
    [_RowId] int NOT NULL IDENTITY,
    [UserId] nvarchar(450) NOT NULL,
    [Token] nvarchar(200) NOT NULL,
    [ExpiresAt] datetime2 NOT NULL,
    [CreatedAt] datetime2 NOT NULL DEFAULT ((getdate())),
    [IsRevoked] bit NOT NULL,
    [RevokedReason] nvarchar(max) NULL,
    [ReplacedByToken] nvarchar(max) NULL,
    [_RowVersion] rowversion NOT NULL,
    CONSTRAINT [PK_RefreshToken] PRIMARY KEY ([_RowId]),
    CONSTRAINT [FK_RefreshToken_AspNetUsers_UserId] FOREIGN KEY ([UserId]) REFERENCES [AspNetUsers] ([Id]) ON DELETE CASCADE
); Microsoft.EntityFrameworkCore.Database.Command
[17:01:46 INF] [] Executed DbCommand (6ms) [Parameters=[], CommandType='Text', CommandTimeout='30']
CREATE INDEX [IX_RefreshToken_UserId] ON [RefreshToken] ([UserId]); Microsoft.EntityFrameworkCore.Database.Command
[17:01:46 INF] [] Executed DbCommand (17ms) [Parameters=[], CommandType='Text', CommandTimeout='30']
CREATE TABLE [RefreshToken] (
    [_RowId] int NOT NULL IDENTITY,
    [UserId] nvarchar(450) NOT NULL,
    [Token] nvarchar(200) NOT NULL,
    [ExpiresAt] datetime2 NOT NULL,
    [CreatedAt] datetime2 NOT NULL DEFAULT ((getdate())),
    [IsRevoked] bit NOT NULL,
    [RevokedReason] nvarchar(max) NULL,
    [ReplacedByToken] nvarchar(max) NULL,
    [_RowVersion] rowversion NOT NULL,
    CONSTRAINT [PK_RefreshToken] PRIMARY KEY ([_RowId]),
    CONSTRAINT [FK_RefreshToken_AspNetUsers_UserId] FOREIGN KEY ([UserId]) REFERENCES [AspNetUsers] ([Id]) ON DELETE CASCADE
); Microsoft.EntityFrameworkCore.Database.Command
[17:01:46 INF] [] Executed DbCommand (12ms) [Parameters=[], CommandType='Text', CommandTimeout='30']
CREATE TABLE [RefreshToken] (
    [_RowId] int NOT NULL IDENTITY,
    [UserId] nvarchar(450) NOT NULL,
    [Token] nvarchar(200) NOT NULL,
    [ExpiresAt] datetime2 NOT NULL,
    [CreatedAt] datetime2 NOT NULL DEFAULT ((getdate())),
    [IsRevoked] bit NOT NULL,
    [RevokedReason] nvarchar(max) NULL,
    [ReplacedByToken] nvarchar(max) NULL,
    [_RowVersion] rowversion NOT NULL,
    CONSTRAINT [PK_RefreshToken] PRIMARY KEY ([_RowId]),
    CONSTRAINT [FK_RefreshToken_AspNetUsers_UserId] FOREIGN KEY ([UserId]) REFERENCES [AspNetUsers] ([Id]) ON DELETE CASCADE
); Microsoft.EntityFrameworkCore.Database.Command
[17:01:46 INF] [] Executed DbCommand (3ms) [Parameters=[], CommandType='Text', CommandTimeout='30']
CREATE INDEX [IX_RefreshToken_UserId] ON [RefreshToken] ([UserId]); Microsoft.EntityFrameworkCore.Database.Command
[17:01:46 INF] [] Executed DbCommand (4ms) [Parameters=[], CommandType='Text', CommandTimeout='30']
INSERT INTO [__EFMigrationsHistory] ([MigrationId], [ProductVersion])
VALUES (N'20260126014631_AddRefreshToken', N'10.0.1'); Microsoft.EntityFrameworkCore.Database.Command
[17:01:46 INF] [] Executed DbCommand (4ms) [Parameters=[], CommandType='Text', CommandTimeout='30']
CREATE INDEX [IX_RefreshToken_UserId] ON [RefreshToken] ([UserId]); Microsoft.EntityFrameworkCore.Database.Command
[17:01:46 INF] [] Executed DbCommand (5ms) [Parameters=[], CommandType='Text', CommandTimeout='30']
INSERT INTO [__EFMigrationsHistory] ([MigrationId], [ProductVersion])
VALUES (N'20260126014631_AddRefreshToken', N'10.0.1'); Microsoft.EntityFrameworkCore.Database.Command
[17:01:46 INF] [] Executed DbCommand (4ms) [Parameters=[], CommandType='Text', CommandTimeout='30']
DECLARE @result int;
EXEC @result = sp_releaseapplock @Resource = '__EFMigrationsLock', @LockOwner = 'Session';
SELECT @result Microsoft.EntityFrameworkCore.Database.Command
[17:01:46 INF] [] Executed DbCommand (5ms) [Parameters=[], CommandType='Text', CommandTimeout='30']
INSERT INTO [__EFMigrationsHistory] ([MigrationId], [ProductVersion])
VALUES (N'20260126014631_AddRefreshToken', N'10.0.1'); Microsoft.EntityFrameworkCore.Database.Command
[17:01:46 INF] [] Executed DbCommand (3ms) [Parameters=[], CommandType='Text', CommandTimeout='30']
DECLARE @result int;
EXEC @result = sp_releaseapplock @Resource = '__EFMigrationsLock', @LockOwner = 'Session';
SELECT @result Microsoft.EntityFrameworkCore.Database.Command
[17:01:46 INF] [] Executed DbCommand (2ms) [Parameters=[], CommandType='Text', CommandTimeout='30']
DECLARE @result int;
EXEC @result = sp_releaseapplock @Resource = '__EFMigrationsLock', @LockOwner = 'Session';
SELECT @result Microsoft.EntityFrameworkCore.Database.Command
[17:01:46 INF] [] Executed DbCommand (14ms) [Parameters=[], CommandType='Text', CommandTimeout='30']
SELECT CASE
    WHEN EXISTS (
        SELECT 1
        FROM [AspNetUsers] AS [a]
        WHERE [a].[Email] = N'admin@tallyj.com') THEN CAST(1 AS bit)
    ELSE CAST(0 AS bit)
END Microsoft.EntityFrameworkCore.Database.Command
[17:01:46 INF] [] Executed DbCommand (14ms) [Parameters=[], CommandType='Text', CommandTimeout='30']
SELECT CASE
    WHEN EXISTS (
        SELECT 1
        FROM [AspNetUsers] AS [a]
        WHERE [a].[Email] = N'admin@tallyj.com') THEN CAST(1 AS bit)
    ELSE CAST(0 AS bit)
END Microsoft.EntityFrameworkCore.Database.Command
[17:01:46 INF] [] Executed DbCommand (14ms) [Parameters=[], CommandType='Text', CommandTimeout='30']
SELECT CASE
    WHEN EXISTS (
        SELECT 1
        FROM [AspNetUsers] AS [a]
        WHERE [a].[Email] = N'admin@tallyj.com') THEN CAST(1 AS bit)
    ELSE CAST(0 AS bit)
END Microsoft.EntityFrameworkCore.Database.Command
[17:01:46 INF] [] Executed DbCommand (14ms) [Parameters=[], CommandType='Text', CommandTimeout='30']
SELECT CASE
    WHEN EXISTS (
        SELECT 1
        FROM [AspNetUsers] AS [a]
        WHERE [a].[Email] = N'admin@tallyj.com') THEN CAST(1 AS bit)
    ELSE CAST(0 AS bit)
END Microsoft.EntityFrameworkCore.Database.Command
[17:01:46 INF] [] Executed DbCommand (19ms) [Parameters=[@normalizedUserName='ADMIN@TALLYJ.COM' (Size = 256)], CommandType='Text', CommandTimeout='30']
SELECT TOP(1) [a].[Id], [a].[AccessFailedCount], [a].[AuthMethod], [a].[ConcurrencyStamp], [a].[Email], [a].[EmailConfirmed], [a].[GoogleId], [a].[LockoutEnabled], [a].[LockoutEnd], [a].[NormalizedEmail], [a].[NormalizedUserName], [a].[PasswordHash], [a].[PasswordResetExpiry], [a].[PasswordResetToken], [a].[PhoneNumber], [a].[PhoneNumberConfirmed], [a].[SecurityStamp], [a].[TwoFactorEnabled], [a].[UserName]
FROM [AspNetUsers] AS [a]
WHERE [a].[NormalizedUserName] = @normalizedUserName Microsoft.EntityFrameworkCore.Database.Command
[17:01:46 INF] [] Executed DbCommand (21ms) [Parameters=[@normalizedUserName='ADMIN@TALLYJ.COM' (Size = 256)], CommandType='Text', CommandTimeout='30']
SELECT TOP(1) [a].[Id], [a].[AccessFailedCount], [a].[AuthMethod], [a].[ConcurrencyStamp], [a].[Email], [a].[EmailConfirmed], [a].[GoogleId], [a].[LockoutEnabled], [a].[LockoutEnd], [a].[NormalizedEmail], [a].[NormalizedUserName], [a].[PasswordHash], [a].[PasswordResetExpiry], [a].[PasswordResetToken], [a].[PhoneNumber], [a].[PhoneNumberConfirmed], [a].[SecurityStamp], [a].[TwoFactorEnabled], [a].[UserName]
FROM [AspNetUsers] AS [a]
WHERE [a].[NormalizedUserName] = @normalizedUserName Microsoft.EntityFrameworkCore.Database.Command
[17:01:46 INF] [] Executed DbCommand (22ms) [Parameters=[@normalizedUserName='ADMIN@TALLYJ.COM' (Size = 256)], CommandType='Text', CommandTimeout='30']
SELECT TOP(1) [a].[Id], [a].[AccessFailedCount], [a].[AuthMethod], [a].[ConcurrencyStamp], [a].[Email], [a].[EmailConfirmed], [a].[GoogleId], [a].[LockoutEnabled], [a].[LockoutEnd], [a].[NormalizedEmail], [a].[NormalizedUserName], [a].[PasswordHash], [a].[PasswordResetExpiry], [a].[PasswordResetToken], [a].[PhoneNumber], [a].[PhoneNumberConfirmed], [a].[SecurityStamp], [a].[TwoFactorEnabled], [a].[UserName]
FROM [AspNetUsers] AS [a]
WHERE [a].[NormalizedUserName] = @normalizedUserName Microsoft.EntityFrameworkCore.Database.Command
[17:01:46 INF] [] Executed DbCommand (19ms) [Parameters=[@normalizedUserName='ADMIN@TALLYJ.COM' (Size = 256)], CommandType='Text', CommandTimeout='30']
SELECT TOP(1) [a].[Id], [a].[AccessFailedCount], [a].[AuthMethod], [a].[ConcurrencyStamp], [a].[Email], [a].[EmailConfirmed], [a].[GoogleId], [a].[LockoutEnabled], [a].[LockoutEnd], [a].[NormalizedEmail], [a].[NormalizedUserName], [a].[PasswordHash], [a].[PasswordResetExpiry], [a].[PasswordResetToken], [a].[PhoneNumber], [a].[PhoneNumberConfirmed], [a].[SecurityStamp], [a].[TwoFactorEnabled], [a].[UserName]
FROM [AspNetUsers] AS [a]
WHERE [a].[NormalizedUserName] = @normalizedUserName Microsoft.EntityFrameworkCore.Database.Command
[17:01:46 INF] [] Executed DbCommand (8ms) [Parameters=[@p0='63fc1b4e-5a88-45d3-b83b-e6cfbe0050dd' (Nullable = false) (Size = 450), @p1='0', @p2='Local' (Nullable = false) (Size = 20), @p3='0a1a8af7-2147-4275-bafb-e50e032e2dc7' (Size = 4000), @p4='admin@tallyj.com' (Size = 256), @p5='True', @p6=NULL (Size = 4000), @p7='True', @p8=NULL (DbType = DateTimeOffset), @p9='ADMIN@TALLYJ.COM' (Size = 256), @p10='ADMIN@TALLYJ.COM' (Size = 256), @p11='AQAAAAIAAYagAAAAEPtwurDIgZgxiu4ewiHr9sZ0Ow5zRDdY+XxNNmrv/Fzi+bjsD90BwcsNG5+0z2jecQ==' (Size = 4000), @p12=NULL (DbType = DateTime2), @p13=NULL (Size = 4000), @p14=NULL (Size = 4000), @p15='False', @p16='TFWVSO2MIPNJTNPDQZN5WZ5IPK6XHVX5' (Size = 4000), @p17='False', @p18='admin@tallyj.com' (Size = 256)], CommandType='Text', CommandTimeout='30']
SET IMPLICIT_TRANSACTIONS OFF;
SET NOCOUNT ON;
INSERT INTO [AspNetUsers] ([Id], [AccessFailedCount], [AuthMethod], [ConcurrencyStamp], [Email], [EmailConfirmed], [GoogleId], [LockoutEnabled], [LockoutEnd], [NormalizedEmail], [NormalizedUserName], [PasswordHash], [PasswordResetExpiry], [PasswordResetToken], [PhoneNumber], [PhoneNumberConfirmed], [SecurityStamp], [TwoFactorEnabled], [UserName])
VALUES (@p0, @p1, @p2, @p3, @p4, @p5, @p6, @p7, @p8, @p9, @p10, @p11, @p12, @p13, @p14, @p15, @p16, @p17, @p18); Microsoft.EntityFrameworkCore.Database.Command
[17:01:46 INF] [] Executed DbCommand (8ms) [Parameters=[@p0='45dba283-c2e5-4a55-aea8-20073ec127e8' (Nullable = false) (Size = 450), @p1='0', @p2='Local' (Nullable = false) (Size = 20), @p3='8e76dd12-c19b-4ad2-99d5-a8dac50c6045' (Size = 4000), @p4='admin@tallyj.com' (Size = 256), @p5='True', @p6=NULL (Size = 4000), @p7='True', @p8=NULL (DbType = DateTimeOffset), @p9='ADMIN@TALLYJ.COM' (Size = 256), @p10='ADMIN@TALLYJ.COM' (Size = 256), @p11='AQAAAAIAAYagAAAAEIMsr5RznCXzAPoCWVLakSQYid1w9bs2ejcLTc1qnpfAgyDRhpzSY+7hmE3Wg0UaWA==' (Size = 4000), @p12=NULL (DbType = DateTime2), @p13=NULL (Size = 4000), @p14=NULL (Size = 4000), @p15='False', @p16='CRMWAZZ7O6AOWQWB3CPDA4IFFKWAEZVF' (Size = 4000), @p17='False', @p18='admin@tallyj.com' (Size = 256)], CommandType='Text', CommandTimeout='30']
SET IMPLICIT_TRANSACTIONS OFF;
SET NOCOUNT ON;
INSERT INTO [AspNetUsers] ([Id], [AccessFailedCount], [AuthMethod], [ConcurrencyStamp], [Email], [EmailConfirmed], [GoogleId], [LockoutEnabled], [LockoutEnd], [NormalizedEmail], [NormalizedUserName], [PasswordHash], [PasswordResetExpiry], [PasswordResetToken], [PhoneNumber], [PhoneNumberConfirmed], [SecurityStamp], [TwoFactorEnabled], [UserName])
VALUES (@p0, @p1, @p2, @p3, @p4, @p5, @p6, @p7, @p8, @p9, @p10, @p11, @p12, @p13, @p14, @p15, @p16, @p17, @p18); Microsoft.EntityFrameworkCore.Database.Command
[17:01:46 INF] [] Executed DbCommand (8ms) [Parameters=[@p0='9ff91f02-fea0-4ca6-adc1-709f970b7142' (Nullable = false) (Size = 450), @p1='0', @p2='Local' (Nullable = false) (Size = 20), @p3='c4ab1bf8-eb6e-469b-a58b-2ab6f8510877' (Size = 4000), @p4='admin@tallyj.com' (Size = 256), @p5='True', @p6=NULL (Size = 4000), @p7='True', @p8=NULL (DbType = DateTimeOffset), @p9='ADMIN@TALLYJ.COM' (Size = 256), @p10='ADMIN@TALLYJ.COM' (Size = 256), @p11='AQAAAAIAAYagAAAAEGbWcZCsgUfv994PnKPTMTw756aU7HGZvJfV5SWTqFGeDTwGlkFQyqUlrtqapC/iiQ==' (Size = 4000), @p12=NULL (DbType = DateTime2), @p13=NULL (Size = 4000), @p14=NULL (Size = 4000), @p15='False', @p16='EZJRUKQ45WHQDR3JDZBSVFEFM4HSXXWQ' (Size = 4000), @p17='False', @p18='admin@tallyj.com' (Size = 256)], CommandType='Text', CommandTimeout='30']
SET IMPLICIT_TRANSACTIONS OFF;
SET NOCOUNT ON;
INSERT INTO [AspNetUsers] ([Id], [AccessFailedCount], [AuthMethod], [ConcurrencyStamp], [Email], [EmailConfirmed], [GoogleId], [LockoutEnabled], [LockoutEnd], [NormalizedEmail], [NormalizedUserName], [PasswordHash], [PasswordResetExpiry], [PasswordResetToken], [PhoneNumber], [PhoneNumberConfirmed], [SecurityStamp], [TwoFactorEnabled], [UserName])
VALUES (@p0, @p1, @p2, @p3, @p4, @p5, @p6, @p7, @p8, @p9, @p10, @p11, @p12, @p13, @p14, @p15, @p16, @p17, @p18); Microsoft.EntityFrameworkCore.Database.Command
[17:01:46 INF] [] Executed DbCommand (8ms) [Parameters=[@p0='e7648b96-6dae-4fa4-aa8f-8f4d407d7830' (Nullable = false) (Size = 450), @p1='0', @p2='Local' (Nullable = false) (Size = 20), @p3='2533ff87-545e-4897-b7ac-9f199a4edb4e' (Size = 4000), @p4='admin@tallyj.com' (Size = 256), @p5='True', @p6=NULL (Size = 4000), @p7='True', @p8=NULL (DbType = DateTimeOffset), @p9='ADMIN@TALLYJ.COM' (Size = 256), @p10='ADMIN@TALLYJ.COM' (Size = 256), @p11='AQAAAAIAAYagAAAAEJxaHGGVsq4wQXC+UvwjrHb2paM6f7ZkCfIL7TLMIijJLRIaSzwY/3WsHdIAO1NJCQ==' (Size = 4000), @p12=NULL (DbType = DateTime2), @p13=NULL (Size = 4000), @p14=NULL (Size = 4000), @p15='False', @p16='UDO7UDIZORA6JA6P2S4YHAQCA3ZRG4LX' (Size = 4000), @p17='False', @p18='admin@tallyj.com' (Size = 256)], CommandType='Text', CommandTimeout='30']
SET IMPLICIT_TRANSACTIONS OFF;
SET NOCOUNT ON;
INSERT INTO [AspNetUsers] ([Id], [AccessFailedCount], [AuthMethod], [ConcurrencyStamp], [Email], [EmailConfirmed], [GoogleId], [LockoutEnabled], [LockoutEnd], [NormalizedEmail], [NormalizedUserName], [PasswordHash], [PasswordResetExpiry], [PasswordResetToken], [PhoneNumber], [PhoneNumberConfirmed], [SecurityStamp], [TwoFactorEnabled], [UserName])
VALUES (@p0, @p1, @p2, @p3, @p4, @p5, @p6, @p7, @p8, @p9, @p10, @p11, @p12, @p13, @p14, @p15, @p16, @p17, @p18); Microsoft.EntityFrameworkCore.Database.Command
[17:01:47 INF] [] Executed DbCommand (10ms) [Parameters=[@normalizedUserName='TEST@TALLYJ.COM' (Size = 256)], CommandType='Text', CommandTimeout='30']
SELECT TOP(1) [a].[Id], [a].[AccessFailedCount], [a].[AuthMethod], [a].[ConcurrencyStamp], [a].[Email], [a].[EmailConfirmed], [a].[GoogleId], [a].[LockoutEnabled], [a].[LockoutEnd], [a].[NormalizedEmail], [a].[NormalizedUserName], [a].[PasswordHash], [a].[PasswordResetExpiry], [a].[PasswordResetToken], [a].[PhoneNumber], [a].[PhoneNumberConfirmed], [a].[SecurityStamp], [a].[TwoFactorEnabled], [a].[UserName]
FROM [AspNetUsers] AS [a]
WHERE [a].[NormalizedUserName] = @normalizedUserName Microsoft.EntityFrameworkCore.Database.Command
[17:01:47 INF] [] Executed DbCommand (10ms) [Parameters=[@normalizedUserName='TEST@TALLYJ.COM' (Size = 256)], CommandType='Text', CommandTimeout='30']
SELECT TOP(1) [a].[Id], [a].[AccessFailedCount], [a].[AuthMethod], [a].[ConcurrencyStamp], [a].[Email], [a].[EmailConfirmed], [a].[GoogleId], [a].[LockoutEnabled], [a].[LockoutEnd], [a].[NormalizedEmail], [a].[NormalizedUserName], [a].[PasswordHash], [a].[PasswordResetExpiry], [a].[PasswordResetToken], [a].[PhoneNumber], [a].[PhoneNumberConfirmed], [a].[SecurityStamp], [a].[TwoFactorEnabled], [a].[UserName]
FROM [AspNetUsers] AS [a]
WHERE [a].[NormalizedUserName] = @normalizedUserName Microsoft.EntityFrameworkCore.Database.Command
[17:01:47 INF] [] Executed DbCommand (11ms) [Parameters=[@normalizedUserName='TEST@TALLYJ.COM' (Size = 256)], CommandType='Text', CommandTimeout='30']
SELECT TOP(1) [a].[Id], [a].[AccessFailedCount], [a].[AuthMethod], [a].[ConcurrencyStamp], [a].[Email], [a].[EmailConfirmed], [a].[GoogleId], [a].[LockoutEnabled], [a].[LockoutEnd], [a].[NormalizedEmail], [a].[NormalizedUserName], [a].[PasswordHash], [a].[PasswordResetExpiry], [a].[PasswordResetToken], [a].[PhoneNumber], [a].[PhoneNumberConfirmed], [a].[SecurityStamp], [a].[TwoFactorEnabled], [a].[UserName]
FROM [AspNetUsers] AS [a]
WHERE [a].[NormalizedUserName] = @normalizedUserName Microsoft.EntityFrameworkCore.Database.Command
[17:01:47 INF] [] Executed DbCommand (11ms) [Parameters=[@normalizedUserName='TEST@TALLYJ.COM' (Size = 256)], CommandType='Text', CommandTimeout='30']
SELECT TOP(1) [a].[Id], [a].[AccessFailedCount], [a].[AuthMethod], [a].[ConcurrencyStamp], [a].[Email], [a].[EmailConfirmed], [a].[GoogleId], [a].[LockoutEnabled], [a].[LockoutEnd], [a].[NormalizedEmail], [a].[NormalizedUserName], [a].[PasswordHash], [a].[PasswordResetExpiry], [a].[PasswordResetToken], [a].[PhoneNumber], [a].[PhoneNumberConfirmed], [a].[SecurityStamp], [a].[TwoFactorEnabled], [a].[UserName]
FROM [AspNetUsers] AS [a]
WHERE [a].[NormalizedUserName] = @normalizedUserName Microsoft.EntityFrameworkCore.Database.Command
[17:01:47 INF] [] Executed DbCommand (4ms) [Parameters=[@p0='051887c1-e07d-4294-b118-831661954709' (Nullable = false) (Size = 450), @p1='0', @p2='Local' (Nullable = false) (Size = 20), @p3='11002857-864c-4304-857d-7f4d07336c6e' (Size = 4000), @p4='test@tallyj.com' (Size = 256), @p5='True', @p6=NULL (Size = 4000), @p7='True', @p8=NULL (DbType = DateTimeOffset), @p9='TEST@TALLYJ.COM' (Size = 256), @p10='TEST@TALLYJ.COM' (Size = 256), @p11='AQAAAAIAAYagAAAAEEwpgHBrURPMOpnCHF5oYjnJUOQFEoMy0IiFOZVSxg5GrMxch4KOiqibxZfKxgd2lQ==' (Size = 4000), @p12=NULL (DbType = DateTime2), @p13=NULL (Size = 4000), @p14=NULL (Size = 4000), @p15='False', @p16='M35BHP6HPKHQCSZO2WO3LYVJ37ZPIFX4' (Size = 4000), @p17='False', @p18='test@tallyj.com' (Size = 256)], CommandType='Text', CommandTimeout='30']
SET IMPLICIT_TRANSACTIONS OFF;
SET NOCOUNT ON;
INSERT INTO [AspNetUsers] ([Id], [AccessFailedCount], [AuthMethod], [ConcurrencyStamp], [Email], [EmailConfirmed], [GoogleId], [LockoutEnabled], [LockoutEnd], [NormalizedEmail], [NormalizedUserName], [PasswordHash], [PasswordResetExpiry], [PasswordResetToken], [PhoneNumber], [PhoneNumberConfirmed], [SecurityStamp], [TwoFactorEnabled], [UserName])
VALUES (@p0, @p1, @p2, @p3, @p4, @p5, @p6, @p7, @p8, @p9, @p10, @p11, @p12, @p13, @p14, @p15, @p16, @p17, @p18); Microsoft.EntityFrameworkCore.Database.Command
[17:01:47 INF] [] Executed DbCommand (4ms) [Parameters=[@p0='a299ab12-0095-4903-85d0-b1416eeaed18' (Nullable = false) (Size = 450), @p1='0', @p2='Local' (Nullable = false) (Size = 20), @p3='8f6b9719-da34-4fd2-8ce3-577ac3084e7c' (Size = 4000), @p4='test@tallyj.com' (Size = 256), @p5='True', @p6=NULL (Size = 4000), @p7='True', @p8=NULL (DbType = DateTimeOffset), @p9='TEST@TALLYJ.COM' (Size = 256), @p10='TEST@TALLYJ.COM' (Size = 256), @p11='AQAAAAIAAYagAAAAENfDzUL+oqZKPOtgmgGSqd0LmVVEizD0XQIaPkXIj4vEI4NzclMpMXINxGaoZnQIYg==' (Size = 4000), @p12=NULL (DbType = DateTime2), @p13=NULL (Size = 4000), @p14=NULL (Size = 4000), @p15='False', @p16='NIGCJFVLRW5SCQBPTLUPTCMY7S62U2P6' (Size = 4000), @p17='False', @p18='test@tallyj.com' (Size = 256)], CommandType='Text', CommandTimeout='30']
SET IMPLICIT_TRANSACTIONS OFF;
SET NOCOUNT ON;
INSERT INTO [AspNetUsers] ([Id], [AccessFailedCount], [AuthMethod], [ConcurrencyStamp], [Email], [EmailConfirmed], [GoogleId], [LockoutEnabled], [LockoutEnd], [NormalizedEmail], [NormalizedUserName], [PasswordHash], [PasswordResetExpiry], [PasswordResetToken], [PhoneNumber], [PhoneNumberConfirmed], [SecurityStamp], [TwoFactorEnabled], [UserName])
VALUES (@p0, @p1, @p2, @p3, @p4, @p5, @p6, @p7, @p8, @p9, @p10, @p11, @p12, @p13, @p14, @p15, @p16, @p17, @p18); Microsoft.EntityFrameworkCore.Database.Command
[17:01:47 INF] [] Executed DbCommand (4ms) [Parameters=[@p0='d359ffb3-fa80-4673-b556-b748ae1ff32b' (Nullable = false) (Size = 450), @p1='0', @p2='Local' (Nullable = false) (Size = 20), @p3='2b0723a0-cc19-4842-be95-ae23c9da65d7' (Size = 4000), @p4='test@tallyj.com' (Size = 256), @p5='True', @p6=NULL (Size = 4000), @p7='True', @p8=NULL (DbType = DateTimeOffset), @p9='TEST@TALLYJ.COM' (Size = 256), @p10='TEST@TALLYJ.COM' (Size = 256), @p11='AQAAAAIAAYagAAAAEHaWmKiKz2e34yBs7UzOjO7dcCy94oJtSxgowXDOgih2ouCFK8J62WgbRuLBkWeUSQ==' (Size = 4000), @p12=NULL (DbType = DateTime2), @p13=NULL (Size = 4000), @p14=NULL (Size = 4000), @p15='False', @p16='I5OPCLPD6YH6VOHNMVNGNZSWDAOLXH5Y' (Size = 4000), @p17='False', @p18='test@tallyj.com' (Size = 256)], CommandType='Text', CommandTimeout='30']
SET IMPLICIT_TRANSACTIONS OFF;
SET NOCOUNT ON;
INSERT INTO [AspNetUsers] ([Id], [AccessFailedCount], [AuthMethod], [ConcurrencyStamp], [Email], [EmailConfirmed], [GoogleId], [LockoutEnabled], [LockoutEnd], [NormalizedEmail], [NormalizedUserName], [PasswordHash], [PasswordResetExpiry], [PasswordResetToken], [PhoneNumber], [PhoneNumberConfirmed], [SecurityStamp], [TwoFactorEnabled], [UserName])
VALUES (@p0, @p1, @p2, @p3, @p4, @p5, @p6, @p7, @p8, @p9, @p10, @p11, @p12, @p13, @p14, @p15, @p16, @p17, @p18); Microsoft.EntityFrameworkCore.Database.Command
[17:01:47 INF] [] Executed DbCommand (4ms) [Parameters=[@p0='45921e20-7d96-4799-8aab-527f39d2c03c' (Nullable = false) (Size = 450), @p1='0', @p2='Local' (Nullable = false) (Size = 20), @p3='52f9a61c-3f47-498b-bc8c-8f68d0513909' (Size = 4000), @p4='test@tallyj.com' (Size = 256), @p5='True', @p6=NULL (Size = 4000), @p7='True', @p8=NULL (DbType = DateTimeOffset), @p9='TEST@TALLYJ.COM' (Size = 256), @p10='TEST@TALLYJ.COM' (Size = 256), @p11='AQAAAAIAAYagAAAAEASZw3ZBCASm2FuD4b6irtfg0D28obUqsmFtudQZMYOPRvNXpigVuawkDNjE9phumA==' (Size = 4000), @p12=NULL (DbType = DateTime2), @p13=NULL (Size = 4000), @p14=NULL (Size = 4000), @p15='False', @p16='CRUHXFFVCRJ74VDNZCFDLPGJE6Z5BGLE' (Size = 4000), @p17='False', @p18='test@tallyj.com' (Size = 256)], CommandType='Text', CommandTimeout='30']
SET IMPLICIT_TRANSACTIONS OFF;
SET NOCOUNT ON;
INSERT INTO [AspNetUsers] ([Id], [AccessFailedCount], [AuthMethod], [ConcurrencyStamp], [Email], [EmailConfirmed], [GoogleId], [LockoutEnabled], [LockoutEnd], [NormalizedEmail], [NormalizedUserName], [PasswordHash], [PasswordResetExpiry], [PasswordResetToken], [PhoneNumber], [PhoneNumberConfirmed], [SecurityStamp], [TwoFactorEnabled], [UserName])
VALUES (@p0, @p1, @p2, @p3, @p4, @p5, @p6, @p7, @p8, @p9, @p10, @p11, @p12, @p13, @p14, @p15, @p16, @p17, @p18); Microsoft.EntityFrameworkCore.Database.Command
[17:01:47 INF] [] Executed DbCommand (53ms) [Parameters=[@p0=NULL (Size = 1) (DbType = AnsiString), @p1=NULL (Size = 1) (DbType = AnsiString), @p2=NULL (Size = 150), @p3=NULL (Size = 50), @p4='2026-03-03T00:01:47.1708829Z' (Nullable = true), @p5='35952e20-6fc2-4a48-ade0-485ac56a992e', @p6=NULL (Size = 1) (DbType = AnsiString), @p7=NULL (Size = 50), @p8='STV' (Size = 5) (DbType = AnsiString), @p9=NULL (Size = 250), @p10=NULL (Size = 100), @p11=NULL (Size = 250), @p12=NULL (Size = 4000), @p13=NULL (Size = 4000), @p14=NULL (DbType = Boolean), @p15=NULL (DbType = Int32), @p16=NULL (DbType = Guid), @p17=NULL (Size = 2) (DbType = AnsiString), @p18=NULL (DbType = Boolean), @p19=NULL (DbType = DateTime2), @p20=NULL (DbType = Boolean), @p21='Test Election 1' (Nullable = false) (Size = 150), @p22=NULL (DbType = Int32), @p23='3' (Nullable = true), @p24=NULL (DbType = DateTime2), @p25='False', @p26=NULL (Size = 1) (DbType = AnsiString), @p27=NULL (DbType = DateTime2), @p28=NULL (DbType = DateTime2), @p29=NULL (Size = 50) (DbType = AnsiString), @p30='True' (Nullable = true), @p31=NULL (DbType = Boolean), @p32=NULL (Size = 500), @p33='NotStarted' (Size = 15) (DbType = AnsiString), @p34=NULL (DbType = Boolean), @p35=NULL (Size = 10) (DbType = AnsiString), @p36=NULL (Size = 1) (DbType = AnsiString), @p37=NULL (Size = 1) (DbType = AnsiString), @p38=NULL (Size = 150), @p39=NULL (Size = 50), @p40='2026-04-02T00:01:47.1709007Z' (Nullable = true), @p41='3800b5ff-016a-45da-91d7-07b08f62c17e', @p42=NULL (Size = 1) (DbType = AnsiString), @p43=NULL (Size = 50), @p44='FPTP' (Size = 5) (DbType = AnsiString), @p45=NULL (Size = 250), @p46=NULL (Size = 100), @p47=NULL (Size = 250), @p48=NULL (Size = 4000), @p49=NULL (Size = 4000), @p50=NULL (DbType = Boolean), @p51=NULL (DbType = Int32), @p52=NULL (DbType = Guid), @p53=NULL (Size = 2) (DbType = AnsiString), @p54=NULL (DbType = Boolean), @p55=NULL (DbType = DateTime2), @p56=NULL (DbType = Boolean), @p57='Test Election 2' (Nullable = false) (Size = 150), @p58=NULL (DbType = Int32), @p59='1' (Nullable = true), @p60=NULL (DbType = DateTime2), @p61='False', @p62=NULL (Size = 1) (DbType = AnsiString), @p63=NULL (DbType = DateTime2), @p64=NULL (DbType = DateTime2), @p65=NULL (Size = 50) (DbType = AnsiString), @p66='True' (Nullable = true), @p67=NULL (DbType = Boolean), @p68=NULL (Size = 500), @p69='NotStarted' (Size = 15) (DbType = AnsiString), @p70=NULL (DbType = Boolean), @p71=NULL (Size = 10) (DbType = AnsiString)], CommandType='Text', CommandTimeout='30']
SET IMPLICIT_TRANSACTIONS OFF;
SET NOCOUNT ON;
MERGE [Elections] USING (
VALUES (@p0, @p1, @p2, @p3, @p4, @p5, @p6, @p7, @p8, @p9, @p10, @p11, @p12, @p13, @p14, @p15, @p16, @p17, @p18, @p19, @p20, @p21, @p22, @p23, @p24, @p25, @p26, @p27, @p28, @p29, @p30, @p31, @p32, @p33, @p34, @p35, 0),
(@p36, @p37, @p38, @p39, @p40, @p41, @p42, @p43, @p44, @p45, @p46, @p47, @p48, @p49, @p50, @p51, @p52, @p53, @p54, @p55, @p56, @p57, @p58, @p59, @p60, @p61, @p62, @p63, @p64, @p65, @p66, @p67, @p68, @p69, @p70, @p71, 1)) AS i ([CanReceive], [CanVote], [Convenor], [CustomMethods], [DateOfElection], [ElectionGuid], [ElectionMode], [ElectionPasscode], [ElectionType], [EmailFromAddress], [EmailFromName], [EmailSubject], [EmailText], [Flags], [HidePreBallotPages], [LastEnvNum], [LinkedElectionGuid], [LinkedElectionKind], [ListForPublic], [ListedForPublicAsOf], [MaskVotingMethod], [Name], [NumberExtra], [NumberToElect], [OnlineAnnounced], [OnlineCloseIsEstimate], [OnlineSelectionProcess], [OnlineWhenClose], [OnlineWhenOpen], [OwnerLoginId], [ShowAsTest], [ShowFullReport], [SmsText], [TallyStatus], [UseCallInButton], [VotingMethods], _Position) ON 1=0
WHEN NOT MATCHED THEN
INSERT ([CanReceive], [CanVote], [Convenor], [CustomMethods], [DateOfElection], [ElectionGuid], [ElectionMode], [ElectionPasscode], [ElectionType], [EmailFromAddress], [EmailFromName], [EmailSubject], [EmailText], [Flags], [HidePreBallotPages], [LastEnvNum], [LinkedElectionGuid], [LinkedElectionKind], [ListForPublic], [ListedForPublicAsOf], [MaskVotingMethod], [Name], [NumberExtra], [NumberToElect], [OnlineAnnounced], [OnlineCloseIsEstimate], [OnlineSelectionProcess], [OnlineWhenClose], [OnlineWhenOpen], [OwnerLoginId], [ShowAsTest], [ShowFullReport], [SmsText], [TallyStatus], [UseCallInButton], [VotingMethods])
VALUES (i.[CanReceive], i.[CanVote], i.[Convenor], i.[CustomMethods], i.[DateOfElection], i.[ElectionGuid], i.[ElectionMode], i.[ElectionPasscode], i.[ElectionType], i.[EmailFromAddress], i.[EmailFromName], i.[EmailSubject], i.[EmailText], i.[Flags], i.[HidePreBallotPages], i.[LastEnvNum], i.[LinkedElectionGuid], i.[LinkedElectionKind], i.[ListForPublic], i.[ListedForPublicAsOf], i.[MaskVotingMethod], i.[Name], i.[NumberExtra], i.[NumberToElect], i.[OnlineAnnounced], i.[OnlineCloseIsEstimate], i.[OnlineSelectionProcess], i.[OnlineWhenClose], i.[OnlineWhenOpen], i.[OwnerLoginId], i.[ShowAsTest], i.[ShowFullReport], i.[SmsText], i.[TallyStatus], i.[UseCallInButton], i.[VotingMethods])
OUTPUT INSERTED.[_RowId], INSERTED.[_RowVersion], i._Position; Microsoft.EntityFrameworkCore.Database.Command
[17:01:47 INF] [] Executed DbCommand (54ms) [Parameters=[@p0=NULL (Size = 1) (DbType = AnsiString), @p1=NULL (Size = 1) (DbType = AnsiString), @p2=NULL (Size = 150), @p3=NULL (Size = 50), @p4='2026-03-03T00:01:47.1708827Z' (Nullable = true), @p5='f3e7f136-2323-49fa-984e-f7d71564ca88', @p6=NULL (Size = 1) (DbType = AnsiString), @p7=NULL (Size = 50), @p8='STV' (Size = 5) (DbType = AnsiString), @p9=NULL (Size = 250), @p10=NULL (Size = 100), @p11=NULL (Size = 250), @p12=NULL (Size = 4000), @p13=NULL (Size = 4000), @p14=NULL (DbType = Boolean), @p15=NULL (DbType = Int32), @p16=NULL (DbType = Guid), @p17=NULL (Size = 2) (DbType = AnsiString), @p18=NULL (DbType = Boolean), @p19=NULL (DbType = DateTime2), @p20=NULL (DbType = Boolean), @p21='Test Election 1' (Nullable = false) (Size = 150), @p22=NULL (DbType = Int32), @p23='3' (Nullable = true), @p24=NULL (DbType = DateTime2), @p25='False', @p26=NULL (Size = 1) (DbType = AnsiString), @p27=NULL (DbType = DateTime2), @p28=NULL (DbType = DateTime2), @p29=NULL (Size = 50) (DbType = AnsiString), @p30='True' (Nullable = true), @p31=NULL (DbType = Boolean), @p32=NULL (Size = 500), @p33='NotStarted' (Size = 15) (DbType = AnsiString), @p34=NULL (DbType = Boolean), @p35=NULL (Size = 10) (DbType = AnsiString), @p36=NULL (Size = 1) (DbType = AnsiString), @p37=NULL (Size = 1) (DbType = AnsiString), @p38=NULL (Size = 150), @p39=NULL (Size = 50), @p40='2026-04-02T00:01:47.1708973Z' (Nullable = true), @p41='c0b55d45-9788-4f20-bec2-438d8642b0bd', @p42=NULL (Size = 1) (DbType = AnsiString), @p43=NULL (Size = 50), @p44='FPTP' (Size = 5) (DbType = AnsiString), @p45=NULL (Size = 250), @p46=NULL (Size = 100), @p47=NULL (Size = 250), @p48=NULL (Size = 4000), @p49=NULL (Size = 4000), @p50=NULL (DbType = Boolean), @p51=NULL (DbType = Int32), @p52=NULL (DbType = Guid), @p53=NULL (Size = 2) (DbType = AnsiString), @p54=NULL (DbType = Boolean), @p55=NULL (DbType = DateTime2), @p56=NULL (DbType = Boolean), @p57='Test Election 2' (Nullable = false) (Size = 150), @p58=NULL (DbType = Int32), @p59='1' (Nullable = true), @p60=NULL (DbType = DateTime2), @p61='False', @p62=NULL (Size = 1) (DbType = AnsiString), @p63=NULL (DbType = DateTime2), @p64=NULL (DbType = DateTime2), @p65=NULL (Size = 50) (DbType = AnsiString), @p66='True' (Nullable = true), @p67=NULL (DbType = Boolean), @p68=NULL (Size = 500), @p69='NotStarted' (Size = 15) (DbType = AnsiString), @p70=NULL (DbType = Boolean), @p71=NULL (Size = 10) (DbType = AnsiString)], CommandType='Text', CommandTimeout='30']
SET IMPLICIT_TRANSACTIONS OFF;
SET NOCOUNT ON;
MERGE [Elections] USING (
VALUES (@p0, @p1, @p2, @p3, @p4, @p5, @p6, @p7, @p8, @p9, @p10, @p11, @p12, @p13, @p14, @p15, @p16, @p17, @p18, @p19, @p20, @p21, @p22, @p23, @p24, @p25, @p26, @p27, @p28, @p29, @p30, @p31, @p32, @p33, @p34, @p35, 0),
(@p36, @p37, @p38, @p39, @p40, @p41, @p42, @p43, @p44, @p45, @p46, @p47, @p48, @p49, @p50, @p51, @p52, @p53, @p54, @p55, @p56, @p57, @p58, @p59, @p60, @p61, @p62, @p63, @p64, @p65, @p66, @p67, @p68, @p69, @p70, @p71, 1)) AS i ([CanReceive], [CanVote], [Convenor], [CustomMethods], [DateOfElection], [ElectionGuid], [ElectionMode], [ElectionPasscode], [ElectionType], [EmailFromAddress], [EmailFromName], [EmailSubject], [EmailText], [Flags], [HidePreBallotPages], [LastEnvNum], [LinkedElectionGuid], [LinkedElectionKind], [ListForPublic], [ListedForPublicAsOf], [MaskVotingMethod], [Name], [NumberExtra], [NumberToElect], [OnlineAnnounced], [OnlineCloseIsEstimate], [OnlineSelectionProcess], [OnlineWhenClose], [OnlineWhenOpen], [OwnerLoginId], [ShowAsTest], [ShowFullReport], [SmsText], [TallyStatus], [UseCallInButton], [VotingMethods], _Position) ON 1=0
WHEN NOT MATCHED THEN
INSERT ([CanReceive], [CanVote], [Convenor], [CustomMethods], [DateOfElection], [ElectionGuid], [ElectionMode], [ElectionPasscode], [ElectionType], [EmailFromAddress], [EmailFromName], [EmailSubject], [EmailText], [Flags], [HidePreBallotPages], [LastEnvNum], [LinkedElectionGuid], [LinkedElectionKind], [ListForPublic], [ListedForPublicAsOf], [MaskVotingMethod], [Name], [NumberExtra], [NumberToElect], [OnlineAnnounced], [OnlineCloseIsEstimate], [OnlineSelectionProcess], [OnlineWhenClose], [OnlineWhenOpen], [OwnerLoginId], [ShowAsTest], [ShowFullReport], [SmsText], [TallyStatus], [UseCallInButton], [VotingMethods])
VALUES (i.[CanReceive], i.[CanVote], i.[Convenor], i.[CustomMethods], i.[DateOfElection], i.[ElectionGuid], i.[ElectionMode], i.[ElectionPasscode], i.[ElectionType], i.[EmailFromAddress], i.[EmailFromName], i.[EmailSubject], i.[EmailText], i.[Flags], i.[HidePreBallotPages], i.[LastEnvNum], i.[LinkedElectionGuid], i.[LinkedElectionKind], i.[ListForPublic], i.[ListedForPublicAsOf], i.[MaskVotingMethod], i.[Name], i.[NumberExtra], i.[NumberToElect], i.[OnlineAnnounced], i.[OnlineCloseIsEstimate], i.[OnlineSelectionProcess], i.[OnlineWhenClose], i.[OnlineWhenOpen], i.[OwnerLoginId], i.[ShowAsTest], i.[ShowFullReport], i.[SmsText], i.[TallyStatus], i.[UseCallInButton], i.[VotingMethods])
OUTPUT INSERTED.[_RowId], INSERTED.[_RowVersion], i._Position; Microsoft.EntityFrameworkCore.Database.Command
[17:01:47 INF] [] Executed DbCommand (55ms) [Parameters=[@p0=NULL (Size = 1) (DbType = AnsiString), @p1=NULL (Size = 1) (DbType = AnsiString), @p2=NULL (Size = 150), @p3=NULL (Size = 50), @p4='2026-03-03T00:01:47.1708829Z' (Nullable = true), @p5='a5edd66e-bc27-4133-8ee1-e36340b52d10', @p6=NULL (Size = 1) (DbType = AnsiString), @p7=NULL (Size = 50), @p8='STV' (Size = 5) (DbType = AnsiString), @p9=NULL (Size = 250), @p10=NULL (Size = 100), @p11=NULL (Size = 250), @p12=NULL (Size = 4000), @p13=NULL (Size = 4000), @p14=NULL (DbType = Boolean), @p15=NULL (DbType = Int32), @p16=NULL (DbType = Guid), @p17=NULL (Size = 2) (DbType = AnsiString), @p18=NULL (DbType = Boolean), @p19=NULL (DbType = DateTime2), @p20=NULL (DbType = Boolean), @p21='Test Election 1' (Nullable = false) (Size = 150), @p22=NULL (DbType = Int32), @p23='3' (Nullable = true), @p24=NULL (DbType = DateTime2), @p25='False', @p26=NULL (Size = 1) (DbType = AnsiString), @p27=NULL (DbType = DateTime2), @p28=NULL (DbType = DateTime2), @p29=NULL (Size = 50) (DbType = AnsiString), @p30='True' (Nullable = true), @p31=NULL (DbType = Boolean), @p32=NULL (Size = 500), @p33='NotStarted' (Size = 15) (DbType = AnsiString), @p34=NULL (DbType = Boolean), @p35=NULL (Size = 10) (DbType = AnsiString), @p36=NULL (Size = 1) (DbType = AnsiString), @p37=NULL (Size = 1) (DbType = AnsiString), @p38=NULL (Size = 150), @p39=NULL (Size = 50), @p40='2026-04-02T00:01:47.1708976Z' (Nullable = true), @p41='d63d1327-976e-4abc-b994-53f6009a094b', @p42=NULL (Size = 1) (DbType = AnsiString), @p43=NULL (Size = 50), @p44='FPTP' (Size = 5) (DbType = AnsiString), @p45=NULL (Size = 250), @p46=NULL (Size = 100), @p47=NULL (Size = 250), @p48=NULL (Size = 4000), @p49=NULL (Size = 4000), @p50=NULL (DbType = Boolean), @p51=NULL (DbType = Int32), @p52=NULL (DbType = Guid), @p53=NULL (Size = 2) (DbType = AnsiString), @p54=NULL (DbType = Boolean), @p55=NULL (DbType = DateTime2), @p56=NULL (DbType = Boolean), @p57='Test Election 2' (Nullable = false) (Size = 150), @p58=NULL (DbType = Int32), @p59='1' (Nullable = true), @p60=NULL (DbType = DateTime2), @p61='False', @p62=NULL (Size = 1) (DbType = AnsiString), @p63=NULL (DbType = DateTime2), @p64=NULL (DbType = DateTime2), @p65=NULL (Size = 50) (DbType = AnsiString), @p66='True' (Nullable = true), @p67=NULL (DbType = Boolean), @p68=NULL (Size = 500), @p69='NotStarted' (Size = 15) (DbType = AnsiString), @p70=NULL (DbType = Boolean), @p71=NULL (Size = 10) (DbType = AnsiString)], CommandType='Text', CommandTimeout='30']
SET IMPLICIT_TRANSACTIONS OFF;
SET NOCOUNT ON;
MERGE [Elections] USING (
VALUES (@p0, @p1, @p2, @p3, @p4, @p5, @p6, @p7, @p8, @p9, @p10, @p11, @p12, @p13, @p14, @p15, @p16, @p17, @p18, @p19, @p20, @p21, @p22, @p23, @p24, @p25, @p26, @p27, @p28, @p29, @p30, @p31, @p32, @p33, @p34, @p35, 0),
(@p36, @p37, @p38, @p39, @p40, @p41, @p42, @p43, @p44, @p45, @p46, @p47, @p48, @p49, @p50, @p51, @p52, @p53, @p54, @p55, @p56, @p57, @p58, @p59, @p60, @p61, @p62, @p63, @p64, @p65, @p66, @p67, @p68, @p69, @p70, @p71, 1)) AS i ([CanReceive], [CanVote], [Convenor], [CustomMethods], [DateOfElection], [ElectionGuid], [ElectionMode], [ElectionPasscode], [ElectionType], [EmailFromAddress], [EmailFromName], [EmailSubject], [EmailText], [Flags], [HidePreBallotPages], [LastEnvNum], [LinkedElectionGuid], [LinkedElectionKind], [ListForPublic], [ListedForPublicAsOf], [MaskVotingMethod], [Name], [NumberExtra], [NumberToElect], [OnlineAnnounced], [OnlineCloseIsEstimate], [OnlineSelectionProcess], [OnlineWhenClose], [OnlineWhenOpen], [OwnerLoginId], [ShowAsTest], [ShowFullReport], [SmsText], [TallyStatus], [UseCallInButton], [VotingMethods], _Position) ON 1=0
WHEN NOT MATCHED THEN
INSERT ([CanReceive], [CanVote], [Convenor], [CustomMethods], [DateOfElection], [ElectionGuid], [ElectionMode], [ElectionPasscode], [ElectionType], [EmailFromAddress], [EmailFromName], [EmailSubject], [EmailText], [Flags], [HidePreBallotPages], [LastEnvNum], [LinkedElectionGuid], [LinkedElectionKind], [ListForPublic], [ListedForPublicAsOf], [MaskVotingMethod], [Name], [NumberExtra], [NumberToElect], [OnlineAnnounced], [OnlineCloseIsEstimate], [OnlineSelectionProcess], [OnlineWhenClose], [OnlineWhenOpen], [OwnerLoginId], [ShowAsTest], [ShowFullReport], [SmsText], [TallyStatus], [UseCallInButton], [VotingMethods])
VALUES (i.[CanReceive], i.[CanVote], i.[Convenor], i.[CustomMethods], i.[DateOfElection], i.[ElectionGuid], i.[ElectionMode], i.[ElectionPasscode], i.[ElectionType], i.[EmailFromAddress], i.[EmailFromName], i.[EmailSubject], i.[EmailText], i.[Flags], i.[HidePreBallotPages], i.[LastEnvNum], i.[LinkedElectionGuid], i.[LinkedElectionKind], i.[ListForPublic], i.[ListedForPublicAsOf], i.[MaskVotingMethod], i.[Name], i.[NumberExtra], i.[NumberToElect], i.[OnlineAnnounced], i.[OnlineCloseIsEstimate], i.[OnlineSelectionProcess], i.[OnlineWhenClose], i.[OnlineWhenOpen], i.[OwnerLoginId], i.[ShowAsTest], i.[ShowFullReport], i.[SmsText], i.[TallyStatus], i.[UseCallInButton], i.[VotingMethods])
OUTPUT INSERTED.[_RowId], INSERTED.[_RowVersion], i._Position; Microsoft.EntityFrameworkCore.Database.Command
[17:01:47 INF] [] Executed DbCommand (56ms) [Parameters=[@p0=NULL (Size = 1) (DbType = AnsiString), @p1=NULL (Size = 1) (DbType = AnsiString), @p2=NULL (Size = 150), @p3=NULL (Size = 50), @p4='2026-03-03T00:01:47.1708829Z' (Nullable = true), @p5='c81dae5d-3961-4872-b529-9931ab00d7aa', @p6=NULL (Size = 1) (DbType = AnsiString), @p7=NULL (Size = 50), @p8='STV' (Size = 5) (DbType = AnsiString), @p9=NULL (Size = 250), @p10=NULL (Size = 100), @p11=NULL (Size = 250), @p12=NULL (Size = 4000), @p13=NULL (Size = 4000), @p14=NULL (DbType = Boolean), @p15=NULL (DbType = Int32), @p16=NULL (DbType = Guid), @p17=NULL (Size = 2) (DbType = AnsiString), @p18=NULL (DbType = Boolean), @p19=NULL (DbType = DateTime2), @p20=NULL (DbType = Boolean), @p21='Test Election 1' (Nullable = false) (Size = 150), @p22=NULL (DbType = Int32), @p23='3' (Nullable = true), @p24=NULL (DbType = DateTime2), @p25='False', @p26=NULL (Size = 1) (DbType = AnsiString), @p27=NULL (DbType = DateTime2), @p28=NULL (DbType = DateTime2), @p29=NULL (Size = 50) (DbType = AnsiString), @p30='True' (Nullable = true), @p31=NULL (DbType = Boolean), @p32=NULL (Size = 500), @p33='NotStarted' (Size = 15) (DbType = AnsiString), @p34=NULL (DbType = Boolean), @p35=NULL (Size = 10) (DbType = AnsiString), @p36=NULL (Size = 1) (DbType = AnsiString), @p37=NULL (Size = 1) (DbType = AnsiString), @p38=NULL (Size = 150), @p39=NULL (Size = 50), @p40='2026-04-02T00:01:47.1708980Z' (Nullable = true), @p41='dc4e45ba-0967-4be9-8e29-f54dcfd68321', @p42=NULL (Size = 1) (DbType = AnsiString), @p43=NULL (Size = 50), @p44='FPTP' (Size = 5) (DbType = AnsiString), @p45=NULL (Size = 250), @p46=NULL (Size = 100), @p47=NULL (Size = 250), @p48=NULL (Size = 4000), @p49=NULL (Size = 4000), @p50=NULL (DbType = Boolean), @p51=NULL (DbType = Int32), @p52=NULL (DbType = Guid), @p53=NULL (Size = 2) (DbType = AnsiString), @p54=NULL (DbType = Boolean), @p55=NULL (DbType = DateTime2), @p56=NULL (DbType = Boolean), @p57='Test Election 2' (Nullable = false) (Size = 150), @p58=NULL (DbType = Int32), @p59='1' (Nullable = true), @p60=NULL (DbType = DateTime2), @p61='False', @p62=NULL (Size = 1) (DbType = AnsiString), @p63=NULL (DbType = DateTime2), @p64=NULL (DbType = DateTime2), @p65=NULL (Size = 50) (DbType = AnsiString), @p66='True' (Nullable = true), @p67=NULL (DbType = Boolean), @p68=NULL (Size = 500), @p69='NotStarted' (Size = 15) (DbType = AnsiString), @p70=NULL (DbType = Boolean), @p71=NULL (Size = 10) (DbType = AnsiString)], CommandType='Text', CommandTimeout='30']
SET IMPLICIT_TRANSACTIONS OFF;
SET NOCOUNT ON;
MERGE [Elections] USING (
VALUES (@p0, @p1, @p2, @p3, @p4, @p5, @p6, @p7, @p8, @p9, @p10, @p11, @p12, @p13, @p14, @p15, @p16, @p17, @p18, @p19, @p20, @p21, @p22, @p23, @p24, @p25, @p26, @p27, @p28, @p29, @p30, @p31, @p32, @p33, @p34, @p35, 0),
(@p36, @p37, @p38, @p39, @p40, @p41, @p42, @p43, @p44, @p45, @p46, @p47, @p48, @p49, @p50, @p51, @p52, @p53, @p54, @p55, @p56, @p57, @p58, @p59, @p60, @p61, @p62, @p63, @p64, @p65, @p66, @p67, @p68, @p69, @p70, @p71, 1)) AS i ([CanReceive], [CanVote], [Convenor], [CustomMethods], [DateOfElection], [ElectionGuid], [ElectionMode], [ElectionPasscode], [ElectionType], [EmailFromAddress], [EmailFromName], [EmailSubject], [EmailText], [Flags], [HidePreBallotPages], [LastEnvNum], [LinkedElectionGuid], [LinkedElectionKind], [ListForPublic], [ListedForPublicAsOf], [MaskVotingMethod], [Name], [NumberExtra], [NumberToElect], [OnlineAnnounced], [OnlineCloseIsEstimate], [OnlineSelectionProcess], [OnlineWhenClose], [OnlineWhenOpen], [OwnerLoginId], [ShowAsTest], [ShowFullReport], [SmsText], [TallyStatus], [UseCallInButton], [VotingMethods], _Position) ON 1=0
WHEN NOT MATCHED THEN
INSERT ([CanReceive], [CanVote], [Convenor], [CustomMethods], [DateOfElection], [ElectionGuid], [ElectionMode], [ElectionPasscode], [ElectionType], [EmailFromAddress], [EmailFromName], [EmailSubject], [EmailText], [Flags], [HidePreBallotPages], [LastEnvNum], [LinkedElectionGuid], [LinkedElectionKind], [ListForPublic], [ListedForPublicAsOf], [MaskVotingMethod], [Name], [NumberExtra], [NumberToElect], [OnlineAnnounced], [OnlineCloseIsEstimate], [OnlineSelectionProcess], [OnlineWhenClose], [OnlineWhenOpen], [OwnerLoginId], [ShowAsTest], [ShowFullReport], [SmsText], [TallyStatus], [UseCallInButton], [VotingMethods])
VALUES (i.[CanReceive], i.[CanVote], i.[Convenor], i.[CustomMethods], i.[DateOfElection], i.[ElectionGuid], i.[ElectionMode], i.[ElectionPasscode], i.[ElectionType], i.[EmailFromAddress], i.[EmailFromName], i.[EmailSubject], i.[EmailText], i.[Flags], i.[HidePreBallotPages], i.[LastEnvNum], i.[LinkedElectionGuid], i.[LinkedElectionKind], i.[ListForPublic], i.[ListedForPublicAsOf], i.[MaskVotingMethod], i.[Name], i.[NumberExtra], i.[NumberToElect], i.[OnlineAnnounced], i.[OnlineCloseIsEstimate], i.[OnlineSelectionProcess], i.[OnlineWhenClose], i.[OnlineWhenOpen], i.[OwnerLoginId], i.[ShowAsTest], i.[ShowFullReport], i.[SmsText], i.[TallyStatus], i.[UseCallInButton], i.[VotingMethods])
OUTPUT INSERTED.[_RowId], INSERTED.[_RowVersion], i._Position; Microsoft.EntityFrameworkCore.Database.Command
[17:01:47 INF] [] Executed DbCommand (16ms) [Parameters=[@p0='f3e7f136-2323-49fa-984e-f7d71564ca88', @p1=NULL (Size = 150), @p2=NULL (DbType = DateTime2), @p3='Admin' (Size = 10) (DbType = AnsiString), @p4='9ff91f02-fea0-4ca6-adc1-709f970b7142', @p5='c0b55d45-9788-4f20-bec2-438d8642b0bd', @p6=NULL (Size = 150), @p7=NULL (DbType = DateTime2), @p8='Admin' (Size = 10) (DbType = AnsiString), @p9='9ff91f02-fea0-4ca6-adc1-709f970b7142', @p10='f3e7f136-2323-49fa-984e-f7d71564ca88', @p11=NULL (Size = 150), @p12=NULL (DbType = DateTime2), @p13='Teller' (Size = 10) (DbType = AnsiString), @p14='a299ab12-0095-4903-85d0-b1416eeaed18'], CommandType='Text', CommandTimeout='30']
SET IMPLICIT_TRANSACTIONS OFF;
SET NOCOUNT ON;
MERGE [JoinElectionUsers] USING (
VALUES (@p0, @p1, @p2, @p3, @p4, 0),
(@p5, @p6, @p7, @p8, @p9, 1),
(@p10, @p11, @p12, @p13, @p14, 2)) AS i ([ElectionGuid], [InviteEmail], [InviteWhen], [Role], [UserId], _Position) ON 1=0
WHEN NOT MATCHED THEN
INSERT ([ElectionGuid], [InviteEmail], [InviteWhen], [Role], [UserId])
VALUES (i.[ElectionGuid], i.[InviteEmail], i.[InviteWhen], i.[Role], i.[UserId])
OUTPUT INSERTED.[_RowId], i._Position; Microsoft.EntityFrameworkCore.Database.Command
[17:01:47 INF] [] Executed DbCommand (16ms) [Parameters=[@p0='a5edd66e-bc27-4133-8ee1-e36340b52d10', @p1=NULL (Size = 150), @p2=NULL (DbType = DateTime2), @p3='Admin' (Size = 10) (DbType = AnsiString), @p4='e7648b96-6dae-4fa4-aa8f-8f4d407d7830', @p5='d63d1327-976e-4abc-b994-53f6009a094b', @p6=NULL (Size = 150), @p7=NULL (DbType = DateTime2), @p8='Admin' (Size = 10) (DbType = AnsiString), @p9='e7648b96-6dae-4fa4-aa8f-8f4d407d7830', @p10='a5edd66e-bc27-4133-8ee1-e36340b52d10', @p11=NULL (Size = 150), @p12=NULL (DbType = DateTime2), @p13='Teller' (Size = 10) (DbType = AnsiString), @p14='45921e20-7d96-4799-8aab-527f39d2c03c'], CommandType='Text', CommandTimeout='30']
SET IMPLICIT_TRANSACTIONS OFF;
SET NOCOUNT ON;
MERGE [JoinElectionUsers] USING (
VALUES (@p0, @p1, @p2, @p3, @p4, 0),
(@p5, @p6, @p7, @p8, @p9, 1),
(@p10, @p11, @p12, @p13, @p14, 2)) AS i ([ElectionGuid], [InviteEmail], [InviteWhen], [Role], [UserId], _Position) ON 1=0
WHEN NOT MATCHED THEN
INSERT ([ElectionGuid], [InviteEmail], [InviteWhen], [Role], [UserId])
VALUES (i.[ElectionGuid], i.[InviteEmail], i.[InviteWhen], i.[Role], i.[UserId])
OUTPUT INSERTED.[_RowId], i._Position; Microsoft.EntityFrameworkCore.Database.Command
[17:01:47 INF] [] Executed DbCommand (16ms) [Parameters=[@p0='c81dae5d-3961-4872-b529-9931ab00d7aa', @p1=NULL (Size = 150), @p2=NULL (DbType = DateTime2), @p3='Admin' (Size = 10) (DbType = AnsiString), @p4='45dba283-c2e5-4a55-aea8-20073ec127e8', @p5='dc4e45ba-0967-4be9-8e29-f54dcfd68321', @p6=NULL (Size = 150), @p7=NULL (DbType = DateTime2), @p8='Admin' (Size = 10) (DbType = AnsiString), @p9='45dba283-c2e5-4a55-aea8-20073ec127e8', @p10='c81dae5d-3961-4872-b529-9931ab00d7aa', @p11=NULL (Size = 150), @p12=NULL (DbType = DateTime2), @p13='Teller' (Size = 10) (DbType = AnsiString), @p14='051887c1-e07d-4294-b118-831661954709'], CommandType='Text', CommandTimeout='30']
SET IMPLICIT_TRANSACTIONS OFF;
SET NOCOUNT ON;
MERGE [JoinElectionUsers] USING (
VALUES (@p0, @p1, @p2, @p3, @p4, 0),
(@p5, @p6, @p7, @p8, @p9, 1),
(@p10, @p11, @p12, @p13, @p14, 2)) AS i ([ElectionGuid], [InviteEmail], [InviteWhen], [Role], [UserId], _Position) ON 1=0
WHEN NOT MATCHED THEN
INSERT ([ElectionGuid], [InviteEmail], [InviteWhen], [Role], [UserId])
VALUES (i.[ElectionGuid], i.[InviteEmail], i.[InviteWhen], i.[Role], i.[UserId])
OUTPUT INSERTED.[_RowId], i._Position; Microsoft.EntityFrameworkCore.Database.Command
[17:01:47 INF] [] Executed DbCommand (16ms) [Parameters=[@p0='35952e20-6fc2-4a48-ade0-485ac56a992e', @p1=NULL (Size = 150), @p2=NULL (DbType = DateTime2), @p3='Admin' (Size = 10) (DbType = AnsiString), @p4='63fc1b4e-5a88-45d3-b83b-e6cfbe0050dd', @p5='3800b5ff-016a-45da-91d7-07b08f62c17e', @p6=NULL (Size = 150), @p7=NULL (DbType = DateTime2), @p8='Admin' (Size = 10) (DbType = AnsiString), @p9='63fc1b4e-5a88-45d3-b83b-e6cfbe0050dd', @p10='35952e20-6fc2-4a48-ade0-485ac56a992e', @p11=NULL (Size = 150), @p12=NULL (DbType = DateTime2), @p13='Teller' (Size = 10) (DbType = AnsiString), @p14='d359ffb3-fa80-4673-b556-b748ae1ff32b'], CommandType='Text', CommandTimeout='30']
SET IMPLICIT_TRANSACTIONS OFF;
SET NOCOUNT ON;
MERGE [JoinElectionUsers] USING (
VALUES (@p0, @p1, @p2, @p3, @p4, 0),
(@p5, @p6, @p7, @p8, @p9, 1),
(@p10, @p11, @p12, @p13, @p14, 2)) AS i ([ElectionGuid], [InviteEmail], [InviteWhen], [Role], [UserId], _Position) ON 1=0
WHEN NOT MATCHED THEN
INSERT ([ElectionGuid], [InviteEmail], [InviteWhen], [Role], [UserId])
VALUES (i.[ElectionGuid], i.[InviteEmail], i.[InviteWhen], i.[Role], i.[UserId])
OUTPUT INSERTED.[_RowId], i._Position; Microsoft.EntityFrameworkCore.Database.Command
[17:01:47 INF] [] Executed DbCommand (4ms) [Parameters=[@normalizedEmail='ADMIN@TALLYJ.COM' (Size = 256)], CommandType='Text', CommandTimeout='30']
SELECT TOP(2) [a].[Id], [a].[AccessFailedCount], [a].[AuthMethod], [a].[ConcurrencyStamp], [a].[Email], [a].[EmailConfirmed], [a].[GoogleId], [a].[LockoutEnabled], [a].[LockoutEnd], [a].[NormalizedEmail], [a].[NormalizedUserName], [a].[PasswordHash], [a].[PasswordResetExpiry], [a].[PasswordResetToken], [a].[PhoneNumber], [a].[PhoneNumberConfirmed], [a].[SecurityStamp], [a].[TwoFactorEnabled], [a].[UserName]
FROM [AspNetUsers] AS [a]
WHERE [a].[NormalizedEmail] = @normalizedEmail Microsoft.EntityFrameworkCore.Database.Command
[17:01:47 INF] [] Executed DbCommand (4ms) [Parameters=[@normalizedEmail='ADMIN@TALLYJ.COM' (Size = 256)], CommandType='Text', CommandTimeout='30']
SELECT TOP(2) [a].[Id], [a].[AccessFailedCount], [a].[AuthMethod], [a].[ConcurrencyStamp], [a].[Email], [a].[EmailConfirmed], [a].[GoogleId], [a].[LockoutEnabled], [a].[LockoutEnd], [a].[NormalizedEmail], [a].[NormalizedUserName], [a].[PasswordHash], [a].[PasswordResetExpiry], [a].[PasswordResetToken], [a].[PhoneNumber], [a].[PhoneNumberConfirmed], [a].[SecurityStamp], [a].[TwoFactorEnabled], [a].[UserName]
FROM [AspNetUsers] AS [a]
WHERE [a].[NormalizedEmail] = @normalizedEmail Microsoft.EntityFrameworkCore.Database.Command
[17:01:47 INF] [] Request starting HTTP/1.1 GET http://localhost/swagger/index.html - null null Microsoft.AspNetCore.Hosting.Diagnostics
[17:01:47 INF] [] Executed DbCommand (12ms) [Parameters=[], CommandType='Text', CommandTimeout='30']
SELECT 1 Microsoft.EntityFrameworkCore.Database.Command
[17:01:47 INF] [] Executed DbCommand (4ms) [Parameters=[], CommandType='Text', CommandTimeout='30']
SELECT OBJECT_ID(N'[__EFMigrationsHistory]'); Microsoft.EntityFrameworkCore.Database.Command
[17:01:47 INF] [] Executed DbCommand (1ms) [Parameters=[], CommandType='Text', CommandTimeout='30']
SELECT [MigrationId], [ProductVersion]
FROM [__EFMigrationsHistory]
ORDER BY [MigrationId]; Microsoft.EntityFrameworkCore.Database.Command
[17:01:47 INF] [] Executed DbCommand (1ms) [Parameters=[], CommandType='Text', CommandTimeout='30']
SELECT 1 Microsoft.EntityFrameworkCore.Database.Command
[17:01:47 INF] [] Executed DbCommand (1ms) [Parameters=[], CommandType='Text', CommandTimeout='30']
SELECT OBJECT_ID(N'[__EFMigrationsHistory]'); Microsoft.EntityFrameworkCore.Database.Command
[17:01:47 INF] [] Executed DbCommand (0ms) [Parameters=[], CommandType='Text', CommandTimeout='30']
SELECT [MigrationId], [ProductVersion]
FROM [__EFMigrationsHistory]
ORDER BY [MigrationId]; Microsoft.EntityFrameworkCore.Database.Command
[17:01:47 WRN] [] Failed to determine the https port for redirect. Microsoft.AspNetCore.HttpsPolicy.HttpsRedirectionMiddleware
  Passed TallyJ4.Tests.UnitTests.TallyServiceTests.CalculateNormalElectionAsync_CreateResultTieRecords_ForTiesSpanningSections [108 ms]
  Passed TallyJ4.Tests.UnitTests.TallyServiceTests.CalculateSingleNameElectionAsync_WithValidElection_CalculatesCorrectly [64 ms]
  Passed TallyJ4.Tests.UnitTests.TallyServiceTests.CalculateNormalElectionAsync_WithZeroBallots_ReturnsEmptyResults [26 ms]
  Passed TallyJ4.Tests.UnitTests.TallyServiceTests.CalculateNormalElectionAsync_Recalculation_ProducesIdenticalResults [117 ms]
  Passed TallyJ4.Tests.UnitTests.TallyServiceTests.CalculateNormalElectionAsync_DetectsTies [40 ms]
[17:01:47 INF] [] Executed DbCommand (5ms) [Parameters=[@normalizedEmail='ADMIN@TALLYJ.COM' (Size = 256)], CommandType='Text', CommandTimeout='30']
SELECT TOP(2) [a].[Id], [a].[AccessFailedCount], [a].[AuthMethod], [a].[ConcurrencyStamp], [a].[Email], [a].[EmailConfirmed], [a].[GoogleId], [a].[LockoutEnabled], [a].[LockoutEnd], [a].[NormalizedEmail], [a].[NormalizedUserName], [a].[PasswordHash], [a].[PasswordResetExpiry], [a].[PasswordResetToken], [a].[PhoneNumber], [a].[PhoneNumberConfirmed], [a].[SecurityStamp], [a].[TwoFactorEnabled], [a].[UserName]
FROM [AspNetUsers] AS [a]
WHERE [a].[NormalizedEmail] = @normalizedEmail Microsoft.EntityFrameworkCore.Database.Command
[17:01:47 INF] [] Executed DbCommand (1ms) [Parameters=[@normalizedEmail='TEST@TALLYJ.COM' (Size = 256)], CommandType='Text', CommandTimeout='30']
SELECT TOP(2) [a].[Id], [a].[AccessFailedCount], [a].[AuthMethod], [a].[ConcurrencyStamp], [a].[Email], [a].[EmailConfirmed], [a].[GoogleId], [a].[LockoutEnabled], [a].[LockoutEnd], [a].[NormalizedEmail], [a].[NormalizedUserName], [a].[PasswordHash], [a].[PasswordResetExpiry], [a].[PasswordResetToken], [a].[PhoneNumber], [a].[PhoneNumberConfirmed], [a].[SecurityStamp], [a].[TwoFactorEnabled], [a].[UserName]
FROM [AspNetUsers] AS [a]
WHERE [a].[NormalizedEmail] = @normalizedEmail Microsoft.EntityFrameworkCore.Database.Command
[17:01:47 INF] [] Executed DbCommand (7ms) [Parameters=[@adminId='9ff91f02-fea0-4ca6-adc1-709f970b7142'], CommandType='Text', CommandTimeout='30']
SELECT [j].[_RowId], [j].[ElectionGuid], [j].[InviteEmail], [j].[InviteWhen], [j].[Role], [j].[UserId]
FROM [JoinElectionUsers] AS [j]
WHERE [j].[UserId] = @adminId Microsoft.EntityFrameworkCore.Database.Command
[17:01:47 INF] [] JWT Message received - Header: False, HasBearer: False, TokenLength: 0, ActualHeader: '' 
[17:01:47 INF] [] Executed DbCommand (10ms) [Parameters=[@p0='e7648b96-6dae-4fa4-aa8f-8f4d407d7830' (Nullable = false) (Size = 450), @p1='2533ff87-545e-4897-b7ac-9f199a4edb4e' (Size = 4000)], CommandType='Text', CommandTimeout='30']
SET IMPLICIT_TRANSACTIONS OFF;
SET NOCOUNT ON;
DELETE FROM [AspNetUsers]
OUTPUT 1
WHERE [Id] = @p0 AND [ConcurrencyStamp] = @p1; Microsoft.EntityFrameworkCore.Database.Command
[17:01:47 INF] [] Executed DbCommand (10ms) [Parameters=[@p0='63fc1b4e-5a88-45d3-b83b-e6cfbe0050dd' (Nullable = false) (Size = 450), @p1='0a1a8af7-2147-4275-bafb-e50e032e2dc7' (Size = 4000)], CommandType='Text', CommandTimeout='30']
SET IMPLICIT_TRANSACTIONS OFF;
SET NOCOUNT ON;
DELETE FROM [AspNetUsers]
OUTPUT 1
WHERE [Id] = @p0 AND [ConcurrencyStamp] = @p1; Microsoft.EntityFrameworkCore.Database.Command
[17:01:47 INF] [] Executed DbCommand (2ms) [Parameters=[@testUserId='a299ab12-0095-4903-85d0-b1416eeaed18'], CommandType='Text', CommandTimeout='30']
SELECT [j].[_RowId], [j].[ElectionGuid], [j].[InviteEmail], [j].[InviteWhen], [j].[Role], [j].[UserId]
FROM [JoinElectionUsers] AS [j]
WHERE [j].[UserId] = @testUserId Microsoft.EntityFrameworkCore.Database.Command
[17:01:47 INF] [] Request finished HTTP/1.1 GET http://localhost/swagger/index.html - 404 null null 130.0874ms Microsoft.AspNetCore.Hosting.Diagnostics
[17:01:47 INF] [] Request reached the end of the middleware pipeline without being handled by application code. Request path: GET http://localhost/swagger/index.html, Response status code: 404 Microsoft.AspNetCore.Hosting.Diagnostics
[17:01:47 INF] [] Request starting HTTP/1.1 GET http://localhost/protected - null null Microsoft.AspNetCore.Hosting.Diagnostics
[17:01:47 INF] [] Executed DbCommand (1ms) [Parameters=[], CommandType='Text', CommandTimeout='30']
SELECT 1 Microsoft.EntityFrameworkCore.Database.Command
[17:01:47 INF] [] JWT Message received - Header: False, HasBearer: False, TokenLength: 0, ActualHeader: '' 
[17:01:47 INF] [] Authorization failed. These requirements were not met:
DenyAnonymousAuthorizationRequirement: Requires an authenticated user. Microsoft.AspNetCore.Authorization.DefaultAuthorizationService
[17:01:47 WRN] [] JWT Challenge initiated - Error: null, ErrorDescription: null, AuthFailure: null 
[17:01:47 INF] [] AuthenticationScheme: Bearer was challenged. Microsoft.AspNetCore.Authentication.JwtBearer.JwtBearerHandler
[17:01:47 INF] [] Request finished HTTP/1.1 GET http://localhost/protected - 401 null null 20.6101ms Microsoft.AspNetCore.Hosting.Diagnostics
[17:01:47 INF] [] Executed DbCommand (3ms) [Parameters=[@normalizedEmail='ADMIN@TALLYJ.COM' (Size = 256)], CommandType='Text', CommandTimeout='30']
SELECT TOP(2) [a].[Id], [a].[AccessFailedCount], [a].[AuthMethod], [a].[ConcurrencyStamp], [a].[Email], [a].[EmailConfirmed], [a].[GoogleId], [a].[LockoutEnabled], [a].[LockoutEnd], [a].[NormalizedEmail], [a].[NormalizedUserName], [a].[PasswordHash], [a].[PasswordResetExpiry], [a].[PasswordResetToken], [a].[PhoneNumber], [a].[PhoneNumberConfirmed], [a].[SecurityStamp], [a].[TwoFactorEnabled], [a].[UserName]
FROM [AspNetUsers] AS [a]
WHERE [a].[NormalizedEmail] = @normalizedEmail Microsoft.EntityFrameworkCore.Database.Command
[17:01:47 INF] [] Executed DbCommand (1ms) [Parameters=[@normalizedEmail='TEST@TALLYJ.COM' (Size = 256)], CommandType='Text', CommandTimeout='30']
SELECT TOP(2) [a].[Id], [a].[AccessFailedCount], [a].[AuthMethod], [a].[ConcurrencyStamp], [a].[Email], [a].[EmailConfirmed], [a].[GoogleId], [a].[LockoutEnabled], [a].[LockoutEnd], [a].[NormalizedEmail], [a].[NormalizedUserName], [a].[PasswordHash], [a].[PasswordResetExpiry], [a].[PasswordResetToken], [a].[PhoneNumber], [a].[PhoneNumberConfirmed], [a].[SecurityStamp], [a].[TwoFactorEnabled], [a].[UserName]
FROM [AspNetUsers] AS [a]
WHERE [a].[NormalizedEmail] = @normalizedEmail Microsoft.EntityFrameworkCore.Database.Command
[17:01:47 WRN] [] The query uses the 'First'/'FirstOrDefault' operator without 'OrderBy' and filter operators. This may lead to unpredictable results. Microsoft.EntityFrameworkCore.Query
[17:01:47 INF] [] Executed DbCommand (2ms) [Parameters=[], CommandType='Text', CommandTimeout='30']
SELECT TOP(1) [e].[_RowId], [e].[CanReceive], [e].[CanVote], [e].[Convenor], [e].[CustomMethods], [e].[DateOfElection], [e].[ElectionGuid], [e].[ElectionMode], [e].[ElectionPasscode], [e].[ElectionType], [e].[EmailFromAddress], [e].[EmailFromName], [e].[EmailSubject], [e].[EmailText], [e].[Flags], [e].[HidePreBallotPages], [e].[LastEnvNum], [e].[LinkedElectionGuid], [e].[LinkedElectionKind], [e].[ListForPublic], [e].[ListedForPublicAsOf], [e].[MaskVotingMethod], [e].[Name], [e].[NumberExtra], [e].[NumberToElect], [e].[OnlineAnnounced], [e].[OnlineCloseIsEstimate], [e].[OnlineSelectionProcess], [e].[OnlineWhenClose], [e].[OnlineWhenOpen], [e].[OwnerLoginId], [e].[_RowVersion], [e].[ShowAsTest], [e].[ShowFullReport], [e].[SmsText], [e].[TallyStatus], [e].[UseCallInButton], [e].[VotingMethods]
FROM [Elections] AS [e] Microsoft.EntityFrameworkCore.Database.Command
[17:01:47 INF] [] Executed DbCommand (3ms) [Parameters=[@normalizedUserName='ADMIN@TALLYJ.COM' (Size = 256)], CommandType='Text', CommandTimeout='30']
SELECT TOP(1) [a].[Id], [a].[AccessFailedCount], [a].[AuthMethod], [a].[ConcurrencyStamp], [a].[Email], [a].[EmailConfirmed], [a].[GoogleId], [a].[LockoutEnabled], [a].[LockoutEnd], [a].[NormalizedEmail], [a].[NormalizedUserName], [a].[PasswordHash], [a].[PasswordResetExpiry], [a].[PasswordResetToken], [a].[PhoneNumber], [a].[PhoneNumberConfirmed], [a].[SecurityStamp], [a].[TwoFactorEnabled], [a].[UserName]
FROM [AspNetUsers] AS [a]
WHERE [a].[NormalizedUserName] = @normalizedUserName Microsoft.EntityFrameworkCore.Database.Command
[17:01:47 INF] [] Executed DbCommand (3ms) [Parameters=[@normalizedUserName='ADMIN@TALLYJ.COM' (Size = 256)], CommandType='Text', CommandTimeout='30']
SELECT TOP(1) [a].[Id], [a].[AccessFailedCount], [a].[AuthMethod], [a].[ConcurrencyStamp], [a].[Email], [a].[EmailConfirmed], [a].[GoogleId], [a].[LockoutEnabled], [a].[LockoutEnd], [a].[NormalizedEmail], [a].[NormalizedUserName], [a].[PasswordHash], [a].[PasswordResetExpiry], [a].[PasswordResetToken], [a].[PhoneNumber], [a].[PhoneNumberConfirmed], [a].[SecurityStamp], [a].[TwoFactorEnabled], [a].[UserName]
FROM [AspNetUsers] AS [a]
WHERE [a].[NormalizedUserName] = @normalizedUserName Microsoft.EntityFrameworkCore.Database.Command
[17:01:47 INF] [] Executed DbCommand (3ms) [Parameters=[@p0='8db6f7f8-61a4-48ea-938e-4117e78f2950' (Nullable = false) (Size = 450), @p1='0', @p2='Local' (Nullable = false) (Size = 20), @p3='4b3b175e-2756-47ec-8cff-df178950ded0' (Size = 4000), @p4='admin@tallyj.com' (Size = 256), @p5='True', @p6=NULL (Size = 4000), @p7='True', @p8=NULL (DbType = DateTimeOffset), @p9='ADMIN@TALLYJ.COM' (Size = 256), @p10='ADMIN@TALLYJ.COM' (Size = 256), @p11='AQAAAAIAAYagAAAAEJOTH55aYIUyUgy2N05l9wQ7fnCydc6CmY34bzkmiBLXo7mVLY26atHGcBSqgwegtg==' (Size = 4000), @p12=NULL (DbType = DateTime2), @p13=NULL (Size = 4000), @p14=NULL (Size = 4000), @p15='False', @p16='3VVKV54FHPTR2Z2PAR2OIBP7EG4HUYNW' (Size = 4000), @p17='False', @p18='admin@tallyj.com' (Size = 256)], CommandType='Text', CommandTimeout='30']
SET IMPLICIT_TRANSACTIONS OFF;
SET NOCOUNT ON;
INSERT INTO [AspNetUsers] ([Id], [AccessFailedCount], [AuthMethod], [ConcurrencyStamp], [Email], [EmailConfirmed], [GoogleId], [LockoutEnabled], [LockoutEnd], [NormalizedEmail], [NormalizedUserName], [PasswordHash], [PasswordResetExpiry], [PasswordResetToken], [PhoneNumber], [PhoneNumberConfirmed], [SecurityStamp], [TwoFactorEnabled], [UserName])
VALUES (@p0, @p1, @p2, @p3, @p4, @p5, @p6, @p7, @p8, @p9, @p10, @p11, @p12, @p13, @p14, @p15, @p16, @p17, @p18); Microsoft.EntityFrameworkCore.Database.Command
[17:01:47 INF] [] Executed DbCommand (3ms) [Parameters=[@p0='42b1eb96-0f4d-470c-ac86-d20959443bd4' (Nullable = false) (Size = 450), @p1='0', @p2='Local' (Nullable = false) (Size = 20), @p3='56c1c915-930f-4ad7-a21c-a70c7b8b7b1a' (Size = 4000), @p4='admin@tallyj.com' (Size = 256), @p5='True', @p6=NULL (Size = 4000), @p7='True', @p8=NULL (DbType = DateTimeOffset), @p9='ADMIN@TALLYJ.COM' (Size = 256), @p10='ADMIN@TALLYJ.COM' (Size = 256), @p11='AQAAAAIAAYagAAAAEKHcdEkZwc6yvclgoTxSzyRUllZhJYGL4PuhgEcHe5pAmfOHSdfUWRwmzI6XBYe4lQ==' (Size = 4000), @p12=NULL (DbType = DateTime2), @p13=NULL (Size = 4000), @p14=NULL (Size = 4000), @p15='False', @p16='AO2YERC5BS2UCQZH6HUE2O3TJSGHX5MA' (Size = 4000), @p17='False', @p18='admin@tallyj.com' (Size = 256)], CommandType='Text', CommandTimeout='30']
SET IMPLICIT_TRANSACTIONS OFF;
SET NOCOUNT ON;
INSERT INTO [AspNetUsers] ([Id], [AccessFailedCount], [AuthMethod], [ConcurrencyStamp], [Email], [EmailConfirmed], [GoogleId], [LockoutEnabled], [LockoutEnd], [NormalizedEmail], [NormalizedUserName], [PasswordHash], [PasswordResetExpiry], [PasswordResetToken], [PhoneNumber], [PhoneNumberConfirmed], [SecurityStamp], [TwoFactorEnabled], [UserName])
VALUES (@p0, @p1, @p2, @p3, @p4, @p5, @p6, @p7, @p8, @p9, @p10, @p11, @p12, @p13, @p14, @p15, @p16, @p17, @p18); Microsoft.EntityFrameworkCore.Database.Command
[17:01:47 INF] [] Request starting HTTP/1.1 POST http://localhost/api/auth/login - application/json; charset=utf-8 51 Microsoft.AspNetCore.Hosting.Diagnostics
[17:01:47 INF] [] Request starting HTTP/1.1 POST http://localhost/api/auth/login - application/json; charset=utf-8 51 Microsoft.AspNetCore.Hosting.Diagnostics
[17:01:47 WRN] [] Failed to determine the https port for redirect. Microsoft.AspNetCore.HttpsPolicy.HttpsRedirectionMiddleware
[17:01:47 WRN] [] Failed to determine the https port for redirect. Microsoft.AspNetCore.HttpsPolicy.HttpsRedirectionMiddleware
[17:01:47 INF] [] JWT Message received - Header: False, HasBearer: False, TokenLength: 0, ActualHeader: '' 
[17:01:47 INF] [] JWT Message received - Header: False, HasBearer: False, TokenLength: 0, ActualHeader: '' 
[17:01:47 INF] [] Executing endpoint 'TallyJ4.Backend.Controllers.AuthController.Login (TallyJ4)' Microsoft.AspNetCore.Routing.EndpointMiddleware
[17:01:47 INF] [] Executing endpoint 'TallyJ4.Backend.Controllers.AuthController.Login (TallyJ4)' Microsoft.AspNetCore.Routing.EndpointMiddleware
  Passed TallyJ4.Tests.IntegrationTests.MigrationTests.AllMigrations_AreApplied [4 s]
  Passed TallyJ4.Tests.IntegrationTests.MigrationTests.UserElectionRelationships_AreCorrect_AfterMigrations [67 ms]
  Passed TallyJ4.Tests.IntegrationTests.ProgramStartupTests.Swagger_IsAvailableInDevelopment [4 s]
  Passed TallyJ4.Tests.IntegrationTests.ProgramStartupTests.SignalRServices_AreRegistered [2 ms]
  Passed TallyJ4.Tests.IntegrationTests.MigrationTests.Database_CanBeCreated_AndMigrated [14 ms]
  Passed TallyJ4.Tests.IntegrationTests.MigrationTests.SeededData_IsPresent_AfterMigrations [19 ms]
  Passed TallyJ4.Tests.IntegrationTests.ProgramStartupTests.ProtectedEndpoint_RequiresAuthorization [28 ms]
  Passed TallyJ4.Tests.IntegrationTests.ProgramStartupTests.CoreServices_AreRegistered [95 ms]
[xUnit.net 00:00:05.12]       System.InvalidOperationException : The TestServer constructor was not called with a IWebHostBuilder so IWebHost is not available.
[xUnit.net 00:00:05.12]       Stack Trace:
[xUnit.net 00:00:05.12]            at Microsoft.AspNetCore.TestHost.TestServer.get_Host()
[xUnit.net 00:00:05.12]         C:\Users\glenl\.zenflow\worktrees\jan-31-review-f-cad9\TallyJ4.Tests\IntegrationTests\ProgramStartupTests.cs(16,0): at TallyJ4.Tests.IntegrationTests.ProgramStartupTests.Application_StartsSuccessfully()
[xUnit.net 00:00:05.12]            at System.Reflection.MethodBaseInvoker.InterpretedInvoke_Method(Object obj, IntPtr* args)
[xUnit.net 00:00:05.12]            at System.Reflection.MethodBaseInvoker.InvokeWithNoArgs(Object obj, BindingFlags invokeAttr)
[17:01:47 INF] [] Route matched with {action = "Login", controller = "Auth"}. Executing controller action with signature System.Threading.Tasks.Task`1[Microsoft.AspNetCore.Mvc.IActionResult] Login(TallyJ4.Application.DTOs.Auth.LoginRequest) on controller TallyJ4.Backend.Controllers.AuthController (TallyJ4). Microsoft.AspNetCore.Mvc.Infrastructure.ControllerActionInvoker
[17:01:47 INF] [] Route matched with {action = "Login", controller = "Auth"}. Executing controller action with signature System.Threading.Tasks.Task`1[Microsoft.AspNetCore.Mvc.IActionResult] Login(TallyJ4.Application.DTOs.Auth.LoginRequest) on controller TallyJ4.Backend.Controllers.AuthController (TallyJ4). Microsoft.AspNetCore.Mvc.Infrastructure.ControllerActionInvoker
[17:01:47 INF] [] Executed DbCommand (9ms) [Parameters=[@p0='A' (Size = 2) (DbType = AnsiString), @p1=NULL (Size = 50), @p2=NULL (Size = 20) (DbType = AnsiString), @p3='True' (Nullable = true), @p4='True' (Nullable = true), @p5=NULL (Size = 4000), @p6=NULL (Size = 4000), @p7=NULL (Size = 8000) (DbType = AnsiString), @p8='f3e7f136-2323-49fa-984e-f7d71564ca88', @p9=NULL (Size = 250), @p10=NULL (DbType = Int32), @p11='John' (Size = 50), @p12=NULL (Size = 100) (DbType = AnsiString), @p13=NULL (DbType = Boolean), @p14=NULL (DbType = Guid), @p15=NULL (Size = 10) (DbType = AnsiString), @p16='Doe' (Nullable = false) (Size = 50), @p17=NULL (Size = 150), @p18=NULL (Size = 100), @p19=NULL (Size = 100), @p20='6c336a55-7eff-4506-94a4-a9879a5d6f02', @p21=NULL (Size = 25) (DbType = AnsiString), @p22=NULL (DbType = DateTime2), @p23=NULL (Size = 25), @p24=NULL (Size = 25), @p25=NULL (Size = 100) (DbType = AnsiString), @p26=NULL (DbType = Guid), @p27=NULL (Size = 1) (DbType = AnsiString)], CommandType='Text', CommandTimeout='30']
SET IMPLICIT_TRANSACTIONS OFF;
SET NOCOUNT ON;
INSERT INTO [People] ([AgeGroup], [Area], [BahaiId], [CanReceiveVotes], [CanVote], [CombinedInfo], [CombinedInfoAtStart], [CombinedSoundCodes], [ElectionGuid], [Email], [EnvNum], [FirstName], [Flags], [HasOnlineBallot], [IneligibleReasonGuid], [KioskCode], [LastName], [OtherInfo], [OtherLastNames], [OtherNames], [PersonGuid], [Phone], [RegistrationTime], [Teller1], [Teller2], [UnitName], [VotingLocationGuid], [VotingMethod])
OUTPUT INSERTED.[_RowId], INSERTED.[_FullName], INSERTED.[_FullNameFL], INSERTED.[_RowVersion], INSERTED.[_RowVersionInt]
VALUES (@p0, @p1, @p2, @p3, @p4, @p5, @p6, @p7, @p8, @p9, @p10, @p11, @p12, @p13, @p14, @p15, @p16, @p17, @p18, @p19, @p20, @p21, @p22, @p23, @p24, @p25, @p26, @p27); Microsoft.EntityFrameworkCore.Database.Command
[17:01:47 INF] [] Executed DbCommand (2ms) [Parameters=[@normalizedEmail='ADMIN@TALLYJ.COM' (Size = 256)], CommandType='Text', CommandTimeout='30']
SELECT TOP(2) [a].[Id], [a].[AccessFailedCount], [a].[AuthMethod], [a].[ConcurrencyStamp], [a].[Email], [a].[EmailConfirmed], [a].[GoogleId], [a].[LockoutEnabled], [a].[LockoutEnd], [a].[NormalizedEmail], [a].[NormalizedUserName], [a].[PasswordHash], [a].[PasswordResetExpiry], [a].[PasswordResetToken], [a].[PhoneNumber], [a].[PhoneNumberConfirmed], [a].[SecurityStamp], [a].[TwoFactorEnabled], [a].[UserName]
FROM [AspNetUsers] AS [a]
WHERE [a].[NormalizedEmail] = @normalizedEmail Microsoft.EntityFrameworkCore.Database.Command
[17:01:47 INF] [] Executed DbCommand (2ms) [Parameters=[@normalizedEmail='ADMIN@TALLYJ.COM' (Size = 256)], CommandType='Text', CommandTimeout='30']
SELECT TOP(2) [a].[Id], [a].[AccessFailedCount], [a].[AuthMethod], [a].[ConcurrencyStamp], [a].[Email], [a].[EmailConfirmed], [a].[GoogleId], [a].[LockoutEnabled], [a].[LockoutEnd], [a].[NormalizedEmail], [a].[NormalizedUserName], [a].[PasswordHash], [a].[PasswordResetExpiry], [a].[PasswordResetToken], [a].[PhoneNumber], [a].[PhoneNumberConfirmed], [a].[SecurityStamp], [a].[TwoFactorEnabled], [a].[UserName]
FROM [AspNetUsers] AS [a]
WHERE [a].[NormalizedEmail] = @normalizedEmail Microsoft.EntityFrameworkCore.Database.Command
[17:01:47 INF] [] Executed DbCommand (4ms) [Parameters=[], CommandType='Text', CommandTimeout='30']
SELECT [e].[_RowId], [e].[CanReceive], [e].[CanVote], [e].[Convenor], [e].[CustomMethods], [e].[DateOfElection], [e].[ElectionGuid], [e].[ElectionMode], [e].[ElectionPasscode], [e].[ElectionType], [e].[EmailFromAddress], [e].[EmailFromName], [e].[EmailSubject], [e].[EmailText], [e].[Flags], [e].[HidePreBallotPages], [e].[LastEnvNum], [e].[LinkedElectionGuid], [e].[LinkedElectionKind], [e].[ListForPublic], [e].[ListedForPublicAsOf], [e].[MaskVotingMethod], [e].[Name], [e].[NumberExtra], [e].[NumberToElect], [e].[OnlineAnnounced], [e].[OnlineCloseIsEstimate], [e].[OnlineSelectionProcess], [e].[OnlineWhenClose], [e].[OnlineWhenOpen], [e].[OwnerLoginId], [e].[_RowVersion], [e].[ShowAsTest], [e].[ShowFullReport], [e].[SmsText], [e].[TallyStatus], [e].[UseCallInButton], [e].[VotingMethods]
FROM [Elections] AS [e]
WHERE [e].[ShowAsTest] = CAST(1 AS bit) Microsoft.EntityFrameworkCore.Database.Command
[17:01:47 INF] [] Executed DbCommand (1ms) [Parameters=[], CommandType='Text', CommandTimeout='30']
SELECT CASE
    WHEN EXISTS (
        SELECT 1
        FROM [Elections] AS [e]) THEN CAST(1 AS bit)
    ELSE CAST(0 AS bit)
END Microsoft.EntityFrameworkCore.Database.Command
[17:01:47 INF] [] Executed DbCommand (3ms) [Parameters=[], CommandType='Text', CommandTimeout='30']
SELECT CASE
    WHEN EXISTS (
        SELECT 1
        FROM [People] AS [p]) THEN CAST(1 AS bit)
    ELSE CAST(0 AS bit)
END Microsoft.EntityFrameworkCore.Database.Command
[17:01:47 INF] [] Executed DbCommand (2ms) [Parameters=[], CommandType='Text', CommandTimeout='30']
SELECT CASE
    WHEN EXISTS (
        SELECT 1
        FROM [Locations] AS [l]) THEN CAST(1 AS bit)
    ELSE CAST(0 AS bit)
END Microsoft.EntityFrameworkCore.Database.Command
[17:01:47 INF] [] Executed DbCommand (2ms) [Parameters=[], CommandType='Text', CommandTimeout='30']
SELECT CASE
    WHEN EXISTS (
        SELECT 1
        FROM [AspNetUsers] AS [a]) THEN CAST(1 AS bit)
    ELSE CAST(0 AS bit)
END Microsoft.EntityFrameworkCore.Database.Command
[17:01:47 INF] [] Executed DbCommand (2ms) [Parameters=[], CommandType='Text', CommandTimeout='30']
SELECT CASE
    WHEN EXISTS (
        SELECT 1
        FROM [AspNetRoles] AS [a]) THEN CAST(1 AS bit)
    ELSE CAST(0 AS bit)
END Microsoft.EntityFrameworkCore.Database.Command
[17:01:47 INF] [] Executed DbCommand (1ms) [Parameters=[], CommandType='Text', CommandTimeout='30']
SELECT TOP(1) [e].[_RowId], [e].[CanReceive], [e].[CanVote], [e].[Convenor], [e].[CustomMethods], [e].[DateOfElection], [e].[ElectionGuid], [e].[ElectionMode], [e].[ElectionPasscode], [e].[ElectionType], [e].[EmailFromAddress], [e].[EmailFromName], [e].[EmailSubject], [e].[EmailText], [e].[Flags], [e].[HidePreBallotPages], [e].[LastEnvNum], [e].[LinkedElectionGuid], [e].[LinkedElectionKind], [e].[ListForPublic], [e].[ListedForPublicAsOf], [e].[MaskVotingMethod], [e].[Name], [e].[NumberExtra], [e].[NumberToElect], [e].[OnlineAnnounced], [e].[OnlineCloseIsEstimate], [e].[OnlineSelectionProcess], [e].[OnlineWhenClose], [e].[OnlineWhenOpen], [e].[OwnerLoginId], [e].[_RowVersion], [e].[ShowAsTest], [e].[ShowFullReport], [e].[SmsText], [e].[TallyStatus], [e].[UseCallInButton], [e].[VotingMethods]
FROM [Elections] AS [e] Microsoft.EntityFrameworkCore.Database.Command
[17:01:47 INF] [] Executed DbCommand (1ms) [Parameters=[@p0='A' (Size = 2) (DbType = AnsiString), @p1=NULL (Size = 50), @p2=NULL (Size = 20) (DbType = AnsiString), @p3='True' (Nullable = true), @p4='True' (Nullable = true), @p5=NULL (Size = 4000), @p6=NULL (Size = 4000), @p7=NULL (Size = 8000) (DbType = AnsiString), @p8='f3e7f136-2323-49fa-984e-f7d71564ca88', @p9=NULL (Size = 250), @p10=NULL (DbType = Int32), @p11='Test' (Size = 50), @p12=NULL (Size = 100) (DbType = AnsiString), @p13=NULL (DbType = Boolean), @p14=NULL (DbType = Guid), @p15=NULL (Size = 10) (DbType = AnsiString), @p16='Person' (Nullable = false) (Size = 50), @p17=NULL (Size = 150), @p18=NULL (Size = 100), @p19=NULL (Size = 100), @p20='15da4192-fdc9-43c9-9a0c-b9e4bd98b6bb', @p21=NULL (Size = 25) (DbType = AnsiString), @p22=NULL (DbType = DateTime2), @p23=NULL (Size = 25), @p24=NULL (Size = 25), @p25=NULL (Size = 100) (DbType = AnsiString), @p26=NULL (DbType = Guid), @p27=NULL (Size = 1) (DbType = AnsiString)], CommandType='Text', CommandTimeout='30']
SET IMPLICIT_TRANSACTIONS OFF;
SET NOCOUNT ON;
INSERT INTO [People] ([AgeGroup], [Area], [BahaiId], [CanReceiveVotes], [CanVote], [CombinedInfo], [CombinedInfoAtStart], [CombinedSoundCodes], [ElectionGuid], [Email], [EnvNum], [FirstName], [Flags], [HasOnlineBallot], [IneligibleReasonGuid], [KioskCode], [LastName], [OtherInfo], [OtherLastNames], [OtherNames], [PersonGuid], [Phone], [RegistrationTime], [Teller1], [Teller2], [UnitName], [VotingLocationGuid], [VotingMethod])
OUTPUT INSERTED.[_RowId], INSERTED.[_FullName], INSERTED.[_FullNameFL], INSERTED.[_RowVersion], INSERTED.[_RowVersionInt]
VALUES (@p0, @p1, @p2, @p3, @p4, @p5, @p6, @p7, @p8, @p9, @p10, @p11, @p12, @p13, @p14, @p15, @p16, @p17, @p18, @p19, @p20, @p21, @p22, @p23, @p24, @p25, @p26, @p27); Microsoft.EntityFrameworkCore.Database.Command
[17:01:48 INF] [] Executed DbCommand (3ms) [Parameters=[@p0='2026-02-01T00:01:47.9980356Z', @p1='2026-03-03T00:01:47.9979867Z', @p2='False', @p3=NULL (Size = 4000), @p4=NULL (Size = 4000), @p5='gX1fsnTqZAPf27F+QO9VZ37ajDmpi33Sp8XB2QA7m2w=' (Nullable = false) (Size = 200), @p6='42b1eb96-0f4d-470c-ac86-d20959443bd4' (Nullable = false) (Size = 450)], CommandType='Text', CommandTimeout='30']
SET IMPLICIT_TRANSACTIONS OFF;
SET NOCOUNT ON;
INSERT INTO [RefreshToken] ([CreatedAt], [ExpiresAt], [IsRevoked], [ReplacedByToken], [RevokedReason], [Token], [UserId])
OUTPUT INSERTED.[_RowId], INSERTED.[_RowVersion]
VALUES (@p0, @p1, @p2, @p3, @p4, @p5, @p6); Microsoft.EntityFrameworkCore.Database.Command
[17:01:48 INF] [] Executed DbCommand (3ms) [Parameters=[@p0='2026-02-01T00:01:47.9980334Z', @p1='2026-03-03T00:01:47.9979834Z', @p2='False', @p3=NULL (Size = 4000), @p4=NULL (Size = 4000), @p5='tsDTiNWsH+S3nvZyr0EF8DwdnT+ezVJdrLsc0FmPYcA=' (Nullable = false) (Size = 200), @p6='8db6f7f8-61a4-48ea-938e-4117e78f2950' (Nullable = false) (Size = 450)], CommandType='Text', CommandTimeout='30']
SET IMPLICIT_TRANSACTIONS OFF;
SET NOCOUNT ON;
INSERT INTO [RefreshToken] ([CreatedAt], [ExpiresAt], [IsRevoked], [ReplacedByToken], [RevokedReason], [Token], [UserId])
OUTPUT INSERTED.[_RowId], INSERTED.[_RowVersion]
VALUES (@p0, @p1, @p2, @p3, @p4, @p5, @p6); Microsoft.EntityFrameworkCore.Database.Command
[17:01:48 INF] [] Executing OkObjectResult, writing value of type 'TallyJ4.Application.DTOs.Auth.AuthResponse'. Microsoft.AspNetCore.Mvc.Infrastructure.ObjectResultExecutor
[17:01:48 INF] [] Executing OkObjectResult, writing value of type 'TallyJ4.Application.DTOs.Auth.AuthResponse'. Microsoft.AspNetCore.Mvc.Infrastructure.ObjectResultExecutor
[17:01:48 INF] [] Executed action TallyJ4.Backend.Controllers.AuthController.Login (TallyJ4) in 170.9335ms Microsoft.AspNetCore.Mvc.Infrastructure.ControllerActionInvoker
[17:01:48 INF] [] Executed action TallyJ4.Backend.Controllers.AuthController.Login (TallyJ4) in 170.9335ms Microsoft.AspNetCore.Mvc.Infrastructure.ControllerActionInvoker
[17:01:48 INF] [] Executed endpoint 'TallyJ4.Backend.Controllers.AuthController.Login (TallyJ4)' Microsoft.AspNetCore.Routing.EndpointMiddleware
[17:01:48 INF] [] Executed endpoint 'TallyJ4.Backend.Controllers.AuthController.Login (TallyJ4)' Microsoft.AspNetCore.Routing.EndpointMiddleware
[17:01:48 INF] [] Request finished HTTP/1.1 POST http://localhost/api/auth/login - 200 null application/json; charset=utf-8 226.2371ms Microsoft.AspNetCore.Hosting.Diagnostics
[17:01:48 INF] [] Request finished HTTP/1.1 POST http://localhost/api/auth/login - 200 null application/json; charset=utf-8 226.2366ms Microsoft.AspNetCore.Hosting.Diagnostics
[TEST] Got auth token: eyJhbGciOiJIUzI1NiIsInR5cCI6IkpXVCJ9.eyJzdWIiOiI4Z...
[TEST] Got auth token: eyJhbGciOiJIUzI1NiIsInR5cCI6IkpXVCJ9.eyJzdWIiOiI0M...
[TEST] SetAuthToken called with token length: 355, starts with 'eyJ': True
[TEST] SetAuthToken called with token length: 355, starts with 'eyJ': True
[TEST] Client.DefaultRequestHeaders.Authorization set to: Bearer eyJhbGciOiJIUzI1NiIsInR5cCI6IkpXVCJ9.eyJzdWIiOiI4ZGI2ZjdmOC02MWE0LTQ4ZWEtOTM4ZS00MTE3ZTc4ZjI5NTAiLCJlbWFpbCI6ImFkbWluQHRhbGx5ai5jb20iLCJhdXRoTWV0aG9kIjoiTG9jYWwiLCJqdGkiOiJjZjcwZjYxZC02ZGY1LTRhNzItYTNjMi03OGQyODRhNmY1YzciLCJleHAiOjE3Njk5MDc3MDcsImlzcyI6IlRhbGx5SjRUZXN0QVBJIiwiYXVkIjoiVGFsbHlKNFRlc3RDbGllbnQifQ.D_7Efmcm0IWyRovWsGG_tx6W-GPTPHBFMNu4Y9E3hMo
[TEST] Client.DefaultRequestHeaders.Authorization set to: Bearer eyJhbGciOiJIUzI1NiIsInR5cCI6IkpXVCJ9.eyJzdWIiOiI0MmIxZWI5Ni0wZjRkLTQ3MGMtYWM4Ni1kMjA5NTk0NDNiZDQiLCJlbWFpbCI6ImFkbWluQHRhbGx5ai5jb20iLCJhdXRoTWV0aG9kIjoiTG9jYWwiLCJqdGkiOiIyZmU2MDc1MC1iNjRiLTRjZTctYjZiNC00ZWExZjhiMWM1ZGEiLCJleHAiOjE3Njk5MDc3MDcsImlzcyI6IlRhbGx5SjRUZXN0QVBJIiwiYXVkIjoiVGFsbHlKNFRlc3RDbGllbnQifQ.ZTNWEZkF7jDz98l2-NETO5irfCL7dGTRfdbcEOjpUhQ
[TEST] POST /api/elections with auth header: Bearer eyJhbGciOiJIUzI1NiIsInR5cCI6Ik...
[TEST] POST /api/elections with auth header: Bearer eyJhbGciOiJIUzI1NiIsInR5cCI6Ik...
[17:01:48 INF] [] Request starting HTTP/1.1 POST http://localhost/api/elections - application/json; charset=utf-8 239 Microsoft.AspNetCore.Hosting.Diagnostics
[17:01:48 INF] [] Request starting HTTP/1.1 POST http://localhost/api/elections - application/json; charset=utf-8 227 Microsoft.AspNetCore.Hosting.Diagnostics
[17:01:48 INF] [] JWT Message received - Header: True, HasBearer: True, TokenLength: 355, ActualHeader: 'Bearer eyJhbGciOiJIUzI1NiIsInR5cCI6IkpXVCJ9.eyJzdWIiOiI4ZGI2ZjdmOC02MWE0LTQ4ZWEtOTM4ZS00MTE3ZTc4ZjI5...' 
[17:01:48 INF] [] JWT Message received - Header: True, HasBearer: True, TokenLength: 355, ActualHeader: 'Bearer eyJhbGciOiJIUzI1NiIsInR5cCI6IkpXVCJ9.eyJzdWIiOiI0MmIxZWI5Ni0wZjRkLTQ3MGMtYWM4Ni1kMjA5NTk0NDNi...' 
[17:01:48 INF] [] JWT Token validated successfully for user: 8db6f7f8-61a4-48ea-938e-4117e78f2950 
[17:01:48 INF] [] JWT Token validated successfully for user: 42b1eb96-0f4d-470c-ac86-d20959443bd4 
[17:01:48 INF] [] Executing endpoint 'TallyJ4.Backend.Controllers.ElectionsController.CreateElection (TallyJ4)' Microsoft.AspNetCore.Routing.EndpointMiddleware
[17:01:48 INF] [] Executing endpoint 'TallyJ4.Backend.Controllers.ElectionsController.CreateElection (TallyJ4)' Microsoft.AspNetCore.Routing.EndpointMiddleware
[17:01:48 INF] [] Route matched with {action = "CreateElection", controller = "Elections"}. Executing controller action with signature System.Threading.Tasks.Task`1[Microsoft.AspNetCore.Mvc.ActionResult`1[TallyJ4.Models.ApiResponse`1[TallyJ4.DTOs.Elections.ElectionDto]]] CreateElection(TallyJ4.DTOs.Elections.CreateElectionDto) on controller TallyJ4.Backend.Controllers.ElectionsController (TallyJ4). Microsoft.AspNetCore.Mvc.Infrastructure.ControllerActionInvoker
[17:01:48 INF] [] Route matched with {action = "CreateElection", controller = "Elections"}. Executing controller action with signature System.Threading.Tasks.Task`1[Microsoft.AspNetCore.Mvc.ActionResult`1[TallyJ4.Models.ApiResponse`1[TallyJ4.DTOs.Elections.ElectionDto]]] CreateElection(TallyJ4.DTOs.Elections.CreateElectionDto) on controller TallyJ4.Backend.Controllers.ElectionsController (TallyJ4). Microsoft.AspNetCore.Mvc.Infrastructure.ControllerActionInvoker
[17:01:48 INF] [] Executed DbCommand (3ms) [Parameters=[@p0=NULL (Size = 1) (DbType = AnsiString), @p1=NULL (Size = 1) (DbType = AnsiString), @p2=NULL (Size = 150), @p3=NULL (Size = 50), @p4='2026-03-03T00:01:48.0633584Z' (Nullable = true), @p5='045283f6-e9a1-418b-886b-3954083d12f9', @p6=NULL (Size = 1) (DbType = AnsiString), @p7=NULL (Size = 50), @p8='STV' (Size = 5) (DbType = AnsiString), @p9=NULL (Size = 250), @p10=NULL (Size = 100), @p11=NULL (Size = 250), @p12=NULL (Size = 4000), @p13=NULL (Size = 4000), @p14=NULL (DbType = Boolean), @p15=NULL (DbType = Int32), @p16=NULL (DbType = Guid), @p17=NULL (Size = 2) (DbType = AnsiString), @p18=NULL (DbType = Boolean), @p19=NULL (DbType = DateTime2), @p20=NULL (DbType = Boolean), @p21='Test Election for Results' (Nullable = false) (Size = 150), @p22=NULL (DbType = Int32), @p23='3' (Nullable = true), @p24=NULL (DbType = DateTime2), @p25='False', @p26=NULL (Size = 1) (DbType = AnsiString), @p27=NULL (DbType = DateTime2), @p28=NULL (DbType = DateTime2), @p29=NULL (Size = 50) (DbType = AnsiString), @p30=NULL (DbType = Boolean), @p31=NULL (DbType = Boolean), @p32=NULL (Size = 500), @p33='Setup' (Size = 15) (DbType = AnsiString), @p34=NULL (DbType = Boolean), @p35=NULL (Size = 10) (DbType = AnsiString)], CommandType='Text', CommandTimeout='30']
SET IMPLICIT_TRANSACTIONS OFF;
SET NOCOUNT ON;
INSERT INTO [Elections] ([CanReceive], [CanVote], [Convenor], [CustomMethods], [DateOfElection], [ElectionGuid], [ElectionMode], [ElectionPasscode], [ElectionType], [EmailFromAddress], [EmailFromName], [EmailSubject], [EmailText], [Flags], [HidePreBallotPages], [LastEnvNum], [LinkedElectionGuid], [LinkedElectionKind], [ListForPublic], [ListedForPublicAsOf], [MaskVotingMethod], [Name], [NumberExtra], [NumberToElect], [OnlineAnnounced], [OnlineCloseIsEstimate], [OnlineSelectionProcess], [OnlineWhenClose], [OnlineWhenOpen], [OwnerLoginId], [ShowAsTest], [ShowFullReport], [SmsText], [TallyStatus], [UseCallInButton], [VotingMethods])
OUTPUT INSERTED.[_RowId], INSERTED.[_RowVersion]
VALUES (@p0, @p1, @p2, @p3, @p4, @p5, @p6, @p7, @p8, @p9, @p10, @p11, @p12, @p13, @p14, @p15, @p16, @p17, @p18, @p19, @p20, @p21, @p22, @p23, @p24, @p25, @p26, @p27, @p28, @p29, @p30, @p31, @p32, @p33, @p34, @p35); Microsoft.EntityFrameworkCore.Database.Command
[17:01:48 INF] [] Executed DbCommand (3ms) [Parameters=[@p0=NULL (Size = 1) (DbType = AnsiString), @p1=NULL (Size = 1) (DbType = AnsiString), @p2=NULL (Size = 150), @p3=NULL (Size = 50), @p4='2026-03-03T00:01:48.0625738Z' (Nullable = true), @p5='6cd1abca-8b17-4d8e-b69c-8d4eec402c84', @p6=NULL (Size = 1) (DbType = AnsiString), @p7=NULL (Size = 50), @p8='STV' (Size = 5) (DbType = AnsiString), @p9=NULL (Size = 250), @p10=NULL (Size = 100), @p11=NULL (Size = 250), @p12=NULL (Size = 4000), @p13=NULL (Size = 4000), @p14=NULL (DbType = Boolean), @p15=NULL (DbType = Int32), @p16=NULL (DbType = Guid), @p17=NULL (Size = 2) (DbType = AnsiString), @p18=NULL (DbType = Boolean), @p19=NULL (DbType = DateTime2), @p20=NULL (DbType = Boolean), @p21='Original Name' (Nullable = false) (Size = 150), @p22=NULL (DbType = Int32), @p23='3' (Nullable = true), @p24=NULL (DbType = DateTime2), @p25='False', @p26=NULL (Size = 1) (DbType = AnsiString), @p27=NULL (DbType = DateTime2), @p28=NULL (DbType = DateTime2), @p29=NULL (Size = 50) (DbType = AnsiString), @p30=NULL (DbType = Boolean), @p31=NULL (DbType = Boolean), @p32=NULL (Size = 500), @p33='Setup' (Size = 15) (DbType = AnsiString), @p34=NULL (DbType = Boolean), @p35=NULL (Size = 10) (DbType = AnsiString)], CommandType='Text', CommandTimeout='30']
SET IMPLICIT_TRANSACTIONS OFF;
SET NOCOUNT ON;
INSERT INTO [Elections] ([CanReceive], [CanVote], [Convenor], [CustomMethods], [DateOfElection], [ElectionGuid], [ElectionMode], [ElectionPasscode], [ElectionType], [EmailFromAddress], [EmailFromName], [EmailSubject], [EmailText], [Flags], [HidePreBallotPages], [LastEnvNum], [LinkedElectionGuid], [LinkedElectionKind], [ListForPublic], [ListedForPublicAsOf], [MaskVotingMethod], [Name], [NumberExtra], [NumberToElect], [OnlineAnnounced], [OnlineCloseIsEstimate], [OnlineSelectionProcess], [OnlineWhenClose], [OnlineWhenOpen], [OwnerLoginId], [ShowAsTest], [ShowFullReport], [SmsText], [TallyStatus], [UseCallInButton], [VotingMethods])
OUTPUT INSERTED.[_RowId], INSERTED.[_RowVersion]
VALUES (@p0, @p1, @p2, @p3, @p4, @p5, @p6, @p7, @p8, @p9, @p10, @p11, @p12, @p13, @p14, @p15, @p16, @p17, @p18, @p19, @p20, @p21, @p22, @p23, @p24, @p25, @p26, @p27, @p28, @p29, @p30, @p31, @p32, @p33, @p34, @p35); Microsoft.EntityFrameworkCore.Database.Command
[17:01:48 INF] [] Executed DbCommand (3ms) [Parameters=[@p0='045283f6-e9a1-418b-886b-3954083d12f9', @p1=NULL (Size = 150), @p2=NULL (DbType = DateTime2), @p3='Admin' (Size = 10) (DbType = AnsiString), @p4='8db6f7f8-61a4-48ea-938e-4117e78f2950'], CommandType='Text', CommandTimeout='30']
SET IMPLICIT_TRANSACTIONS OFF;
SET NOCOUNT ON;
INSERT INTO [JoinElectionUsers] ([ElectionGuid], [InviteEmail], [InviteWhen], [Role], [UserId])
OUTPUT INSERTED.[_RowId]
VALUES (@p0, @p1, @p2, @p3, @p4); Microsoft.EntityFrameworkCore.Database.Command
[17:01:48 INF] [] Executed DbCommand (3ms) [Parameters=[@p0='6cd1abca-8b17-4d8e-b69c-8d4eec402c84', @p1=NULL (Size = 150), @p2=NULL (DbType = DateTime2), @p3='Admin' (Size = 10) (DbType = AnsiString), @p4='42b1eb96-0f4d-470c-ac86-d20959443bd4'], CommandType='Text', CommandTimeout='30']
SET IMPLICIT_TRANSACTIONS OFF;
SET NOCOUNT ON;
INSERT INTO [JoinElectionUsers] ([ElectionGuid], [InviteEmail], [InviteWhen], [Role], [UserId])
OUTPUT INSERTED.[_RowId]
VALUES (@p0, @p1, @p2, @p3, @p4); Microsoft.EntityFrameworkCore.Database.Command
[17:01:48 INF] [] Created election 045283f6-e9a1-418b-886b-3954083d12f9 - Test Election for Results TallyJ4.Services.ElectionService
[17:01:48 INF] [] Created election 6cd1abca-8b17-4d8e-b69c-8d4eec402c84 - Original Name TallyJ4.Services.ElectionService
[17:01:48 WRN] [] Compiling a query which loads related collections for more than one collection navigation, either via 'Include' or through projection, but no 'QuerySplittingBehavior' has been configured. By default, Entity Framework will use 'QuerySplittingBehavior.SingleQuery', which can potentially result in slow query performance. See https://go.microsoft.com/fwlink/?linkid=2134277 for more information. To identify the query that's triggering this warning call 'ConfigureWarnings(w => w.Throw(RelationalEventId.MultipleCollectionIncludeWarning))'. Microsoft.EntityFrameworkCore.Query
[17:01:48 INF] [] Executed DbCommand (10ms) [Parameters=[@electionGuid='045283f6-e9a1-418b-886b-3954083d12f9'], CommandType='Text', CommandTimeout='30']
SELECT [e0].[_RowId], [e0].[CanReceive], [e0].[CanVote], [e0].[Convenor], [e0].[CustomMethods], [e0].[DateOfElection], [e0].[ElectionGuid], [e0].[ElectionMode], [e0].[ElectionPasscode], [e0].[ElectionType], [e0].[EmailFromAddress], [e0].[EmailFromName], [e0].[EmailSubject], [e0].[EmailText], [e0].[Flags], [e0].[HidePreBallotPages], [e0].[LastEnvNum], [e0].[LinkedElectionGuid], [e0].[LinkedElectionKind], [e0].[ListForPublic], [e0].[ListedForPublicAsOf], [e0].[MaskVotingMethod], [e0].[Name], [e0].[NumberExtra], [e0].[NumberToElect], [e0].[OnlineAnnounced], [e0].[OnlineCloseIsEstimate], [e0].[OnlineSelectionProcess], [e0].[OnlineWhenClose], [e0].[OnlineWhenOpen], [e0].[OwnerLoginId], [e0].[_RowVersion], [e0].[ShowAsTest], [e0].[ShowFullReport], [e0].[SmsText], [e0].[TallyStatus], [e0].[UseCallInButton], [e0].[VotingMethods], [p].[_RowId], [p].[AgeGroup], [p].[Area], [p].[BahaiId], [p].[CanReceiveVotes], [p].[CanVote], [p].[CombinedInfo], [p].[CombinedInfoAtStart], [p].[CombinedSoundCodes], [p].[ElectionGuid], [p].[Email], [p].[EnvNum], [p].[FirstName], [p].[Flags], [p].[_FullName], [p].[_FullNameFL], [p].[HasOnlineBallot], [p].[IneligibleReasonGuid], [p].[KioskCode], [p].[LastName], [p].[OtherInfo], [p].[OtherLastNames], [p].[OtherNames], [p].[PersonGuid], [p].[Phone], [p].[RegistrationTime], [p].[_RowVersion], [p].[_RowVersionInt], [p].[Teller1], [p].[Teller2], [p].[UnitName], [p].[VotingLocationGuid], [p].[VotingMethod], [s].[_RowId], [s].[BallotsCollected], [s].[ContactInfo], [s].[ElectionGuid], [s].[Lat], [s].[LocationGuid], [s].[Long], [s].[Name], [s].[SortOrder], [s].[TallyStatus], [s].[_RowId0], [s].[_BallotCode], [s].[BallotGuid], [s].[BallotNumAtComputer], [s].[ComputerCode], [s].[LocationGuid0], [s].[_RowVersion], [s].[StatusCode], [s].[Teller1], [s].[Teller2]
FROM (
    SELECT TOP(1) [e].[_RowId], [e].[CanReceive], [e].[CanVote], [e].[Convenor], [e].[CustomMethods], [e].[DateOfElection], [e].[ElectionGuid], [e].[ElectionMode], [e].[ElectionPasscode], [e].[ElectionType], [e].[EmailFromAddress], [e].[EmailFromName], [e].[EmailSubject], [e].[EmailText], [e].[Flags], [e].[HidePreBallotPages], [e].[LastEnvNum], [e].[LinkedElectionGuid], [e].[LinkedElectionKind], [e].[ListForPublic], [e].[ListedForPublicAsOf], [e].[MaskVotingMethod], [e].[Name], [e].[NumberExtra], [e].[NumberToElect], [e].[OnlineAnnounced], [e].[OnlineCloseIsEstimate], [e].[OnlineSelectionProcess], [e].[OnlineWhenClose], [e].[OnlineWhenOpen], [e].[OwnerLoginId], [e].[_RowVersion], [e].[ShowAsTest], [e].[ShowFullReport], [e].[SmsText], [e].[TallyStatus], [e].[UseCallInButton], [e].[VotingMethods]
    FROM [Elections] AS [e]
    WHERE [e].[ElectionGuid] = @electionGuid
) AS [e0]
LEFT JOIN [People] AS [p] ON [e0].[ElectionGuid] = [p].[ElectionGuid]
LEFT JOIN (
    SELECT [l].[_RowId], [l].[BallotsCollected], [l].[ContactInfo], [l].[ElectionGuid], [l].[Lat], [l].[LocationGuid], [l].[Long], [l].[Name], [l].[SortOrder], [l].[TallyStatus], [b].[_RowId] AS [_RowId0], [b].[_BallotCode], [b].[BallotGuid], [b].[BallotNumAtComputer], [b].[ComputerCode], [b].[LocationGuid] AS [LocationGuid0], [b].[_RowVersion], [b].[StatusCode], [b].[Teller1], [b].[Teller2]
    FROM [Locations] AS [l]
    LEFT JOIN [Ballots] AS [b] ON [l].[LocationGuid] = [b].[LocationGuid]
) AS [s] ON [e0].[ElectionGuid] = [s].[ElectionGuid]
ORDER BY [e0].[_RowId], [p].[_RowId], [s].[_RowId] Microsoft.EntityFrameworkCore.Database.Command
[17:01:48 INF] [] Executed DbCommand (13ms) [Parameters=[@electionGuid='6cd1abca-8b17-4d8e-b69c-8d4eec402c84'], CommandType='Text', CommandTimeout='30']
SELECT [e0].[_RowId], [e0].[CanReceive], [e0].[CanVote], [e0].[Convenor], [e0].[CustomMethods], [e0].[DateOfElection], [e0].[ElectionGuid], [e0].[ElectionMode], [e0].[ElectionPasscode], [e0].[ElectionType], [e0].[EmailFromAddress], [e0].[EmailFromName], [e0].[EmailSubject], [e0].[EmailText], [e0].[Flags], [e0].[HidePreBallotPages], [e0].[LastEnvNum], [e0].[LinkedElectionGuid], [e0].[LinkedElectionKind], [e0].[ListForPublic], [e0].[ListedForPublicAsOf], [e0].[MaskVotingMethod], [e0].[Name], [e0].[NumberExtra], [e0].[NumberToElect], [e0].[OnlineAnnounced], [e0].[OnlineCloseIsEstimate], [e0].[OnlineSelectionProcess], [e0].[OnlineWhenClose], [e0].[OnlineWhenOpen], [e0].[OwnerLoginId], [e0].[_RowVersion], [e0].[ShowAsTest], [e0].[ShowFullReport], [e0].[SmsText], [e0].[TallyStatus], [e0].[UseCallInButton], [e0].[VotingMethods], [p].[_RowId], [p].[AgeGroup], [p].[Area], [p].[BahaiId], [p].[CanReceiveVotes], [p].[CanVote], [p].[CombinedInfo], [p].[CombinedInfoAtStart], [p].[CombinedSoundCodes], [p].[ElectionGuid], [p].[Email], [p].[EnvNum], [p].[FirstName], [p].[Flags], [p].[_FullName], [p].[_FullNameFL], [p].[HasOnlineBallot], [p].[IneligibleReasonGuid], [p].[KioskCode], [p].[LastName], [p].[OtherInfo], [p].[OtherLastNames], [p].[OtherNames], [p].[PersonGuid], [p].[Phone], [p].[RegistrationTime], [p].[_RowVersion], [p].[_RowVersionInt], [p].[Teller1], [p].[Teller2], [p].[UnitName], [p].[VotingLocationGuid], [p].[VotingMethod], [s].[_RowId], [s].[BallotsCollected], [s].[ContactInfo], [s].[ElectionGuid], [s].[Lat], [s].[LocationGuid], [s].[Long], [s].[Name], [s].[SortOrder], [s].[TallyStatus], [s].[_RowId0], [s].[_BallotCode], [s].[BallotGuid], [s].[BallotNumAtComputer], [s].[ComputerCode], [s].[LocationGuid0], [s].[_RowVersion], [s].[StatusCode], [s].[Teller1], [s].[Teller2]
FROM (
    SELECT TOP(1) [e].[_RowId], [e].[CanReceive], [e].[CanVote], [e].[Convenor], [e].[CustomMethods], [e].[DateOfElection], [e].[ElectionGuid], [e].[ElectionMode], [e].[ElectionPasscode], [e].[ElectionType], [e].[EmailFromAddress], [e].[EmailFromName], [e].[EmailSubject], [e].[EmailText], [e].[Flags], [e].[HidePreBallotPages], [e].[LastEnvNum], [e].[LinkedElectionGuid], [e].[LinkedElectionKind], [e].[ListForPublic], [e].[ListedForPublicAsOf], [e].[MaskVotingMethod], [e].[Name], [e].[NumberExtra], [e].[NumberToElect], [e].[OnlineAnnounced], [e].[OnlineCloseIsEstimate], [e].[OnlineSelectionProcess], [e].[OnlineWhenClose], [e].[OnlineWhenOpen], [e].[OwnerLoginId], [e].[_RowVersion], [e].[ShowAsTest], [e].[ShowFullReport], [e].[SmsText], [e].[TallyStatus], [e].[UseCallInButton], [e].[VotingMethods]
    FROM [Elections] AS [e]
    WHERE [e].[ElectionGuid] = @electionGuid
) AS [e0]
LEFT JOIN [People] AS [p] ON [e0].[ElectionGuid] = [p].[ElectionGuid]
LEFT JOIN (
    SELECT [l].[_RowId], [l].[BallotsCollected], [l].[ContactInfo], [l].[ElectionGuid], [l].[Lat], [l].[LocationGuid], [l].[Long], [l].[Name], [l].[SortOrder], [l].[TallyStatus], [b].[_RowId] AS [_RowId0], [b].[_BallotCode], [b].[BallotGuid], [b].[BallotNumAtComputer], [b].[ComputerCode], [b].[LocationGuid] AS [LocationGuid0], [b].[_RowVersion], [b].[StatusCode], [b].[Teller1], [b].[Teller2]
    FROM [Locations] AS [l]
    LEFT JOIN [Ballots] AS [b] ON [l].[LocationGuid] = [b].[LocationGuid]
) AS [s] ON [e0].[ElectionGuid] = [s].[ElectionGuid]
ORDER BY [e0].[_RowId], [p].[_RowId], [s].[_RowId] Microsoft.EntityFrameworkCore.Database.Command
[17:01:48 INF] [] Executing CreatedAtActionResult, writing value of type 'TallyJ4.Models.ApiResponse`1[[TallyJ4.DTOs.Elections.ElectionDto, TallyJ4, Version=1.0.0.0, Culture=neutral, PublicKeyToken=null]]'. Microsoft.AspNetCore.Mvc.Infrastructure.ObjectResultExecutor
[17:01:48 INF] [] Executing CreatedAtActionResult, writing value of type 'TallyJ4.Models.ApiResponse`1[[TallyJ4.DTOs.Elections.ElectionDto, TallyJ4, Version=1.0.0.0, Culture=neutral, PublicKeyToken=null]]'. Microsoft.AspNetCore.Mvc.Infrastructure.ObjectResultExecutor
[17:01:48 INF] [] Executed action TallyJ4.Backend.Controllers.ElectionsController.CreateElection (TallyJ4) in 269.562ms Microsoft.AspNetCore.Mvc.Infrastructure.ControllerActionInvoker
[17:01:48 INF] [] Executed action TallyJ4.Backend.Controllers.ElectionsController.CreateElection (TallyJ4) in 269.5311ms Microsoft.AspNetCore.Mvc.Infrastructure.ControllerActionInvoker
[17:01:48 INF] [] Executed endpoint 'TallyJ4.Backend.Controllers.ElectionsController.CreateElection (TallyJ4)' Microsoft.AspNetCore.Routing.EndpointMiddleware
[17:01:48 INF] [] Executed endpoint 'TallyJ4.Backend.Controllers.ElectionsController.CreateElection (TallyJ4)' Microsoft.AspNetCore.Routing.EndpointMiddleware
[17:01:48 INF] [] Request finished HTTP/1.1 POST http://localhost/api/elections - 201 null application/json; charset=utf-8 321.1688ms Microsoft.AspNetCore.Hosting.Diagnostics
[17:01:48 INF] [] Request finished HTTP/1.1 POST http://localhost/api/elections - 201 null application/json; charset=utf-8 321.1694ms Microsoft.AspNetCore.Hosting.Diagnostics
[17:01:48 INF] [] Request starting HTTP/1.1 PUT http://localhost/api/elections/6cd1abca-8b17-4d8e-b69c-8d4eec402c84 - application/json; charset=utf-8 257 Microsoft.AspNetCore.Hosting.Diagnostics
[17:01:48 INF] [] JWT Message received - Header: True, HasBearer: True, TokenLength: 355, ActualHeader: 'Bearer eyJhbGciOiJIUzI1NiIsInR5cCI6IkpXVCJ9.eyJzdWIiOiI0MmIxZWI5Ni0wZjRkLTQ3MGMtYWM4Ni1kMjA5NTk0NDNi...' 
[17:01:48 INF] [] JWT Token validated successfully for user: 42b1eb96-0f4d-470c-ac86-d20959443bd4 
[17:01:48 WRN] [] ***** ElectionAccessHandler.HandleRequirementAsync called ***** TallyJ4.Authorization.ElectionAccessHandler
[17:01:48 INF] [] ElectionAccess: Checking access for user 42b1eb96-0f4d-470c-ac86-d20959443bd4 TallyJ4.Authorization.ElectionAccessHandler
[17:01:48 WRN] [] ***** Resource type: DefaultHttpContext, RouteData available: True TallyJ4.Authorization.ElectionAccessHandler
[17:01:48 INF] [] ElectionAccess: Checking access to election 6cd1abca-8b17-4d8e-b69c-8d4eec402c84 for user 42b1eb96-0f4d-470c-ac86-d20959443bd4 TallyJ4.Authorization.ElectionAccessHandler
[17:01:48 INF] [] Executed DbCommand (2ms) [Parameters=[@electionGuid='6cd1abca-8b17-4d8e-b69c-8d4eec402c84'], CommandType='Text', CommandTimeout='30']
SELECT CASE
    WHEN EXISTS (
        SELECT 1
        FROM [Elections] AS [e]
        WHERE [e].[ElectionGuid] = @electionGuid) THEN CAST(1 AS bit)
    ELSE CAST(0 AS bit)
END Microsoft.EntityFrameworkCore.Database.Command
[17:01:48 INF] [] Executed DbCommand (4ms) [Parameters=[@electionGuid='6cd1abca-8b17-4d8e-b69c-8d4eec402c84', @userId='42b1eb96-0f4d-470c-ac86-d20959443bd4'], CommandType='Text', CommandTimeout='30']
SELECT CASE
    WHEN EXISTS (
        SELECT 1
        FROM [JoinElectionUsers] AS [j]
        WHERE [j].[ElectionGuid] = @electionGuid AND [j].[UserId] = @userId) THEN CAST(1 AS bit)
    ELSE CAST(0 AS bit)
END Microsoft.EntityFrameworkCore.Database.Command
[17:01:48 INF] [] ElectionAccess: User 42b1eb96-0f4d-470c-ac86-d20959443bd4 access to election 6cd1abca-8b17-4d8e-b69c-8d4eec402c84: True TallyJ4.Authorization.ElectionAccessHandler
[17:01:48 INF] [] Executing endpoint 'TallyJ4.Backend.Controllers.ElectionsController.UpdateElection (TallyJ4)' Microsoft.AspNetCore.Routing.EndpointMiddleware
[17:01:48 INF] [] Executed DbCommand (3ms) [Parameters=[@p0=NULL (DbType = Int32), @p1=NULL (Size = 250), @p2='045283f6-e9a1-418b-886b-3954083d12f9', @p3=NULL (Size = 50) (DbType = AnsiString), @p4='a5ff9abf-178c-492d-bed2-78c3fa78f44d', @p5=NULL (Size = 50) (DbType = AnsiString), @p6='Test Location' (Nullable = false) (Size = 50), @p7=NULL (DbType = Int32), @p8=NULL (Size = 15) (DbType = AnsiString)], CommandType='Text', CommandTimeout='30']
SET IMPLICIT_TRANSACTIONS OFF;
SET NOCOUNT ON;
INSERT INTO [Locations] ([BallotsCollected], [ContactInfo], [ElectionGuid], [Lat], [LocationGuid], [Long], [Name], [SortOrder], [TallyStatus])
OUTPUT INSERTED.[_RowId]
VALUES (@p0, @p1, @p2, @p3, @p4, @p5, @p6, @p7, @p8); Microsoft.EntityFrameworkCore.Database.Command
[17:01:48 INF] [] Route matched with {action = "UpdateElection", controller = "Elections"}. Executing controller action with signature System.Threading.Tasks.Task`1[Microsoft.AspNetCore.Mvc.ActionResult`1[TallyJ4.Models.ApiResponse`1[TallyJ4.DTOs.Elections.ElectionDto]]] UpdateElection(System.Guid, TallyJ4.DTOs.Elections.UpdateElectionDto) on controller TallyJ4.Backend.Controllers.ElectionsController (TallyJ4). Microsoft.AspNetCore.Mvc.Infrastructure.ControllerActionInvoker
[17:01:48 INF] [] Executed DbCommand (20ms) [Parameters=[@p0=NULL (Size = 2) (DbType = AnsiString), @p1=NULL (Size = 50), @p2=NULL (Size = 20) (DbType = AnsiString), @p3='True' (Nullable = true), @p4=NULL (DbType = Boolean), @p5=NULL (Size = 4000), @p6=NULL (Size = 4000), @p7=NULL (Size = 8000) (DbType = AnsiString), @p8='045283f6-e9a1-418b-886b-3954083d12f9', @p9=NULL (Size = 250), @p10=NULL (DbType = Int32), @p11='Alice' (Size = 50), @p12=NULL (Size = 100) (DbType = AnsiString), @p13=NULL (DbType = Boolean), @p14=NULL (DbType = Guid), @p15=NULL (Size = 10) (DbType = AnsiString), @p16='Anderson' (Nullable = false) (Size = 50), @p17=NULL (Size = 150), @p18=NULL (Size = 100), @p19=NULL (Size = 100), @p20='902da0eb-4d93-46d6-90b1-e58d69f28d29', @p21=NULL (Size = 25) (DbType = AnsiString), @p22=NULL (DbType = DateTime2), @p23=NULL (Size = 25), @p24=NULL (Size = 25), @p25=NULL (Size = 100) (DbType = AnsiString), @p26=NULL (DbType = Guid), @p27=NULL (Size = 1) (DbType = AnsiString), @p28=NULL (Size = 2) (DbType = AnsiString), @p29=NULL (Size = 50), @p30=NULL (Size = 20) (DbType = AnsiString), @p31='True' (Nullable = true), @p32=NULL (DbType = Boolean), @p33=NULL (Size = 4000), @p34=NULL (Size = 4000), @p35=NULL (Size = 8000) (DbType = AnsiString), @p36='045283f6-e9a1-418b-886b-3954083d12f9', @p37=NULL (Size = 250), @p38=NULL (DbType = Int32), @p39='Bob' (Size = 50), @p40=NULL (Size = 100) (DbType = AnsiString), @p41=NULL (DbType = Boolean), @p42=NULL (DbType = Guid), @p43=NULL (Size = 10) (DbType = AnsiString), @p44='Brown' (Nullable = false) (Size = 50), @p45=NULL (Size = 150), @p46=NULL (Size = 100), @p47=NULL (Size = 100), @p48='8effa50b-e175-4374-ade4-d35233daf1fe', @p49=NULL (Size = 25) (DbType = AnsiString), @p50=NULL (DbType = DateTime2), @p51=NULL (Size = 25), @p52=NULL (Size = 25), @p53=NULL (Size = 100) (DbType = AnsiString), @p54=NULL (DbType = Guid), @p55=NULL (Size = 1) (DbType = AnsiString), @p56=NULL (Size = 2) (DbType = AnsiString), @p57=NULL (Size = 50), @p58=NULL (Size = 20) (DbType = AnsiString), @p59='True' (Nullable = true), @p60=NULL (DbType = Boolean), @p61=NULL (Size = 4000), @p62=NULL (Size = 4000), @p63=NULL (Size = 8000) (DbType = AnsiString), @p64='045283f6-e9a1-418b-886b-3954083d12f9', @p65=NULL (Size = 250), @p66=NULL (DbType = Int32), @p67='Carol' (Size = 50), @p68=NULL (Size = 100) (DbType = AnsiString), @p69=NULL (DbType = Boolean), @p70=NULL (DbType = Guid), @p71=NULL (Size = 10) (DbType = AnsiString), @p72='Clark' (Nullable = false) (Size = 50), @p73=NULL (Size = 150), @p74=NULL (Size = 100), @p75=NULL (Size = 100), @p76='7226e2b0-9435-4dc7-9e3b-a5b165f1770c', @p77=NULL (Size = 25) (DbType = AnsiString), @p78=NULL (DbType = DateTime2), @p79=NULL (Size = 25), @p80=NULL (Size = 25), @p81=NULL (Size = 100) (DbType = AnsiString), @p82=NULL (DbType = Guid), @p83=NULL (Size = 1) (DbType = AnsiString), @p84=NULL (Size = 2) (DbType = AnsiString), @p85=NULL (Size = 50), @p86=NULL (Size = 20) (DbType = AnsiString), @p87='True' (Nullable = true), @p88=NULL (DbType = Boolean), @p89=NULL (Size = 4000), @p90=NULL (Size = 4000), @p91=NULL (Size = 8000) (DbType = AnsiString), @p92='045283f6-e9a1-418b-886b-3954083d12f9', @p93=NULL (Size = 250), @p94=NULL (DbType = Int32), @p95='David' (Size = 50), @p96=NULL (Size = 100) (DbType = AnsiString), @p97=NULL (DbType = Boolean), @p98=NULL (DbType = Guid), @p99=NULL (Size = 10) (DbType = AnsiString), @p100='Davis' (Nullable = false) (Size = 50), @p101=NULL (Size = 150), @p102=NULL (Size = 100), @p103=NULL (Size = 100), @p104='6d53cc25-a286-4dd5-af18-28b165516171', @p105=NULL (Size = 25) (DbType = AnsiString), @p106=NULL (DbType = DateTime2), @p107=NULL (Size = 25), @p108=NULL (Size = 25), @p109=NULL (Size = 100) (DbType = AnsiString), @p110=NULL (DbType = Guid), @p111=NULL (Size = 1) (DbType = AnsiString), @p112=NULL (Size = 2) (DbType = AnsiString), @p113=NULL (Size = 50), @p114=NULL (Size = 20) (DbType = AnsiString), @p115='True' (Nullable = true), @p116=NULL (DbType = Boolean), @p117=NULL (Size = 4000), @p118=NULL (Size = 4000), @p119=NULL (Size = 8000) (DbType = AnsiString), @p120='045283f6-e9a1-418b-886b-3954083d12f9', @p121=NULL (Size = 250), @p122=NULL (DbType = Int32), @p123='Eve' (Size = 50), @p124=NULL (Size = 100) (DbType = AnsiString), @p125=NULL (DbType = Boolean), @p126=NULL (DbType = Guid), @p127=NULL (Size = 10) (DbType = AnsiString), @p128='Evans' (Nullable = false) (Size = 50), @p129=NULL (Size = 150), @p130=NULL (Size = 100), @p131=NULL (Size = 100), @p132='ab9aa1de-89bd-4fbc-af83-b6a2353994a2', @p133=NULL (Size = 25) (DbType = AnsiString), @p134=NULL (DbType = DateTime2), @p135=NULL (Size = 25), @p136=NULL (Size = 25), @p137=NULL (Size = 100) (DbType = AnsiString), @p138=NULL (DbType = Guid), @p139=NULL (Size = 1) (DbType = AnsiString)], CommandType='Text', CommandTimeout='30']
SET IMPLICIT_TRANSACTIONS OFF;
SET NOCOUNT ON;
MERGE [People] USING (
VALUES (@p0, @p1, @p2, @p3, @p4, @p5, @p6, @p7, @p8, @p9, @p10, @p11, @p12, @p13, @p14, @p15, @p16, @p17, @p18, @p19, @p20, @p21, @p22, @p23, @p24, @p25, @p26, @p27, 0),
(@p28, @p29, @p30, @p31, @p32, @p33, @p34, @p35, @p36, @p37, @p38, @p39, @p40, @p41, @p42, @p43, @p44, @p45, @p46, @p47, @p48, @p49, @p50, @p51, @p52, @p53, @p54, @p55, 1),
(@p56, @p57, @p58, @p59, @p60, @p61, @p62, @p63, @p64, @p65, @p66, @p67, @p68, @p69, @p70, @p71, @p72, @p73, @p74, @p75, @p76, @p77, @p78, @p79, @p80, @p81, @p82, @p83, 2),
(@p84, @p85, @p86, @p87, @p88, @p89, @p90, @p91, @p92, @p93, @p94, @p95, @p96, @p97, @p98, @p99, @p100, @p101, @p102, @p103, @p104, @p105, @p106, @p107, @p108, @p109, @p110, @p111, 3),
(@p112, @p113, @p114, @p115, @p116, @p117, @p118, @p119, @p120, @p121, @p122, @p123, @p124, @p125, @p126, @p127, @p128, @p129, @p130, @p131, @p132, @p133, @p134, @p135, @p136, @p137, @p138, @p139, 4)) AS i ([AgeGroup], [Area], [BahaiId], [CanReceiveVotes], [CanVote], [CombinedInfo], [CombinedInfoAtStart], [CombinedSoundCodes], [ElectionGuid], [Email], [EnvNum], [FirstName], [Flags], [HasOnlineBallot], [IneligibleReasonGuid], [KioskCode], [LastName], [OtherInfo], [OtherLastNames], [OtherNames], [PersonGuid], [Phone], [RegistrationTime], [Teller1], [Teller2], [UnitName], [VotingLocationGuid], [VotingMethod], _Position) ON 1=0
WHEN NOT MATCHED THEN
INSERT ([AgeGroup], [Area], [BahaiId], [CanReceiveVotes], [CanVote], [CombinedInfo], [CombinedInfoAtStart], [CombinedSoundCodes], [ElectionGuid], [Email], [EnvNum], [FirstName], [Flags], [HasOnlineBallot], [IneligibleReasonGuid], [KioskCode], [LastName], [OtherInfo], [OtherLastNames], [OtherNames], [PersonGuid], [Phone], [RegistrationTime], [Teller1], [Teller2], [UnitName], [VotingLocationGuid], [VotingMethod])
VALUES (i.[AgeGroup], i.[Area], i.[BahaiId], i.[CanReceiveVotes], i.[CanVote], i.[CombinedInfo], i.[CombinedInfoAtStart], i.[CombinedSoundCodes], i.[ElectionGuid], i.[Email], i.[EnvNum], i.[FirstName], i.[Flags], i.[HasOnlineBallot], i.[IneligibleReasonGuid], i.[KioskCode], i.[LastName], i.[OtherInfo], i.[OtherLastNames], i.[OtherNames], i.[PersonGuid], i.[Phone], i.[RegistrationTime], i.[Teller1], i.[Teller2], i.[UnitName], i.[VotingLocationGuid], i.[VotingMethod])
OUTPUT INSERTED.[_RowId], INSERTED.[_FullName], INSERTED.[_FullNameFL], INSERTED.[_RowVersion], INSERTED.[_RowVersionInt], i._Position; Microsoft.EntityFrameworkCore.Database.Command
[17:01:48 INF] [] Executed DbCommand (2ms) [Parameters=[@electionGuid='6cd1abca-8b17-4d8e-b69c-8d4eec402c84'], CommandType='Text', CommandTimeout='30']
SELECT TOP(1) [e].[_RowId], [e].[CanReceive], [e].[CanVote], [e].[Convenor], [e].[CustomMethods], [e].[DateOfElection], [e].[ElectionGuid], [e].[ElectionMode], [e].[ElectionPasscode], [e].[ElectionType], [e].[EmailFromAddress], [e].[EmailFromName], [e].[EmailSubject], [e].[EmailText], [e].[Flags], [e].[HidePreBallotPages], [e].[LastEnvNum], [e].[LinkedElectionGuid], [e].[LinkedElectionKind], [e].[ListForPublic], [e].[ListedForPublicAsOf], [e].[MaskVotingMethod], [e].[Name], [e].[NumberExtra], [e].[NumberToElect], [e].[OnlineAnnounced], [e].[OnlineCloseIsEstimate], [e].[OnlineSelectionProcess], [e].[OnlineWhenClose], [e].[OnlineWhenOpen], [e].[OwnerLoginId], [e].[_RowVersion], [e].[ShowAsTest], [e].[ShowFullReport], [e].[SmsText], [e].[TallyStatus], [e].[UseCallInButton], [e].[VotingMethods]
FROM [Elections] AS [e]
WHERE [e].[ElectionGuid] = @electionGuid Microsoft.EntityFrameworkCore.Database.Command
[17:01:48 INF] [] Executed DbCommand (3ms) [Parameters=[@p4='3', @p0='2026-04-02T00:01:48.4067007Z' (Nullable = true), @p1='Updated Name' (Nullable = false) (Size = 150), @p2='7' (Nullable = true), @p5='0x00000000000007D4' (Nullable = false) (Size = 8), @p3='Processing' (Size = 15) (DbType = AnsiString)], CommandType='Text', CommandTimeout='30']
SET IMPLICIT_TRANSACTIONS OFF;
SET NOCOUNT ON;
UPDATE [Elections] SET [DateOfElection] = @p0, [Name] = @p1, [NumberToElect] = @p2, [TallyStatus] = @p3
OUTPUT INSERTED.[_RowVersion]
WHERE [_RowId] = @p4 AND [_RowVersion] = @p5; Microsoft.EntityFrameworkCore.Database.Command
[17:01:48 INF] [] Updated election 6cd1abca-8b17-4d8e-b69c-8d4eec402c84 TallyJ4.Services.ElectionService
[17:01:48 INF] [] Sent ElectionUpdated notification to group Main6cd1abca-8b17-4d8e-b69c-8d4eec402c84 TallyJ4.Services.SignalRNotificationService
[17:01:48 INF] [] Executed DbCommand (10ms) [Parameters=[@electionGuid='6cd1abca-8b17-4d8e-b69c-8d4eec402c84'], CommandType='Text', CommandTimeout='30']
SELECT [e0].[_RowId], [e0].[CanReceive], [e0].[CanVote], [e0].[Convenor], [e0].[CustomMethods], [e0].[DateOfElection], [e0].[ElectionGuid], [e0].[ElectionMode], [e0].[ElectionPasscode], [e0].[ElectionType], [e0].[EmailFromAddress], [e0].[EmailFromName], [e0].[EmailSubject], [e0].[EmailText], [e0].[Flags], [e0].[HidePreBallotPages], [e0].[LastEnvNum], [e0].[LinkedElectionGuid], [e0].[LinkedElectionKind], [e0].[ListForPublic], [e0].[ListedForPublicAsOf], [e0].[MaskVotingMethod], [e0].[Name], [e0].[NumberExtra], [e0].[NumberToElect], [e0].[OnlineAnnounced], [e0].[OnlineCloseIsEstimate], [e0].[OnlineSelectionProcess], [e0].[OnlineWhenClose], [e0].[OnlineWhenOpen], [e0].[OwnerLoginId], [e0].[_RowVersion], [e0].[ShowAsTest], [e0].[ShowFullReport], [e0].[SmsText], [e0].[TallyStatus], [e0].[UseCallInButton], [e0].[VotingMethods], [p].[_RowId], [p].[AgeGroup], [p].[Area], [p].[BahaiId], [p].[CanReceiveVotes], [p].[CanVote], [p].[CombinedInfo], [p].[CombinedInfoAtStart], [p].[CombinedSoundCodes], [p].[ElectionGuid], [p].[Email], [p].[EnvNum], [p].[FirstName], [p].[Flags], [p].[_FullName], [p].[_FullNameFL], [p].[HasOnlineBallot], [p].[IneligibleReasonGuid], [p].[KioskCode], [p].[LastName], [p].[OtherInfo], [p].[OtherLastNames], [p].[OtherNames], [p].[PersonGuid], [p].[Phone], [p].[RegistrationTime], [p].[_RowVersion], [p].[_RowVersionInt], [p].[Teller1], [p].[Teller2], [p].[UnitName], [p].[VotingLocationGuid], [p].[VotingMethod], [s].[_RowId], [s].[BallotsCollected], [s].[ContactInfo], [s].[ElectionGuid], [s].[Lat], [s].[LocationGuid], [s].[Long], [s].[Name], [s].[SortOrder], [s].[TallyStatus], [s].[_RowId0], [s].[_BallotCode], [s].[BallotGuid], [s].[BallotNumAtComputer], [s].[ComputerCode], [s].[LocationGuid0], [s].[_RowVersion], [s].[StatusCode], [s].[Teller1], [s].[Teller2]
FROM (
    SELECT TOP(1) [e].[_RowId], [e].[CanReceive], [e].[CanVote], [e].[Convenor], [e].[CustomMethods], [e].[DateOfElection], [e].[ElectionGuid], [e].[ElectionMode], [e].[ElectionPasscode], [e].[ElectionType], [e].[EmailFromAddress], [e].[EmailFromName], [e].[EmailSubject], [e].[EmailText], [e].[Flags], [e].[HidePreBallotPages], [e].[LastEnvNum], [e].[LinkedElectionGuid], [e].[LinkedElectionKind], [e].[ListForPublic], [e].[ListedForPublicAsOf], [e].[MaskVotingMethod], [e].[Name], [e].[NumberExtra], [e].[NumberToElect], [e].[OnlineAnnounced], [e].[OnlineCloseIsEstimate], [e].[OnlineSelectionProcess], [e].[OnlineWhenClose], [e].[OnlineWhenOpen], [e].[OwnerLoginId], [e].[_RowVersion], [e].[ShowAsTest], [e].[ShowFullReport], [e].[SmsText], [e].[TallyStatus], [e].[UseCallInButton], [e].[VotingMethods]
    FROM [Elections] AS [e]
    WHERE [e].[ElectionGuid] = @electionGuid
) AS [e0]
LEFT JOIN [People] AS [p] ON [e0].[ElectionGuid] = [p].[ElectionGuid]
LEFT JOIN (
    SELECT [l].[_RowId], [l].[BallotsCollected], [l].[ContactInfo], [l].[ElectionGuid], [l].[Lat], [l].[LocationGuid], [l].[Long], [l].[Name], [l].[SortOrder], [l].[TallyStatus], [b].[_RowId] AS [_RowId0], [b].[_BallotCode], [b].[BallotGuid], [b].[BallotNumAtComputer], [b].[ComputerCode], [b].[LocationGuid] AS [LocationGuid0], [b].[_RowVersion], [b].[StatusCode], [b].[Teller1], [b].[Teller2]
    FROM [Locations] AS [l]
    LEFT JOIN [Ballots] AS [b] ON [l].[LocationGuid] = [b].[LocationGuid]
) AS [s] ON [e0].[ElectionGuid] = [s].[ElectionGuid]
ORDER BY [e0].[_RowId], [p].[_RowId], [s].[_RowId] Microsoft.EntityFrameworkCore.Database.Command
[17:01:48 INF] [] Executing OkObjectResult, writing value of type 'TallyJ4.Models.ApiResponse`1[[TallyJ4.DTOs.Elections.ElectionDto, TallyJ4, Version=1.0.0.0, Culture=neutral, PublicKeyToken=null]]'. Microsoft.AspNetCore.Mvc.Infrastructure.ObjectResultExecutor
[17:01:48 INF] [] Executed action TallyJ4.Backend.Controllers.ElectionsController.UpdateElection (TallyJ4) in 55.0689ms Microsoft.AspNetCore.Mvc.Infrastructure.ControllerActionInvoker
[17:01:48 INF] [] Executed endpoint 'TallyJ4.Backend.Controllers.ElectionsController.UpdateElection (TallyJ4)' Microsoft.AspNetCore.Routing.EndpointMiddleware
[17:01:48 INF] [] Request finished HTTP/1.1 PUT http://localhost/api/elections/6cd1abca-8b17-4d8e-b69c-8d4eec402c84 - 200 null application/json; charset=utf-8 85.0127ms Microsoft.AspNetCore.Hosting.Diagnostics
[17:01:48 INF] [] Executed DbCommand (2ms) [Parameters=[@normalizedEmail='ADMIN@TALLYJ.COM' (Size = 256)], CommandType='Text', CommandTimeout='30']
SELECT TOP(2) [a].[Id], [a].[AccessFailedCount], [a].[AuthMethod], [a].[ConcurrencyStamp], [a].[Email], [a].[EmailConfirmed], [a].[GoogleId], [a].[LockoutEnabled], [a].[LockoutEnd], [a].[NormalizedEmail], [a].[NormalizedUserName], [a].[PasswordHash], [a].[PasswordResetExpiry], [a].[PasswordResetToken], [a].[PhoneNumber], [a].[PhoneNumberConfirmed], [a].[SecurityStamp], [a].[TwoFactorEnabled], [a].[UserName]
FROM [AspNetUsers] AS [a]
WHERE [a].[NormalizedEmail] = @normalizedEmail Microsoft.EntityFrameworkCore.Database.Command
[17:01:48 INF] [] Request starting HTTP/1.1 POST http://localhost/api/auth/login - application/json; charset=utf-8 51 Microsoft.AspNetCore.Hosting.Diagnostics
[17:01:48 INF] [] JWT Message received - Header: False, HasBearer: False, TokenLength: 0, ActualHeader: '' 
[17:01:48 INF] [] Executing endpoint 'TallyJ4.Backend.Controllers.AuthController.Login (TallyJ4)' Microsoft.AspNetCore.Routing.EndpointMiddleware
[17:01:48 INF] [] Route matched with {action = "Login", controller = "Auth"}. Executing controller action with signature System.Threading.Tasks.Task`1[Microsoft.AspNetCore.Mvc.IActionResult] Login(TallyJ4.Application.DTOs.Auth.LoginRequest) on controller TallyJ4.Backend.Controllers.AuthController (TallyJ4). Microsoft.AspNetCore.Mvc.Infrastructure.ControllerActionInvoker
[17:01:48 INF] [] Executed DbCommand (3ms) [Parameters=[@normalizedEmail='ADMIN@TALLYJ.COM' (Size = 256)], CommandType='Text', CommandTimeout='30']
SELECT TOP(2) [a].[Id], [a].[AccessFailedCount], [a].[AuthMethod], [a].[ConcurrencyStamp], [a].[Email], [a].[EmailConfirmed], [a].[GoogleId], [a].[LockoutEnabled], [a].[LockoutEnd], [a].[NormalizedEmail], [a].[NormalizedUserName], [a].[PasswordHash], [a].[PasswordResetExpiry], [a].[PasswordResetToken], [a].[PhoneNumber], [a].[PhoneNumberConfirmed], [a].[SecurityStamp], [a].[TwoFactorEnabled], [a].[UserName]
FROM [AspNetUsers] AS [a]
WHERE [a].[NormalizedEmail] = @normalizedEmail Microsoft.EntityFrameworkCore.Database.Command
[17:01:48 INF] [] Executed DbCommand (28ms) [Parameters=[@p0='c9449244-80e4-4980-90f8-4b6a2b67bb67', @p1='1', @p2='C1' (Nullable = false) (Size = 2) (DbType = AnsiString), @p3='a5ff9abf-178c-492d-bed2-78c3fa78f44d', @p4='Ok' (Nullable = false) (Size = 10) (DbType = AnsiString), @p5=NULL (Size = 25), @p6=NULL (Size = 25), @p7='369025d0-90c3-4f43-a822-eb91ae994ad9', @p8='2', @p9='C1' (Nullable = false) (Size = 2) (DbType = AnsiString), @p10='a5ff9abf-178c-492d-bed2-78c3fa78f44d', @p11='Ok' (Nullable = false) (Size = 10) (DbType = AnsiString), @p12=NULL (Size = 25), @p13=NULL (Size = 25), @p14='bdbb606f-3691-4fa4-9efc-5e95ad989b9c', @p15='3', @p16='C1' (Nullable = false) (Size = 2) (DbType = AnsiString), @p17='a5ff9abf-178c-492d-bed2-78c3fa78f44d', @p18='Ok' (Nullable = false) (Size = 10) (DbType = AnsiString), @p19=NULL (Size = 25), @p20=NULL (Size = 25), @p21='3a5fdf65-586b-4353-a4a8-d1f05dd93ef6', @p22='4', @p23='C1' (Nullable = false) (Size = 2) (DbType = AnsiString), @p24='a5ff9abf-178c-492d-bed2-78c3fa78f44d', @p25='Ok' (Nullable = false) (Size = 10) (DbType = AnsiString), @p26=NULL (Size = 25), @p27=NULL (Size = 25), @p28='c71eeea2-4b0e-4e39-a69c-3c83899ca22f', @p29='5', @p30='C1' (Nullable = false) (Size = 2) (DbType = AnsiString), @p31='a5ff9abf-178c-492d-bed2-78c3fa78f44d', @p32='Ok' (Nullable = false) (Size = 10) (DbType = AnsiString), @p33=NULL (Size = 25), @p34=NULL (Size = 25), @p35='3dbc904d-d849-49ae-9145-cbbc5e6111e9', @p36='6', @p37='C1' (Nullable = false) (Size = 2) (DbType = AnsiString), @p38='a5ff9abf-178c-492d-bed2-78c3fa78f44d', @p39='Ok' (Nullable = false) (Size = 10) (DbType = AnsiString), @p40=NULL (Size = 25), @p41=NULL (Size = 25), @p42='246de660-2d63-4f0c-8064-fa6cd1816da8', @p43='7', @p44='C1' (Nullable = false) (Size = 2) (DbType = AnsiString), @p45='a5ff9abf-178c-492d-bed2-78c3fa78f44d', @p46='Ok' (Nullable = false) (Size = 10) (DbType = AnsiString), @p47=NULL (Size = 25), @p48=NULL (Size = 25), @p49='594bad8c-f343-424a-b023-22e8e560fc96', @p50='8', @p51='C1' (Nullable = false) (Size = 2) (DbType = AnsiString), @p52='a5ff9abf-178c-492d-bed2-78c3fa78f44d', @p53='Ok' (Nullable = false) (Size = 10) (DbType = AnsiString), @p54=NULL (Size = 25), @p55=NULL (Size = 25), @p56='b55e9b70-38b0-414b-82dc-8d9cde5048c0', @p57='9', @p58='C1' (Nullable = false) (Size = 2) (DbType = AnsiString), @p59='a5ff9abf-178c-492d-bed2-78c3fa78f44d', @p60='Ok' (Nullable = false) (Size = 10) (DbType = AnsiString), @p61=NULL (Size = 25), @p62=NULL (Size = 25), @p63='93042a66-de0c-4eb7-8346-97309dc7e108', @p64='10', @p65='C1' (Nullable = false) (Size = 2) (DbType = AnsiString), @p66='a5ff9abf-178c-492d-bed2-78c3fa78f44d', @p67='Ok' (Nullable = false) (Size = 10) (DbType = AnsiString), @p68=NULL (Size = 25), @p69=NULL (Size = 25), @p70='c9449244-80e4-4980-90f8-4b6a2b67bb67', @p71=NULL (DbType = Guid), @p72=NULL (Size = 4000), @p73=NULL (Size = 4000), @p74='902da0eb-4d93-46d6-90b1-e58d69f28d29' (Nullable = true), @p75='1', @p76=NULL (DbType = Int32), @p77='Ok' (Nullable = false) (Size = 10) (DbType = AnsiString), @p78='c9449244-80e4-4980-90f8-4b6a2b67bb67', @p79=NULL (DbType = Guid), @p80=NULL (Size = 4000), @p81=NULL (Size = 4000), @p82='8effa50b-e175-4374-ade4-d35233daf1fe' (Nullable = true), @p83='2', @p84=NULL (DbType = Int32), @p85='Ok' (Nullable = false) (Size = 10) (DbType = AnsiString), @p86='c9449244-80e4-4980-90f8-4b6a2b67bb67', @p87=NULL (DbType = Guid), @p88=NULL (Size = 4000), @p89=NULL (Size = 4000), @p90='7226e2b0-9435-4dc7-9e3b-a5b165f1770c' (Nullable = true), @p91='3', @p92=NULL (DbType = Int32), @p93='Ok' (Nullable = false) (Size = 10) (DbType = AnsiString), @p94='369025d0-90c3-4f43-a822-eb91ae994ad9', @p95=NULL (DbType = Guid), @p96=NULL (Size = 4000), @p97=NULL (Size = 4000), @p98='902da0eb-4d93-46d6-90b1-e58d69f28d29' (Nullable = true), @p99='1', @p100=NULL (DbType = Int32), @p101='Ok' (Nullable = false) (Size = 10) (DbType = AnsiString), @p102='369025d0-90c3-4f43-a822-eb91ae994ad9', @p103=NULL (DbType = Guid), @p104=NULL (Size = 4000), @p105=NULL (Size = 4000), @p106='8effa50b-e175-4374-ade4-d35233daf1fe' (Nullable = true), @p107='2', @p108=NULL (DbType = Int32), @p109='Ok' (Nullable = false) (Size = 10) (DbType = AnsiString), @p110='369025d0-90c3-4f43-a822-eb91ae994ad9', @p111=NULL (DbType = Guid), @p112=NULL (Size = 4000), @p113=NULL (Size = 4000), @p114='7226e2b0-9435-4dc7-9e3b-a5b165f1770c' (Nullable = true), @p115='3', @p116=NULL (DbType = Int32), @p117='Ok' (Nullable = false) (Size = 10) (DbType = AnsiString), @p118='bdbb606f-3691-4fa4-9efc-5e95ad989b9c', @p119=NULL (DbType = Guid), @p120=NULL (Size = 4000), @p121=NULL (Size = 4000), @p122='902da0eb-4d93-46d6-90b1-e58d69f28d29' (Nullable = true), @p123='1', @p124=NULL (DbType = Int32), @p125='Ok' (Nullable = false) (Size = 10) (DbType = AnsiString), @p126='bdbb606f-3691-4fa4-9efc-5e95ad989b9c', @p127=NULL (DbType = Guid), @p128=NULL (Size = 4000), @p129=NULL (Size = 4000), @p130='8effa50b-e175-4374-ade4-d35233daf1fe' (Nullable = true), @p131='2', @p132=NULL (DbType = Int32), @p133='Ok' (Nullable = false) (Size = 10) (DbType = AnsiString), @p134='bdbb606f-3691-4fa4-9efc-5e95ad989b9c', @p135=NULL (DbType = Guid), @p136=NULL (Size = 4000), @p137=NULL (Size = 4000), @p138='7226e2b0-9435-4dc7-9e3b-a5b165f1770c' (Nullable = true), @p139='3', @p140=NULL (DbType = Int32), @p141='Ok' (Nullable = false) (Size = 10) (DbType = AnsiString), @p142='3a5fdf65-586b-4353-a4a8-d1f05dd93ef6', @p143=NULL (DbType = Guid), @p144=NULL (Size = 4000), @p145=NULL (Size = 4000), @p146='902da0eb-4d93-46d6-90b1-e58d69f28d29' (Nullable = true), @p147='1', @p148=NULL (DbType = Int32), @p149='Ok' (Nullable = false) (Size = 10) (DbType = AnsiString), @p150='3a5fdf65-586b-4353-a4a8-d1f05dd93ef6', @p151=NULL (DbType = Guid), @p152=NULL (Size = 4000), @p153=NULL (Size = 4000), @p154='8effa50b-e175-4374-ade4-d35233daf1fe' (Nullable = true), @p155='2', @p156=NULL (DbType = Int32), @p157='Ok' (Nullable = false) (Size = 10) (DbType = AnsiString), @p158='3a5fdf65-586b-4353-a4a8-d1f05dd93ef6', @p159=NULL (DbType = Guid), @p160=NULL (Size = 4000), @p161=NULL (Size = 4000), @p162='7226e2b0-9435-4dc7-9e3b-a5b165f1770c' (Nullable = true), @p163='3', @p164=NULL (DbType = Int32), @p165='Ok' (Nullable = false) (Size = 10) (DbType = AnsiString), @p166='c71eeea2-4b0e-4e39-a69c-3c83899ca22f', @p167=NULL (DbType = Guid), @p168=NULL (Size = 4000), @p169=NULL (Size = 4000), @p170='902da0eb-4d93-46d6-90b1-e58d69f28d29' (Nullable = true), @p171='1', @p172=NULL (DbType = Int32), @p173='Ok' (Nullable = false) (Size = 10) (DbType = AnsiString), @p174='c71eeea2-4b0e-4e39-a69c-3c83899ca22f', @p175=NULL (DbType = Guid), @p176=NULL (Size = 4000), @p177=NULL (Size = 4000), @p178='8effa50b-e175-4374-ade4-d35233daf1fe' (Nullable = true), @p179='2', @p180=NULL (DbType = Int32), @p181='Ok' (Nullable = false) (Size = 10) (DbType = AnsiString), @p182='c71eeea2-4b0e-4e39-a69c-3c83899ca22f', @p183=NULL (DbType = Guid), @p184=NULL (Size = 4000), @p185=NULL (Size = 4000), @p186='7226e2b0-9435-4dc7-9e3b-a5b165f1770c' (Nullable = true), @p187='3', @p188=NULL (DbType = Int32), @p189='Ok' (Nullable = false) (Size = 10) (DbType = AnsiString), @p190='3dbc904d-d849-49ae-9145-cbbc5e6111e9', @p191=NULL (DbType = Guid), @p192=NULL (Size = 4000), @p193=NULL (Size = 4000), @p194='902da0eb-4d93-46d6-90b1-e58d69f28d29' (Nullable = true), @p195='1', @p196=NULL (DbType = Int32), @p197='Ok' (Nullable = false) (Size = 10) (DbType = AnsiString), @p198='3dbc904d-d849-49ae-9145-cbbc5e6111e9', @p199=NULL (DbType = Guid), @p200=NULL (Size = 4000), @p201=NULL (Size = 4000), @p202='8effa50b-e175-4374-ade4-d35233daf1fe' (Nullable = true), @p203='2', @p204=NULL (DbType = Int32), @p205='Ok' (Nullable = false) (Size = 10) (DbType = AnsiString), @p206='3dbc904d-d849-49ae-9145-cbbc5e6111e9', @p207=NULL (DbType = Guid), @p208=NULL (Size = 4000), @p209=NULL (Size = 4000), @p210='7226e2b0-9435-4dc7-9e3b-a5b165f1770c' (Nullable = true), @p211='3', @p212=NULL (DbType = Int32), @p213='Ok' (Nullable = false) (Size = 10) (DbType = AnsiString), @p214='246de660-2d63-4f0c-8064-fa6cd1816da8', @p215=NULL (DbType = Guid), @p216=NULL (Size = 4000), @p217=NULL (Size = 4000), @p218='902da0eb-4d93-46d6-90b1-e58d69f28d29' (Nullable = true), @p219='1', @p220=NULL (DbType = Int32), @p221='Ok' (Nullable = false) (Size = 10) (DbType = AnsiString), @p222='246de660-2d63-4f0c-8064-fa6cd1816da8', @p223=NULL (DbType = Guid), @p224=NULL (Size = 4000), @p225=NULL (Size = 4000), @p226='8effa50b-e175-4374-ade4-d35233daf1fe' (Nullable = true), @p227='2', @p228=NULL (DbType = Int32), @p229='Ok' (Nullable = false) (Size = 10) (DbType = AnsiString), @p230='246de660-2d63-4f0c-8064-fa6cd1816da8', @p231=NULL (DbType = Guid), @p232=NULL (Size = 4000), @p233=NULL (Size = 4000), @p234='7226e2b0-9435-4dc7-9e3b-a5b165f1770c' (Nullable = true), @p235='3', @p236=NULL (DbType = Int32), @p237='Ok' (Nullable = false) (Size = 10) (DbType = AnsiString), @p238='594bad8c-f343-424a-b023-22e8e560fc96', @p239=NULL (DbType = Guid), @p240=NULL (Size = 4000), @p241=NULL (Size = 4000), @p242='902da0eb-4d93-46d6-90b1-e58d69f28d29' (Nullable = true), @p243='1', @p244=NULL (DbType = Int32), @p245='Ok' (Nullable = false) (Size = 10) (DbType = AnsiString), @p246='594bad8c-f343-424a-b023-22e8e560fc96', @p247=NULL (DbType = Guid), @p248=NULL (Size = 4000), @p249=NULL (Size = 4000), @p250='8effa50b-e175-4374-ade4-d35233daf1fe' (Nullable = true), @p251='2', @p252=NULL (DbType = Int32), @p253='Ok' (Nullable = false) (Size = 10) (DbType = AnsiString), @p254='594bad8c-f343-424a-b023-22e8e560fc96', @p255=NULL (DbType = Guid), @p256=NULL (Size = 4000), @p257=NULL (Size = 4000), @p258='7226e2b0-9435-4dc7-9e3b-a5b165f1770c' (Nullable = true), @p259='3', @p260=NULL (DbType = Int32), @p261='Ok' (Nullable = false) (Size = 10) (DbType = AnsiString), @p262='b55e9b70-38b0-414b-82dc-8d9cde5048c0', @p263=NULL (DbType = Guid), @p264=NULL (Size = 4000), @p265=NULL (Size = 4000), @p266='902da0eb-4d93-46d6-90b1-e58d69f28d29' (Nullable = true), @p267='1', @p268=NULL (DbType = Int32), @p269='Ok' (Nullable = false) (Size = 10) (DbType = AnsiString), @p270='b55e9b70-38b0-414b-82dc-8d9cde5048c0', @p271=NULL (DbType = Guid), @p272=NULL (Size = 4000), @p273=NULL (Size = 4000), @p274='8effa50b-e175-4374-ade4-d35233daf1fe' (Nullable = true), @p275='2', @p276=NULL (DbType = Int32), @p277='Ok' (Nullable = false) (Size = 10) (DbType = AnsiString), @p278='b55e9b70-38b0-414b-82dc-8d9cde5048c0', @p279=NULL (DbType = Guid), @p280=NULL (Size = 4000), @p281=NULL (Size = 4000), @p282='7226e2b0-9435-4dc7-9e3b-a5b165f1770c' (Nullable = true), @p283='3', @p284=NULL (DbType = Int32), @p285='Ok' (Nullable = false) (Size = 10) (DbType = AnsiString), @p286='93042a66-de0c-4eb7-8346-97309dc7e108', @p287=NULL (DbType = Guid), @p288=NULL (Size = 4000), @p289=NULL (Size = 4000), @p290='902da0eb-4d93-46d6-90b1-e58d69f28d29' (Nullable = true), @p291='1', @p292=NULL (DbType = Int32), @p293='Ok' (Nullable = false) (Size = 10) (DbType = AnsiString), @p294='93042a66-de0c-4eb7-8346-97309dc7e108', @p295=NULL (DbType = Guid), @p296=NULL (Size = 4000), @p297=NULL (Size = 4000), @p298='8effa50b-e175-4374-ade4-d35233daf1fe' (Nullable = true), @p299='2', @p300=NULL (DbType = Int32), @p301='Ok' (Nullable = false) (Size = 10) (DbType = AnsiString), @p302='93042a66-de0c-4eb7-8346-97309dc7e108', @p303=NULL (DbType = Guid), @p304=NULL (Size = 4000), @p305=NULL (Size = 4000), @p306='7226e2b0-9435-4dc7-9e3b-a5b165f1770c' (Nullable = true), @p307='3', @p308=NULL (DbType = Int32), @p309='Ok' (Nullable = false) (Size = 10) (DbType = AnsiString)], CommandType='Text', CommandTimeout='30']
SET NOCOUNT ON;
MERGE [Ballots] USING (
VALUES (@p0, @p1, @p2, @p3, @p4, @p5, @p6, 0),
(@p7, @p8, @p9, @p10, @p11, @p12, @p13, 1),
(@p14, @p15, @p16, @p17, @p18, @p19, @p20, 2),
(@p21, @p22, @p23, @p24, @p25, @p26, @p27, 3),
(@p28, @p29, @p30, @p31, @p32, @p33, @p34, 4),
(@p35, @p36, @p37, @p38, @p39, @p40, @p41, 5),
(@p42, @p43, @p44, @p45, @p46, @p47, @p48, 6),
(@p49, @p50, @p51, @p52, @p53, @p54, @p55, 7),
(@p56, @p57, @p58, @p59, @p60, @p61, @p62, 8),
(@p63, @p64, @p65, @p66, @p67, @p68, @p69, 9)) AS i ([BallotGuid], [BallotNumAtComputer], [ComputerCode], [LocationGuid], [StatusCode], [Teller1], [Teller2], _Position) ON 1=0
WHEN NOT MATCHED THEN
INSERT ([BallotGuid], [BallotNumAtComputer], [ComputerCode], [LocationGuid], [StatusCode], [Teller1], [Teller2])
VALUES (i.[BallotGuid], i.[BallotNumAtComputer], i.[ComputerCode], i.[LocationGuid], i.[StatusCode], i.[Teller1], i.[Teller2])
OUTPUT INSERTED.[_RowId], INSERTED.[_BallotCode], INSERTED.[_RowVersion], i._Position;
MERGE [Votes] USING (
VALUES (@p70, @p71, @p72, @p73, @p74, @p75, @p76, @p77, 0),
(@p78, @p79, @p80, @p81, @p82, @p83, @p84, @p85, 1),
(@p86, @p87, @p88, @p89, @p90, @p91, @p92, @p93, 2),
(@p94, @p95, @p96, @p97, @p98, @p99, @p100, @p101, 3),
(@p102, @p103, @p104, @p105, @p106, @p107, @p108, @p109, 4),
(@p110, @p111, @p112, @p113, @p114, @p115, @p116, @p117, 5),
(@p118, @p119, @p120, @p121, @p122, @p123, @p124, @p125, 6),
(@p126, @p127, @p128, @p129, @p130, @p131, @p132, @p133, 7),
(@p134, @p135, @p136, @p137, @p138, @p139, @p140, @p141, 8),
(@p142, @p143, @p144, @p145, @p146, @p147, @p148, @p149, 9),
(@p150, @p151, @p152, @p153, @p154, @p155, @p156, @p157, 10),
(@p158, @p159, @p160, @p161, @p162, @p163, @p164, @p165, 11),
(@p166, @p167, @p168, @p169, @p170, @p171, @p172, @p173, 12),
(@p174, @p175, @p176, @p177, @p178, @p179, @p180, @p181, 13),
(@p182, @p183, @p184, @p185, @p186, @p187, @p188, @p189, 14),
(@p190, @p191, @p192, @p193, @p194, @p195, @p196, @p197, 15),
(@p198, @p199, @p200, @p201, @p202, @p203, @p204, @p205, 16),
(@p206, @p207, @p208, @p209, @p210, @p211, @p212, @p213, 17),
(@p214, @p215, @p216, @p217, @p218, @p219, @p220, @p221, 18),
(@p222, @p223, @p224, @p225, @p226, @p227, @p228, @p229, 19),
(@p230, @p231, @p232, @p233, @p234, @p235, @p236, @p237, 20),
(@p238, @p239, @p240, @p241, @p242, @p243, @p244, @p245, 21),
(@p246, @p247, @p248, @p249, @p250, @p251, @p252, @p253, 22),
(@p254, @p255, @p256, @p257, @p258, @p259, @p260, @p261, 23),
(@p262, @p263, @p264, @p265, @p266, @p267, @p268, @p269, 24),
(@p270, @p271, @p272, @p273, @p274, @p275, @p276, @p277, 25),
(@p278, @p279, @p280, @p281, @p282, @p283, @p284, @p285, 26),
(@p286, @p287, @p288, @p289, @p290, @p291, @p292, @p293, 27),
(@p294, @p295, @p296, @p297, @p298, @p299, @p300, @p301, 28),
(@p302, @p303, @p304, @p305, @p306, @p307, @p308, @p309, 29)) AS i ([BallotGuid], [InvalidReasonGuid], [OnlineVoteRaw], [PersonCombinedInfo], [PersonGuid], [PositionOnBallot], [SingleNameElectionCount], [StatusCode], _Position) ON 1=0
WHEN NOT MATCHED THEN
INSERT ([BallotGuid], [InvalidReasonGuid], [OnlineVoteRaw], [PersonCombinedInfo], [PersonGuid], [PositionOnBallot], [SingleNameElectionCount], [StatusCode])
VALUES (i.[BallotGuid], i.[InvalidReasonGuid], i.[OnlineVoteRaw], i.[PersonCombinedInfo], i.[PersonGuid], i.[PositionOnBallot], i.[SingleNameElectionCount], i.[StatusCode])
OUTPUT INSERTED.[_RowId], INSERTED.[_RowVersion], i._Position; Microsoft.EntityFrameworkCore.Database.Command
[17:01:48 INF] [] Request starting HTTP/1.1 POST http://localhost/api/results/election/045283f6-e9a1-418b-886b-3954083d12f9/calculate - null null Microsoft.AspNetCore.Hosting.Diagnostics
[17:01:48 INF] [] JWT Message received - Header: True, HasBearer: True, TokenLength: 355, ActualHeader: 'Bearer eyJhbGciOiJIUzI1NiIsInR5cCI6IkpXVCJ9.eyJzdWIiOiI4ZGI2ZjdmOC02MWE0LTQ4ZWEtOTM4ZS00MTE3ZTc4ZjI5...' 
[17:01:48 INF] [] JWT Token validated successfully for user: 8db6f7f8-61a4-48ea-938e-4117e78f2950 
[17:01:48 INF] [] Executing endpoint 'TallyJ4.Controllers.ResultsController.CalculateTally (TallyJ4)' Microsoft.AspNetCore.Routing.EndpointMiddleware
[17:01:48 INF] [] Route matched with {action = "CalculateTally", controller = "Results"}. Executing controller action with signature System.Threading.Tasks.Task`1[Microsoft.AspNetCore.Mvc.ActionResult`1[TallyJ4.DTOs.Results.TallyResultDto]] CalculateTally(System.Guid, System.String) on controller TallyJ4.Controllers.ResultsController (TallyJ4). Microsoft.AspNetCore.Mvc.Infrastructure.ControllerActionInvoker
[17:01:48 INF] [] Starting tally calculation for election 045283f6-e9a1-418b-886b-3954083d12f9, type: normal TallyJ4.Controllers.ResultsController
[17:01:48 INF] [] Starting normal election tally calculation for election 045283f6-e9a1-418b-886b-3954083d12f9 TallyJ4.Services.TallyService
[17:01:48 INF] [] Executed DbCommand (2ms) [Parameters=[@electionGuid='045283f6-e9a1-418b-886b-3954083d12f9'], CommandType='Text', CommandTimeout='30']
SELECT TOP(1) [e].[_RowId], [e].[CanReceive], [e].[CanVote], [e].[Convenor], [e].[CustomMethods], [e].[DateOfElection], [e].[ElectionGuid], [e].[ElectionMode], [e].[ElectionPasscode], [e].[ElectionType], [e].[EmailFromAddress], [e].[EmailFromName], [e].[EmailSubject], [e].[EmailText], [e].[Flags], [e].[HidePreBallotPages], [e].[LastEnvNum], [e].[LinkedElectionGuid], [e].[LinkedElectionKind], [e].[ListForPublic], [e].[ListedForPublicAsOf], [e].[MaskVotingMethod], [e].[Name], [e].[NumberExtra], [e].[NumberToElect], [e].[OnlineAnnounced], [e].[OnlineCloseIsEstimate], [e].[OnlineSelectionProcess], [e].[OnlineWhenClose], [e].[OnlineWhenOpen], [e].[OwnerLoginId], [e].[_RowVersion], [e].[ShowAsTest], [e].[ShowFullReport], [e].[SmsText], [e].[TallyStatus], [e].[UseCallInButton], [e].[VotingMethods]
FROM [Elections] AS [e]
WHERE [e].[ElectionGuid] = @electionGuid Microsoft.EntityFrameworkCore.Database.Command
[17:01:48 INF] [] Executed DbCommand (2ms) [Parameters=[@p0='2026-02-01T00:01:48.6405481Z', @p1='2026-03-03T00:01:48.6405472Z', @p2='False', @p3=NULL (Size = 4000), @p4=NULL (Size = 4000), @p5='OMfR1HAjVbszwMZK0f7fhnsfeAoM8hWsKGtPLnhioDw=' (Nullable = false) (Size = 200), @p6='42b1eb96-0f4d-470c-ac86-d20959443bd4' (Nullable = false) (Size = 450)], CommandType='Text', CommandTimeout='30']
SET IMPLICIT_TRANSACTIONS OFF;
SET NOCOUNT ON;
INSERT INTO [RefreshToken] ([CreatedAt], [ExpiresAt], [IsRevoked], [ReplacedByToken], [RevokedReason], [Token], [UserId])
OUTPUT INSERTED.[_RowId], INSERTED.[_RowVersion]
VALUES (@p0, @p1, @p2, @p3, @p4, @p5, @p6); Microsoft.EntityFrameworkCore.Database.Command
[17:01:48 INF] [] Executing OkObjectResult, writing value of type 'TallyJ4.Application.DTOs.Auth.AuthResponse'. Microsoft.AspNetCore.Mvc.Infrastructure.ObjectResultExecutor
[17:01:48 INF] [] Executed action TallyJ4.Backend.Controllers.AuthController.Login (TallyJ4) in 75.1892ms Microsoft.AspNetCore.Mvc.Infrastructure.ControllerActionInvoker
[17:01:48 INF] [] Executed endpoint 'TallyJ4.Backend.Controllers.AuthController.Login (TallyJ4)' Microsoft.AspNetCore.Routing.EndpointMiddleware
[17:01:48 INF] [] Request finished HTTP/1.1 POST http://localhost/api/auth/login - 200 null application/json; charset=utf-8 76.7125ms Microsoft.AspNetCore.Hosting.Diagnostics
[TEST] Got auth token: eyJhbGciOiJIUzI1NiIsInR5cCI6IkpXVCJ9.eyJzdWIiOiI0M...
[TEST] SetAuthToken called with token length: 355, starts with 'eyJ': True
[TEST] Client.DefaultRequestHeaders.Authorization set to: Bearer eyJhbGciOiJIUzI1NiIsInR5cCI6IkpXVCJ9.eyJzdWIiOiI0MmIxZWI5Ni0wZjRkLTQ3MGMtYWM4Ni1kMjA5NTk0NDNiZDQiLCJlbWFpbCI6ImFkbWluQHRhbGx5ai5jb20iLCJhdXRoTWV0aG9kIjoiTG9jYWwiLCJqdGkiOiIzODBlYjJjZi00YTlmLTRjNDItYTIzNi1mYjdhYWE2ODAwNzkiLCJleHAiOjE3Njk5MDc3MDgsImlzcyI6IlRhbGx5SjRUZXN0QVBJIiwiYXVkIjoiVGFsbHlKNFRlc3RDbGllbnQifQ.BTfpbUcOSbGGG2w47JVlSYUlaQtvZmfbSuMj3qu6axk
[TEST] POST /api/elections with auth header: Bearer eyJhbGciOiJIUzI1NiIsInR5cCI6Ik...
[17:01:48 INF] [] Request starting HTTP/1.1 POST http://localhost/api/elections - application/json; charset=utf-8 227 Microsoft.AspNetCore.Hosting.Diagnostics
[17:01:48 INF] [] JWT Message received - Header: True, HasBearer: True, TokenLength: 355, ActualHeader: 'Bearer eyJhbGciOiJIUzI1NiIsInR5cCI6IkpXVCJ9.eyJzdWIiOiI0MmIxZWI5Ni0wZjRkLTQ3MGMtYWM4Ni1kMjA5NTk0NDNi...' 
[17:01:48 INF] [] JWT Token validated successfully for user: 42b1eb96-0f4d-470c-ac86-d20959443bd4 
[17:01:48 INF] [] Executed DbCommand (11ms) [Parameters=[@electionGuid='045283f6-e9a1-418b-886b-3954083d12f9'], CommandType='Text', CommandTimeout='30']
SELECT COUNT(*)
FROM [Ballots] AS [b]
INNER JOIN [Locations] AS [l] ON [b].[LocationGuid] = [l].[LocationGuid]
WHERE [l].[ElectionGuid] = @electionGuid Microsoft.EntityFrameworkCore.Database.Command
[17:01:48 INF] [] Executing endpoint 'TallyJ4.Backend.Controllers.ElectionsController.CreateElection (TallyJ4)' Microsoft.AspNetCore.Routing.EndpointMiddleware
[17:01:48 INF] [] Route matched with {action = "CreateElection", controller = "Elections"}. Executing controller action with signature System.Threading.Tasks.Task`1[Microsoft.AspNetCore.Mvc.ActionResult`1[TallyJ4.Models.ApiResponse`1[TallyJ4.DTOs.Elections.ElectionDto]]] CreateElection(TallyJ4.DTOs.Elections.CreateElectionDto) on controller TallyJ4.Backend.Controllers.ElectionsController (TallyJ4). Microsoft.AspNetCore.Mvc.Infrastructure.ControllerActionInvoker
[17:01:48 INF] [] Sent tallyProgress notification to group Analyze045283f6-e9a1-418b-886b-3954083d12f9 TallyJ4.Services.SignalRNotificationService
[17:01:48 INF] [] Starting tally calculation transaction for election 045283f6-e9a1-418b-886b-3954083d12f9 TallyJ4.Services.TallyService
[17:01:48 INF] [] Preparing for analysis of election 045283f6-e9a1-418b-886b-3954083d12f9 TallyJ4.Services.TallyService
[17:01:48 INF] [] Executed DbCommand (4ms) [Parameters=[@p0=NULL (Size = 1) (DbType = AnsiString), @p1=NULL (Size = 1) (DbType = AnsiString), @p2=NULL (Size = 150), @p3=NULL (Size = 50), @p4='2026-03-03T00:01:48.6458447Z' (Nullable = true), @p5='1cae73f8-951c-407e-be6f-ab4463313156', @p6=NULL (Size = 1) (DbType = AnsiString), @p7=NULL (Size = 50), @p8='STV' (Size = 5) (DbType = AnsiString), @p9=NULL (Size = 250), @p10=NULL (Size = 100), @p11=NULL (Size = 250), @p12=NULL (Size = 4000), @p13=NULL (Size = 4000), @p14=NULL (DbType = Boolean), @p15=NULL (DbType = Int32), @p16=NULL (DbType = Guid), @p17=NULL (Size = 2) (DbType = AnsiString), @p18=NULL (DbType = Boolean), @p19=NULL (DbType = DateTime2), @p20=NULL (DbType = Boolean), @p21='Test Election' (Nullable = false) (Size = 150), @p22=NULL (DbType = Int32), @p23='5' (Nullable = true), @p24=NULL (DbType = DateTime2), @p25='False', @p26=NULL (Size = 1) (DbType = AnsiString), @p27=NULL (DbType = DateTime2), @p28=NULL (DbType = DateTime2), @p29=NULL (Size = 50) (DbType = AnsiString), @p30=NULL (DbType = Boolean), @p31=NULL (DbType = Boolean), @p32=NULL (Size = 500), @p33='Setup' (Size = 15) (DbType = AnsiString), @p34=NULL (DbType = Boolean), @p35=NULL (Size = 10) (DbType = AnsiString)], CommandType='Text', CommandTimeout='30']
SET IMPLICIT_TRANSACTIONS OFF;
SET NOCOUNT ON;
INSERT INTO [Elections] ([CanReceive], [CanVote], [Convenor], [CustomMethods], [DateOfElection], [ElectionGuid], [ElectionMode], [ElectionPasscode], [ElectionType], [EmailFromAddress], [EmailFromName], [EmailSubject], [EmailText], [Flags], [HidePreBallotPages], [LastEnvNum], [LinkedElectionGuid], [LinkedElectionKind], [ListForPublic], [ListedForPublicAsOf], [MaskVotingMethod], [Name], [NumberExtra], [NumberToElect], [OnlineAnnounced], [OnlineCloseIsEstimate], [OnlineSelectionProcess], [OnlineWhenClose], [OnlineWhenOpen], [OwnerLoginId], [ShowAsTest], [ShowFullReport], [SmsText], [TallyStatus], [UseCallInButton], [VotingMethods])
OUTPUT INSERTED.[_RowId], INSERTED.[_RowVersion]
VALUES (@p0, @p1, @p2, @p3, @p4, @p5, @p6, @p7, @p8, @p9, @p10, @p11, @p12, @p13, @p14, @p15, @p16, @p17, @p18, @p19, @p20, @p21, @p22, @p23, @p24, @p25, @p26, @p27, @p28, @p29, @p30, @p31, @p32, @p33, @p34, @p35); Microsoft.EntityFrameworkCore.Database.Command
[17:01:48 INF] [] Executed DbCommand (3ms) [Parameters=[@p0='1cae73f8-951c-407e-be6f-ab4463313156', @p1=NULL (Size = 150), @p2=NULL (DbType = DateTime2), @p3='Admin' (Size = 10) (DbType = AnsiString), @p4='42b1eb96-0f4d-470c-ac86-d20959443bd4'], CommandType='Text', CommandTimeout='30']
SET IMPLICIT_TRANSACTIONS OFF;
SET NOCOUNT ON;
INSERT INTO [JoinElectionUsers] ([ElectionGuid], [InviteEmail], [InviteWhen], [Role], [UserId])
OUTPUT INSERTED.[_RowId]
VALUES (@p0, @p1, @p2, @p3, @p4); Microsoft.EntityFrameworkCore.Database.Command
[17:01:48 INF] [] Executed DbCommand (2ms) [Parameters=[@TargetElection_ElectionGuid='045283f6-e9a1-418b-886b-3954083d12f9'], CommandType='Text', CommandTimeout='30']
SELECT [r].[_RowId], [r].[CloseToNext], [r].[CloseToPrev], [r].[ElectionGuid], [r].[ForceShowInOther], [r].[IsTieResolved], [r].[IsTied], [r].[PersonGuid], [r].[Rank], [r].[RankInExtra], [r].[Section], [r].[TieBreakCount], [r].[TieBreakGroup], [r].[TieBreakRequired], [r].[VoteCount]
FROM [Results] AS [r]
WHERE [r].[ElectionGuid] = @TargetElection_ElectionGuid Microsoft.EntityFrameworkCore.Database.Command
[17:01:48 INF] [] Created election 1cae73f8-951c-407e-be6f-ab4463313156 - Test Election TallyJ4.Services.ElectionService
[17:01:48 INF] [] Executed DbCommand (1ms) [Parameters=[@TargetElection_ElectionGuid='045283f6-e9a1-418b-886b-3954083d12f9'], CommandType='Text', CommandTimeout='30']
SELECT [r].[_RowId], [r].[ElectionGuid], [r].[IsResolved], [r].[NumInTie], [r].[NumToElect], [r].[TieBreakGroup], [r].[TieBreakRequired]
FROM [ResultTies] AS [r]
WHERE [r].[ElectionGuid] = @TargetElection_ElectionGuid Microsoft.EntityFrameworkCore.Database.Command
[17:01:48 INF] [] Executed DbCommand (11ms) [Parameters=[@electionGuid='1cae73f8-951c-407e-be6f-ab4463313156'], CommandType='Text', CommandTimeout='30']
SELECT [e0].[_RowId], [e0].[CanReceive], [e0].[CanVote], [e0].[Convenor], [e0].[CustomMethods], [e0].[DateOfElection], [e0].[ElectionGuid], [e0].[ElectionMode], [e0].[ElectionPasscode], [e0].[ElectionType], [e0].[EmailFromAddress], [e0].[EmailFromName], [e0].[EmailSubject], [e0].[EmailText], [e0].[Flags], [e0].[HidePreBallotPages], [e0].[LastEnvNum], [e0].[LinkedElectionGuid], [e0].[LinkedElectionKind], [e0].[ListForPublic], [e0].[ListedForPublicAsOf], [e0].[MaskVotingMethod], [e0].[Name], [e0].[NumberExtra], [e0].[NumberToElect], [e0].[OnlineAnnounced], [e0].[OnlineCloseIsEstimate], [e0].[OnlineSelectionProcess], [e0].[OnlineWhenClose], [e0].[OnlineWhenOpen], [e0].[OwnerLoginId], [e0].[_RowVersion], [e0].[ShowAsTest], [e0].[ShowFullReport], [e0].[SmsText], [e0].[TallyStatus], [e0].[UseCallInButton], [e0].[VotingMethods], [p].[_RowId], [p].[AgeGroup], [p].[Area], [p].[BahaiId], [p].[CanReceiveVotes], [p].[CanVote], [p].[CombinedInfo], [p].[CombinedInfoAtStart], [p].[CombinedSoundCodes], [p].[ElectionGuid], [p].[Email], [p].[EnvNum], [p].[FirstName], [p].[Flags], [p].[_FullName], [p].[_FullNameFL], [p].[HasOnlineBallot], [p].[IneligibleReasonGuid], [p].[KioskCode], [p].[LastName], [p].[OtherInfo], [p].[OtherLastNames], [p].[OtherNames], [p].[PersonGuid], [p].[Phone], [p].[RegistrationTime], [p].[_RowVersion], [p].[_RowVersionInt], [p].[Teller1], [p].[Teller2], [p].[UnitName], [p].[VotingLocationGuid], [p].[VotingMethod], [s].[_RowId], [s].[BallotsCollected], [s].[ContactInfo], [s].[ElectionGuid], [s].[Lat], [s].[LocationGuid], [s].[Long], [s].[Name], [s].[SortOrder], [s].[TallyStatus], [s].[_RowId0], [s].[_BallotCode], [s].[BallotGuid], [s].[BallotNumAtComputer], [s].[ComputerCode], [s].[LocationGuid0], [s].[_RowVersion], [s].[StatusCode], [s].[Teller1], [s].[Teller2]
FROM (
    SELECT TOP(1) [e].[_RowId], [e].[CanReceive], [e].[CanVote], [e].[Convenor], [e].[CustomMethods], [e].[DateOfElection], [e].[ElectionGuid], [e].[ElectionMode], [e].[ElectionPasscode], [e].[ElectionType], [e].[EmailFromAddress], [e].[EmailFromName], [e].[EmailSubject], [e].[EmailText], [e].[Flags], [e].[HidePreBallotPages], [e].[LastEnvNum], [e].[LinkedElectionGuid], [e].[LinkedElectionKind], [e].[ListForPublic], [e].[ListedForPublicAsOf], [e].[MaskVotingMethod], [e].[Name], [e].[NumberExtra], [e].[NumberToElect], [e].[OnlineAnnounced], [e].[OnlineCloseIsEstimate], [e].[OnlineSelectionProcess], [e].[OnlineWhenClose], [e].[OnlineWhenOpen], [e].[OwnerLoginId], [e].[_RowVersion], [e].[ShowAsTest], [e].[ShowFullReport], [e].[SmsText], [e].[TallyStatus], [e].[UseCallInButton], [e].[VotingMethods]
    FROM [Elections] AS [e]
    WHERE [e].[ElectionGuid] = @electionGuid
) AS [e0]
LEFT JOIN [People] AS [p] ON [e0].[ElectionGuid] = [p].[ElectionGuid]
LEFT JOIN (
    SELECT [l].[_RowId], [l].[BallotsCollected], [l].[ContactInfo], [l].[ElectionGuid], [l].[Lat], [l].[LocationGuid], [l].[Long], [l].[Name], [l].[SortOrder], [l].[TallyStatus], [b].[_RowId] AS [_RowId0], [b].[_BallotCode], [b].[BallotGuid], [b].[BallotNumAtComputer], [b].[ComputerCode], [b].[LocationGuid] AS [LocationGuid0], [b].[_RowVersion], [b].[StatusCode], [b].[Teller1], [b].[Teller2]
    FROM [Locations] AS [l]
    LEFT JOIN [Ballots] AS [b] ON [l].[LocationGuid] = [b].[LocationGuid]
) AS [s] ON [e0].[ElectionGuid] = [s].[ElectionGuid]
ORDER BY [e0].[_RowId], [p].[_RowId], [s].[_RowId] Microsoft.EntityFrameworkCore.Database.Command
[17:01:48 INF] [] Executing CreatedAtActionResult, writing value of type 'TallyJ4.Models.ApiResponse`1[[TallyJ4.DTOs.Elections.ElectionDto, TallyJ4, Version=1.0.0.0, Culture=neutral, PublicKeyToken=null]]'. Microsoft.AspNetCore.Mvc.Infrastructure.ObjectResultExecutor
[17:01:48 INF] [] Executed action TallyJ4.Backend.Controllers.ElectionsController.CreateElection (TallyJ4) in 25.3453ms Microsoft.AspNetCore.Mvc.Infrastructure.ControllerActionInvoker
[17:01:48 INF] [] Executed endpoint 'TallyJ4.Backend.Controllers.ElectionsController.CreateElection (TallyJ4)' Microsoft.AspNetCore.Routing.EndpointMiddleware
[17:01:48 INF] [] Request finished HTTP/1.1 POST http://localhost/api/elections - 201 null application/json; charset=utf-8 28.6695ms Microsoft.AspNetCore.Hosting.Diagnostics
[17:01:48 INF] [] Executed DbCommand (2ms) [Parameters=[@TargetElection_ElectionGuid='045283f6-e9a1-418b-886b-3954083d12f9'], CommandType='Text', CommandTimeout='30']
SELECT [l].[LocationGuid]
FROM [Locations] AS [l]
WHERE [l].[ElectionGuid] = @TargetElection_ElectionGuid Microsoft.EntityFrameworkCore.Database.Command
[17:01:48 INF] [] Executed DbCommand (2ms) [Parameters=[@normalizedEmail='ADMIN@TALLYJ.COM' (Size = 256)], CommandType='Text', CommandTimeout='30']
SELECT TOP(2) [a].[Id], [a].[AccessFailedCount], [a].[AuthMethod], [a].[ConcurrencyStamp], [a].[Email], [a].[EmailConfirmed], [a].[GoogleId], [a].[LockoutEnabled], [a].[LockoutEnd], [a].[NormalizedEmail], [a].[NormalizedUserName], [a].[PasswordHash], [a].[PasswordResetExpiry], [a].[PasswordResetToken], [a].[PhoneNumber], [a].[PhoneNumberConfirmed], [a].[SecurityStamp], [a].[TwoFactorEnabled], [a].[UserName]
FROM [AspNetUsers] AS [a]
WHERE [a].[NormalizedEmail] = @normalizedEmail Microsoft.EntityFrameworkCore.Database.Command
[17:01:48 INF] [] Executed DbCommand (2ms) [Parameters=[@locationGuids1='a5ff9abf-178c-492d-bed2-78c3fa78f44d'], CommandType='Text', CommandTimeout='30']
SELECT [b].[_RowId], [b].[_BallotCode], [b].[BallotGuid], [b].[BallotNumAtComputer], [b].[ComputerCode], [b].[LocationGuid], [b].[_RowVersion], [b].[StatusCode], [b].[Teller1], [b].[Teller2]
FROM [Ballots] AS [b]
WHERE [b].[LocationGuid] = @locationGuids1 Microsoft.EntityFrameworkCore.Database.Command
[17:01:48 INF] [] Executed DbCommand (3ms) [Parameters=[@ballotGuids1='c9449244-80e4-4980-90f8-4b6a2b67bb67', @ballotGuids2='369025d0-90c3-4f43-a822-eb91ae994ad9', @ballotGuids3='bdbb606f-3691-4fa4-9efc-5e95ad989b9c', @ballotGuids4='3a5fdf65-586b-4353-a4a8-d1f05dd93ef6', @ballotGuids5='c71eeea2-4b0e-4e39-a69c-3c83899ca22f', @ballotGuids6='3dbc904d-d849-49ae-9145-cbbc5e6111e9', @ballotGuids7='246de660-2d63-4f0c-8064-fa6cd1816da8', @ballotGuids8='594bad8c-f343-424a-b023-22e8e560fc96', @ballotGuids9='b55e9b70-38b0-414b-82dc-8d9cde5048c0', @ballotGuids10='93042a66-de0c-4eb7-8346-97309dc7e108'], CommandType='Text', CommandTimeout='30']
SELECT [v].[_RowId], [v].[BallotGuid], [v].[InvalidReasonGuid], [v].[OnlineVoteRaw], [v].[PersonCombinedInfo], [v].[PersonGuid], [v].[PositionOnBallot], [v].[_RowVersion], [v].[SingleNameElectionCount], [v].[StatusCode]
FROM [Votes] AS [v]
WHERE [v].[BallotGuid] IN (@ballotGuids1, @ballotGuids2, @ballotGuids3, @ballotGuids4, @ballotGuids5, @ballotGuids6, @ballotGuids7, @ballotGuids8, @ballotGuids9, @ballotGuids10) Microsoft.EntityFrameworkCore.Database.Command
[17:01:48 INF] [] Request starting HTTP/1.1 POST http://localhost/api/auth/login - application/json; charset=utf-8 51 Microsoft.AspNetCore.Hosting.Diagnostics
[17:01:48 INF] [] JWT Message received - Header: False, HasBearer: False, TokenLength: 0, ActualHeader: '' 
[17:01:48 INF] [] Executing endpoint 'TallyJ4.Backend.Controllers.AuthController.Login (TallyJ4)' Microsoft.AspNetCore.Routing.EndpointMiddleware
[17:01:48 INF] [] Route matched with {action = "Login", controller = "Auth"}. Executing controller action with signature System.Threading.Tasks.Task`1[Microsoft.AspNetCore.Mvc.IActionResult] Login(TallyJ4.Application.DTOs.Auth.LoginRequest) on controller TallyJ4.Backend.Controllers.AuthController (TallyJ4). Microsoft.AspNetCore.Mvc.Infrastructure.ControllerActionInvoker
[17:01:48 INF] [] Executed DbCommand (8ms) [Parameters=[@TargetElection_ElectionGuid='045283f6-e9a1-418b-886b-3954083d12f9'], CommandType='Text', CommandTimeout='30']
SELECT [p].[_RowId], [p].[AgeGroup], [p].[Area], [p].[BahaiId], [p].[CanReceiveVotes], [p].[CanVote], [p].[CombinedInfo], [p].[CombinedInfoAtStart], [p].[CombinedSoundCodes], [p].[ElectionGuid], [p].[Email], [p].[EnvNum], [p].[FirstName], [p].[Flags], [p].[_FullName], [p].[_FullNameFL], [p].[HasOnlineBallot], [p].[IneligibleReasonGuid], [p].[KioskCode], [p].[LastName], [p].[OtherInfo], [p].[OtherLastNames], [p].[OtherNames], [p].[PersonGuid], [p].[Phone], [p].[RegistrationTime], [p].[_RowVersion], [p].[_RowVersionInt], [p].[Teller1], [p].[Teller2], [p].[UnitName], [p].[VotingLocationGuid], [p].[VotingMethod]
FROM [People] AS [p]
WHERE [p].[ElectionGuid] = @TargetElection_ElectionGuid Microsoft.EntityFrameworkCore.Database.Command
[17:01:48 INF] [] Executed DbCommand (2ms) [Parameters=[@normalizedEmail='ADMIN@TALLYJ.COM' (Size = 256)], CommandType='Text', CommandTimeout='30']
SELECT TOP(2) [a].[Id], [a].[AccessFailedCount], [a].[AuthMethod], [a].[ConcurrencyStamp], [a].[Email], [a].[EmailConfirmed], [a].[GoogleId], [a].[LockoutEnabled], [a].[LockoutEnd], [a].[NormalizedEmail], [a].[NormalizedUserName], [a].[PasswordHash], [a].[PasswordResetExpiry], [a].[PasswordResetToken], [a].[PhoneNumber], [a].[PhoneNumberConfirmed], [a].[SecurityStamp], [a].[TwoFactorEnabled], [a].[UserName]
FROM [AspNetUsers] AS [a]
WHERE [a].[NormalizedEmail] = @normalizedEmail Microsoft.EntityFrameworkCore.Database.Command
[17:01:48 INF] [] Executed DbCommand (2ms) [Parameters=[@TargetElection_ElectionGuid='045283f6-e9a1-418b-886b-3954083d12f9'], CommandType='Text', CommandTimeout='30']
SELECT TOP(1) [r].[_RowId], [r].[BallotsNeedingReview], [r].[BallotsReceived], [r].[CalledInBallots], [r].[Custom1Ballots], [r].[Custom2Ballots], [r].[Custom3Ballots], [r].[DroppedOffBallots], [r].[ElectionGuid], [r].[ImportedBallots], [r].[InPersonBallots], [r].[MailedInBallots], [r].[NumEligibleToVote], [r].[NumVoters], [r].[OnlineBallots], [r].[ResultType], [r].[SpoiledBallots], [r].[SpoiledManualBallots], [r].[SpoiledVotes], [r].[TotalVotes], [r].[UseOnReports]
FROM [ResultSummaries] AS [r]
WHERE [r].[ElectionGuid] = @TargetElection_ElectionGuid Microsoft.EntityFrameworkCore.Database.Command
[17:01:48 INF] [] Loaded 10 ballots, 30 votes, 5 people TallyJ4.Services.TallyService
[17:01:48 INF] [] Calculating ballot statistics TallyJ4.Services.TallyService
[17:01:48 INF] [] Statistics: 10 ballots (0 spoiled), 30 potential votes (0 spoiled) TallyJ4.Services.TallyService
[17:01:48 INF] [] Starting vote count for normal election TallyJ4.Services.TallyService
[17:01:48 INF] [] Processed 10 ballots (27 votes) TallyJ4.Services.TallyService
[17:01:48 INF] [] Executed DbCommand (2ms) [Parameters=[@p0='2026-02-01T00:01:48.8115239Z', @p1='2026-03-03T00:01:48.8115232Z', @p2='False', @p3=NULL (Size = 4000), @p4=NULL (Size = 4000), @p5='+7otZ2IY+yDvruwW9w3nRBbdWxzuvqM0eYjDo6gO7bM=' (Nullable = false) (Size = 200), @p6='42b1eb96-0f4d-470c-ac86-d20959443bd4' (Nullable = false) (Size = 450)], CommandType='Text', CommandTimeout='30']
SET IMPLICIT_TRANSACTIONS OFF;
SET NOCOUNT ON;
INSERT INTO [RefreshToken] ([CreatedAt], [ExpiresAt], [IsRevoked], [ReplacedByToken], [RevokedReason], [Token], [UserId])
OUTPUT INSERTED.[_RowId], INSERTED.[_RowVersion]
VALUES (@p0, @p1, @p2, @p3, @p4, @p5, @p6); Microsoft.EntityFrameworkCore.Database.Command
[17:01:48 INF] [] Executing OkObjectResult, writing value of type 'TallyJ4.Application.DTOs.Auth.AuthResponse'. Microsoft.AspNetCore.Mvc.Infrastructure.ObjectResultExecutor
[17:01:48 INF] [] Executed action TallyJ4.Backend.Controllers.AuthController.Login (TallyJ4) in 75.9126ms Microsoft.AspNetCore.Mvc.Infrastructure.ControllerActionInvoker
[17:01:48 INF] [] Executed endpoint 'TallyJ4.Backend.Controllers.AuthController.Login (TallyJ4)' Microsoft.AspNetCore.Routing.EndpointMiddleware
[TEST] Got auth token: eyJhbGciOiJIUzI1NiIsInR5cCI6IkpXVCJ9.eyJzdWIiOiI0M...
[17:01:48 INF] [] Request finished HTTP/1.1 POST http://localhost/api/auth/login - 200 null application/json; charset=utf-8 76.8472ms Microsoft.AspNetCore.Hosting.Diagnostics
[TEST] SetAuthToken called with token length: 355, starts with 'eyJ': True
[TEST] Client.DefaultRequestHeaders.Authorization set to: Bearer eyJhbGciOiJIUzI1NiIsInR5cCI6IkpXVCJ9.eyJzdWIiOiI0MmIxZWI5Ni0wZjRkLTQ3MGMtYWM4Ni1kMjA5NTk0NDNiZDQiLCJlbWFpbCI6ImFkbWluQHRhbGx5ai5jb20iLCJhdXRoTWV0aG9kIjoiTG9jYWwiLCJqdGkiOiJjMWIyMmVkOC0wZjA4LTRiN2UtODIzZi1kZjk5YThhOGI4NDAiLCJleHAiOjE3Njk5MDc3MDgsImlzcyI6IlRhbGx5SjRUZXN0QVBJIiwiYXVkIjoiVGFsbHlKNFRlc3RDbGllbnQifQ.tb-N9vaAp8ChOF3F_0hYif29nb0dB2nbJxsxKtTKOWE
[17:01:48 INF] [] Request starting HTTP/1.1 GET http://localhost/api/elections - null null Microsoft.AspNetCore.Hosting.Diagnostics
[17:01:48 INF] [] JWT Message received - Header: True, HasBearer: True, TokenLength: 355, ActualHeader: 'Bearer eyJhbGciOiJIUzI1NiIsInR5cCI6IkpXVCJ9.eyJzdWIiOiI0MmIxZWI5Ni0wZjRkLTQ3MGMtYWM4Ni1kMjA5NTk0NDNi...' 
[17:01:48 INF] [] JWT Token validated successfully for user: 42b1eb96-0f4d-470c-ac86-d20959443bd4 
[17:01:48 INF] [] Executing endpoint 'TallyJ4.Backend.Controllers.ElectionsController.GetElections (TallyJ4)' Microsoft.AspNetCore.Routing.EndpointMiddleware
[17:01:48 INF] [] Route matched with {action = "GetElections", controller = "Elections"}. Executing controller action with signature System.Threading.Tasks.Task`1[Microsoft.AspNetCore.Mvc.ActionResult`1[TallyJ4.Models.PaginatedResponse`1[TallyJ4.DTOs.Elections.ElectionSummaryDto]]] GetElections(Int32, Int32, System.String) on controller TallyJ4.Backend.Controllers.ElectionsController (TallyJ4). Microsoft.AspNetCore.Mvc.Infrastructure.ControllerActionInvoker
[17:01:48 INF] [] Executed DbCommand (9ms) [Parameters=[@p0='False' (Nullable = true), @p1='False' (Nullable = true), @p2='045283f6-e9a1-418b-886b-3954083d12f9', @p3=NULL (DbType = Boolean), @p4=NULL (DbType = Boolean), @p5='False' (Nullable = true), @p6='902da0eb-4d93-46d6-90b1-e58d69f28d29', @p7='0', @p8=NULL (DbType = Int32), @p9='O' (Nullable = false) (Size = 1) (DbType = AnsiStringFixedLength), @p10=NULL (DbType = Int32), @p11=NULL (DbType = Int32), @p12='False' (Nullable = true), @p13='10' (Nullable = true), @p14='False' (Nullable = true), @p15='False' (Nullable = true), @p16='045283f6-e9a1-418b-886b-3954083d12f9', @p17=NULL (DbType = Boolean), @p18=NULL (DbType = Boolean), @p19='False' (Nullable = true), @p20='8effa50b-e175-4374-ade4-d35233daf1fe', @p21='0', @p22=NULL (DbType = Int32), @p23='O' (Nullable = false) (Size = 1) (DbType = AnsiStringFixedLength), @p24=NULL (DbType = Int32), @p25=NULL (DbType = Int32), @p26='False' (Nullable = true), @p27='10' (Nullable = true), @p28='False' (Nullable = true), @p29='False' (Nullable = true), @p30='045283f6-e9a1-418b-886b-3954083d12f9', @p31=NULL (DbType = Boolean), @p32=NULL (DbType = Boolean), @p33='False' (Nullable = true), @p34='7226e2b0-9435-4dc7-9e3b-a5b165f1770c', @p35='0', @p36=NULL (DbType = Int32), @p37='O' (Nullable = false) (Size = 1) (DbType = AnsiStringFixedLength), @p38=NULL (DbType = Int32), @p39=NULL (DbType = Int32), @p40='False' (Nullable = true), @p41='10' (Nullable = true)], CommandType='Text', CommandTimeout='30']
SET IMPLICIT_TRANSACTIONS OFF;
SET NOCOUNT ON;
MERGE [Results] USING (
VALUES (@p0, @p1, @p2, @p3, @p4, @p5, @p6, @p7, @p8, @p9, @p10, @p11, @p12, @p13, 0),
(@p14, @p15, @p16, @p17, @p18, @p19, @p20, @p21, @p22, @p23, @p24, @p25, @p26, @p27, 1),
(@p28, @p29, @p30, @p31, @p32, @p33, @p34, @p35, @p36, @p37, @p38, @p39, @p40, @p41, 2)) AS i ([CloseToNext], [CloseToPrev], [ElectionGuid], [ForceShowInOther], [IsTieResolved], [IsTied], [PersonGuid], [Rank], [RankInExtra], [Section], [TieBreakCount], [TieBreakGroup], [TieBreakRequired], [VoteCount], _Position) ON 1=0
WHEN NOT MATCHED THEN
INSERT ([CloseToNext], [CloseToPrev], [ElectionGuid], [ForceShowInOther], [IsTieResolved], [IsTied], [PersonGuid], [Rank], [RankInExtra], [Section], [TieBreakCount], [TieBreakGroup], [TieBreakRequired], [VoteCount])
VALUES (i.[CloseToNext], i.[CloseToPrev], i.[ElectionGuid], i.[ForceShowInOther], i.[IsTieResolved], i.[IsTied], i.[PersonGuid], i.[Rank], i.[RankInExtra], i.[Section], i.[TieBreakCount], i.[TieBreakGroup], i.[TieBreakRequired], i.[VoteCount])
OUTPUT INSERTED.[_RowId], i._Position; Microsoft.EntityFrameworkCore.Database.Command
[17:01:48 INF] [] Completed vote count: 10 ballots processed, 30 valid votes TallyJ4.Services.TallyService
[17:01:48 INF] [] Finalizing results and detecting ties TallyJ4.Services.TallyService
[17:01:48 INF] [] Finalized 3 results, 1 tie groups TallyJ4.Services.TallyService
[17:01:48 INF] [] Finalizing summaries TallyJ4.Services.TallyService
[17:01:48 INF] [] Executed DbCommand (2ms) [Parameters=[@TargetElection_ElectionGuid='045283f6-e9a1-418b-886b-3954083d12f9'], CommandType='Text', CommandTimeout='30']
SELECT TOP(1) [r].[_RowId], [r].[BallotsNeedingReview], [r].[BallotsReceived], [r].[CalledInBallots], [r].[Custom1Ballots], [r].[Custom2Ballots], [r].[Custom3Ballots], [r].[DroppedOffBallots], [r].[ElectionGuid], [r].[ImportedBallots], [r].[InPersonBallots], [r].[MailedInBallots], [r].[NumEligibleToVote], [r].[NumVoters], [r].[OnlineBallots], [r].[ResultType], [r].[SpoiledBallots], [r].[SpoiledManualBallots], [r].[SpoiledVotes], [r].[TotalVotes], [r].[UseOnReports]
FROM [ResultSummaries] AS [r]
WHERE [r].[ElectionGuid] = @TargetElection_ElectionGuid Microsoft.EntityFrameworkCore.Database.Command
[17:01:48 INF] [] Executed DbCommand (1ms) [Parameters=[], CommandType='Text', CommandTimeout='30']
SELECT COUNT(*)
FROM [Elections] AS [e] Microsoft.EntityFrameworkCore.Database.Command
[17:01:48 WRN] [] Compiling a query which loads related collections for more than one collection navigation, either via 'Include' or through projection, but no 'QuerySplittingBehavior' has been configured. By default, Entity Framework will use 'QuerySplittingBehavior.SingleQuery', which can potentially result in slow query performance. See https://go.microsoft.com/fwlink/?linkid=2134277 for more information. To identify the query that's triggering this warning call 'ConfigureWarnings(w => w.Throw(RelationalEventId.MultipleCollectionIncludeWarning))'. Microsoft.EntityFrameworkCore.Query
[17:01:48 INF] [] Saving results to database TallyJ4.Services.TallyService
[17:01:48 INF] [] Executed DbCommand (13ms) [Parameters=[@p='0', @p0='10'], CommandType='Text', CommandTimeout='30']
SELECT [e0].[_RowId], [e0].[CanReceive], [e0].[CanVote], [e0].[Convenor], [e0].[CustomMethods], [e0].[DateOfElection], [e0].[ElectionGuid], [e0].[ElectionMode], [e0].[ElectionPasscode], [e0].[ElectionType], [e0].[EmailFromAddress], [e0].[EmailFromName], [e0].[EmailSubject], [e0].[EmailText], [e0].[Flags], [e0].[HidePreBallotPages], [e0].[LastEnvNum], [e0].[LinkedElectionGuid], [e0].[LinkedElectionKind], [e0].[ListForPublic], [e0].[ListedForPublicAsOf], [e0].[MaskVotingMethod], [e0].[Name], [e0].[NumberExtra], [e0].[NumberToElect], [e0].[OnlineAnnounced], [e0].[OnlineCloseIsEstimate], [e0].[OnlineSelectionProcess], [e0].[OnlineWhenClose], [e0].[OnlineWhenOpen], [e0].[OwnerLoginId], [e0].[_RowVersion], [e0].[ShowAsTest], [e0].[ShowFullReport], [e0].[SmsText], [e0].[TallyStatus], [e0].[UseCallInButton], [e0].[VotingMethods], [p].[_RowId], [p].[AgeGroup], [p].[Area], [p].[BahaiId], [p].[CanReceiveVotes], [p].[CanVote], [p].[CombinedInfo], [p].[CombinedInfoAtStart], [p].[CombinedSoundCodes], [p].[ElectionGuid], [p].[Email], [p].[EnvNum], [p].[FirstName], [p].[Flags], [p].[_FullName], [p].[_FullNameFL], [p].[HasOnlineBallot], [p].[IneligibleReasonGuid], [p].[KioskCode], [p].[LastName], [p].[OtherInfo], [p].[OtherLastNames], [p].[OtherNames], [p].[PersonGuid], [p].[Phone], [p].[RegistrationTime], [p].[_RowVersion], [p].[_RowVersionInt], [p].[Teller1], [p].[Teller2], [p].[UnitName], [p].[VotingLocationGuid], [p].[VotingMethod], [s].[_RowId], [s].[BallotsCollected], [s].[ContactInfo], [s].[ElectionGuid], [s].[Lat], [s].[LocationGuid], [s].[Long], [s].[Name], [s].[SortOrder], [s].[TallyStatus], [s].[_RowId0], [s].[_BallotCode], [s].[BallotGuid], [s].[BallotNumAtComputer], [s].[ComputerCode], [s].[LocationGuid0], [s].[_RowVersion], [s].[StatusCode], [s].[Teller1], [s].[Teller2]
FROM (
    SELECT [e].[_RowId], [e].[CanReceive], [e].[CanVote], [e].[Convenor], [e].[CustomMethods], [e].[DateOfElection], [e].[ElectionGuid], [e].[ElectionMode], [e].[ElectionPasscode], [e].[ElectionType], [e].[EmailFromAddress], [e].[EmailFromName], [e].[EmailSubject], [e].[EmailText], [e].[Flags], [e].[HidePreBallotPages], [e].[LastEnvNum], [e].[LinkedElectionGuid], [e].[LinkedElectionKind], [e].[ListForPublic], [e].[ListedForPublicAsOf], [e].[MaskVotingMethod], [e].[Name], [e].[NumberExtra], [e].[NumberToElect], [e].[OnlineAnnounced], [e].[OnlineCloseIsEstimate], [e].[OnlineSelectionProcess], [e].[OnlineWhenClose], [e].[OnlineWhenOpen], [e].[OwnerLoginId], [e].[_RowVersion], [e].[ShowAsTest], [e].[ShowFullReport], [e].[SmsText], [e].[TallyStatus], [e].[UseCallInButton], [e].[VotingMethods]
    FROM [Elections] AS [e]
    ORDER BY [e].[DateOfElection] DESC
    OFFSET @p ROWS FETCH NEXT @p0 ROWS ONLY
) AS [e0]
LEFT JOIN [People] AS [p] ON [e0].[ElectionGuid] = [p].[ElectionGuid]
LEFT JOIN (
    SELECT [l].[_RowId], [l].[BallotsCollected], [l].[ContactInfo], [l].[ElectionGuid], [l].[Lat], [l].[LocationGuid], [l].[Long], [l].[Name], [l].[SortOrder], [l].[TallyStatus], [b].[_RowId] AS [_RowId0], [b].[_BallotCode], [b].[BallotGuid], [b].[BallotNumAtComputer], [b].[ComputerCode], [b].[LocationGuid] AS [LocationGuid0], [b].[_RowVersion], [b].[StatusCode], [b].[Teller1], [b].[Teller2]
    FROM [Locations] AS [l]
    LEFT JOIN [Ballots] AS [b] ON [l].[LocationGuid] = [b].[LocationGuid]
) AS [s] ON [e0].[ElectionGuid] = [s].[ElectionGuid]
ORDER BY [e0].[DateOfElection] DESC, [e0].[_RowId], [p].[_RowId], [s].[_RowId] Microsoft.EntityFrameworkCore.Database.Command
[17:01:48 INF] [] Executed DbCommand (7ms) [Parameters=[@p0='0' (Nullable = true), @p1='10' (Nullable = true), @p2=NULL (DbType = Int32), @p3=NULL (DbType = Int32), @p4=NULL (DbType = Int32), @p5=NULL (DbType = Int32), @p6=NULL (DbType = Int32), @p7='045283f6-e9a1-418b-886b-3954083d12f9', @p8=NULL (DbType = Int32), @p9=NULL (DbType = Int32), @p10=NULL (DbType = Int32), @p11=NULL (DbType = Int32), @p12=NULL (DbType = Int32), @p13=NULL (DbType = Int32), @p14='N' (Nullable = false) (Size = 1) (DbType = AnsiStringFixedLength), @p15='0' (Nullable = true), @p16=NULL (DbType = Int32), @p17='0' (Nullable = true), @p18='30' (Nullable = true), @p19='True' (Nullable = true), @p24='1', @p20='True' (Nullable = true), @p21='1', @p22='E' (Nullable = false) (Size = 1) (DbType = AnsiStringFixedLength), @p23='1' (Nullable = true), @p29='2', @p25='True' (Nullable = true), @p26='1', @p27='E' (Nullable = false) (Size = 1) (DbType = AnsiStringFixedLength), @p28='1' (Nullable = true), @p34='3', @p30='True' (Nullable = true), @p31='1', @p32='E' (Nullable = false) (Size = 1) (DbType = AnsiStringFixedLength), @p33='1' (Nullable = true)], CommandType='Text', CommandTimeout='30']
SET NOCOUNT ON;
INSERT INTO [ResultSummaries] ([BallotsNeedingReview], [BallotsReceived], [CalledInBallots], [Custom1Ballots], [Custom2Ballots], [Custom3Ballots], [DroppedOffBallots], [ElectionGuid], [ImportedBallots], [InPersonBallots], [MailedInBallots], [NumEligibleToVote], [NumVoters], [OnlineBallots], [ResultType], [SpoiledBallots], [SpoiledManualBallots], [SpoiledVotes], [TotalVotes], [UseOnReports])
OUTPUT INSERTED.[_RowId]
VALUES (@p0, @p1, @p2, @p3, @p4, @p5, @p6, @p7, @p8, @p9, @p10, @p11, @p12, @p13, @p14, @p15, @p16, @p17, @p18, @p19);
UPDATE [Results] SET [IsTied] = @p20, [Rank] = @p21, [Section] = @p22, [TieBreakGroup] = @p23
OUTPUT 1
WHERE [_RowId] = @p24;
UPDATE [Results] SET [IsTied] = @p25, [Rank] = @p26, [Section] = @p27, [TieBreakGroup] = @p28
OUTPUT 1
WHERE [_RowId] = @p29;
UPDATE [Results] SET [IsTied] = @p30, [Rank] = @p31, [Section] = @p32, [TieBreakGroup] = @p33
OUTPUT 1
WHERE [_RowId] = @p34; Microsoft.EntityFrameworkCore.Database.Command
[17:01:48 INF] [] Executing OkObjectResult, writing value of type 'TallyJ4.Models.PaginatedResponse`1[[TallyJ4.DTOs.Elections.ElectionSummaryDto, TallyJ4, Version=1.0.0.0, Culture=neutral, PublicKeyToken=null]]'. Microsoft.AspNetCore.Mvc.Infrastructure.ObjectResultExecutor
[17:01:48 INF] [] Results saved successfully TallyJ4.Services.TallyService
[17:01:48 INF] [] Tally calculation transaction committed successfully for election 045283f6-e9a1-418b-886b-3954083d12f9 TallyJ4.Services.TallyService
[17:01:48 INF] [] Executed action TallyJ4.Backend.Controllers.ElectionsController.GetElections (TallyJ4) in 67.1802ms Microsoft.AspNetCore.Mvc.Infrastructure.ControllerActionInvoker
[17:01:48 INF] [] Executed endpoint 'TallyJ4.Backend.Controllers.ElectionsController.GetElections (TallyJ4)' Microsoft.AspNetCore.Routing.EndpointMiddleware
[17:01:48 INF] [] Request finished HTTP/1.1 GET http://localhost/api/elections - 200 null application/json; charset=utf-8 75.1148ms Microsoft.AspNetCore.Hosting.Diagnostics
  Passed TallyJ4.Tests.IntegrationTests.ProgramStartupTests.AuthServices_AreRegistered [2 ms]
  Failed TallyJ4.Tests.IntegrationTests.ProgramStartupTests.Application_StartsSuccessfully [< 1 ms]
  Error Message:
   System.InvalidOperationException : The TestServer constructor was not called with a IWebHostBuilder so IWebHost is not available.
  Stack Trace:
     at Microsoft.AspNetCore.TestHost.TestServer.get_Host()
   at TallyJ4.Tests.IntegrationTests.ProgramStartupTests.Application_StartsSuccessfully() in C:\Users\glenl\.zenflow\worktrees\jan-31-review-f-cad9\TallyJ4.Tests\IntegrationTests\ProgramStartupTests.cs:line 16
   at System.Reflection.MethodBaseInvoker.InterpretedInvoke_Method(Object obj, IntPtr* args)
   at System.Reflection.MethodBaseInvoker.InvokeWithNoArgs(Object obj, BindingFlags invokeAttr)
  Passed TallyJ4.Tests.IntegrationTests.MigrationTests.ComputedColumns_WorkCorrectly [170 ms]
  Passed TallyJ4.Tests.IntegrationTests.MigrationTests.SeededElections_ArePresent_AfterMigrations [19 ms]
  Passed TallyJ4.Tests.IntegrationTests.MigrationTests.DatabaseSchema_IsCorrect_AfterMigrations [30 ms]
  Passed TallyJ4.Tests.IntegrationTests.MigrationTests.DatabaseConstraints_AreEnforced [8 ms]
  Passed TallyJ4.Tests.IntegrationTests.ElectionsControllerTests.UpdateElection_WithValidData_ReturnsOk [5 s]
  Passed TallyJ4.Tests.IntegrationTests.ElectionsControllerTests.CreateElection_WithValidData_ReturnsCreated [179 ms]
  Passed TallyJ4.Tests.IntegrationTests.ElectionsControllerTests.GetElections_WithAuth_ReturnsOk [216 ms]
[17:01:48 INF] [] Executed DbCommand (2ms) [Parameters=[@normalizedEmail='ADMIN@TALLYJ.COM' (Size = 256)], CommandType='Text', CommandTimeout='30']
SELECT TOP(2) [a].[Id], [a].[AccessFailedCount], [a].[AuthMethod], [a].[ConcurrencyStamp], [a].[Email], [a].[EmailConfirmed], [a].[GoogleId], [a].[LockoutEnabled], [a].[LockoutEnd], [a].[NormalizedEmail], [a].[NormalizedUserName], [a].[PasswordHash], [a].[PasswordResetExpiry], [a].[PasswordResetToken], [a].[PhoneNumber], [a].[PhoneNumberConfirmed], [a].[SecurityStamp], [a].[TwoFactorEnabled], [a].[UserName]
FROM [AspNetUsers] AS [a]
WHERE [a].[NormalizedEmail] = @normalizedEmail Microsoft.EntityFrameworkCore.Database.Command
[17:01:48 INF] [] Executed DbCommand (3ms) [Parameters=[@electionGuid='045283f6-e9a1-418b-886b-3954083d12f9'], CommandType='Text', CommandTimeout='30']
SELECT COALESCE(SUM(COALESCE([r].[VoteCount], 0)), 0)
FROM [Results] AS [r]
WHERE [r].[ElectionGuid] = @electionGuid Microsoft.EntityFrameworkCore.Database.Command
[17:01:48 INF] [] Sent tallyComplete notification to group Analyze045283f6-e9a1-418b-886b-3954083d12f9 TallyJ4.Services.SignalRNotificationService
[17:01:48 INF] [] Executed DbCommand (3ms) [Parameters=[@electionGuid='045283f6-e9a1-418b-886b-3954083d12f9'], CommandType='Text', CommandTimeout='30']
SELECT TOP(1) [e].[_RowId], [e].[CanReceive], [e].[CanVote], [e].[Convenor], [e].[CustomMethods], [e].[DateOfElection], [e].[ElectionGuid], [e].[ElectionMode], [e].[ElectionPasscode], [e].[ElectionType], [e].[EmailFromAddress], [e].[EmailFromName], [e].[EmailSubject], [e].[EmailText], [e].[Flags], [e].[HidePreBallotPages], [e].[LastEnvNum], [e].[LinkedElectionGuid], [e].[LinkedElectionKind], [e].[ListForPublic], [e].[ListedForPublicAsOf], [e].[MaskVotingMethod], [e].[Name], [e].[NumberExtra], [e].[NumberToElect], [e].[OnlineAnnounced], [e].[OnlineCloseIsEstimate], [e].[OnlineSelectionProcess], [e].[OnlineWhenClose], [e].[OnlineWhenOpen], [e].[OwnerLoginId], [e].[_RowVersion], [e].[ShowAsTest], [e].[ShowFullReport], [e].[SmsText], [e].[TallyStatus], [e].[UseCallInButton], [e].[VotingMethods]
FROM [Elections] AS [e]
WHERE [e].[ElectionGuid] = @electionGuid Microsoft.EntityFrameworkCore.Database.Command
[17:01:48 INF] [] Executed DbCommand (11ms) [Parameters=[@electionGuid='045283f6-e9a1-418b-886b-3954083d12f9'], CommandType='Text', CommandTimeout='30']
SELECT [r].[_RowId], [r].[CloseToNext], [r].[CloseToPrev], [r].[ElectionGuid], [r].[ForceShowInOther], [r].[IsTieResolved], [r].[IsTied], [r].[PersonGuid], [r].[Rank], [r].[RankInExtra], [r].[Section], [r].[TieBreakCount], [r].[TieBreakGroup], [r].[TieBreakRequired], [r].[VoteCount], [p].[_RowId], [p].[AgeGroup], [p].[Area], [p].[BahaiId], [p].[CanReceiveVotes], [p].[CanVote], [p].[CombinedInfo], [p].[CombinedInfoAtStart], [p].[CombinedSoundCodes], [p].[ElectionGuid], [p].[Email], [p].[EnvNum], [p].[FirstName], [p].[Flags], [p].[_FullName], [p].[_FullNameFL], [p].[HasOnlineBallot], [p].[IneligibleReasonGuid], [p].[KioskCode], [p].[LastName], [p].[OtherInfo], [p].[OtherLastNames], [p].[OtherNames], [p].[PersonGuid], [p].[Phone], [p].[RegistrationTime], [p].[_RowVersion], [p].[_RowVersionInt], [p].[Teller1], [p].[Teller2], [p].[UnitName], [p].[VotingLocationGuid], [p].[VotingMethod]
FROM [Results] AS [r]
INNER JOIN [People] AS [p] ON [r].[PersonGuid] = [p].[PersonGuid]
WHERE [r].[ElectionGuid] = @electionGuid
ORDER BY [r].[Rank] Microsoft.EntityFrameworkCore.Database.Command
[17:01:48 INF] [] Executed DbCommand (2ms) [Parameters=[@electionGuid='045283f6-e9a1-418b-886b-3954083d12f9'], CommandType='Text', CommandTimeout='30']
SELECT TOP(1) [e].[_RowId], [e].[CanReceive], [e].[CanVote], [e].[Convenor], [e].[CustomMethods], [e].[DateOfElection], [e].[ElectionGuid], [e].[ElectionMode], [e].[ElectionPasscode], [e].[ElectionType], [e].[EmailFromAddress], [e].[EmailFromName], [e].[EmailSubject], [e].[EmailText], [e].[Flags], [e].[HidePreBallotPages], [e].[LastEnvNum], [e].[LinkedElectionGuid], [e].[LinkedElectionKind], [e].[ListForPublic], [e].[ListedForPublicAsOf], [e].[MaskVotingMethod], [e].[Name], [e].[NumberExtra], [e].[NumberToElect], [e].[OnlineAnnounced], [e].[OnlineCloseIsEstimate], [e].[OnlineSelectionProcess], [e].[OnlineWhenClose], [e].[OnlineWhenOpen], [e].[OwnerLoginId], [e].[_RowVersion], [e].[ShowAsTest], [e].[ShowFullReport], [e].[SmsText], [e].[TallyStatus], [e].[UseCallInButton], [e].[VotingMethods]
FROM [Elections] AS [e]
WHERE [e].[ElectionGuid] = @electionGuid Microsoft.EntityFrameworkCore.Database.Command
[17:01:48 INF] [] Executed DbCommand (3ms) [Parameters=[@electionGuid='045283f6-e9a1-418b-886b-3954083d12f9'], CommandType='Text', CommandTimeout='30']
SELECT TOP(1) [r].[_RowId], [r].[BallotsNeedingReview], [r].[BallotsReceived], [r].[CalledInBallots], [r].[Custom1Ballots], [r].[Custom2Ballots], [r].[Custom3Ballots], [r].[DroppedOffBallots], [r].[ElectionGuid], [r].[ImportedBallots], [r].[InPersonBallots], [r].[MailedInBallots], [r].[NumEligibleToVote], [r].[NumVoters], [r].[OnlineBallots], [r].[ResultType], [r].[SpoiledBallots], [r].[SpoiledManualBallots], [r].[SpoiledVotes], [r].[TotalVotes], [r].[UseOnReports]
FROM [ResultSummaries] AS [r]
WHERE [r].[ElectionGuid] = @electionGuid Microsoft.EntityFrameworkCore.Database.Command
[17:01:48 INF] [] Executed DbCommand (9ms) [Parameters=[@electionGuid='045283f6-e9a1-418b-886b-3954083d12f9'], CommandType='Text', CommandTimeout='30']
SELECT COUNT(*)
FROM [People] AS [p]
WHERE [p].[ElectionGuid] = @electionGuid AND [p].[CanVote] = CAST(1 AS bit) Microsoft.EntityFrameworkCore.Database.Command
[17:01:48 INF] [] Request starting HTTP/1.1 POST http://localhost/api/auth/login - application/json; charset=utf-8 51 Microsoft.AspNetCore.Hosting.Diagnostics
[17:01:48 INF] [] JWT Message received - Header: False, HasBearer: False, TokenLength: 0, ActualHeader: '' 
[17:01:48 INF] [] Executing endpoint 'TallyJ4.Backend.Controllers.AuthController.Login (TallyJ4)' Microsoft.AspNetCore.Routing.EndpointMiddleware
[17:01:48 INF] [] Route matched with {action = "Login", controller = "Auth"}. Executing controller action with signature System.Threading.Tasks.Task`1[Microsoft.AspNetCore.Mvc.IActionResult] Login(TallyJ4.Application.DTOs.Auth.LoginRequest) on controller TallyJ4.Backend.Controllers.AuthController (TallyJ4). Microsoft.AspNetCore.Mvc.Infrastructure.ControllerActionInvoker
[17:01:48 INF] [] Executed DbCommand (2ms) [Parameters=[@normalizedEmail='ADMIN@TALLYJ.COM' (Size = 256)], CommandType='Text', CommandTimeout='30']
SELECT TOP(2) [a].[Id], [a].[AccessFailedCount], [a].[AuthMethod], [a].[ConcurrencyStamp], [a].[Email], [a].[EmailConfirmed], [a].[GoogleId], [a].[LockoutEnabled], [a].[LockoutEnd], [a].[NormalizedEmail], [a].[NormalizedUserName], [a].[PasswordHash], [a].[PasswordResetExpiry], [a].[PasswordResetToken], [a].[PhoneNumber], [a].[PhoneNumberConfirmed], [a].[SecurityStamp], [a].[TwoFactorEnabled], [a].[UserName]
FROM [AspNetUsers] AS [a]
WHERE [a].[NormalizedEmail] = @normalizedEmail Microsoft.EntityFrameworkCore.Database.Command
[17:01:48 INF] [] Executed DbCommand (5ms) [Parameters=[@electionGuid='045283f6-e9a1-418b-886b-3954083d12f9'], CommandType='Text', CommandTimeout='30']
SELECT COUNT(*)
FROM [People] AS [p]
WHERE [p].[ElectionGuid] = @electionGuid AND [p].[CanReceiveVotes] = CAST(1 AS bit) Microsoft.EntityFrameworkCore.Database.Command
[17:01:48 INF] [] Completed tally calculation for election 045283f6-e9a1-418b-886b-3954083d12f9 TallyJ4.Services.TallyService
[17:01:48 INF] [] Tally calculation completed for election 045283f6-e9a1-418b-886b-3954083d12f9 TallyJ4.Controllers.ResultsController
[17:01:48 INF] [] Executing OkObjectResult, writing value of type 'TallyJ4.DTOs.Results.TallyResultDto'. Microsoft.AspNetCore.Mvc.Infrastructure.ObjectResultExecutor
[17:01:48 INF] [] Executed action TallyJ4.Controllers.ResultsController.CalculateTally (TallyJ4) in 370.1223ms Microsoft.AspNetCore.Mvc.Infrastructure.ControllerActionInvoker
[17:01:48 INF] [] Executed endpoint 'TallyJ4.Controllers.ResultsController.CalculateTally (TallyJ4)' Microsoft.AspNetCore.Routing.EndpointMiddleware
[17:01:48 INF] [] Request finished HTTP/1.1 POST http://localhost/api/results/election/045283f6-e9a1-418b-886b-3954083d12f9/calculate - 200 null application/json; charset=utf-8 381.2142ms Microsoft.AspNetCore.Hosting.Diagnostics
[17:01:48 INF] [] Request starting HTTP/1.1 GET http://localhost/api/results/election/045283f6-e9a1-418b-886b-3954083d12f9/final - null null Microsoft.AspNetCore.Hosting.Diagnostics
[17:01:48 INF] [] JWT Message received - Header: True, HasBearer: True, TokenLength: 355, ActualHeader: 'Bearer eyJhbGciOiJIUzI1NiIsInR5cCI6IkpXVCJ9.eyJzdWIiOiI4ZGI2ZjdmOC02MWE0LTQ4ZWEtOTM4ZS00MTE3ZTc4ZjI5...' 
[17:01:48 INF] [] JWT Token validated successfully for user: 8db6f7f8-61a4-48ea-938e-4117e78f2950 
[17:01:48 INF] [] Executing endpoint 'TallyJ4.Controllers.ResultsController.GetFinalResults (TallyJ4)' Microsoft.AspNetCore.Routing.EndpointMiddleware
[17:01:48 INF] [] Route matched with {action = "GetFinalResults", controller = "Results"}. Executing controller action with signature System.Threading.Tasks.Task`1[Microsoft.AspNetCore.Mvc.ActionResult`1[TallyJ4.DTOs.Results.TallyResultDto]] GetFinalResults(System.Guid) on controller TallyJ4.Controllers.ResultsController (TallyJ4). Microsoft.AspNetCore.Mvc.Infrastructure.ControllerActionInvoker
[17:01:48 INF] [] Executed DbCommand (1ms) [Parameters=[@electionGuid='045283f6-e9a1-418b-886b-3954083d12f9'], CommandType='Text', CommandTimeout='30']
SELECT TOP(1) [e].[_RowId], [e].[CanReceive], [e].[CanVote], [e].[Convenor], [e].[CustomMethods], [e].[DateOfElection], [e].[ElectionGuid], [e].[ElectionMode], [e].[ElectionPasscode], [e].[ElectionType], [e].[EmailFromAddress], [e].[EmailFromName], [e].[EmailSubject], [e].[EmailText], [e].[Flags], [e].[HidePreBallotPages], [e].[LastEnvNum], [e].[LinkedElectionGuid], [e].[LinkedElectionKind], [e].[ListForPublic], [e].[ListedForPublicAsOf], [e].[MaskVotingMethod], [e].[Name], [e].[NumberExtra], [e].[NumberToElect], [e].[OnlineAnnounced], [e].[OnlineCloseIsEstimate], [e].[OnlineSelectionProcess], [e].[OnlineWhenClose], [e].[OnlineWhenOpen], [e].[OwnerLoginId], [e].[_RowVersion], [e].[ShowAsTest], [e].[ShowFullReport], [e].[SmsText], [e].[TallyStatus], [e].[UseCallInButton], [e].[VotingMethods]
FROM [Elections] AS [e]
WHERE [e].[ElectionGuid] = @electionGuid Microsoft.EntityFrameworkCore.Database.Command
[17:01:48 INF] [] Executed DbCommand (1ms) [Parameters=[@electionGuid='045283f6-e9a1-418b-886b-3954083d12f9'], CommandType='Text', CommandTimeout='30']
SELECT [r].[_RowId], [r].[CloseToNext], [r].[CloseToPrev], [r].[ElectionGuid], [r].[ForceShowInOther], [r].[IsTieResolved], [r].[IsTied], [r].[PersonGuid], [r].[Rank], [r].[RankInExtra], [r].[Section], [r].[TieBreakCount], [r].[TieBreakGroup], [r].[TieBreakRequired], [r].[VoteCount], [p].[_RowId], [p].[AgeGroup], [p].[Area], [p].[BahaiId], [p].[CanReceiveVotes], [p].[CanVote], [p].[CombinedInfo], [p].[CombinedInfoAtStart], [p].[CombinedSoundCodes], [p].[ElectionGuid], [p].[Email], [p].[EnvNum], [p].[FirstName], [p].[Flags], [p].[_FullName], [p].[_FullNameFL], [p].[HasOnlineBallot], [p].[IneligibleReasonGuid], [p].[KioskCode], [p].[LastName], [p].[OtherInfo], [p].[OtherLastNames], [p].[OtherNames], [p].[PersonGuid], [p].[Phone], [p].[RegistrationTime], [p].[_RowVersion], [p].[_RowVersionInt], [p].[Teller1], [p].[Teller2], [p].[UnitName], [p].[VotingLocationGuid], [p].[VotingMethod]
FROM [Results] AS [r]
INNER JOIN [People] AS [p] ON [r].[PersonGuid] = [p].[PersonGuid]
WHERE [r].[ElectionGuid] = @electionGuid
ORDER BY [r].[Rank] Microsoft.EntityFrameworkCore.Database.Command
[17:01:48 INF] [] Executed DbCommand (1ms) [Parameters=[@electionGuid='045283f6-e9a1-418b-886b-3954083d12f9'], CommandType='Text', CommandTimeout='30']
SELECT TOP(1) [e].[_RowId], [e].[CanReceive], [e].[CanVote], [e].[Convenor], [e].[CustomMethods], [e].[DateOfElection], [e].[ElectionGuid], [e].[ElectionMode], [e].[ElectionPasscode], [e].[ElectionType], [e].[EmailFromAddress], [e].[EmailFromName], [e].[EmailSubject], [e].[EmailText], [e].[Flags], [e].[HidePreBallotPages], [e].[LastEnvNum], [e].[LinkedElectionGuid], [e].[LinkedElectionKind], [e].[ListForPublic], [e].[ListedForPublicAsOf], [e].[MaskVotingMethod], [e].[Name], [e].[NumberExtra], [e].[NumberToElect], [e].[OnlineAnnounced], [e].[OnlineCloseIsEstimate], [e].[OnlineSelectionProcess], [e].[OnlineWhenClose], [e].[OnlineWhenOpen], [e].[OwnerLoginId], [e].[_RowVersion], [e].[ShowAsTest], [e].[ShowFullReport], [e].[SmsText], [e].[TallyStatus], [e].[UseCallInButton], [e].[VotingMethods]
FROM [Elections] AS [e]
WHERE [e].[ElectionGuid] = @electionGuid Microsoft.EntityFrameworkCore.Database.Command
[17:01:48 INF] [] Executed DbCommand (0ms) [Parameters=[@electionGuid='045283f6-e9a1-418b-886b-3954083d12f9'], CommandType='Text', CommandTimeout='30']
SELECT TOP(1) [r].[_RowId], [r].[BallotsNeedingReview], [r].[BallotsReceived], [r].[CalledInBallots], [r].[Custom1Ballots], [r].[Custom2Ballots], [r].[Custom3Ballots], [r].[DroppedOffBallots], [r].[ElectionGuid], [r].[ImportedBallots], [r].[InPersonBallots], [r].[MailedInBallots], [r].[NumEligibleToVote], [r].[NumVoters], [r].[OnlineBallots], [r].[ResultType], [r].[SpoiledBallots], [r].[SpoiledManualBallots], [r].[SpoiledVotes], [r].[TotalVotes], [r].[UseOnReports]
FROM [ResultSummaries] AS [r]
WHERE [r].[ElectionGuid] = @electionGuid Microsoft.EntityFrameworkCore.Database.Command
[17:01:48 INF] [] Executed DbCommand (0ms) [Parameters=[@electionGuid='045283f6-e9a1-418b-886b-3954083d12f9'], CommandType='Text', CommandTimeout='30']
SELECT COUNT(*)
FROM [People] AS [p]
WHERE [p].[ElectionGuid] = @electionGuid AND [p].[CanVote] = CAST(1 AS bit) Microsoft.EntityFrameworkCore.Database.Command
[17:01:48 INF] [] Executed DbCommand (0ms) [Parameters=[@electionGuid='045283f6-e9a1-418b-886b-3954083d12f9'], CommandType='Text', CommandTimeout='30']
SELECT COUNT(*)
FROM [People] AS [p]
WHERE [p].[ElectionGuid] = @electionGuid AND [p].[CanReceiveVotes] = CAST(1 AS bit) Microsoft.EntityFrameworkCore.Database.Command
[17:01:48 INF] [] Executing OkObjectResult, writing value of type 'TallyJ4.DTOs.Results.TallyResultDto'. Microsoft.AspNetCore.Mvc.Infrastructure.ObjectResultExecutor
[17:01:48 INF] [] Executed action TallyJ4.Controllers.ResultsController.GetFinalResults (TallyJ4) in 10.2716ms Microsoft.AspNetCore.Mvc.Infrastructure.ControllerActionInvoker
[17:01:48 INF] [] Executed endpoint 'TallyJ4.Controllers.ResultsController.GetFinalResults (TallyJ4)' Microsoft.AspNetCore.Routing.EndpointMiddleware
[17:01:48 INF] [] Request finished HTTP/1.1 GET http://localhost/api/results/election/045283f6-e9a1-418b-886b-3954083d12f9/final - 200 null application/json; charset=utf-8 18.734ms Microsoft.AspNetCore.Hosting.Diagnostics
[17:01:49 INF] [] Executed DbCommand (2ms) [Parameters=[@normalizedEmail='ADMIN@TALLYJ.COM' (Size = 256)], CommandType='Text', CommandTimeout='30']
SELECT TOP(2) [a].[Id], [a].[AccessFailedCount], [a].[AuthMethod], [a].[ConcurrencyStamp], [a].[Email], [a].[EmailConfirmed], [a].[GoogleId], [a].[LockoutEnabled], [a].[LockoutEnd], [a].[NormalizedEmail], [a].[NormalizedUserName], [a].[PasswordHash], [a].[PasswordResetExpiry], [a].[PasswordResetToken], [a].[PhoneNumber], [a].[PhoneNumberConfirmed], [a].[SecurityStamp], [a].[TwoFactorEnabled], [a].[UserName]
FROM [AspNetUsers] AS [a]
WHERE [a].[NormalizedEmail] = @normalizedEmail Microsoft.EntityFrameworkCore.Database.Command
[17:01:49 INF] [] Executed DbCommand (2ms) [Parameters=[@p0='2026-02-01T00:01:49.0158811Z', @p1='2026-03-03T00:01:49.0158806Z', @p2='False', @p3=NULL (Size = 4000), @p4=NULL (Size = 4000), @p5='CxOTf6ajdhkYqDBAzWDbh+O+a5eKUzHp0WmCqKv9miQ=' (Nullable = false) (Size = 200), @p6='42b1eb96-0f4d-470c-ac86-d20959443bd4' (Nullable = false) (Size = 450)], CommandType='Text', CommandTimeout='30']
SET IMPLICIT_TRANSACTIONS OFF;
SET NOCOUNT ON;
INSERT INTO [RefreshToken] ([CreatedAt], [ExpiresAt], [IsRevoked], [ReplacedByToken], [RevokedReason], [Token], [UserId])
OUTPUT INSERTED.[_RowId], INSERTED.[_RowVersion]
VALUES (@p0, @p1, @p2, @p3, @p4, @p5, @p6); Microsoft.EntityFrameworkCore.Database.Command
[17:01:49 INF] [] Executing OkObjectResult, writing value of type 'TallyJ4.Application.DTOs.Auth.AuthResponse'. Microsoft.AspNetCore.Mvc.Infrastructure.ObjectResultExecutor
[17:01:49 INF] [] Executed action TallyJ4.Backend.Controllers.AuthController.Login (TallyJ4) in 59.1259ms Microsoft.AspNetCore.Mvc.Infrastructure.ControllerActionInvoker
[17:01:49 INF] [] Executed endpoint 'TallyJ4.Backend.Controllers.AuthController.Login (TallyJ4)' Microsoft.AspNetCore.Routing.EndpointMiddleware
[TEST] Got auth token: eyJhbGciOiJIUzI1NiIsInR5cCI6IkpXVCJ9.eyJzdWIiOiI0M...
[17:01:49 INF] [] Request finished HTTP/1.1 POST http://localhost/api/auth/login - 200 null application/json; charset=utf-8 59.7071ms Microsoft.AspNetCore.Hosting.Diagnostics
[TEST] SetAuthToken called with token length: 355, starts with 'eyJ': True
[TEST] Client.DefaultRequestHeaders.Authorization set to: Bearer eyJhbGciOiJIUzI1NiIsInR5cCI6IkpXVCJ9.eyJzdWIiOiI0MmIxZWI5Ni0wZjRkLTQ3MGMtYWM4Ni1kMjA5NTk0NDNiZDQiLCJlbWFpbCI6ImFkbWluQHRhbGx5ai5jb20iLCJhdXRoTWV0aG9kIjoiTG9jYWwiLCJqdGkiOiI1MGY4ZmE3Zi04MDJlLTRkM2UtOGI1Zi1jOGExNDMyZDU4YzgiLCJleHAiOjE3Njk5MDc3MDksImlzcyI6IlRhbGx5SjRUZXN0QVBJIiwiYXVkIjoiVGFsbHlKNFRlc3RDbGllbnQifQ.wLdVEBFYHVk1LP69dkFzUVwERNn3QDQIyPN9lP5T7gY
[TEST] POST /api/elections with auth header: Bearer eyJhbGciOiJIUzI1NiIsInR5cCI6Ik...
[17:01:49 INF] [] Request starting HTTP/1.1 POST http://localhost/api/elections - application/json; charset=utf-8 232 Microsoft.AspNetCore.Hosting.Diagnostics
[17:01:49 INF] [] JWT Message received - Header: True, HasBearer: True, TokenLength: 355, ActualHeader: 'Bearer eyJhbGciOiJIUzI1NiIsInR5cCI6IkpXVCJ9.eyJzdWIiOiI0MmIxZWI5Ni0wZjRkLTQ3MGMtYWM4Ni1kMjA5NTk0NDNi...' 
[17:01:49 INF] [] JWT Token validated successfully for user: 42b1eb96-0f4d-470c-ac86-d20959443bd4 
[17:01:49 INF] [] Executing endpoint 'TallyJ4.Backend.Controllers.ElectionsController.CreateElection (TallyJ4)' Microsoft.AspNetCore.Routing.EndpointMiddleware
[17:01:49 INF] [] Route matched with {action = "CreateElection", controller = "Elections"}. Executing controller action with signature System.Threading.Tasks.Task`1[Microsoft.AspNetCore.Mvc.ActionResult`1[TallyJ4.Models.ApiResponse`1[TallyJ4.DTOs.Elections.ElectionDto]]] CreateElection(TallyJ4.DTOs.Elections.CreateElectionDto) on controller TallyJ4.Backend.Controllers.ElectionsController (TallyJ4). Microsoft.AspNetCore.Mvc.Infrastructure.ControllerActionInvoker
[17:01:49 INF] [] Executed DbCommand (3ms) [Parameters=[@p0=NULL (Size = 1) (DbType = AnsiString), @p1=NULL (Size = 1) (DbType = AnsiString), @p2=NULL (Size = 150), @p3=NULL (Size = 50), @p4='2026-03-03T00:01:49.0197969Z' (Nullable = true), @p5='c6acda77-0d02-4fa3-9ae1-c3cc07d8a3ee', @p6=NULL (Size = 1) (DbType = AnsiString), @p7=NULL (Size = 50), @p8='STV' (Size = 5) (DbType = AnsiString), @p9=NULL (Size = 250), @p10=NULL (Size = 100), @p11=NULL (Size = 250), @p12=NULL (Size = 4000), @p13=NULL (Size = 4000), @p14=NULL (DbType = Boolean), @p15=NULL (DbType = Int32), @p16=NULL (DbType = Guid), @p17=NULL (Size = 2) (DbType = AnsiString), @p18=NULL (DbType = Boolean), @p19=NULL (DbType = DateTime2), @p20=NULL (DbType = Boolean), @p21='Election to Delete' (Nullable = false) (Size = 150), @p22=NULL (DbType = Int32), @p23='3' (Nullable = true), @p24=NULL (DbType = DateTime2), @p25='False', @p26=NULL (Size = 1) (DbType = AnsiString), @p27=NULL (DbType = DateTime2), @p28=NULL (DbType = DateTime2), @p29=NULL (Size = 50) (DbType = AnsiString), @p30=NULL (DbType = Boolean), @p31=NULL (DbType = Boolean), @p32=NULL (Size = 500), @p33='Setup' (Size = 15) (DbType = AnsiString), @p34=NULL (DbType = Boolean), @p35=NULL (Size = 10) (DbType = AnsiString)], CommandType='Text', CommandTimeout='30']
SET IMPLICIT_TRANSACTIONS OFF;
SET NOCOUNT ON;
INSERT INTO [Elections] ([CanReceive], [CanVote], [Convenor], [CustomMethods], [DateOfElection], [ElectionGuid], [ElectionMode], [ElectionPasscode], [ElectionType], [EmailFromAddress], [EmailFromName], [EmailSubject], [EmailText], [Flags], [HidePreBallotPages], [LastEnvNum], [LinkedElectionGuid], [LinkedElectionKind], [ListForPublic], [ListedForPublicAsOf], [MaskVotingMethod], [Name], [NumberExtra], [NumberToElect], [OnlineAnnounced], [OnlineCloseIsEstimate], [OnlineSelectionProcess], [OnlineWhenClose], [OnlineWhenOpen], [OwnerLoginId], [ShowAsTest], [ShowFullReport], [SmsText], [TallyStatus], [UseCallInButton], [VotingMethods])
OUTPUT INSERTED.[_RowId], INSERTED.[_RowVersion]
VALUES (@p0, @p1, @p2, @p3, @p4, @p5, @p6, @p7, @p8, @p9, @p10, @p11, @p12, @p13, @p14, @p15, @p16, @p17, @p18, @p19, @p20, @p21, @p22, @p23, @p24, @p25, @p26, @p27, @p28, @p29, @p30, @p31, @p32, @p33, @p34, @p35); Microsoft.EntityFrameworkCore.Database.Command
[17:01:49 INF] [] Executed DbCommand (2ms) [Parameters=[@p0='c6acda77-0d02-4fa3-9ae1-c3cc07d8a3ee', @p1=NULL (Size = 150), @p2=NULL (DbType = DateTime2), @p3='Admin' (Size = 10) (DbType = AnsiString), @p4='42b1eb96-0f4d-470c-ac86-d20959443bd4'], CommandType='Text', CommandTimeout='30']
SET IMPLICIT_TRANSACTIONS OFF;
SET NOCOUNT ON;
INSERT INTO [JoinElectionUsers] ([ElectionGuid], [InviteEmail], [InviteWhen], [Role], [UserId])
OUTPUT INSERTED.[_RowId]
VALUES (@p0, @p1, @p2, @p3, @p4); Microsoft.EntityFrameworkCore.Database.Command
[17:01:49 INF] [] Created election c6acda77-0d02-4fa3-9ae1-c3cc07d8a3ee - Election to Delete TallyJ4.Services.ElectionService
[17:01:49 INF] [] Executed DbCommand (11ms) [Parameters=[@electionGuid='c6acda77-0d02-4fa3-9ae1-c3cc07d8a3ee'], CommandType='Text', CommandTimeout='30']
SELECT [e0].[_RowId], [e0].[CanReceive], [e0].[CanVote], [e0].[Convenor], [e0].[CustomMethods], [e0].[DateOfElection], [e0].[ElectionGuid], [e0].[ElectionMode], [e0].[ElectionPasscode], [e0].[ElectionType], [e0].[EmailFromAddress], [e0].[EmailFromName], [e0].[EmailSubject], [e0].[EmailText], [e0].[Flags], [e0].[HidePreBallotPages], [e0].[LastEnvNum], [e0].[LinkedElectionGuid], [e0].[LinkedElectionKind], [e0].[ListForPublic], [e0].[ListedForPublicAsOf], [e0].[MaskVotingMethod], [e0].[Name], [e0].[NumberExtra], [e0].[NumberToElect], [e0].[OnlineAnnounced], [e0].[OnlineCloseIsEstimate], [e0].[OnlineSelectionProcess], [e0].[OnlineWhenClose], [e0].[OnlineWhenOpen], [e0].[OwnerLoginId], [e0].[_RowVersion], [e0].[ShowAsTest], [e0].[ShowFullReport], [e0].[SmsText], [e0].[TallyStatus], [e0].[UseCallInButton], [e0].[VotingMethods], [p].[_RowId], [p].[AgeGroup], [p].[Area], [p].[BahaiId], [p].[CanReceiveVotes], [p].[CanVote], [p].[CombinedInfo], [p].[CombinedInfoAtStart], [p].[CombinedSoundCodes], [p].[ElectionGuid], [p].[Email], [p].[EnvNum], [p].[FirstName], [p].[Flags], [p].[_FullName], [p].[_FullNameFL], [p].[HasOnlineBallot], [p].[IneligibleReasonGuid], [p].[KioskCode], [p].[LastName], [p].[OtherInfo], [p].[OtherLastNames], [p].[OtherNames], [p].[PersonGuid], [p].[Phone], [p].[RegistrationTime], [p].[_RowVersion], [p].[_RowVersionInt], [p].[Teller1], [p].[Teller2], [p].[UnitName], [p].[VotingLocationGuid], [p].[VotingMethod], [s].[_RowId], [s].[BallotsCollected], [s].[ContactInfo], [s].[ElectionGuid], [s].[Lat], [s].[LocationGuid], [s].[Long], [s].[Name], [s].[SortOrder], [s].[TallyStatus], [s].[_RowId0], [s].[_BallotCode], [s].[BallotGuid], [s].[BallotNumAtComputer], [s].[ComputerCode], [s].[LocationGuid0], [s].[_RowVersion], [s].[StatusCode], [s].[Teller1], [s].[Teller2]
FROM (
    SELECT TOP(1) [e].[_RowId], [e].[CanReceive], [e].[CanVote], [e].[Convenor], [e].[CustomMethods], [e].[DateOfElection], [e].[ElectionGuid], [e].[ElectionMode], [e].[ElectionPasscode], [e].[ElectionType], [e].[EmailFromAddress], [e].[EmailFromName], [e].[EmailSubject], [e].[EmailText], [e].[Flags], [e].[HidePreBallotPages], [e].[LastEnvNum], [e].[LinkedElectionGuid], [e].[LinkedElectionKind], [e].[ListForPublic], [e].[ListedForPublicAsOf], [e].[MaskVotingMethod], [e].[Name], [e].[NumberExtra], [e].[NumberToElect], [e].[OnlineAnnounced], [e].[OnlineCloseIsEstimate], [e].[OnlineSelectionProcess], [e].[OnlineWhenClose], [e].[OnlineWhenOpen], [e].[OwnerLoginId], [e].[_RowVersion], [e].[ShowAsTest], [e].[ShowFullReport], [e].[SmsText], [e].[TallyStatus], [e].[UseCallInButton], [e].[VotingMethods]
    FROM [Elections] AS [e]
    WHERE [e].[ElectionGuid] = @electionGuid
) AS [e0]
LEFT JOIN [People] AS [p] ON [e0].[ElectionGuid] = [p].[ElectionGuid]
LEFT JOIN (
    SELECT [l].[_RowId], [l].[BallotsCollected], [l].[ContactInfo], [l].[ElectionGuid], [l].[Lat], [l].[LocationGuid], [l].[Long], [l].[Name], [l].[SortOrder], [l].[TallyStatus], [b].[_RowId] AS [_RowId0], [b].[_BallotCode], [b].[BallotGuid], [b].[BallotNumAtComputer], [b].[ComputerCode], [b].[LocationGuid] AS [LocationGuid0], [b].[_RowVersion], [b].[StatusCode], [b].[Teller1], [b].[Teller2]
    FROM [Locations] AS [l]
    LEFT JOIN [Ballots] AS [b] ON [l].[LocationGuid] = [b].[LocationGuid]
) AS [s] ON [e0].[ElectionGuid] = [s].[ElectionGuid]
ORDER BY [e0].[_RowId], [p].[_RowId], [s].[_RowId] Microsoft.EntityFrameworkCore.Database.Command
[17:01:49 INF] [] Executing CreatedAtActionResult, writing value of type 'TallyJ4.Models.ApiResponse`1[[TallyJ4.DTOs.Elections.ElectionDto, TallyJ4, Version=1.0.0.0, Culture=neutral, PublicKeyToken=null]]'. Microsoft.AspNetCore.Mvc.Infrastructure.ObjectResultExecutor
[17:01:49 INF] [] Executed action TallyJ4.Backend.Controllers.ElectionsController.CreateElection (TallyJ4) in 22.3023ms Microsoft.AspNetCore.Mvc.Infrastructure.ControllerActionInvoker
[17:01:49 INF] [] Executed endpoint 'TallyJ4.Backend.Controllers.ElectionsController.CreateElection (TallyJ4)' Microsoft.AspNetCore.Routing.EndpointMiddleware
[17:01:49 INF] [] Request finished HTTP/1.1 POST http://localhost/api/elections - 201 null application/json; charset=utf-8 23.7623ms Microsoft.AspNetCore.Hosting.Diagnostics
[17:01:49 INF] [] Request starting HTTP/1.1 DELETE http://localhost/api/elections/c6acda77-0d02-4fa3-9ae1-c3cc07d8a3ee - null null Microsoft.AspNetCore.Hosting.Diagnostics
[17:01:49 INF] [] JWT Message received - Header: True, HasBearer: True, TokenLength: 355, ActualHeader: 'Bearer eyJhbGciOiJIUzI1NiIsInR5cCI6IkpXVCJ9.eyJzdWIiOiI0MmIxZWI5Ni0wZjRkLTQ3MGMtYWM4Ni1kMjA5NTk0NDNi...' 
[17:01:49 INF] [] JWT Token validated successfully for user: 42b1eb96-0f4d-470c-ac86-d20959443bd4 
[17:01:49 WRN] [] ***** ElectionAccessHandler.HandleRequirementAsync called ***** TallyJ4.Authorization.ElectionAccessHandler
[17:01:49 INF] [] ElectionAccess: Checking access for user 42b1eb96-0f4d-470c-ac86-d20959443bd4 TallyJ4.Authorization.ElectionAccessHandler
[17:01:49 WRN] [] ***** Resource type: DefaultHttpContext, RouteData available: True TallyJ4.Authorization.ElectionAccessHandler
[17:01:49 INF] [] ElectionAccess: Checking access to election c6acda77-0d02-4fa3-9ae1-c3cc07d8a3ee for user 42b1eb96-0f4d-470c-ac86-d20959443bd4 TallyJ4.Authorization.ElectionAccessHandler
[17:01:49 INF] [] Executed DbCommand (1ms) [Parameters=[@electionGuid='c6acda77-0d02-4fa3-9ae1-c3cc07d8a3ee'], CommandType='Text', CommandTimeout='30']
SELECT CASE
    WHEN EXISTS (
        SELECT 1
        FROM [Elections] AS [e]
        WHERE [e].[ElectionGuid] = @electionGuid) THEN CAST(1 AS bit)
    ELSE CAST(0 AS bit)
END Microsoft.EntityFrameworkCore.Database.Command
[17:01:49 INF] [] Executed DbCommand (2ms) [Parameters=[@electionGuid='c6acda77-0d02-4fa3-9ae1-c3cc07d8a3ee', @userId='42b1eb96-0f4d-470c-ac86-d20959443bd4'], CommandType='Text', CommandTimeout='30']
SELECT CASE
    WHEN EXISTS (
        SELECT 1
        FROM [JoinElectionUsers] AS [j]
        WHERE [j].[ElectionGuid] = @electionGuid AND [j].[UserId] = @userId) THEN CAST(1 AS bit)
    ELSE CAST(0 AS bit)
END Microsoft.EntityFrameworkCore.Database.Command
[17:01:49 INF] [] ElectionAccess: User 42b1eb96-0f4d-470c-ac86-d20959443bd4 access to election c6acda77-0d02-4fa3-9ae1-c3cc07d8a3ee: True TallyJ4.Authorization.ElectionAccessHandler
[17:01:49 INF] [] Executing endpoint 'TallyJ4.Backend.Controllers.ElectionsController.DeleteElection (TallyJ4)' Microsoft.AspNetCore.Routing.EndpointMiddleware
[17:01:49 INF] [] Route matched with {action = "DeleteElection", controller = "Elections"}. Executing controller action with signature System.Threading.Tasks.Task`1[Microsoft.AspNetCore.Mvc.IActionResult] DeleteElection(System.Guid) on controller TallyJ4.Backend.Controllers.ElectionsController (TallyJ4). Microsoft.AspNetCore.Mvc.Infrastructure.ControllerActionInvoker
[17:01:49 INF] [] Executed DbCommand (2ms) [Parameters=[@electionGuid='c6acda77-0d02-4fa3-9ae1-c3cc07d8a3ee'], CommandType='Text', CommandTimeout='30']
SELECT TOP(1) [e].[_RowId], [e].[CanReceive], [e].[CanVote], [e].[Convenor], [e].[CustomMethods], [e].[DateOfElection], [e].[ElectionGuid], [e].[ElectionMode], [e].[ElectionPasscode], [e].[ElectionType], [e].[EmailFromAddress], [e].[EmailFromName], [e].[EmailSubject], [e].[EmailText], [e].[Flags], [e].[HidePreBallotPages], [e].[LastEnvNum], [e].[LinkedElectionGuid], [e].[LinkedElectionKind], [e].[ListForPublic], [e].[ListedForPublicAsOf], [e].[MaskVotingMethod], [e].[Name], [e].[NumberExtra], [e].[NumberToElect], [e].[OnlineAnnounced], [e].[OnlineCloseIsEstimate], [e].[OnlineSelectionProcess], [e].[OnlineWhenClose], [e].[OnlineWhenOpen], [e].[OwnerLoginId], [e].[_RowVersion], [e].[ShowAsTest], [e].[ShowFullReport], [e].[SmsText], [e].[TallyStatus], [e].[UseCallInButton], [e].[VotingMethods]
FROM [Elections] AS [e]
WHERE [e].[ElectionGuid] = @electionGuid Microsoft.EntityFrameworkCore.Database.Command
[17:01:49 INF] [] Request starting HTTP/1.1 POST http://localhost/api/auth/login - application/json; charset=utf-8 51 Microsoft.AspNetCore.Hosting.Diagnostics
[17:01:49 INF] [] JWT Message received - Header: False, HasBearer: False, TokenLength: 0, ActualHeader: '' 
[17:01:49 INF] [] Executing endpoint 'TallyJ4.Backend.Controllers.AuthController.Login (TallyJ4)' Microsoft.AspNetCore.Routing.EndpointMiddleware
[17:01:49 INF] [] Route matched with {action = "Login", controller = "Auth"}. Executing controller action with signature System.Threading.Tasks.Task`1[Microsoft.AspNetCore.Mvc.IActionResult] Login(TallyJ4.Application.DTOs.Auth.LoginRequest) on controller TallyJ4.Backend.Controllers.AuthController (TallyJ4). Microsoft.AspNetCore.Mvc.Infrastructure.ControllerActionInvoker
[17:01:49 INF] [] Executed DbCommand (3ms) [Parameters=[@normalizedEmail='ADMIN@TALLYJ.COM' (Size = 256)], CommandType='Text', CommandTimeout='30']
SELECT TOP(2) [a].[Id], [a].[AccessFailedCount], [a].[AuthMethod], [a].[ConcurrencyStamp], [a].[Email], [a].[EmailConfirmed], [a].[GoogleId], [a].[LockoutEnabled], [a].[LockoutEnd], [a].[NormalizedEmail], [a].[NormalizedUserName], [a].[PasswordHash], [a].[PasswordResetExpiry], [a].[PasswordResetToken], [a].[PhoneNumber], [a].[PhoneNumberConfirmed], [a].[SecurityStamp], [a].[TwoFactorEnabled], [a].[UserName]
FROM [AspNetUsers] AS [a]
WHERE [a].[NormalizedEmail] = @normalizedEmail Microsoft.EntityFrameworkCore.Database.Command
[17:01:49 INF] [] Executed DbCommand (23ms) [Parameters=[@p0='5', @p1='0x00000000000007DA' (Nullable = false) (Size = 8)], CommandType='Text', CommandTimeout='30']
SET IMPLICIT_TRANSACTIONS OFF;
SET NOCOUNT ON;
DELETE FROM [Elections]
OUTPUT 1
WHERE [_RowId] = @p0 AND [_RowVersion] = @p1; Microsoft.EntityFrameworkCore.Database.Command
[17:01:49 INF] [] Deleted election c6acda77-0d02-4fa3-9ae1-c3cc07d8a3ee TallyJ4.Services.ElectionService
[17:01:49 INF] [] Executing StatusCodeResult, setting HTTP status code 204 Microsoft.AspNetCore.Mvc.StatusCodeResult
[17:01:49 INF] [] Executed action TallyJ4.Backend.Controllers.ElectionsController.DeleteElection (TallyJ4) in 36.8279ms Microsoft.AspNetCore.Mvc.Infrastructure.ControllerActionInvoker
[17:01:49 INF] [] Executed endpoint 'TallyJ4.Backend.Controllers.ElectionsController.DeleteElection (TallyJ4)' Microsoft.AspNetCore.Routing.EndpointMiddleware
[17:01:49 INF] [] Request finished HTTP/1.1 DELETE http://localhost/api/elections/c6acda77-0d02-4fa3-9ae1-c3cc07d8a3ee - 204 null null 52.1138ms Microsoft.AspNetCore.Hosting.Diagnostics
[17:01:49 INF] [] Request starting HTTP/1.1 GET http://localhost/api/elections/c6acda77-0d02-4fa3-9ae1-c3cc07d8a3ee - null null Microsoft.AspNetCore.Hosting.Diagnostics
[17:01:49 INF] [] JWT Message received - Header: True, HasBearer: True, TokenLength: 355, ActualHeader: 'Bearer eyJhbGciOiJIUzI1NiIsInR5cCI6IkpXVCJ9.eyJzdWIiOiI0MmIxZWI5Ni0wZjRkLTQ3MGMtYWM4Ni1kMjA5NTk0NDNi...' 
[17:01:49 INF] [] JWT Token validated successfully for user: 42b1eb96-0f4d-470c-ac86-d20959443bd4 
[17:01:49 WRN] [] ***** ElectionAccessHandler.HandleRequirementAsync called ***** TallyJ4.Authorization.ElectionAccessHandler
[17:01:49 INF] [] ElectionAccess: Checking access for user 42b1eb96-0f4d-470c-ac86-d20959443bd4 TallyJ4.Authorization.ElectionAccessHandler
[17:01:49 WRN] [] ***** Resource type: DefaultHttpContext, RouteData available: True TallyJ4.Authorization.ElectionAccessHandler
[17:01:49 INF] [] ElectionAccess: Checking access to election c6acda77-0d02-4fa3-9ae1-c3cc07d8a3ee for user 42b1eb96-0f4d-470c-ac86-d20959443bd4 TallyJ4.Authorization.ElectionAccessHandler
[17:01:49 INF] [] Executed DbCommand (2ms) [Parameters=[@electionGuid='c6acda77-0d02-4fa3-9ae1-c3cc07d8a3ee'], CommandType='Text', CommandTimeout='30']
SELECT CASE
    WHEN EXISTS (
        SELECT 1
        FROM [Elections] AS [e]
        WHERE [e].[ElectionGuid] = @electionGuid) THEN CAST(1 AS bit)
    ELSE CAST(0 AS bit)
END Microsoft.EntityFrameworkCore.Database.Command
[17:01:49 INF] [] ElectionAccess: Election c6acda77-0d02-4fa3-9ae1-c3cc07d8a3ee does not exist, allowing request TallyJ4.Authorization.ElectionAccessHandler
[17:01:49 INF] [] Executing endpoint 'TallyJ4.Backend.Controllers.ElectionsController.GetElection (TallyJ4)' Microsoft.AspNetCore.Routing.EndpointMiddleware
[17:01:49 INF] [] Route matched with {action = "GetElection", controller = "Elections"}. Executing controller action with signature System.Threading.Tasks.Task`1[Microsoft.AspNetCore.Mvc.ActionResult`1[TallyJ4.Models.ApiResponse`1[TallyJ4.DTOs.Elections.ElectionDto]]] GetElection(System.Guid) on controller TallyJ4.Backend.Controllers.ElectionsController (TallyJ4). Microsoft.AspNetCore.Mvc.Infrastructure.ControllerActionInvoker
[17:01:49 INF] [] Executed DbCommand (22ms) [Parameters=[@electionGuid='c6acda77-0d02-4fa3-9ae1-c3cc07d8a3ee'], CommandType='Text', CommandTimeout='30']
SELECT [e0].[_RowId], [e0].[CanReceive], [e0].[CanVote], [e0].[Convenor], [e0].[CustomMethods], [e0].[DateOfElection], [e0].[ElectionGuid], [e0].[ElectionMode], [e0].[ElectionPasscode], [e0].[ElectionType], [e0].[EmailFromAddress], [e0].[EmailFromName], [e0].[EmailSubject], [e0].[EmailText], [e0].[Flags], [e0].[HidePreBallotPages], [e0].[LastEnvNum], [e0].[LinkedElectionGuid], [e0].[LinkedElectionKind], [e0].[ListForPublic], [e0].[ListedForPublicAsOf], [e0].[MaskVotingMethod], [e0].[Name], [e0].[NumberExtra], [e0].[NumberToElect], [e0].[OnlineAnnounced], [e0].[OnlineCloseIsEstimate], [e0].[OnlineSelectionProcess], [e0].[OnlineWhenClose], [e0].[OnlineWhenOpen], [e0].[OwnerLoginId], [e0].[_RowVersion], [e0].[ShowAsTest], [e0].[ShowFullReport], [e0].[SmsText], [e0].[TallyStatus], [e0].[UseCallInButton], [e0].[VotingMethods], [p].[_RowId], [p].[AgeGroup], [p].[Area], [p].[BahaiId], [p].[CanReceiveVotes], [p].[CanVote], [p].[CombinedInfo], [p].[CombinedInfoAtStart], [p].[CombinedSoundCodes], [p].[ElectionGuid], [p].[Email], [p].[EnvNum], [p].[FirstName], [p].[Flags], [p].[_FullName], [p].[_FullNameFL], [p].[HasOnlineBallot], [p].[IneligibleReasonGuid], [p].[KioskCode], [p].[LastName], [p].[OtherInfo], [p].[OtherLastNames], [p].[OtherNames], [p].[PersonGuid], [p].[Phone], [p].[RegistrationTime], [p].[_RowVersion], [p].[_RowVersionInt], [p].[Teller1], [p].[Teller2], [p].[UnitName], [p].[VotingLocationGuid], [p].[VotingMethod], [s].[_RowId], [s].[BallotsCollected], [s].[ContactInfo], [s].[ElectionGuid], [s].[Lat], [s].[LocationGuid], [s].[Long], [s].[Name], [s].[SortOrder], [s].[TallyStatus], [s].[_RowId0], [s].[_BallotCode], [s].[BallotGuid], [s].[BallotNumAtComputer], [s].[ComputerCode], [s].[LocationGuid0], [s].[_RowVersion], [s].[StatusCode], [s].[Teller1], [s].[Teller2]
FROM (
    SELECT TOP(1) [e].[_RowId], [e].[CanReceive], [e].[CanVote], [e].[Convenor], [e].[CustomMethods], [e].[DateOfElection], [e].[ElectionGuid], [e].[ElectionMode], [e].[ElectionPasscode], [e].[ElectionType], [e].[EmailFromAddress], [e].[EmailFromName], [e].[EmailSubject], [e].[EmailText], [e].[Flags], [e].[HidePreBallotPages], [e].[LastEnvNum], [e].[LinkedElectionGuid], [e].[LinkedElectionKind], [e].[ListForPublic], [e].[ListedForPublicAsOf], [e].[MaskVotingMethod], [e].[Name], [e].[NumberExtra], [e].[NumberToElect], [e].[OnlineAnnounced], [e].[OnlineCloseIsEstimate], [e].[OnlineSelectionProcess], [e].[OnlineWhenClose], [e].[OnlineWhenOpen], [e].[OwnerLoginId], [e].[_RowVersion], [e].[ShowAsTest], [e].[ShowFullReport], [e].[SmsText], [e].[TallyStatus], [e].[UseCallInButton], [e].[VotingMethods]
    FROM [Elections] AS [e]
    WHERE [e].[ElectionGuid] = @electionGuid
) AS [e0]
LEFT JOIN [People] AS [p] ON [e0].[ElectionGuid] = [p].[ElectionGuid]
LEFT JOIN (
    SELECT [l].[_RowId], [l].[BallotsCollected], [l].[ContactInfo], [l].[ElectionGuid], [l].[Lat], [l].[LocationGuid], [l].[Long], [l].[Name], [l].[SortOrder], [l].[TallyStatus], [b].[_RowId] AS [_RowId0], [b].[_BallotCode], [b].[BallotGuid], [b].[BallotNumAtComputer], [b].[ComputerCode], [b].[LocationGuid] AS [LocationGuid0], [b].[_RowVersion], [b].[StatusCode], [b].[Teller1], [b].[Teller2]
    FROM [Locations] AS [l]
    LEFT JOIN [Ballots] AS [b] ON [l].[LocationGuid] = [b].[LocationGuid]
) AS [s] ON [e0].[ElectionGuid] = [s].[ElectionGuid]
ORDER BY [e0].[_RowId], [p].[_RowId], [s].[_RowId] Microsoft.EntityFrameworkCore.Database.Command
[17:01:49 INF] [] Executing NotFoundObjectResult, writing value of type 'TallyJ4.Models.ApiResponse`1[[TallyJ4.DTOs.Elections.ElectionDto, TallyJ4, Version=1.0.0.0, Culture=neutral, PublicKeyToken=null]]'. Microsoft.AspNetCore.Mvc.Infrastructure.ObjectResultExecutor
[17:01:49 INF] [] Executed action TallyJ4.Backend.Controllers.ElectionsController.GetElection (TallyJ4) in 36.5464ms Microsoft.AspNetCore.Mvc.Infrastructure.ControllerActionInvoker
[17:01:49 INF] [] Executed endpoint 'TallyJ4.Backend.Controllers.ElectionsController.GetElection (TallyJ4)' Microsoft.AspNetCore.Routing.EndpointMiddleware
[17:01:49 INF] [] Request finished HTTP/1.1 GET http://localhost/api/elections/c6acda77-0d02-4fa3-9ae1-c3cc07d8a3ee - 404 null application/json; charset=utf-8 53.2235ms Microsoft.AspNetCore.Hosting.Diagnostics
[17:01:49 INF] [] Request starting HTTP/1.1 GET http://localhost/api/elections - null null Microsoft.AspNetCore.Hosting.Diagnostics
[17:01:49 INF] [] JWT Message received - Header: False, HasBearer: False, TokenLength: 0, ActualHeader: '' 
[17:01:49 INF] [] Authorization failed. These requirements were not met:
DenyAnonymousAuthorizationRequirement: Requires an authenticated user. Microsoft.AspNetCore.Authorization.DefaultAuthorizationService
[17:01:49 WRN] [] JWT Challenge initiated - Error: null, ErrorDescription: null, AuthFailure: null 
[17:01:49 INF] [] AuthenticationScheme: Bearer was challenged. Microsoft.AspNetCore.Authentication.JwtBearer.JwtBearerHandler
[17:01:49 INF] [] Request finished HTTP/1.1 GET http://localhost/api/elections - 401 null null 3.0181ms Microsoft.AspNetCore.Hosting.Diagnostics
[17:01:49 INF] [] Executed DbCommand (4ms) [Parameters=[@normalizedEmail='ADMIN@TALLYJ.COM' (Size = 256)], CommandType='Text', CommandTimeout='30']
SELECT TOP(2) [a].[Id], [a].[AccessFailedCount], [a].[AuthMethod], [a].[ConcurrencyStamp], [a].[Email], [a].[EmailConfirmed], [a].[GoogleId], [a].[LockoutEnabled], [a].[LockoutEnd], [a].[NormalizedEmail], [a].[NormalizedUserName], [a].[PasswordHash], [a].[PasswordResetExpiry], [a].[PasswordResetToken], [a].[PhoneNumber], [a].[PhoneNumberConfirmed], [a].[SecurityStamp], [a].[TwoFactorEnabled], [a].[UserName]
FROM [AspNetUsers] AS [a]
WHERE [a].[NormalizedEmail] = @normalizedEmail Microsoft.EntityFrameworkCore.Database.Command
[17:01:49 INF] [] Executed DbCommand (5ms) [Parameters=[@p0='2026-02-01T00:01:49.1939762Z', @p1='2026-03-03T00:01:49.1939747Z', @p2='False', @p3=NULL (Size = 4000), @p4=NULL (Size = 4000), @p5='JUcSL1lwVB3LXaD0pe1Zem4miJagd+PGdHCMptXfH80=' (Nullable = false) (Size = 200), @p6='8db6f7f8-61a4-48ea-938e-4117e78f2950' (Nullable = false) (Size = 450)], CommandType='Text', CommandTimeout='30']
SET IMPLICIT_TRANSACTIONS OFF;
SET NOCOUNT ON;
INSERT INTO [RefreshToken] ([CreatedAt], [ExpiresAt], [IsRevoked], [ReplacedByToken], [RevokedReason], [Token], [UserId])
OUTPUT INSERTED.[_RowId], INSERTED.[_RowVersion]
VALUES (@p0, @p1, @p2, @p3, @p4, @p5, @p6); Microsoft.EntityFrameworkCore.Database.Command
[17:01:49 INF] [] Executing OkObjectResult, writing value of type 'TallyJ4.Application.DTOs.Auth.AuthResponse'. Microsoft.AspNetCore.Mvc.Infrastructure.ObjectResultExecutor
[17:01:49 INF] [] Executed action TallyJ4.Backend.Controllers.AuthController.Login (TallyJ4) in 124.0116ms Microsoft.AspNetCore.Mvc.Infrastructure.ControllerActionInvoker
[17:01:49 INF] [] Executed endpoint 'TallyJ4.Backend.Controllers.AuthController.Login (TallyJ4)' Microsoft.AspNetCore.Routing.EndpointMiddleware
[TEST] Got auth token: eyJhbGciOiJIUzI1NiIsInR5cCI6IkpXVCJ9.eyJzdWIiOiI4Z...
[17:01:49 INF] [] Request finished HTTP/1.1 POST http://localhost/api/auth/login - 200 null application/json; charset=utf-8 126.0423ms Microsoft.AspNetCore.Hosting.Diagnostics
[TEST] SetAuthToken called with token length: 355, starts with 'eyJ': True
[TEST] Client.DefaultRequestHeaders.Authorization set to: Bearer eyJhbGciOiJIUzI1NiIsInR5cCI6IkpXVCJ9.eyJzdWIiOiI4ZGI2ZjdmOC02MWE0LTQ4ZWEtOTM4ZS00MTE3ZTc4ZjI5NTAiLCJlbWFpbCI6ImFkbWluQHRhbGx5ai5jb20iLCJhdXRoTWV0aG9kIjoiTG9jYWwiLCJqdGkiOiI5ZWViYTkwNi0xMWE0LTRlMmEtYTg5Yy02ZGNlZWZlNDI5ZmMiLCJleHAiOjE3Njk5MDc3MDksImlzcyI6IlRhbGx5SjRUZXN0QVBJIiwiYXVkIjoiVGFsbHlKNFRlc3RDbGllbnQifQ.KXTMXXCa8ARWutwOa80keKQunFqQoFrvBOjxRMvFDQg
[TEST] POST /api/elections with auth header: Bearer eyJhbGciOiJIUzI1NiIsInR5cCI6Ik...
[17:01:49 INF] [] Request starting HTTP/1.1 POST http://localhost/api/elections - application/json; charset=utf-8 239 Microsoft.AspNetCore.Hosting.Diagnostics
[17:01:49 INF] [] JWT Message received - Header: True, HasBearer: True, TokenLength: 355, ActualHeader: 'Bearer eyJhbGciOiJIUzI1NiIsInR5cCI6IkpXVCJ9.eyJzdWIiOiI4ZGI2ZjdmOC02MWE0LTQ4ZWEtOTM4ZS00MTE3ZTc4ZjI5...' 
[17:01:49 INF] [] JWT Token validated successfully for user: 8db6f7f8-61a4-48ea-938e-4117e78f2950 
[17:01:49 INF] [] Executing endpoint 'TallyJ4.Backend.Controllers.ElectionsController.CreateElection (TallyJ4)' Microsoft.AspNetCore.Routing.EndpointMiddleware
[17:01:49 INF] [] Route matched with {action = "CreateElection", controller = "Elections"}. Executing controller action with signature System.Threading.Tasks.Task`1[Microsoft.AspNetCore.Mvc.ActionResult`1[TallyJ4.Models.ApiResponse`1[TallyJ4.DTOs.Elections.ElectionDto]]] CreateElection(TallyJ4.DTOs.Elections.CreateElectionDto) on controller TallyJ4.Backend.Controllers.ElectionsController (TallyJ4). Microsoft.AspNetCore.Mvc.Infrastructure.ControllerActionInvoker
[17:01:49 INF] [] Executed DbCommand (4ms) [Parameters=[@p0=NULL (Size = 1) (DbType = AnsiString), @p1=NULL (Size = 1) (DbType = AnsiString), @p2=NULL (Size = 150), @p3=NULL (Size = 50), @p4='2026-03-03T00:01:49.2020905Z' (Nullable = true), @p5='dc9439f4-c25a-410d-add1-e53f2f24a237', @p6=NULL (Size = 1) (DbType = AnsiString), @p7=NULL (Size = 50), @p8='STV' (Size = 5) (DbType = AnsiString), @p9=NULL (Size = 250), @p10=NULL (Size = 100), @p11=NULL (Size = 250), @p12=NULL (Size = 4000), @p13=NULL (Size = 4000), @p14=NULL (DbType = Boolean), @p15=NULL (DbType = Int32), @p16=NULL (DbType = Guid), @p17=NULL (Size = 2) (DbType = AnsiString), @p18=NULL (DbType = Boolean), @p19=NULL (DbType = DateTime2), @p20=NULL (DbType = Boolean), @p21='Test Election for Results' (Nullable = false) (Size = 150), @p22=NULL (DbType = Int32), @p23='3' (Nullable = true), @p24=NULL (DbType = DateTime2), @p25='False', @p26=NULL (Size = 1) (DbType = AnsiString), @p27=NULL (DbType = DateTime2), @p28=NULL (DbType = DateTime2), @p29=NULL (Size = 50) (DbType = AnsiString), @p30=NULL (DbType = Boolean), @p31=NULL (DbType = Boolean), @p32=NULL (Size = 500), @p33='Setup' (Size = 15) (DbType = AnsiString), @p34=NULL (DbType = Boolean), @p35=NULL (Size = 10) (DbType = AnsiString)], CommandType='Text', CommandTimeout='30']
SET IMPLICIT_TRANSACTIONS OFF;
SET NOCOUNT ON;
INSERT INTO [Elections] ([CanReceive], [CanVote], [Convenor], [CustomMethods], [DateOfElection], [ElectionGuid], [ElectionMode], [ElectionPasscode], [ElectionType], [EmailFromAddress], [EmailFromName], [EmailSubject], [EmailText], [Flags], [HidePreBallotPages], [LastEnvNum], [LinkedElectionGuid], [LinkedElectionKind], [ListForPublic], [ListedForPublicAsOf], [MaskVotingMethod], [Name], [NumberExtra], [NumberToElect], [OnlineAnnounced], [OnlineCloseIsEstimate], [OnlineSelectionProcess], [OnlineWhenClose], [OnlineWhenOpen], [OwnerLoginId], [ShowAsTest], [ShowFullReport], [SmsText], [TallyStatus], [UseCallInButton], [VotingMethods])
OUTPUT INSERTED.[_RowId], INSERTED.[_RowVersion]
VALUES (@p0, @p1, @p2, @p3, @p4, @p5, @p6, @p7, @p8, @p9, @p10, @p11, @p12, @p13, @p14, @p15, @p16, @p17, @p18, @p19, @p20, @p21, @p22, @p23, @p24, @p25, @p26, @p27, @p28, @p29, @p30, @p31, @p32, @p33, @p34, @p35); Microsoft.EntityFrameworkCore.Database.Command
[17:01:49 INF] [] Executed DbCommand (2ms) [Parameters=[@p0='dc9439f4-c25a-410d-add1-e53f2f24a237', @p1=NULL (Size = 150), @p2=NULL (DbType = DateTime2), @p3='Admin' (Size = 10) (DbType = AnsiString), @p4='8db6f7f8-61a4-48ea-938e-4117e78f2950'], CommandType='Text', CommandTimeout='30']
SET IMPLICIT_TRANSACTIONS OFF;
SET NOCOUNT ON;
INSERT INTO [JoinElectionUsers] ([ElectionGuid], [InviteEmail], [InviteWhen], [Role], [UserId])
OUTPUT INSERTED.[_RowId]
VALUES (@p0, @p1, @p2, @p3, @p4); Microsoft.EntityFrameworkCore.Database.Command
[17:01:49 INF] [] Created election dc9439f4-c25a-410d-add1-e53f2f24a237 - Test Election for Results TallyJ4.Services.ElectionService
[17:01:49 INF] [] Executed DbCommand (13ms) [Parameters=[@electionGuid='dc9439f4-c25a-410d-add1-e53f2f24a237'], CommandType='Text', CommandTimeout='30']
SELECT [e0].[_RowId], [e0].[CanReceive], [e0].[CanVote], [e0].[Convenor], [e0].[CustomMethods], [e0].[DateOfElection], [e0].[ElectionGuid], [e0].[ElectionMode], [e0].[ElectionPasscode], [e0].[ElectionType], [e0].[EmailFromAddress], [e0].[EmailFromName], [e0].[EmailSubject], [e0].[EmailText], [e0].[Flags], [e0].[HidePreBallotPages], [e0].[LastEnvNum], [e0].[LinkedElectionGuid], [e0].[LinkedElectionKind], [e0].[ListForPublic], [e0].[ListedForPublicAsOf], [e0].[MaskVotingMethod], [e0].[Name], [e0].[NumberExtra], [e0].[NumberToElect], [e0].[OnlineAnnounced], [e0].[OnlineCloseIsEstimate], [e0].[OnlineSelectionProcess], [e0].[OnlineWhenClose], [e0].[OnlineWhenOpen], [e0].[OwnerLoginId], [e0].[_RowVersion], [e0].[ShowAsTest], [e0].[ShowFullReport], [e0].[SmsText], [e0].[TallyStatus], [e0].[UseCallInButton], [e0].[VotingMethods], [p].[_RowId], [p].[AgeGroup], [p].[Area], [p].[BahaiId], [p].[CanReceiveVotes], [p].[CanVote], [p].[CombinedInfo], [p].[CombinedInfoAtStart], [p].[CombinedSoundCodes], [p].[ElectionGuid], [p].[Email], [p].[EnvNum], [p].[FirstName], [p].[Flags], [p].[_FullName], [p].[_FullNameFL], [p].[HasOnlineBallot], [p].[IneligibleReasonGuid], [p].[KioskCode], [p].[LastName], [p].[OtherInfo], [p].[OtherLastNames], [p].[OtherNames], [p].[PersonGuid], [p].[Phone], [p].[RegistrationTime], [p].[_RowVersion], [p].[_RowVersionInt], [p].[Teller1], [p].[Teller2], [p].[UnitName], [p].[VotingLocationGuid], [p].[VotingMethod], [s].[_RowId], [s].[BallotsCollected], [s].[ContactInfo], [s].[ElectionGuid], [s].[Lat], [s].[LocationGuid], [s].[Long], [s].[Name], [s].[SortOrder], [s].[TallyStatus], [s].[_RowId0], [s].[_BallotCode], [s].[BallotGuid], [s].[BallotNumAtComputer], [s].[ComputerCode], [s].[LocationGuid0], [s].[_RowVersion], [s].[StatusCode], [s].[Teller1], [s].[Teller2]
FROM (
    SELECT TOP(1) [e].[_RowId], [e].[CanReceive], [e].[CanVote], [e].[Convenor], [e].[CustomMethods], [e].[DateOfElection], [e].[ElectionGuid], [e].[ElectionMode], [e].[ElectionPasscode], [e].[ElectionType], [e].[EmailFromAddress], [e].[EmailFromName], [e].[EmailSubject], [e].[EmailText], [e].[Flags], [e].[HidePreBallotPages], [e].[LastEnvNum], [e].[LinkedElectionGuid], [e].[LinkedElectionKind], [e].[ListForPublic], [e].[ListedForPublicAsOf], [e].[MaskVotingMethod], [e].[Name], [e].[NumberExtra], [e].[NumberToElect], [e].[OnlineAnnounced], [e].[OnlineCloseIsEstimate], [e].[OnlineSelectionProcess], [e].[OnlineWhenClose], [e].[OnlineWhenOpen], [e].[OwnerLoginId], [e].[_RowVersion], [e].[ShowAsTest], [e].[ShowFullReport], [e].[SmsText], [e].[TallyStatus], [e].[UseCallInButton], [e].[VotingMethods]
    FROM [Elections] AS [e]
    WHERE [e].[ElectionGuid] = @electionGuid
) AS [e0]
LEFT JOIN [People] AS [p] ON [e0].[ElectionGuid] = [p].[ElectionGuid]
LEFT JOIN (
    SELECT [l].[_RowId], [l].[BallotsCollected], [l].[ContactInfo], [l].[ElectionGuid], [l].[Lat], [l].[LocationGuid], [l].[Long], [l].[Name], [l].[SortOrder], [l].[TallyStatus], [b].[_RowId] AS [_RowId0], [b].[_BallotCode], [b].[BallotGuid], [b].[BallotNumAtComputer], [b].[ComputerCode], [b].[LocationGuid] AS [LocationGuid0], [b].[_RowVersion], [b].[StatusCode], [b].[Teller1], [b].[Teller2]
    FROM [Locations] AS [l]
    LEFT JOIN [Ballots] AS [b] ON [l].[LocationGuid] = [b].[LocationGuid]
) AS [s] ON [e0].[ElectionGuid] = [s].[ElectionGuid]
ORDER BY [e0].[_RowId], [p].[_RowId], [s].[_RowId] Microsoft.EntityFrameworkCore.Database.Command
[17:01:49 INF] [] Executing CreatedAtActionResult, writing value of type 'TallyJ4.Models.ApiResponse`1[[TallyJ4.DTOs.Elections.ElectionDto, TallyJ4, Version=1.0.0.0, Culture=neutral, PublicKeyToken=null]]'. Microsoft.AspNetCore.Mvc.Infrastructure.ObjectResultExecutor
[17:01:49 INF] [] Executed action TallyJ4.Backend.Controllers.ElectionsController.CreateElection (TallyJ4) in 26.856ms Microsoft.AspNetCore.Mvc.Infrastructure.ControllerActionInvoker
[17:01:49 INF] [] Executed endpoint 'TallyJ4.Backend.Controllers.ElectionsController.CreateElection (TallyJ4)' Microsoft.AspNetCore.Routing.EndpointMiddleware
[17:01:49 INF] [] Request finished HTTP/1.1 POST http://localhost/api/elections - 201 null application/json; charset=utf-8 28.4862ms Microsoft.AspNetCore.Hosting.Diagnostics
[17:01:49 INF] [] Executed DbCommand (2ms) [Parameters=[@p0=NULL (DbType = Int32), @p1=NULL (Size = 250), @p2='dc9439f4-c25a-410d-add1-e53f2f24a237', @p3=NULL (Size = 50) (DbType = AnsiString), @p4='639371bf-e54f-4281-8e00-74e3b7bbb86d', @p5=NULL (Size = 50) (DbType = AnsiString), @p6='Test Location' (Nullable = false) (Size = 50), @p7=NULL (DbType = Int32), @p8=NULL (Size = 15) (DbType = AnsiString)], CommandType='Text', CommandTimeout='30']
SET IMPLICIT_TRANSACTIONS OFF;
SET NOCOUNT ON;
INSERT INTO [Locations] ([BallotsCollected], [ContactInfo], [ElectionGuid], [Lat], [LocationGuid], [Long], [Name], [SortOrder], [TallyStatus])
OUTPUT INSERTED.[_RowId]
VALUES (@p0, @p1, @p2, @p3, @p4, @p5, @p6, @p7, @p8); Microsoft.EntityFrameworkCore.Database.Command
[17:01:49 INF] [] Request starting HTTP/1.1 POST http://localhost/api/auth/login - application/json; charset=utf-8 51 Microsoft.AspNetCore.Hosting.Diagnostics
[17:01:49 INF] [] JWT Message received - Header: False, HasBearer: False, TokenLength: 0, ActualHeader: '' 
[17:01:49 INF] [] Executing endpoint 'TallyJ4.Backend.Controllers.AuthController.Login (TallyJ4)' Microsoft.AspNetCore.Routing.EndpointMiddleware
[17:01:49 INF] [] Route matched with {action = "Login", controller = "Auth"}. Executing controller action with signature System.Threading.Tasks.Task`1[Microsoft.AspNetCore.Mvc.IActionResult] Login(TallyJ4.Application.DTOs.Auth.LoginRequest) on controller TallyJ4.Backend.Controllers.AuthController (TallyJ4). Microsoft.AspNetCore.Mvc.Infrastructure.ControllerActionInvoker
[17:01:49 INF] [] Executed DbCommand (41ms) [Parameters=[@p0=NULL (Size = 2) (DbType = AnsiString), @p1=NULL (Size = 50), @p2=NULL (Size = 20) (DbType = AnsiString), @p3='True' (Nullable = true), @p4=NULL (DbType = Boolean), @p5=NULL (Size = 4000), @p6=NULL (Size = 4000), @p7=NULL (Size = 8000) (DbType = AnsiString), @p8='dc9439f4-c25a-410d-add1-e53f2f24a237', @p9=NULL (Size = 250), @p10=NULL (DbType = Int32), @p11='Alice' (Size = 50), @p12=NULL (Size = 100) (DbType = AnsiString), @p13=NULL (DbType = Boolean), @p14=NULL (DbType = Guid), @p15=NULL (Size = 10) (DbType = AnsiString), @p16='Anderson' (Nullable = false) (Size = 50), @p17=NULL (Size = 150), @p18=NULL (Size = 100), @p19=NULL (Size = 100), @p20='dbebf1dd-e359-46ad-8705-8e851b20f9eb', @p21=NULL (Size = 25) (DbType = AnsiString), @p22=NULL (DbType = DateTime2), @p23=NULL (Size = 25), @p24=NULL (Size = 25), @p25=NULL (Size = 100) (DbType = AnsiString), @p26=NULL (DbType = Guid), @p27=NULL (Size = 1) (DbType = AnsiString), @p28=NULL (Size = 2) (DbType = AnsiString), @p29=NULL (Size = 50), @p30=NULL (Size = 20) (DbType = AnsiString), @p31='True' (Nullable = true), @p32=NULL (DbType = Boolean), @p33=NULL (Size = 4000), @p34=NULL (Size = 4000), @p35=NULL (Size = 8000) (DbType = AnsiString), @p36='dc9439f4-c25a-410d-add1-e53f2f24a237', @p37=NULL (Size = 250), @p38=NULL (DbType = Int32), @p39='Bob' (Size = 50), @p40=NULL (Size = 100) (DbType = AnsiString), @p41=NULL (DbType = Boolean), @p42=NULL (DbType = Guid), @p43=NULL (Size = 10) (DbType = AnsiString), @p44='Brown' (Nullable = false) (Size = 50), @p45=NULL (Size = 150), @p46=NULL (Size = 100), @p47=NULL (Size = 100), @p48='164f5790-24c2-4d4b-beb7-376d06f2e3f1', @p49=NULL (Size = 25) (DbType = AnsiString), @p50=NULL (DbType = DateTime2), @p51=NULL (Size = 25), @p52=NULL (Size = 25), @p53=NULL (Size = 100) (DbType = AnsiString), @p54=NULL (DbType = Guid), @p55=NULL (Size = 1) (DbType = AnsiString), @p56=NULL (Size = 2) (DbType = AnsiString), @p57=NULL (Size = 50), @p58=NULL (Size = 20) (DbType = AnsiString), @p59='True' (Nullable = true), @p60=NULL (DbType = Boolean), @p61=NULL (Size = 4000), @p62=NULL (Size = 4000), @p63=NULL (Size = 8000) (DbType = AnsiString), @p64='dc9439f4-c25a-410d-add1-e53f2f24a237', @p65=NULL (Size = 250), @p66=NULL (DbType = Int32), @p67='Carol' (Size = 50), @p68=NULL (Size = 100) (DbType = AnsiString), @p69=NULL (DbType = Boolean), @p70=NULL (DbType = Guid), @p71=NULL (Size = 10) (DbType = AnsiString), @p72='Clark' (Nullable = false) (Size = 50), @p73=NULL (Size = 150), @p74=NULL (Size = 100), @p75=NULL (Size = 100), @p76='f41fe987-ec64-4595-9ffd-d7b29a9b3bb4', @p77=NULL (Size = 25) (DbType = AnsiString), @p78=NULL (DbType = DateTime2), @p79=NULL (Size = 25), @p80=NULL (Size = 25), @p81=NULL (Size = 100) (DbType = AnsiString), @p82=NULL (DbType = Guid), @p83=NULL (Size = 1) (DbType = AnsiString), @p84=NULL (Size = 2) (DbType = AnsiString), @p85=NULL (Size = 50), @p86=NULL (Size = 20) (DbType = AnsiString), @p87='True' (Nullable = true), @p88=NULL (DbType = Boolean), @p89=NULL (Size = 4000), @p90=NULL (Size = 4000), @p91=NULL (Size = 8000) (DbType = AnsiString), @p92='dc9439f4-c25a-410d-add1-e53f2f24a237', @p93=NULL (Size = 250), @p94=NULL (DbType = Int32), @p95='David' (Size = 50), @p96=NULL (Size = 100) (DbType = AnsiString), @p97=NULL (DbType = Boolean), @p98=NULL (DbType = Guid), @p99=NULL (Size = 10) (DbType = AnsiString), @p100='Davis' (Nullable = false) (Size = 50), @p101=NULL (Size = 150), @p102=NULL (Size = 100), @p103=NULL (Size = 100), @p104='d000bdd4-d436-456b-be49-182b14a99580', @p105=NULL (Size = 25) (DbType = AnsiString), @p106=NULL (DbType = DateTime2), @p107=NULL (Size = 25), @p108=NULL (Size = 25), @p109=NULL (Size = 100) (DbType = AnsiString), @p110=NULL (DbType = Guid), @p111=NULL (Size = 1) (DbType = AnsiString), @p112=NULL (Size = 2) (DbType = AnsiString), @p113=NULL (Size = 50), @p114=NULL (Size = 20) (DbType = AnsiString), @p115='True' (Nullable = true), @p116=NULL (DbType = Boolean), @p117=NULL (Size = 4000), @p118=NULL (Size = 4000), @p119=NULL (Size = 8000) (DbType = AnsiString), @p120='dc9439f4-c25a-410d-add1-e53f2f24a237', @p121=NULL (Size = 250), @p122=NULL (DbType = Int32), @p123='Eve' (Size = 50), @p124=NULL (Size = 100) (DbType = AnsiString), @p125=NULL (DbType = Boolean), @p126=NULL (DbType = Guid), @p127=NULL (Size = 10) (DbType = AnsiString), @p128='Evans' (Nullable = false) (Size = 50), @p129=NULL (Size = 150), @p130=NULL (Size = 100), @p131=NULL (Size = 100), @p132='eb67edce-4f62-4094-acd1-21ab78f05588', @p133=NULL (Size = 25) (DbType = AnsiString), @p134=NULL (DbType = DateTime2), @p135=NULL (Size = 25), @p136=NULL (Size = 25), @p137=NULL (Size = 100) (DbType = AnsiString), @p138=NULL (DbType = Guid), @p139=NULL (Size = 1) (DbType = AnsiString)], CommandType='Text', CommandTimeout='30']
SET IMPLICIT_TRANSACTIONS OFF;
SET NOCOUNT ON;
MERGE [People] USING (
VALUES (@p0, @p1, @p2, @p3, @p4, @p5, @p6, @p7, @p8, @p9, @p10, @p11, @p12, @p13, @p14, @p15, @p16, @p17, @p18, @p19, @p20, @p21, @p22, @p23, @p24, @p25, @p26, @p27, 0),
(@p28, @p29, @p30, @p31, @p32, @p33, @p34, @p35, @p36, @p37, @p38, @p39, @p40, @p41, @p42, @p43, @p44, @p45, @p46, @p47, @p48, @p49, @p50, @p51, @p52, @p53, @p54, @p55, 1),
(@p56, @p57, @p58, @p59, @p60, @p61, @p62, @p63, @p64, @p65, @p66, @p67, @p68, @p69, @p70, @p71, @p72, @p73, @p74, @p75, @p76, @p77, @p78, @p79, @p80, @p81, @p82, @p83, 2),
(@p84, @p85, @p86, @p87, @p88, @p89, @p90, @p91, @p92, @p93, @p94, @p95, @p96, @p97, @p98, @p99, @p100, @p101, @p102, @p103, @p104, @p105, @p106, @p107, @p108, @p109, @p110, @p111, 3),
(@p112, @p113, @p114, @p115, @p116, @p117, @p118, @p119, @p120, @p121, @p122, @p123, @p124, @p125, @p126, @p127, @p128, @p129, @p130, @p131, @p132, @p133, @p134, @p135, @p136, @p137, @p138, @p139, 4)) AS i ([AgeGroup], [Area], [BahaiId], [CanReceiveVotes], [CanVote], [CombinedInfo], [CombinedInfoAtStart], [CombinedSoundCodes], [ElectionGuid], [Email], [EnvNum], [FirstName], [Flags], [HasOnlineBallot], [IneligibleReasonGuid], [KioskCode], [LastName], [OtherInfo], [OtherLastNames], [OtherNames], [PersonGuid], [Phone], [RegistrationTime], [Teller1], [Teller2], [UnitName], [VotingLocationGuid], [VotingMethod], _Position) ON 1=0
WHEN NOT MATCHED THEN
INSERT ([AgeGroup], [Area], [BahaiId], [CanReceiveVotes], [CanVote], [CombinedInfo], [CombinedInfoAtStart], [CombinedSoundCodes], [ElectionGuid], [Email], [EnvNum], [FirstName], [Flags], [HasOnlineBallot], [IneligibleReasonGuid], [KioskCode], [LastName], [OtherInfo], [OtherLastNames], [OtherNames], [PersonGuid], [Phone], [RegistrationTime], [Teller1], [Teller2], [UnitName], [VotingLocationGuid], [VotingMethod])
VALUES (i.[AgeGroup], i.[Area], i.[BahaiId], i.[CanReceiveVotes], i.[CanVote], i.[CombinedInfo], i.[CombinedInfoAtStart], i.[CombinedSoundCodes], i.[ElectionGuid], i.[Email], i.[EnvNum], i.[FirstName], i.[Flags], i.[HasOnlineBallot], i.[IneligibleReasonGuid], i.[KioskCode], i.[LastName], i.[OtherInfo], i.[OtherLastNames], i.[OtherNames], i.[PersonGuid], i.[Phone], i.[RegistrationTime], i.[Teller1], i.[Teller2], i.[UnitName], i.[VotingLocationGuid], i.[VotingMethod])
OUTPUT INSERTED.[_RowId], INSERTED.[_FullName], INSERTED.[_FullNameFL], INSERTED.[_RowVersion], INSERTED.[_RowVersionInt], i._Position; Microsoft.EntityFrameworkCore.Database.Command
[17:01:49 INF] [] Executed DbCommand (34ms) [Parameters=[@normalizedEmail='ADMIN@TALLYJ.COM' (Size = 256)], CommandType='Text', CommandTimeout='30']
SELECT TOP(2) [a].[Id], [a].[AccessFailedCount], [a].[AuthMethod], [a].[ConcurrencyStamp], [a].[Email], [a].[EmailConfirmed], [a].[GoogleId], [a].[LockoutEnabled], [a].[LockoutEnd], [a].[NormalizedEmail], [a].[NormalizedUserName], [a].[PasswordHash], [a].[PasswordResetExpiry], [a].[PasswordResetToken], [a].[PhoneNumber], [a].[PhoneNumberConfirmed], [a].[SecurityStamp], [a].[TwoFactorEnabled], [a].[UserName]
FROM [AspNetUsers] AS [a]
WHERE [a].[NormalizedEmail] = @normalizedEmail Microsoft.EntityFrameworkCore.Database.Command
[17:01:49 INF] [] Executed DbCommand (26ms) [Parameters=[@p0='ed20eb9b-a930-4fbf-a1da-1a6b0e686a1c', @p1='1', @p2='C1' (Nullable = false) (Size = 2) (DbType = AnsiString), @p3='639371bf-e54f-4281-8e00-74e3b7bbb86d', @p4='Ok' (Nullable = false) (Size = 10) (DbType = AnsiString), @p5=NULL (Size = 25), @p6=NULL (Size = 25), @p7='b10f7192-4050-4693-a5e7-d417a772ba03', @p8='2', @p9='C1' (Nullable = false) (Size = 2) (DbType = AnsiString), @p10='639371bf-e54f-4281-8e00-74e3b7bbb86d', @p11='Ok' (Nullable = false) (Size = 10) (DbType = AnsiString), @p12=NULL (Size = 25), @p13=NULL (Size = 25), @p14='34a7cdda-05e8-4239-bca1-683c87f7da31', @p15='3', @p16='C1' (Nullable = false) (Size = 2) (DbType = AnsiString), @p17='639371bf-e54f-4281-8e00-74e3b7bbb86d', @p18='Ok' (Nullable = false) (Size = 10) (DbType = AnsiString), @p19=NULL (Size = 25), @p20=NULL (Size = 25), @p21='7a7d488b-a874-4f67-a381-5d1e5d0ed23f', @p22='4', @p23='C1' (Nullable = false) (Size = 2) (DbType = AnsiString), @p24='639371bf-e54f-4281-8e00-74e3b7bbb86d', @p25='Ok' (Nullable = false) (Size = 10) (DbType = AnsiString), @p26=NULL (Size = 25), @p27=NULL (Size = 25), @p28='25079511-4645-4cec-8fa5-99726aba49a8', @p29='5', @p30='C1' (Nullable = false) (Size = 2) (DbType = AnsiString), @p31='639371bf-e54f-4281-8e00-74e3b7bbb86d', @p32='Ok' (Nullable = false) (Size = 10) (DbType = AnsiString), @p33=NULL (Size = 25), @p34=NULL (Size = 25), @p35='59693d3f-ed76-4b18-bd89-13479ed682d5', @p36='6', @p37='C1' (Nullable = false) (Size = 2) (DbType = AnsiString), @p38='639371bf-e54f-4281-8e00-74e3b7bbb86d', @p39='Ok' (Nullable = false) (Size = 10) (DbType = AnsiString), @p40=NULL (Size = 25), @p41=NULL (Size = 25), @p42='65da31ca-f834-4995-8963-eef9a89a6ada', @p43='7', @p44='C1' (Nullable = false) (Size = 2) (DbType = AnsiString), @p45='639371bf-e54f-4281-8e00-74e3b7bbb86d', @p46='Ok' (Nullable = false) (Size = 10) (DbType = AnsiString), @p47=NULL (Size = 25), @p48=NULL (Size = 25), @p49='6b060aed-ec7b-480b-bfd9-94d493575cd2', @p50='8', @p51='C1' (Nullable = false) (Size = 2) (DbType = AnsiString), @p52='639371bf-e54f-4281-8e00-74e3b7bbb86d', @p53='Ok' (Nullable = false) (Size = 10) (DbType = AnsiString), @p54=NULL (Size = 25), @p55=NULL (Size = 25), @p56='52926e38-0120-48ec-84ef-4827c622317c', @p57='9', @p58='C1' (Nullable = false) (Size = 2) (DbType = AnsiString), @p59='639371bf-e54f-4281-8e00-74e3b7bbb86d', @p60='Ok' (Nullable = false) (Size = 10) (DbType = AnsiString), @p61=NULL (Size = 25), @p62=NULL (Size = 25), @p63='89167a32-fab5-4c01-bd50-4d83e79f6b20', @p64='10', @p65='C1' (Nullable = false) (Size = 2) (DbType = AnsiString), @p66='639371bf-e54f-4281-8e00-74e3b7bbb86d', @p67='Ok' (Nullable = false) (Size = 10) (DbType = AnsiString), @p68=NULL (Size = 25), @p69=NULL (Size = 25), @p70='ed20eb9b-a930-4fbf-a1da-1a6b0e686a1c', @p71=NULL (DbType = Guid), @p72=NULL (Size = 4000), @p73=NULL (Size = 4000), @p74='dbebf1dd-e359-46ad-8705-8e851b20f9eb' (Nullable = true), @p75='1', @p76=NULL (DbType = Int32), @p77='Ok' (Nullable = false) (Size = 10) (DbType = AnsiString), @p78='ed20eb9b-a930-4fbf-a1da-1a6b0e686a1c', @p79=NULL (DbType = Guid), @p80=NULL (Size = 4000), @p81=NULL (Size = 4000), @p82='164f5790-24c2-4d4b-beb7-376d06f2e3f1' (Nullable = true), @p83='2', @p84=NULL (DbType = Int32), @p85='Ok' (Nullable = false) (Size = 10) (DbType = AnsiString), @p86='ed20eb9b-a930-4fbf-a1da-1a6b0e686a1c', @p87=NULL (DbType = Guid), @p88=NULL (Size = 4000), @p89=NULL (Size = 4000), @p90='f41fe987-ec64-4595-9ffd-d7b29a9b3bb4' (Nullable = true), @p91='3', @p92=NULL (DbType = Int32), @p93='Ok' (Nullable = false) (Size = 10) (DbType = AnsiString), @p94='b10f7192-4050-4693-a5e7-d417a772ba03', @p95=NULL (DbType = Guid), @p96=NULL (Size = 4000), @p97=NULL (Size = 4000), @p98='dbebf1dd-e359-46ad-8705-8e851b20f9eb' (Nullable = true), @p99='1', @p100=NULL (DbType = Int32), @p101='Ok' (Nullable = false) (Size = 10) (DbType = AnsiString), @p102='b10f7192-4050-4693-a5e7-d417a772ba03', @p103=NULL (DbType = Guid), @p104=NULL (Size = 4000), @p105=NULL (Size = 4000), @p106='164f5790-24c2-4d4b-beb7-376d06f2e3f1' (Nullable = true), @p107='2', @p108=NULL (DbType = Int32), @p109='Ok' (Nullable = false) (Size = 10) (DbType = AnsiString), @p110='b10f7192-4050-4693-a5e7-d417a772ba03', @p111=NULL (DbType = Guid), @p112=NULL (Size = 4000), @p113=NULL (Size = 4000), @p114='f41fe987-ec64-4595-9ffd-d7b29a9b3bb4' (Nullable = true), @p115='3', @p116=NULL (DbType = Int32), @p117='Ok' (Nullable = false) (Size = 10) (DbType = AnsiString), @p118='34a7cdda-05e8-4239-bca1-683c87f7da31', @p119=NULL (DbType = Guid), @p120=NULL (Size = 4000), @p121=NULL (Size = 4000), @p122='dbebf1dd-e359-46ad-8705-8e851b20f9eb' (Nullable = true), @p123='1', @p124=NULL (DbType = Int32), @p125='Ok' (Nullable = false) (Size = 10) (DbType = AnsiString), @p126='34a7cdda-05e8-4239-bca1-683c87f7da31', @p127=NULL (DbType = Guid), @p128=NULL (Size = 4000), @p129=NULL (Size = 4000), @p130='164f5790-24c2-4d4b-beb7-376d06f2e3f1' (Nullable = true), @p131='2', @p132=NULL (DbType = Int32), @p133='Ok' (Nullable = false) (Size = 10) (DbType = AnsiString), @p134='34a7cdda-05e8-4239-bca1-683c87f7da31', @p135=NULL (DbType = Guid), @p136=NULL (Size = 4000), @p137=NULL (Size = 4000), @p138='f41fe987-ec64-4595-9ffd-d7b29a9b3bb4' (Nullable = true), @p139='3', @p140=NULL (DbType = Int32), @p141='Ok' (Nullable = false) (Size = 10) (DbType = AnsiString), @p142='7a7d488b-a874-4f67-a381-5d1e5d0ed23f', @p143=NULL (DbType = Guid), @p144=NULL (Size = 4000), @p145=NULL (Size = 4000), @p146='dbebf1dd-e359-46ad-8705-8e851b20f9eb' (Nullable = true), @p147='1', @p148=NULL (DbType = Int32), @p149='Ok' (Nullable = false) (Size = 10) (DbType = AnsiString), @p150='7a7d488b-a874-4f67-a381-5d1e5d0ed23f', @p151=NULL (DbType = Guid), @p152=NULL (Size = 4000), @p153=NULL (Size = 4000), @p154='164f5790-24c2-4d4b-beb7-376d06f2e3f1' (Nullable = true), @p155='2', @p156=NULL (DbType = Int32), @p157='Ok' (Nullable = false) (Size = 10) (DbType = AnsiString), @p158='7a7d488b-a874-4f67-a381-5d1e5d0ed23f', @p159=NULL (DbType = Guid), @p160=NULL (Size = 4000), @p161=NULL (Size = 4000), @p162='f41fe987-ec64-4595-9ffd-d7b29a9b3bb4' (Nullable = true), @p163='3', @p164=NULL (DbType = Int32), @p165='Ok' (Nullable = false) (Size = 10) (DbType = AnsiString), @p166='25079511-4645-4cec-8fa5-99726aba49a8', @p167=NULL (DbType = Guid), @p168=NULL (Size = 4000), @p169=NULL (Size = 4000), @p170='dbebf1dd-e359-46ad-8705-8e851b20f9eb' (Nullable = true), @p171='1', @p172=NULL (DbType = Int32), @p173='Ok' (Nullable = false) (Size = 10) (DbType = AnsiString), @p174='25079511-4645-4cec-8fa5-99726aba49a8', @p175=NULL (DbType = Guid), @p176=NULL (Size = 4000), @p177=NULL (Size = 4000), @p178='164f5790-24c2-4d4b-beb7-376d06f2e3f1' (Nullable = true), @p179='2', @p180=NULL (DbType = Int32), @p181='Ok' (Nullable = false) (Size = 10) (DbType = AnsiString), @p182='25079511-4645-4cec-8fa5-99726aba49a8', @p183=NULL (DbType = Guid), @p184=NULL (Size = 4000), @p185=NULL (Size = 4000), @p186='f41fe987-ec64-4595-9ffd-d7b29a9b3bb4' (Nullable = true), @p187='3', @p188=NULL (DbType = Int32), @p189='Ok' (Nullable = false) (Size = 10) (DbType = AnsiString), @p190='59693d3f-ed76-4b18-bd89-13479ed682d5', @p191=NULL (DbType = Guid), @p192=NULL (Size = 4000), @p193=NULL (Size = 4000), @p194='dbebf1dd-e359-46ad-8705-8e851b20f9eb' (Nullable = true), @p195='1', @p196=NULL (DbType = Int32), @p197='Ok' (Nullable = false) (Size = 10) (DbType = AnsiString), @p198='59693d3f-ed76-4b18-bd89-13479ed682d5', @p199=NULL (DbType = Guid), @p200=NULL (Size = 4000), @p201=NULL (Size = 4000), @p202='164f5790-24c2-4d4b-beb7-376d06f2e3f1' (Nullable = true), @p203='2', @p204=NULL (DbType = Int32), @p205='Ok' (Nullable = false) (Size = 10) (DbType = AnsiString), @p206='59693d3f-ed76-4b18-bd89-13479ed682d5', @p207=NULL (DbType = Guid), @p208=NULL (Size = 4000), @p209=NULL (Size = 4000), @p210='f41fe987-ec64-4595-9ffd-d7b29a9b3bb4' (Nullable = true), @p211='3', @p212=NULL (DbType = Int32), @p213='Ok' (Nullable = false) (Size = 10) (DbType = AnsiString), @p214='65da31ca-f834-4995-8963-eef9a89a6ada', @p215=NULL (DbType = Guid), @p216=NULL (Size = 4000), @p217=NULL (Size = 4000), @p218='dbebf1dd-e359-46ad-8705-8e851b20f9eb' (Nullable = true), @p219='1', @p220=NULL (DbType = Int32), @p221='Ok' (Nullable = false) (Size = 10) (DbType = AnsiString), @p222='65da31ca-f834-4995-8963-eef9a89a6ada', @p223=NULL (DbType = Guid), @p224=NULL (Size = 4000), @p225=NULL (Size = 4000), @p226='164f5790-24c2-4d4b-beb7-376d06f2e3f1' (Nullable = true), @p227='2', @p228=NULL (DbType = Int32), @p229='Ok' (Nullable = false) (Size = 10) (DbType = AnsiString), @p230='65da31ca-f834-4995-8963-eef9a89a6ada', @p231=NULL (DbType = Guid), @p232=NULL (Size = 4000), @p233=NULL (Size = 4000), @p234='f41fe987-ec64-4595-9ffd-d7b29a9b3bb4' (Nullable = true), @p235='3', @p236=NULL (DbType = Int32), @p237='Ok' (Nullable = false) (Size = 10) (DbType = AnsiString), @p238='6b060aed-ec7b-480b-bfd9-94d493575cd2', @p239=NULL (DbType = Guid), @p240=NULL (Size = 4000), @p241=NULL (Size = 4000), @p242='dbebf1dd-e359-46ad-8705-8e851b20f9eb' (Nullable = true), @p243='1', @p244=NULL (DbType = Int32), @p245='Ok' (Nullable = false) (Size = 10) (DbType = AnsiString), @p246='6b060aed-ec7b-480b-bfd9-94d493575cd2', @p247=NULL (DbType = Guid), @p248=NULL (Size = 4000), @p249=NULL (Size = 4000), @p250='164f5790-24c2-4d4b-beb7-376d06f2e3f1' (Nullable = true), @p251='2', @p252=NULL (DbType = Int32), @p253='Ok' (Nullable = false) (Size = 10) (DbType = AnsiString), @p254='6b060aed-ec7b-480b-bfd9-94d493575cd2', @p255=NULL (DbType = Guid), @p256=NULL (Size = 4000), @p257=NULL (Size = 4000), @p258='f41fe987-ec64-4595-9ffd-d7b29a9b3bb4' (Nullable = true), @p259='3', @p260=NULL (DbType = Int32), @p261='Ok' (Nullable = false) (Size = 10) (DbType = AnsiString), @p262='52926e38-0120-48ec-84ef-4827c622317c', @p263=NULL (DbType = Guid), @p264=NULL (Size = 4000), @p265=NULL (Size = 4000), @p266='dbebf1dd-e359-46ad-8705-8e851b20f9eb' (Nullable = true), @p267='1', @p268=NULL (DbType = Int32), @p269='Ok' (Nullable = false) (Size = 10) (DbType = AnsiString), @p270='52926e38-0120-48ec-84ef-4827c622317c', @p271=NULL (DbType = Guid), @p272=NULL (Size = 4000), @p273=NULL (Size = 4000), @p274='164f5790-24c2-4d4b-beb7-376d06f2e3f1' (Nullable = true), @p275='2', @p276=NULL (DbType = Int32), @p277='Ok' (Nullable = false) (Size = 10) (DbType = AnsiString), @p278='52926e38-0120-48ec-84ef-4827c622317c', @p279=NULL (DbType = Guid), @p280=NULL (Size = 4000), @p281=NULL (Size = 4000), @p282='f41fe987-ec64-4595-9ffd-d7b29a9b3bb4' (Nullable = true), @p283='3', @p284=NULL (DbType = Int32), @p285='Ok' (Nullable = false) (Size = 10) (DbType = AnsiString), @p286='89167a32-fab5-4c01-bd50-4d83e79f6b20', @p287=NULL (DbType = Guid), @p288=NULL (Size = 4000), @p289=NULL (Size = 4000), @p290='dbebf1dd-e359-46ad-8705-8e851b20f9eb' (Nullable = true), @p291='1', @p292=NULL (DbType = Int32), @p293='Ok' (Nullable = false) (Size = 10) (DbType = AnsiString), @p294='89167a32-fab5-4c01-bd50-4d83e79f6b20', @p295=NULL (DbType = Guid), @p296=NULL (Size = 4000), @p297=NULL (Size = 4000), @p298='164f5790-24c2-4d4b-beb7-376d06f2e3f1' (Nullable = true), @p299='2', @p300=NULL (DbType = Int32), @p301='Ok' (Nullable = false) (Size = 10) (DbType = AnsiString), @p302='89167a32-fab5-4c01-bd50-4d83e79f6b20', @p303=NULL (DbType = Guid), @p304=NULL (Size = 4000), @p305=NULL (Size = 4000), @p306='f41fe987-ec64-4595-9ffd-d7b29a9b3bb4' (Nullable = true), @p307='3', @p308=NULL (DbType = Int32), @p309='Ok' (Nullable = false) (Size = 10) (DbType = AnsiString)], CommandType='Text', CommandTimeout='30']
SET NOCOUNT ON;
MERGE [Ballots] USING (
VALUES (@p0, @p1, @p2, @p3, @p4, @p5, @p6, 0),
(@p7, @p8, @p9, @p10, @p11, @p12, @p13, 1),
(@p14, @p15, @p16, @p17, @p18, @p19, @p20, 2),
(@p21, @p22, @p23, @p24, @p25, @p26, @p27, 3),
(@p28, @p29, @p30, @p31, @p32, @p33, @p34, 4),
(@p35, @p36, @p37, @p38, @p39, @p40, @p41, 5),
(@p42, @p43, @p44, @p45, @p46, @p47, @p48, 6),
(@p49, @p50, @p51, @p52, @p53, @p54, @p55, 7),
(@p56, @p57, @p58, @p59, @p60, @p61, @p62, 8),
(@p63, @p64, @p65, @p66, @p67, @p68, @p69, 9)) AS i ([BallotGuid], [BallotNumAtComputer], [ComputerCode], [LocationGuid], [StatusCode], [Teller1], [Teller2], _Position) ON 1=0
WHEN NOT MATCHED THEN
INSERT ([BallotGuid], [BallotNumAtComputer], [ComputerCode], [LocationGuid], [StatusCode], [Teller1], [Teller2])
VALUES (i.[BallotGuid], i.[BallotNumAtComputer], i.[ComputerCode], i.[LocationGuid], i.[StatusCode], i.[Teller1], i.[Teller2])
OUTPUT INSERTED.[_RowId], INSERTED.[_BallotCode], INSERTED.[_RowVersion], i._Position;
MERGE [Votes] USING (
VALUES (@p70, @p71, @p72, @p73, @p74, @p75, @p76, @p77, 0),
(@p78, @p79, @p80, @p81, @p82, @p83, @p84, @p85, 1),
(@p86, @p87, @p88, @p89, @p90, @p91, @p92, @p93, 2),
(@p94, @p95, @p96, @p97, @p98, @p99, @p100, @p101, 3),
(@p102, @p103, @p104, @p105, @p106, @p107, @p108, @p109, 4),
(@p110, @p111, @p112, @p113, @p114, @p115, @p116, @p117, 5),
(@p118, @p119, @p120, @p121, @p122, @p123, @p124, @p125, 6),
(@p126, @p127, @p128, @p129, @p130, @p131, @p132, @p133, 7),
(@p134, @p135, @p136, @p137, @p138, @p139, @p140, @p141, 8),
(@p142, @p143, @p144, @p145, @p146, @p147, @p148, @p149, 9),
(@p150, @p151, @p152, @p153, @p154, @p155, @p156, @p157, 10),
(@p158, @p159, @p160, @p161, @p162, @p163, @p164, @p165, 11),
(@p166, @p167, @p168, @p169, @p170, @p171, @p172, @p173, 12),
(@p174, @p175, @p176, @p177, @p178, @p179, @p180, @p181, 13),
(@p182, @p183, @p184, @p185, @p186, @p187, @p188, @p189, 14),
(@p190, @p191, @p192, @p193, @p194, @p195, @p196, @p197, 15),
(@p198, @p199, @p200, @p201, @p202, @p203, @p204, @p205, 16),
(@p206, @p207, @p208, @p209, @p210, @p211, @p212, @p213, 17),
(@p214, @p215, @p216, @p217, @p218, @p219, @p220, @p221, 18),
(@p222, @p223, @p224, @p225, @p226, @p227, @p228, @p229, 19),
(@p230, @p231, @p232, @p233, @p234, @p235, @p236, @p237, 20),
(@p238, @p239, @p240, @p241, @p242, @p243, @p244, @p245, 21),
(@p246, @p247, @p248, @p249, @p250, @p251, @p252, @p253, 22),
(@p254, @p255, @p256, @p257, @p258, @p259, @p260, @p261, 23),
(@p262, @p263, @p264, @p265, @p266, @p267, @p268, @p269, 24),
(@p270, @p271, @p272, @p273, @p274, @p275, @p276, @p277, 25),
(@p278, @p279, @p280, @p281, @p282, @p283, @p284, @p285, 26),
(@p286, @p287, @p288, @p289, @p290, @p291, @p292, @p293, 27),
(@p294, @p295, @p296, @p297, @p298, @p299, @p300, @p301, 28),
(@p302, @p303, @p304, @p305, @p306, @p307, @p308, @p309, 29)) AS i ([BallotGuid], [InvalidReasonGuid], [OnlineVoteRaw], [PersonCombinedInfo], [PersonGuid], [PositionOnBallot], [SingleNameElectionCount], [StatusCode], _Position) ON 1=0
WHEN NOT MATCHED THEN
INSERT ([BallotGuid], [InvalidReasonGuid], [OnlineVoteRaw], [PersonCombinedInfo], [PersonGuid], [PositionOnBallot], [SingleNameElectionCount], [StatusCode])
VALUES (i.[BallotGuid], i.[InvalidReasonGuid], i.[OnlineVoteRaw], i.[PersonCombinedInfo], i.[PersonGuid], i.[PositionOnBallot], i.[SingleNameElectionCount], i.[StatusCode])
OUTPUT INSERTED.[_RowId], INSERTED.[_RowVersion], i._Position; Microsoft.EntityFrameworkCore.Database.Command
[17:01:49 INF] [] Request starting HTTP/1.1 POST http://localhost/api/results/election/dc9439f4-c25a-410d-add1-e53f2f24a237/calculate - null null Microsoft.AspNetCore.Hosting.Diagnostics
[17:01:49 INF] [] JWT Message received - Header: True, HasBearer: True, TokenLength: 355, ActualHeader: 'Bearer eyJhbGciOiJIUzI1NiIsInR5cCI6IkpXVCJ9.eyJzdWIiOiI4ZGI2ZjdmOC02MWE0LTQ4ZWEtOTM4ZS00MTE3ZTc4ZjI5...' 
[17:01:49 INF] [] JWT Token validated successfully for user: 8db6f7f8-61a4-48ea-938e-4117e78f2950 
[17:01:49 INF] [] Executing endpoint 'TallyJ4.Controllers.ResultsController.CalculateTally (TallyJ4)' Microsoft.AspNetCore.Routing.EndpointMiddleware
[17:01:49 INF] [] Route matched with {action = "CalculateTally", controller = "Results"}. Executing controller action with signature System.Threading.Tasks.Task`1[Microsoft.AspNetCore.Mvc.ActionResult`1[TallyJ4.DTOs.Results.TallyResultDto]] CalculateTally(System.Guid, System.String) on controller TallyJ4.Controllers.ResultsController (TallyJ4). Microsoft.AspNetCore.Mvc.Infrastructure.ControllerActionInvoker
[17:01:49 INF] [] Starting tally calculation for election dc9439f4-c25a-410d-add1-e53f2f24a237, type: normal TallyJ4.Controllers.ResultsController
[17:01:49 INF] [] Starting normal election tally calculation for election dc9439f4-c25a-410d-add1-e53f2f24a237 TallyJ4.Services.TallyService
[17:01:49 INF] [] Executed DbCommand (3ms) [Parameters=[@electionGuid='dc9439f4-c25a-410d-add1-e53f2f24a237'], CommandType='Text', CommandTimeout='30']
SELECT TOP(1) [e].[_RowId], [e].[CanReceive], [e].[CanVote], [e].[Convenor], [e].[CustomMethods], [e].[DateOfElection], [e].[ElectionGuid], [e].[ElectionMode], [e].[ElectionPasscode], [e].[ElectionType], [e].[EmailFromAddress], [e].[EmailFromName], [e].[EmailSubject], [e].[EmailText], [e].[Flags], [e].[HidePreBallotPages], [e].[LastEnvNum], [e].[LinkedElectionGuid], [e].[LinkedElectionKind], [e].[ListForPublic], [e].[ListedForPublicAsOf], [e].[MaskVotingMethod], [e].[Name], [e].[NumberExtra], [e].[NumberToElect], [e].[OnlineAnnounced], [e].[OnlineCloseIsEstimate], [e].[OnlineSelectionProcess], [e].[OnlineWhenClose], [e].[OnlineWhenOpen], [e].[OwnerLoginId], [e].[_RowVersion], [e].[ShowAsTest], [e].[ShowFullReport], [e].[SmsText], [e].[TallyStatus], [e].[UseCallInButton], [e].[VotingMethods]
FROM [Elections] AS [e]
WHERE [e].[ElectionGuid] = @electionGuid Microsoft.EntityFrameworkCore.Database.Command
[17:01:49 INF] [] Executed DbCommand (4ms) [Parameters=[@electionGuid='dc9439f4-c25a-410d-add1-e53f2f24a237'], CommandType='Text', CommandTimeout='30']
SELECT COUNT(*)
FROM [Ballots] AS [b]
INNER JOIN [Locations] AS [l] ON [b].[LocationGuid] = [l].[LocationGuid]
WHERE [l].[ElectionGuid] = @electionGuid Microsoft.EntityFrameworkCore.Database.Command
[17:01:49 INF] [] Sent tallyProgress notification to group Analyzedc9439f4-c25a-410d-add1-e53f2f24a237 TallyJ4.Services.SignalRNotificationService
[17:01:49 INF] [] Executed DbCommand (3ms) [Parameters=[@p0='2026-02-01T00:01:49.3581013Z', @p1='2026-03-03T00:01:49.3581004Z', @p2='False', @p3=NULL (Size = 4000), @p4=NULL (Size = 4000), @p5='tsavq7Zr8g5qaS6jdxGIj7oG/ZIDKqsxAQGZuA7XY40=' (Nullable = false) (Size = 200), @p6='42b1eb96-0f4d-470c-ac86-d20959443bd4' (Nullable = false) (Size = 450)], CommandType='Text', CommandTimeout='30']
SET IMPLICIT_TRANSACTIONS OFF;
SET NOCOUNT ON;
INSERT INTO [RefreshToken] ([CreatedAt], [ExpiresAt], [IsRevoked], [ReplacedByToken], [RevokedReason], [Token], [UserId])
OUTPUT INSERTED.[_RowId], INSERTED.[_RowVersion]
VALUES (@p0, @p1, @p2, @p3, @p4, @p5, @p6); Microsoft.EntityFrameworkCore.Database.Command
[17:01:49 INF] [] Executing OkObjectResult, writing value of type 'TallyJ4.Application.DTOs.Auth.AuthResponse'. Microsoft.AspNetCore.Mvc.Infrastructure.ObjectResultExecutor
[17:01:49 INF] [] Executed action TallyJ4.Backend.Controllers.AuthController.Login (TallyJ4) in 108.4787ms Microsoft.AspNetCore.Mvc.Infrastructure.ControllerActionInvoker
[17:01:49 INF] [] Executed endpoint 'TallyJ4.Backend.Controllers.AuthController.Login (TallyJ4)' Microsoft.AspNetCore.Routing.EndpointMiddleware
[TEST] Got auth token: eyJhbGciOiJIUzI1NiIsInR5cCI6IkpXVCJ9.eyJzdWIiOiI0M...
[17:01:49 INF] [] Request finished HTTP/1.1 POST http://localhost/api/auth/login - 200 null application/json; charset=utf-8 109.6371ms Microsoft.AspNetCore.Hosting.Diagnostics
[TEST] SetAuthToken called with token length: 355, starts with 'eyJ': True
[TEST] Client.DefaultRequestHeaders.Authorization set to: Bearer eyJhbGciOiJIUzI1NiIsInR5cCI6IkpXVCJ9.eyJzdWIiOiI0MmIxZWI5Ni0wZjRkLTQ3MGMtYWM4Ni1kMjA5NTk0NDNiZDQiLCJlbWFpbCI6ImFkbWluQHRhbGx5ai5jb20iLCJhdXRoTWV0aG9kIjoiTG9jYWwiLCJqdGkiOiI5NDU4MzUwZS1lMTI1LTRkNGQtYTAxMC0wZTI3NTAyYTJhYTkiLCJleHAiOjE3Njk5MDc3MDksImlzcyI6IlRhbGx5SjRUZXN0QVBJIiwiYXVkIjoiVGFsbHlKNFRlc3RDbGllbnQifQ.KQe5-TBUClpQQI_4AVPEjFtlIbZg3-onvMEbO-0tOtY
[17:01:49 INF] [] Request starting HTTP/1.1 GET http://localhost/api/elections/295e2989-0089-4bf9-a9a5-378966cdd875 - null null Microsoft.AspNetCore.Hosting.Diagnostics
[17:01:49 INF] [] JWT Message received - Header: True, HasBearer: True, TokenLength: 355, ActualHeader: 'Bearer eyJhbGciOiJIUzI1NiIsInR5cCI6IkpXVCJ9.eyJzdWIiOiI0MmIxZWI5Ni0wZjRkLTQ3MGMtYWM4Ni1kMjA5NTk0NDNi...' 
[17:01:49 INF] [] JWT Token validated successfully for user: 42b1eb96-0f4d-470c-ac86-d20959443bd4 
[17:01:49 WRN] [] ***** ElectionAccessHandler.HandleRequirementAsync called ***** TallyJ4.Authorization.ElectionAccessHandler
[17:01:49 INF] [] ElectionAccess: Checking access for user 42b1eb96-0f4d-470c-ac86-d20959443bd4 TallyJ4.Authorization.ElectionAccessHandler
[17:01:49 WRN] [] ***** Resource type: DefaultHttpContext, RouteData available: True TallyJ4.Authorization.ElectionAccessHandler
[17:01:49 INF] [] ElectionAccess: Checking access to election 295e2989-0089-4bf9-a9a5-378966cdd875 for user 42b1eb96-0f4d-470c-ac86-d20959443bd4 TallyJ4.Authorization.ElectionAccessHandler
[17:01:49 INF] [] Starting tally calculation transaction for election dc9439f4-c25a-410d-add1-e53f2f24a237 TallyJ4.Services.TallyService
[17:01:49 INF] [] Preparing for analysis of election dc9439f4-c25a-410d-add1-e53f2f24a237 TallyJ4.Services.TallyService
[17:01:49 INF] [] Executed DbCommand (2ms) [Parameters=[@electionGuid='295e2989-0089-4bf9-a9a5-378966cdd875'], CommandType='Text', CommandTimeout='30']
SELECT CASE
    WHEN EXISTS (
        SELECT 1
        FROM [Elections] AS [e]
        WHERE [e].[ElectionGuid] = @electionGuid) THEN CAST(1 AS bit)
    ELSE CAST(0 AS bit)
END Microsoft.EntityFrameworkCore.Database.Command
[17:01:49 INF] [] ElectionAccess: Election 295e2989-0089-4bf9-a9a5-378966cdd875 does not exist, allowing request TallyJ4.Authorization.ElectionAccessHandler
[17:01:49 INF] [] Executing endpoint 'TallyJ4.Backend.Controllers.ElectionsController.GetElection (TallyJ4)' Microsoft.AspNetCore.Routing.EndpointMiddleware
[17:01:49 INF] [] Route matched with {action = "GetElection", controller = "Elections"}. Executing controller action with signature System.Threading.Tasks.Task`1[Microsoft.AspNetCore.Mvc.ActionResult`1[TallyJ4.Models.ApiResponse`1[TallyJ4.DTOs.Elections.ElectionDto]]] GetElection(System.Guid) on controller TallyJ4.Backend.Controllers.ElectionsController (TallyJ4). Microsoft.AspNetCore.Mvc.Infrastructure.ControllerActionInvoker
[17:01:49 INF] [] Executed DbCommand (1ms) [Parameters=[@TargetElection_ElectionGuid='dc9439f4-c25a-410d-add1-e53f2f24a237'], CommandType='Text', CommandTimeout='30']
SELECT [r].[_RowId], [r].[CloseToNext], [r].[CloseToPrev], [r].[ElectionGuid], [r].[ForceShowInOther], [r].[IsTieResolved], [r].[IsTied], [r].[PersonGuid], [r].[Rank], [r].[RankInExtra], [r].[Section], [r].[TieBreakCount], [r].[TieBreakGroup], [r].[TieBreakRequired], [r].[VoteCount]
FROM [Results] AS [r]
WHERE [r].[ElectionGuid] = @TargetElection_ElectionGuid Microsoft.EntityFrameworkCore.Database.Command
[17:01:49 INF] [] Executed DbCommand (2ms) [Parameters=[@TargetElection_ElectionGuid='dc9439f4-c25a-410d-add1-e53f2f24a237'], CommandType='Text', CommandTimeout='30']
SELECT [r].[_RowId], [r].[ElectionGuid], [r].[IsResolved], [r].[NumInTie], [r].[NumToElect], [r].[TieBreakGroup], [r].[TieBreakRequired]
FROM [ResultTies] AS [r]
WHERE [r].[ElectionGuid] = @TargetElection_ElectionGuid Microsoft.EntityFrameworkCore.Database.Command
[17:01:49 INF] [] Executed DbCommand (2ms) [Parameters=[@TargetElection_ElectionGuid='dc9439f4-c25a-410d-add1-e53f2f24a237'], CommandType='Text', CommandTimeout='30']
SELECT [l].[LocationGuid]
FROM [Locations] AS [l]
WHERE [l].[ElectionGuid] = @TargetElection_ElectionGuid Microsoft.EntityFrameworkCore.Database.Command
[17:01:49 INF] [] Executed DbCommand (1ms) [Parameters=[@locationGuids1='639371bf-e54f-4281-8e00-74e3b7bbb86d'], CommandType='Text', CommandTimeout='30']
SELECT [b].[_RowId], [b].[_BallotCode], [b].[BallotGuid], [b].[BallotNumAtComputer], [b].[ComputerCode], [b].[LocationGuid], [b].[_RowVersion], [b].[StatusCode], [b].[Teller1], [b].[Teller2]
FROM [Ballots] AS [b]
WHERE [b].[LocationGuid] = @locationGuids1 Microsoft.EntityFrameworkCore.Database.Command
[17:01:49 INF] [] Executed DbCommand (12ms) [Parameters=[@electionGuid='295e2989-0089-4bf9-a9a5-378966cdd875'], CommandType='Text', CommandTimeout='30']
SELECT [e0].[_RowId], [e0].[CanReceive], [e0].[CanVote], [e0].[Convenor], [e0].[CustomMethods], [e0].[DateOfElection], [e0].[ElectionGuid], [e0].[ElectionMode], [e0].[ElectionPasscode], [e0].[ElectionType], [e0].[EmailFromAddress], [e0].[EmailFromName], [e0].[EmailSubject], [e0].[EmailText], [e0].[Flags], [e0].[HidePreBallotPages], [e0].[LastEnvNum], [e0].[LinkedElectionGuid], [e0].[LinkedElectionKind], [e0].[ListForPublic], [e0].[ListedForPublicAsOf], [e0].[MaskVotingMethod], [e0].[Name], [e0].[NumberExtra], [e0].[NumberToElect], [e0].[OnlineAnnounced], [e0].[OnlineCloseIsEstimate], [e0].[OnlineSelectionProcess], [e0].[OnlineWhenClose], [e0].[OnlineWhenOpen], [e0].[OwnerLoginId], [e0].[_RowVersion], [e0].[ShowAsTest], [e0].[ShowFullReport], [e0].[SmsText], [e0].[TallyStatus], [e0].[UseCallInButton], [e0].[VotingMethods], [p].[_RowId], [p].[AgeGroup], [p].[Area], [p].[BahaiId], [p].[CanReceiveVotes], [p].[CanVote], [p].[CombinedInfo], [p].[CombinedInfoAtStart], [p].[CombinedSoundCodes], [p].[ElectionGuid], [p].[Email], [p].[EnvNum], [p].[FirstName], [p].[Flags], [p].[_FullName], [p].[_FullNameFL], [p].[HasOnlineBallot], [p].[IneligibleReasonGuid], [p].[KioskCode], [p].[LastName], [p].[OtherInfo], [p].[OtherLastNames], [p].[OtherNames], [p].[PersonGuid], [p].[Phone], [p].[RegistrationTime], [p].[_RowVersion], [p].[_RowVersionInt], [p].[Teller1], [p].[Teller2], [p].[UnitName], [p].[VotingLocationGuid], [p].[VotingMethod], [s].[_RowId], [s].[BallotsCollected], [s].[ContactInfo], [s].[ElectionGuid], [s].[Lat], [s].[LocationGuid], [s].[Long], [s].[Name], [s].[SortOrder], [s].[TallyStatus], [s].[_RowId0], [s].[_BallotCode], [s].[BallotGuid], [s].[BallotNumAtComputer], [s].[ComputerCode], [s].[LocationGuid0], [s].[_RowVersion], [s].[StatusCode], [s].[Teller1], [s].[Teller2]
FROM (
    SELECT TOP(1) [e].[_RowId], [e].[CanReceive], [e].[CanVote], [e].[Convenor], [e].[CustomMethods], [e].[DateOfElection], [e].[ElectionGuid], [e].[ElectionMode], [e].[ElectionPasscode], [e].[ElectionType], [e].[EmailFromAddress], [e].[EmailFromName], [e].[EmailSubject], [e].[EmailText], [e].[Flags], [e].[HidePreBallotPages], [e].[LastEnvNum], [e].[LinkedElectionGuid], [e].[LinkedElectionKind], [e].[ListForPublic], [e].[ListedForPublicAsOf], [e].[MaskVotingMethod], [e].[Name], [e].[NumberExtra], [e].[NumberToElect], [e].[OnlineAnnounced], [e].[OnlineCloseIsEstimate], [e].[OnlineSelectionProcess], [e].[OnlineWhenClose], [e].[OnlineWhenOpen], [e].[OwnerLoginId], [e].[_RowVersion], [e].[ShowAsTest], [e].[ShowFullReport], [e].[SmsText], [e].[TallyStatus], [e].[UseCallInButton], [e].[VotingMethods]
    FROM [Elections] AS [e]
    WHERE [e].[ElectionGuid] = @electionGuid
) AS [e0]
LEFT JOIN [People] AS [p] ON [e0].[ElectionGuid] = [p].[ElectionGuid]
LEFT JOIN (
    SELECT [l].[_RowId], [l].[BallotsCollected], [l].[ContactInfo], [l].[ElectionGuid], [l].[Lat], [l].[LocationGuid], [l].[Long], [l].[Name], [l].[SortOrder], [l].[TallyStatus], [b].[_RowId] AS [_RowId0], [b].[_BallotCode], [b].[BallotGuid], [b].[BallotNumAtComputer], [b].[ComputerCode], [b].[LocationGuid] AS [LocationGuid0], [b].[_RowVersion], [b].[StatusCode], [b].[Teller1], [b].[Teller2]
    FROM [Locations] AS [l]
    LEFT JOIN [Ballots] AS [b] ON [l].[LocationGuid] = [b].[LocationGuid]
) AS [s] ON [e0].[ElectionGuid] = [s].[ElectionGuid]
ORDER BY [e0].[_RowId], [p].[_RowId], [s].[_RowId] Microsoft.EntityFrameworkCore.Database.Command
[17:01:49 INF] [] Executing NotFoundObjectResult, writing value of type 'TallyJ4.Models.ApiResponse`1[[TallyJ4.DTOs.Elections.ElectionDto, TallyJ4, Version=1.0.0.0, Culture=neutral, PublicKeyToken=null]]'. Microsoft.AspNetCore.Mvc.Infrastructure.ObjectResultExecutor
[17:01:49 INF] [] Executed action TallyJ4.Backend.Controllers.ElectionsController.GetElection (TallyJ4) in 12.8944ms Microsoft.AspNetCore.Mvc.Infrastructure.ControllerActionInvoker
[17:01:49 INF] [] Executed endpoint 'TallyJ4.Backend.Controllers.ElectionsController.GetElection (TallyJ4)' Microsoft.AspNetCore.Routing.EndpointMiddleware
[17:01:49 INF] [] Request finished HTTP/1.1 GET http://localhost/api/elections/295e2989-0089-4bf9-a9a5-378966cdd875 - 404 null application/json; charset=utf-8 17.2703ms Microsoft.AspNetCore.Hosting.Diagnostics
[17:01:49 INF] [] Executed DbCommand (2ms) [Parameters=[@ballotGuids1='ed20eb9b-a930-4fbf-a1da-1a6b0e686a1c', @ballotGuids2='b10f7192-4050-4693-a5e7-d417a772ba03', @ballotGuids3='34a7cdda-05e8-4239-bca1-683c87f7da31', @ballotGuids4='7a7d488b-a874-4f67-a381-5d1e5d0ed23f', @ballotGuids5='25079511-4645-4cec-8fa5-99726aba49a8', @ballotGuids6='59693d3f-ed76-4b18-bd89-13479ed682d5', @ballotGuids7='65da31ca-f834-4995-8963-eef9a89a6ada', @ballotGuids8='6b060aed-ec7b-480b-bfd9-94d493575cd2', @ballotGuids9='52926e38-0120-48ec-84ef-4827c622317c', @ballotGuids10='89167a32-fab5-4c01-bd50-4d83e79f6b20'], CommandType='Text', CommandTimeout='30']
SELECT [v].[_RowId], [v].[BallotGuid], [v].[InvalidReasonGuid], [v].[OnlineVoteRaw], [v].[PersonCombinedInfo], [v].[PersonGuid], [v].[PositionOnBallot], [v].[_RowVersion], [v].[SingleNameElectionCount], [v].[StatusCode]
FROM [Votes] AS [v]
WHERE [v].[BallotGuid] IN (@ballotGuids1, @ballotGuids2, @ballotGuids3, @ballotGuids4, @ballotGuids5, @ballotGuids6, @ballotGuids7, @ballotGuids8, @ballotGuids9, @ballotGuids10) Microsoft.EntityFrameworkCore.Database.Command
[17:01:49 INF] [] Executed DbCommand (5ms) [Parameters=[@TargetElection_ElectionGuid='dc9439f4-c25a-410d-add1-e53f2f24a237'], CommandType='Text', CommandTimeout='30']
SELECT [p].[_RowId], [p].[AgeGroup], [p].[Area], [p].[BahaiId], [p].[CanReceiveVotes], [p].[CanVote], [p].[CombinedInfo], [p].[CombinedInfoAtStart], [p].[CombinedSoundCodes], [p].[ElectionGuid], [p].[Email], [p].[EnvNum], [p].[FirstName], [p].[Flags], [p].[_FullName], [p].[_FullNameFL], [p].[HasOnlineBallot], [p].[IneligibleReasonGuid], [p].[KioskCode], [p].[LastName], [p].[OtherInfo], [p].[OtherLastNames], [p].[OtherNames], [p].[PersonGuid], [p].[Phone], [p].[RegistrationTime], [p].[_RowVersion], [p].[_RowVersionInt], [p].[Teller1], [p].[Teller2], [p].[UnitName], [p].[VotingLocationGuid], [p].[VotingMethod]
FROM [People] AS [p]
WHERE [p].[ElectionGuid] = @TargetElection_ElectionGuid Microsoft.EntityFrameworkCore.Database.Command
[17:01:49 INF] [] Executed DbCommand (2ms) [Parameters=[@normalizedEmail='ADMIN@TALLYJ.COM' (Size = 256)], CommandType='Text', CommandTimeout='30']
SELECT TOP(2) [a].[Id], [a].[AccessFailedCount], [a].[AuthMethod], [a].[ConcurrencyStamp], [a].[Email], [a].[EmailConfirmed], [a].[GoogleId], [a].[LockoutEnabled], [a].[LockoutEnd], [a].[NormalizedEmail], [a].[NormalizedUserName], [a].[PasswordHash], [a].[PasswordResetExpiry], [a].[PasswordResetToken], [a].[PhoneNumber], [a].[PhoneNumberConfirmed], [a].[SecurityStamp], [a].[TwoFactorEnabled], [a].[UserName]
FROM [AspNetUsers] AS [a]
WHERE [a].[NormalizedEmail] = @normalizedEmail Microsoft.EntityFrameworkCore.Database.Command
[17:01:49 INF] [] Executed DbCommand (2ms) [Parameters=[@TargetElection_ElectionGuid='dc9439f4-c25a-410d-add1-e53f2f24a237'], CommandType='Text', CommandTimeout='30']
SELECT TOP(1) [r].[_RowId], [r].[BallotsNeedingReview], [r].[BallotsReceived], [r].[CalledInBallots], [r].[Custom1Ballots], [r].[Custom2Ballots], [r].[Custom3Ballots], [r].[DroppedOffBallots], [r].[ElectionGuid], [r].[ImportedBallots], [r].[InPersonBallots], [r].[MailedInBallots], [r].[NumEligibleToVote], [r].[NumVoters], [r].[OnlineBallots], [r].[ResultType], [r].[SpoiledBallots], [r].[SpoiledManualBallots], [r].[SpoiledVotes], [r].[TotalVotes], [r].[UseOnReports]
FROM [ResultSummaries] AS [r]
WHERE [r].[ElectionGuid] = @TargetElection_ElectionGuid Microsoft.EntityFrameworkCore.Database.Command
[17:01:49 INF] [] Loaded 10 ballots, 30 votes, 5 people TallyJ4.Services.TallyService
[17:01:49 INF] [] Calculating ballot statistics TallyJ4.Services.TallyService
[17:01:49 INF] [] Statistics: 10 ballots (0 spoiled), 30 potential votes (0 spoiled) TallyJ4.Services.TallyService
[17:01:49 INF] [] Starting vote count for normal election TallyJ4.Services.TallyService
[17:01:49 INF] [] Processed 10 ballots (27 votes) TallyJ4.Services.TallyService
[17:01:49 INF] [] Executed DbCommand (8ms) [Parameters=[@p0='False' (Nullable = true), @p1='False' (Nullable = true), @p2='dc9439f4-c25a-410d-add1-e53f2f24a237', @p3=NULL (DbType = Boolean), @p4=NULL (DbType = Boolean), @p5='False' (Nullable = true), @p6='dbebf1dd-e359-46ad-8705-8e851b20f9eb', @p7='0', @p8=NULL (DbType = Int32), @p9='O' (Nullable = false) (Size = 1) (DbType = AnsiStringFixedLength), @p10=NULL (DbType = Int32), @p11=NULL (DbType = Int32), @p12='False' (Nullable = true), @p13='10' (Nullable = true), @p14='False' (Nullable = true), @p15='False' (Nullable = true), @p16='dc9439f4-c25a-410d-add1-e53f2f24a237', @p17=NULL (DbType = Boolean), @p18=NULL (DbType = Boolean), @p19='False' (Nullable = true), @p20='164f5790-24c2-4d4b-beb7-376d06f2e3f1', @p21='0', @p22=NULL (DbType = Int32), @p23='O' (Nullable = false) (Size = 1) (DbType = AnsiStringFixedLength), @p24=NULL (DbType = Int32), @p25=NULL (DbType = Int32), @p26='False' (Nullable = true), @p27='10' (Nullable = true), @p28='False' (Nullable = true), @p29='False' (Nullable = true), @p30='dc9439f4-c25a-410d-add1-e53f2f24a237', @p31=NULL (DbType = Boolean), @p32=NULL (DbType = Boolean), @p33='False' (Nullable = true), @p34='f41fe987-ec64-4595-9ffd-d7b29a9b3bb4', @p35='0', @p36=NULL (DbType = Int32), @p37='O' (Nullable = false) (Size = 1) (DbType = AnsiStringFixedLength), @p38=NULL (DbType = Int32), @p39=NULL (DbType = Int32), @p40='False' (Nullable = true), @p41='10' (Nullable = true)], CommandType='Text', CommandTimeout='30']
SET IMPLICIT_TRANSACTIONS OFF;
SET NOCOUNT ON;
MERGE [Results] USING (
VALUES (@p0, @p1, @p2, @p3, @p4, @p5, @p6, @p7, @p8, @p9, @p10, @p11, @p12, @p13, 0),
(@p14, @p15, @p16, @p17, @p18, @p19, @p20, @p21, @p22, @p23, @p24, @p25, @p26, @p27, 1),
(@p28, @p29, @p30, @p31, @p32, @p33, @p34, @p35, @p36, @p37, @p38, @p39, @p40, @p41, 2)) AS i ([CloseToNext], [CloseToPrev], [ElectionGuid], [ForceShowInOther], [IsTieResolved], [IsTied], [PersonGuid], [Rank], [RankInExtra], [Section], [TieBreakCount], [TieBreakGroup], [TieBreakRequired], [VoteCount], _Position) ON 1=0
WHEN NOT MATCHED THEN
INSERT ([CloseToNext], [CloseToPrev], [ElectionGuid], [ForceShowInOther], [IsTieResolved], [IsTied], [PersonGuid], [Rank], [RankInExtra], [Section], [TieBreakCount], [TieBreakGroup], [TieBreakRequired], [VoteCount])
VALUES (i.[CloseToNext], i.[CloseToPrev], i.[ElectionGuid], i.[ForceShowInOther], i.[IsTieResolved], i.[IsTied], i.[PersonGuid], i.[Rank], i.[RankInExtra], i.[Section], i.[TieBreakCount], i.[TieBreakGroup], i.[TieBreakRequired], i.[VoteCount])
OUTPUT INSERTED.[_RowId], i._Position; Microsoft.EntityFrameworkCore.Database.Command
[17:01:49 INF] [] Completed vote count: 10 ballots processed, 30 valid votes TallyJ4.Services.TallyService
[17:01:49 INF] [] Finalizing results and detecting ties TallyJ4.Services.TallyService
[17:01:49 INF] [] Finalized 3 results, 1 tie groups TallyJ4.Services.TallyService
[17:01:49 INF] [] Finalizing summaries TallyJ4.Services.TallyService
[17:01:49 INF] [] Executed DbCommand (2ms) [Parameters=[@TargetElection_ElectionGuid='dc9439f4-c25a-410d-add1-e53f2f24a237'], CommandType='Text', CommandTimeout='30']
SELECT TOP(1) [r].[_RowId], [r].[BallotsNeedingReview], [r].[BallotsReceived], [r].[CalledInBallots], [r].[Custom1Ballots], [r].[Custom2Ballots], [r].[Custom3Ballots], [r].[DroppedOffBallots], [r].[ElectionGuid], [r].[ImportedBallots], [r].[InPersonBallots], [r].[MailedInBallots], [r].[NumEligibleToVote], [r].[NumVoters], [r].[OnlineBallots], [r].[ResultType], [r].[SpoiledBallots], [r].[SpoiledManualBallots], [r].[SpoiledVotes], [r].[TotalVotes], [r].[UseOnReports]
FROM [ResultSummaries] AS [r]
WHERE [r].[ElectionGuid] = @TargetElection_ElectionGuid Microsoft.EntityFrameworkCore.Database.Command
[17:01:49 INF] [] Saving results to database TallyJ4.Services.TallyService
[17:01:49 INF] [] Executed DbCommand (5ms) [Parameters=[@p0='0' (Nullable = true), @p1='10' (Nullable = true), @p2=NULL (DbType = Int32), @p3=NULL (DbType = Int32), @p4=NULL (DbType = Int32), @p5=NULL (DbType = Int32), @p6=NULL (DbType = Int32), @p7='dc9439f4-c25a-410d-add1-e53f2f24a237', @p8=NULL (DbType = Int32), @p9=NULL (DbType = Int32), @p10=NULL (DbType = Int32), @p11=NULL (DbType = Int32), @p12=NULL (DbType = Int32), @p13=NULL (DbType = Int32), @p14='N' (Nullable = false) (Size = 1) (DbType = AnsiStringFixedLength), @p15='0' (Nullable = true), @p16=NULL (DbType = Int32), @p17='0' (Nullable = true), @p18='30' (Nullable = true), @p19='True' (Nullable = true), @p24='4', @p20='True' (Nullable = true), @p21='1', @p22='E' (Nullable = false) (Size = 1) (DbType = AnsiStringFixedLength), @p23='1' (Nullable = true), @p29='5', @p25='True' (Nullable = true), @p26='1', @p27='E' (Nullable = false) (Size = 1) (DbType = AnsiStringFixedLength), @p28='1' (Nullable = true), @p34='6', @p30='True' (Nullable = true), @p31='1', @p32='E' (Nullable = false) (Size = 1) (DbType = AnsiStringFixedLength), @p33='1' (Nullable = true)], CommandType='Text', CommandTimeout='30']
SET NOCOUNT ON;
INSERT INTO [ResultSummaries] ([BallotsNeedingReview], [BallotsReceived], [CalledInBallots], [Custom1Ballots], [Custom2Ballots], [Custom3Ballots], [DroppedOffBallots], [ElectionGuid], [ImportedBallots], [InPersonBallots], [MailedInBallots], [NumEligibleToVote], [NumVoters], [OnlineBallots], [ResultType], [SpoiledBallots], [SpoiledManualBallots], [SpoiledVotes], [TotalVotes], [UseOnReports])
OUTPUT INSERTED.[_RowId]
VALUES (@p0, @p1, @p2, @p3, @p4, @p5, @p6, @p7, @p8, @p9, @p10, @p11, @p12, @p13, @p14, @p15, @p16, @p17, @p18, @p19);
UPDATE [Results] SET [IsTied] = @p20, [Rank] = @p21, [Section] = @p22, [TieBreakGroup] = @p23
OUTPUT 1
WHERE [_RowId] = @p24;
UPDATE [Results] SET [IsTied] = @p25, [Rank] = @p26, [Section] = @p27, [TieBreakGroup] = @p28
OUTPUT 1
WHERE [_RowId] = @p29;
UPDATE [Results] SET [IsTied] = @p30, [Rank] = @p31, [Section] = @p32, [TieBreakGroup] = @p33
OUTPUT 1
WHERE [_RowId] = @p34; Microsoft.EntityFrameworkCore.Database.Command
[17:01:49 INF] [] Results saved successfully TallyJ4.Services.TallyService
[17:01:49 INF] [] Tally calculation transaction committed successfully for election dc9439f4-c25a-410d-add1-e53f2f24a237 TallyJ4.Services.TallyService
[17:01:49 INF] [] Executed DbCommand (2ms) [Parameters=[@electionGuid='dc9439f4-c25a-410d-add1-e53f2f24a237'], CommandType='Text', CommandTimeout='30']
SELECT COALESCE(SUM(COALESCE([r].[VoteCount], 0)), 0)
FROM [Results] AS [r]
WHERE [r].[ElectionGuid] = @electionGuid Microsoft.EntityFrameworkCore.Database.Command
[17:01:49 INF] [] Sent tallyComplete notification to group Analyzedc9439f4-c25a-410d-add1-e53f2f24a237 TallyJ4.Services.SignalRNotificationService
[17:01:49 INF] [] Executed DbCommand (2ms) [Parameters=[@electionGuid='dc9439f4-c25a-410d-add1-e53f2f24a237'], CommandType='Text', CommandTimeout='30']
SELECT TOP(1) [e].[_RowId], [e].[CanReceive], [e].[CanVote], [e].[Convenor], [e].[CustomMethods], [e].[DateOfElection], [e].[ElectionGuid], [e].[ElectionMode], [e].[ElectionPasscode], [e].[ElectionType], [e].[EmailFromAddress], [e].[EmailFromName], [e].[EmailSubject], [e].[EmailText], [e].[Flags], [e].[HidePreBallotPages], [e].[LastEnvNum], [e].[LinkedElectionGuid], [e].[LinkedElectionKind], [e].[ListForPublic], [e].[ListedForPublicAsOf], [e].[MaskVotingMethod], [e].[Name], [e].[NumberExtra], [e].[NumberToElect], [e].[OnlineAnnounced], [e].[OnlineCloseIsEstimate], [e].[OnlineSelectionProcess], [e].[OnlineWhenClose], [e].[OnlineWhenOpen], [e].[OwnerLoginId], [e].[_RowVersion], [e].[ShowAsTest], [e].[ShowFullReport], [e].[SmsText], [e].[TallyStatus], [e].[UseCallInButton], [e].[VotingMethods]
FROM [Elections] AS [e]
WHERE [e].[ElectionGuid] = @electionGuid Microsoft.EntityFrameworkCore.Database.Command
[17:01:49 INF] [] Executed DbCommand (9ms) [Parameters=[@electionGuid='dc9439f4-c25a-410d-add1-e53f2f24a237'], CommandType='Text', CommandTimeout='30']
SELECT [r].[_RowId], [r].[CloseToNext], [r].[CloseToPrev], [r].[ElectionGuid], [r].[ForceShowInOther], [r].[IsTieResolved], [r].[IsTied], [r].[PersonGuid], [r].[Rank], [r].[RankInExtra], [r].[Section], [r].[TieBreakCount], [r].[TieBreakGroup], [r].[TieBreakRequired], [r].[VoteCount], [p].[_RowId], [p].[AgeGroup], [p].[Area], [p].[BahaiId], [p].[CanReceiveVotes], [p].[CanVote], [p].[CombinedInfo], [p].[CombinedInfoAtStart], [p].[CombinedSoundCodes], [p].[ElectionGuid], [p].[Email], [p].[EnvNum], [p].[FirstName], [p].[Flags], [p].[_FullName], [p].[_FullNameFL], [p].[HasOnlineBallot], [p].[IneligibleReasonGuid], [p].[KioskCode], [p].[LastName], [p].[OtherInfo], [p].[OtherLastNames], [p].[OtherNames], [p].[PersonGuid], [p].[Phone], [p].[RegistrationTime], [p].[_RowVersion], [p].[_RowVersionInt], [p].[Teller1], [p].[Teller2], [p].[UnitName], [p].[VotingLocationGuid], [p].[VotingMethod]
FROM [Results] AS [r]
INNER JOIN [People] AS [p] ON [r].[PersonGuid] = [p].[PersonGuid]
WHERE [r].[ElectionGuid] = @electionGuid
ORDER BY [r].[Rank] Microsoft.EntityFrameworkCore.Database.Command
[17:01:49 INF] [] Executed DbCommand (2ms) [Parameters=[@electionGuid='dc9439f4-c25a-410d-add1-e53f2f24a237'], CommandType='Text', CommandTimeout='30']
SELECT TOP(1) [e].[_RowId], [e].[CanReceive], [e].[CanVote], [e].[Convenor], [e].[CustomMethods], [e].[DateOfElection], [e].[ElectionGuid], [e].[ElectionMode], [e].[ElectionPasscode], [e].[ElectionType], [e].[EmailFromAddress], [e].[EmailFromName], [e].[EmailSubject], [e].[EmailText], [e].[Flags], [e].[HidePreBallotPages], [e].[LastEnvNum], [e].[LinkedElectionGuid], [e].[LinkedElectionKind], [e].[ListForPublic], [e].[ListedForPublicAsOf], [e].[MaskVotingMethod], [e].[Name], [e].[NumberExtra], [e].[NumberToElect], [e].[OnlineAnnounced], [e].[OnlineCloseIsEstimate], [e].[OnlineSelectionProcess], [e].[OnlineWhenClose], [e].[OnlineWhenOpen], [e].[OwnerLoginId], [e].[_RowVersion], [e].[ShowAsTest], [e].[ShowFullReport], [e].[SmsText], [e].[TallyStatus], [e].[UseCallInButton], [e].[VotingMethods]
FROM [Elections] AS [e]
WHERE [e].[ElectionGuid] = @electionGuid Microsoft.EntityFrameworkCore.Database.Command
[17:01:49 INF] [] Executed DbCommand (2ms) [Parameters=[@electionGuid='dc9439f4-c25a-410d-add1-e53f2f24a237'], CommandType='Text', CommandTimeout='30']
SELECT TOP(1) [r].[_RowId], [r].[BallotsNeedingReview], [r].[BallotsReceived], [r].[CalledInBallots], [r].[Custom1Ballots], [r].[Custom2Ballots], [r].[Custom3Ballots], [r].[DroppedOffBallots], [r].[ElectionGuid], [r].[ImportedBallots], [r].[InPersonBallots], [r].[MailedInBallots], [r].[NumEligibleToVote], [r].[NumVoters], [r].[OnlineBallots], [r].[ResultType], [r].[SpoiledBallots], [r].[SpoiledManualBallots], [r].[SpoiledVotes], [r].[TotalVotes], [r].[UseOnReports]
FROM [ResultSummaries] AS [r]
WHERE [r].[ElectionGuid] = @electionGuid Microsoft.EntityFrameworkCore.Database.Command
[17:01:49 INF] [] Executed DbCommand (6ms) [Parameters=[@electionGuid='dc9439f4-c25a-410d-add1-e53f2f24a237'], CommandType='Text', CommandTimeout='30']
SELECT COUNT(*)
FROM [People] AS [p]
WHERE [p].[ElectionGuid] = @electionGuid AND [p].[CanVote] = CAST(1 AS bit) Microsoft.EntityFrameworkCore.Database.Command
[17:01:49 INF] [] Executed DbCommand (3ms) [Parameters=[@electionGuid='dc9439f4-c25a-410d-add1-e53f2f24a237'], CommandType='Text', CommandTimeout='30']
SELECT COUNT(*)
FROM [People] AS [p]
WHERE [p].[ElectionGuid] = @electionGuid AND [p].[CanReceiveVotes] = CAST(1 AS bit) Microsoft.EntityFrameworkCore.Database.Command
[17:01:49 INF] [] Completed tally calculation for election dc9439f4-c25a-410d-add1-e53f2f24a237 TallyJ4.Services.TallyService
[17:01:49 INF] [] Tally calculation completed for election dc9439f4-c25a-410d-add1-e53f2f24a237 TallyJ4.Controllers.ResultsController
[17:01:49 INF] [] Executing OkObjectResult, writing value of type 'TallyJ4.DTOs.Results.TallyResultDto'. Microsoft.AspNetCore.Mvc.Infrastructure.ObjectResultExecutor
[17:01:49 INF] [] Executed action TallyJ4.Controllers.ResultsController.CalculateTally (TallyJ4) in 130.828ms Microsoft.AspNetCore.Mvc.Infrastructure.ControllerActionInvoker
[17:01:49 INF] [] Executed endpoint 'TallyJ4.Controllers.ResultsController.CalculateTally (TallyJ4)' Microsoft.AspNetCore.Routing.EndpointMiddleware
[17:01:49 INF] [] Request finished HTTP/1.1 POST http://localhost/api/results/election/dc9439f4-c25a-410d-add1-e53f2f24a237/calculate - 200 null application/json; charset=utf-8 132.1098ms Microsoft.AspNetCore.Hosting.Diagnostics
[17:01:49 INF] [] Request starting HTTP/1.1 GET http://localhost/api/results/election/dc9439f4-c25a-410d-add1-e53f2f24a237/summary - null null Microsoft.AspNetCore.Hosting.Diagnostics
[17:01:49 INF] [] JWT Message received - Header: True, HasBearer: True, TokenLength: 355, ActualHeader: 'Bearer eyJhbGciOiJIUzI1NiIsInR5cCI6IkpXVCJ9.eyJzdWIiOiI4ZGI2ZjdmOC02MWE0LTQ4ZWEtOTM4ZS00MTE3ZTc4ZjI5...' 
[17:01:49 INF] [] JWT Token validated successfully for user: 8db6f7f8-61a4-48ea-938e-4117e78f2950 
[17:01:49 INF] [] Executing endpoint 'TallyJ4.Controllers.ResultsController.GetSummary (TallyJ4)' Microsoft.AspNetCore.Routing.EndpointMiddleware
[17:01:49 INF] [] Route matched with {action = "GetSummary", controller = "Results"}. Executing controller action with signature System.Threading.Tasks.Task`1[Microsoft.AspNetCore.Mvc.ActionResult`1[TallyJ4.DTOs.Results.TallyStatisticsDto]] GetSummary(System.Guid) on controller TallyJ4.Controllers.ResultsController (TallyJ4). Microsoft.AspNetCore.Mvc.Infrastructure.ControllerActionInvoker
[17:01:49 INF] [] Request starting HTTP/1.1 POST http://localhost/api/auth/login - application/json; charset=utf-8 51 Microsoft.AspNetCore.Hosting.Diagnostics
[17:01:49 INF] [] JWT Message received - Header: False, HasBearer: False, TokenLength: 0, ActualHeader: '' 
[17:01:49 INF] [] Executing endpoint 'TallyJ4.Backend.Controllers.AuthController.Login (TallyJ4)' Microsoft.AspNetCore.Routing.EndpointMiddleware
[17:01:49 INF] [] Route matched with {action = "Login", controller = "Auth"}. Executing controller action with signature System.Threading.Tasks.Task`1[Microsoft.AspNetCore.Mvc.IActionResult] Login(TallyJ4.Application.DTOs.Auth.LoginRequest) on controller TallyJ4.Backend.Controllers.AuthController (TallyJ4). Microsoft.AspNetCore.Mvc.Infrastructure.ControllerActionInvoker
[17:01:49 INF] [] Executed DbCommand (1ms) [Parameters=[@electionGuid='dc9439f4-c25a-410d-add1-e53f2f24a237'], CommandType='Text', CommandTimeout='30']
SELECT TOP(1) [e].[_RowId], [e].[CanReceive], [e].[CanVote], [e].[Convenor], [e].[CustomMethods], [e].[DateOfElection], [e].[ElectionGuid], [e].[ElectionMode], [e].[ElectionPasscode], [e].[ElectionType], [e].[EmailFromAddress], [e].[EmailFromName], [e].[EmailSubject], [e].[EmailText], [e].[Flags], [e].[HidePreBallotPages], [e].[LastEnvNum], [e].[LinkedElectionGuid], [e].[LinkedElectionKind], [e].[ListForPublic], [e].[ListedForPublicAsOf], [e].[MaskVotingMethod], [e].[Name], [e].[NumberExtra], [e].[NumberToElect], [e].[OnlineAnnounced], [e].[OnlineCloseIsEstimate], [e].[OnlineSelectionProcess], [e].[OnlineWhenClose], [e].[OnlineWhenOpen], [e].[OwnerLoginId], [e].[_RowVersion], [e].[ShowAsTest], [e].[ShowFullReport], [e].[SmsText], [e].[TallyStatus], [e].[UseCallInButton], [e].[VotingMethods]
FROM [Elections] AS [e]
WHERE [e].[ElectionGuid] = @electionGuid Microsoft.EntityFrameworkCore.Database.Command
[17:01:49 INF] [] Executed DbCommand (1ms) [Parameters=[@electionGuid='dc9439f4-c25a-410d-add1-e53f2f24a237'], CommandType='Text', CommandTimeout='30']
SELECT TOP(1) [r].[_RowId], [r].[BallotsNeedingReview], [r].[BallotsReceived], [r].[CalledInBallots], [r].[Custom1Ballots], [r].[Custom2Ballots], [r].[Custom3Ballots], [r].[DroppedOffBallots], [r].[ElectionGuid], [r].[ImportedBallots], [r].[InPersonBallots], [r].[MailedInBallots], [r].[NumEligibleToVote], [r].[NumVoters], [r].[OnlineBallots], [r].[ResultType], [r].[SpoiledBallots], [r].[SpoiledManualBallots], [r].[SpoiledVotes], [r].[TotalVotes], [r].[UseOnReports]
FROM [ResultSummaries] AS [r]
WHERE [r].[ElectionGuid] = @electionGuid Microsoft.EntityFrameworkCore.Database.Command
[17:01:49 INF] [] Executed DbCommand (0ms) [Parameters=[@electionGuid='dc9439f4-c25a-410d-add1-e53f2f24a237'], CommandType='Text', CommandTimeout='30']
SELECT COUNT(*)
FROM [People] AS [p]
WHERE [p].[ElectionGuid] = @electionGuid AND [p].[CanVote] = CAST(1 AS bit) Microsoft.EntityFrameworkCore.Database.Command
[17:01:49 INF] [] Executed DbCommand (0ms) [Parameters=[@electionGuid='dc9439f4-c25a-410d-add1-e53f2f24a237'], CommandType='Text', CommandTimeout='30']
SELECT COUNT(*)
FROM [People] AS [p]
WHERE [p].[ElectionGuid] = @electionGuid AND [p].[CanReceiveVotes] = CAST(1 AS bit) Microsoft.EntityFrameworkCore.Database.Command
[17:01:49 INF] [] Executed DbCommand (2ms) [Parameters=[@normalizedEmail='ADMIN@TALLYJ.COM' (Size = 256)], CommandType='Text', CommandTimeout='30']
SELECT TOP(2) [a].[Id], [a].[AccessFailedCount], [a].[AuthMethod], [a].[ConcurrencyStamp], [a].[Email], [a].[EmailConfirmed], [a].[GoogleId], [a].[LockoutEnabled], [a].[LockoutEnd], [a].[NormalizedEmail], [a].[NormalizedUserName], [a].[PasswordHash], [a].[PasswordResetExpiry], [a].[PasswordResetToken], [a].[PhoneNumber], [a].[PhoneNumberConfirmed], [a].[SecurityStamp], [a].[TwoFactorEnabled], [a].[UserName]
FROM [AspNetUsers] AS [a]
WHERE [a].[NormalizedEmail] = @normalizedEmail Microsoft.EntityFrameworkCore.Database.Command
[17:01:49 INF] [] Executing OkObjectResult, writing value of type 'TallyJ4.DTOs.Results.TallyStatisticsDto'. Microsoft.AspNetCore.Mvc.Infrastructure.ObjectResultExecutor
[17:01:49 INF] [] Executed action TallyJ4.Controllers.ResultsController.GetSummary (TallyJ4) in 7.7935ms Microsoft.AspNetCore.Mvc.Infrastructure.ControllerActionInvoker
[17:01:49 INF] [] Executed endpoint 'TallyJ4.Controllers.ResultsController.GetSummary (TallyJ4)' Microsoft.AspNetCore.Routing.EndpointMiddleware
[17:01:49 INF] [] Request finished HTTP/1.1 GET http://localhost/api/results/election/dc9439f4-c25a-410d-add1-e53f2f24a237/summary - 200 null application/json; charset=utf-8 15.1535ms Microsoft.AspNetCore.Hosting.Diagnostics
[17:01:49 INF] [] Executed DbCommand (2ms) [Parameters=[@normalizedEmail='ADMIN@TALLYJ.COM' (Size = 256)], CommandType='Text', CommandTimeout='30']
SELECT TOP(2) [a].[Id], [a].[AccessFailedCount], [a].[AuthMethod], [a].[ConcurrencyStamp], [a].[Email], [a].[EmailConfirmed], [a].[GoogleId], [a].[LockoutEnabled], [a].[LockoutEnd], [a].[NormalizedEmail], [a].[NormalizedUserName], [a].[PasswordHash], [a].[PasswordResetExpiry], [a].[PasswordResetToken], [a].[PhoneNumber], [a].[PhoneNumberConfirmed], [a].[SecurityStamp], [a].[TwoFactorEnabled], [a].[UserName]
FROM [AspNetUsers] AS [a]
WHERE [a].[NormalizedEmail] = @normalizedEmail Microsoft.EntityFrameworkCore.Database.Command
[17:01:49 INF] [] Executed DbCommand (3ms) [Parameters=[@p0='2026-02-01T00:01:49.5258644Z', @p1='2026-03-03T00:01:49.5258637Z', @p2='False', @p3=NULL (Size = 4000), @p4=NULL (Size = 4000), @p5='LfNBACY4i7uD166cJQlLmAw34O3OjMbl2Gx8PBHkDAU=' (Nullable = false) (Size = 200), @p6='42b1eb96-0f4d-470c-ac86-d20959443bd4' (Nullable = false) (Size = 450)], CommandType='Text', CommandTimeout='30']
SET IMPLICIT_TRANSACTIONS OFF;
SET NOCOUNT ON;
INSERT INTO [RefreshToken] ([CreatedAt], [ExpiresAt], [IsRevoked], [ReplacedByToken], [RevokedReason], [Token], [UserId])
OUTPUT INSERTED.[_RowId], INSERTED.[_RowVersion]
VALUES (@p0, @p1, @p2, @p3, @p4, @p5, @p6); Microsoft.EntityFrameworkCore.Database.Command
[17:01:49 INF] [] Executing OkObjectResult, writing value of type 'TallyJ4.Application.DTOs.Auth.AuthResponse'. Microsoft.AspNetCore.Mvc.Infrastructure.ObjectResultExecutor
[17:01:49 INF] [] Executed action TallyJ4.Backend.Controllers.AuthController.Login (TallyJ4) in 72.1025ms Microsoft.AspNetCore.Mvc.Infrastructure.ControllerActionInvoker
[17:01:49 INF] [] Executed endpoint 'TallyJ4.Backend.Controllers.AuthController.Login (TallyJ4)' Microsoft.AspNetCore.Routing.EndpointMiddleware
[TEST] Got auth token: eyJhbGciOiJIUzI1NiIsInR5cCI6IkpXVCJ9.eyJzdWIiOiI0M...
[17:01:49 INF] [] Request finished HTTP/1.1 POST http://localhost/api/auth/login - 200 null application/json; charset=utf-8 72.9817ms Microsoft.AspNetCore.Hosting.Diagnostics
[TEST] SetAuthToken called with token length: 355, starts with 'eyJ': True
[TEST] Client.DefaultRequestHeaders.Authorization set to: Bearer eyJhbGciOiJIUzI1NiIsInR5cCI6IkpXVCJ9.eyJzdWIiOiI0MmIxZWI5Ni0wZjRkLTQ3MGMtYWM4Ni1kMjA5NTk0NDNiZDQiLCJlbWFpbCI6ImFkbWluQHRhbGx5ai5jb20iLCJhdXRoTWV0aG9kIjoiTG9jYWwiLCJqdGkiOiIxODNjOTdiMy03ZGM4LTQzNjMtYTE0Ny1mNTRhNTRiZmQzMTYiLCJleHAiOjE3Njk5MDc3MDksImlzcyI6IlRhbGx5SjRUZXN0QVBJIiwiYXVkIjoiVGFsbHlKNFRlc3RDbGllbnQifQ.uMkUPm0IToEja7j3RczCg3UpUSd96MzVgph7ameb5PU
[TEST] POST /api/elections with auth header: Bearer eyJhbGciOiJIUzI1NiIsInR5cCI6Ik...
[17:01:49 INF] [] Request starting HTTP/1.1 POST http://localhost/api/elections - application/json; charset=utf-8 235 Microsoft.AspNetCore.Hosting.Diagnostics
[17:01:49 INF] [] JWT Message received - Header: True, HasBearer: True, TokenLength: 355, ActualHeader: 'Bearer eyJhbGciOiJIUzI1NiIsInR5cCI6IkpXVCJ9.eyJzdWIiOiI0MmIxZWI5Ni0wZjRkLTQ3MGMtYWM4Ni1kMjA5NTk0NDNi...' 
[17:01:49 INF] [] JWT Token validated successfully for user: 42b1eb96-0f4d-470c-ac86-d20959443bd4 
[17:01:49 INF] [] Executing endpoint 'TallyJ4.Backend.Controllers.ElectionsController.CreateElection (TallyJ4)' Microsoft.AspNetCore.Routing.EndpointMiddleware
[17:01:49 INF] [] Route matched with {action = "CreateElection", controller = "Elections"}. Executing controller action with signature System.Threading.Tasks.Task`1[Microsoft.AspNetCore.Mvc.ActionResult`1[TallyJ4.Models.ApiResponse`1[TallyJ4.DTOs.Elections.ElectionDto]]] CreateElection(TallyJ4.DTOs.Elections.CreateElectionDto) on controller TallyJ4.Backend.Controllers.ElectionsController (TallyJ4). Microsoft.AspNetCore.Mvc.Infrastructure.ControllerActionInvoker
[17:01:49 INF] [] Executed DbCommand (4ms) [Parameters=[@p0=NULL (Size = 1) (DbType = AnsiString), @p1=NULL (Size = 1) (DbType = AnsiString), @p2=NULL (Size = 150), @p3=NULL (Size = 50), @p4='2026-03-03T00:01:49.5310671Z' (Nullable = true), @p5='c383c264-eda4-4962-9843-4557c83d6f17', @p6=NULL (Size = 1) (DbType = AnsiString), @p7=NULL (Size = 50), @p8='STV' (Size = 5) (DbType = AnsiString), @p9=NULL (Size = 250), @p10=NULL (Size = 100), @p11=NULL (Size = 250), @p12=NULL (Size = 4000), @p13=NULL (Size = 4000), @p14=NULL (DbType = Boolean), @p15=NULL (DbType = Int32), @p16=NULL (DbType = Guid), @p17=NULL (Size = 2) (DbType = AnsiString), @p18=NULL (DbType = Boolean), @p19=NULL (DbType = DateTime2), @p20=NULL (DbType = Boolean), @p21='Test Election for Get' (Nullable = false) (Size = 150), @p22=NULL (DbType = Int32), @p23='3' (Nullable = true), @p24=NULL (DbType = DateTime2), @p25='False', @p26=NULL (Size = 1) (DbType = AnsiString), @p27=NULL (DbType = DateTime2), @p28=NULL (DbType = DateTime2), @p29=NULL (Size = 50) (DbType = AnsiString), @p30=NULL (DbType = Boolean), @p31=NULL (DbType = Boolean), @p32=NULL (Size = 500), @p33='Setup' (Size = 15) (DbType = AnsiString), @p34=NULL (DbType = Boolean), @p35=NULL (Size = 10) (DbType = AnsiString)], CommandType='Text', CommandTimeout='30']
SET IMPLICIT_TRANSACTIONS OFF;
SET NOCOUNT ON;
INSERT INTO [Elections] ([CanReceive], [CanVote], [Convenor], [CustomMethods], [DateOfElection], [ElectionGuid], [ElectionMode], [ElectionPasscode], [ElectionType], [EmailFromAddress], [EmailFromName], [EmailSubject], [EmailText], [Flags], [HidePreBallotPages], [LastEnvNum], [LinkedElectionGuid], [LinkedElectionKind], [ListForPublic], [ListedForPublicAsOf], [MaskVotingMethod], [Name], [NumberExtra], [NumberToElect], [OnlineAnnounced], [OnlineCloseIsEstimate], [OnlineSelectionProcess], [OnlineWhenClose], [OnlineWhenOpen], [OwnerLoginId], [ShowAsTest], [ShowFullReport], [SmsText], [TallyStatus], [UseCallInButton], [VotingMethods])
OUTPUT INSERTED.[_RowId], INSERTED.[_RowVersion]
VALUES (@p0, @p1, @p2, @p3, @p4, @p5, @p6, @p7, @p8, @p9, @p10, @p11, @p12, @p13, @p14, @p15, @p16, @p17, @p18, @p19, @p20, @p21, @p22, @p23, @p24, @p25, @p26, @p27, @p28, @p29, @p30, @p31, @p32, @p33, @p34, @p35); Microsoft.EntityFrameworkCore.Database.Command
[17:01:49 INF] [] Request starting HTTP/1.1 POST http://localhost/api/auth/login - application/json; charset=utf-8 51 Microsoft.AspNetCore.Hosting.Diagnostics
[17:01:49 INF] [] JWT Message received - Header: False, HasBearer: False, TokenLength: 0, ActualHeader: '' 
[17:01:49 INF] [] Executing endpoint 'TallyJ4.Backend.Controllers.AuthController.Login (TallyJ4)' Microsoft.AspNetCore.Routing.EndpointMiddleware
[17:01:49 INF] [] Route matched with {action = "Login", controller = "Auth"}. Executing controller action with signature System.Threading.Tasks.Task`1[Microsoft.AspNetCore.Mvc.IActionResult] Login(TallyJ4.Application.DTOs.Auth.LoginRequest) on controller TallyJ4.Backend.Controllers.AuthController (TallyJ4). Microsoft.AspNetCore.Mvc.Infrastructure.ControllerActionInvoker
[17:01:49 INF] [] Executed DbCommand (3ms) [Parameters=[@p0='c383c264-eda4-4962-9843-4557c83d6f17', @p1=NULL (Size = 150), @p2=NULL (DbType = DateTime2), @p3='Admin' (Size = 10) (DbType = AnsiString), @p4='42b1eb96-0f4d-470c-ac86-d20959443bd4'], CommandType='Text', CommandTimeout='30']
SET IMPLICIT_TRANSACTIONS OFF;
SET NOCOUNT ON;
INSERT INTO [JoinElectionUsers] ([ElectionGuid], [InviteEmail], [InviteWhen], [Role], [UserId])
OUTPUT INSERTED.[_RowId]
VALUES (@p0, @p1, @p2, @p3, @p4); Microsoft.EntityFrameworkCore.Database.Command
[17:01:49 INF] [] Created election c383c264-eda4-4962-9843-4557c83d6f17 - Test Election for Get TallyJ4.Services.ElectionService
[17:01:49 INF] [] Executed DbCommand (3ms) [Parameters=[@normalizedEmail='ADMIN@TALLYJ.COM' (Size = 256)], CommandType='Text', CommandTimeout='30']
SELECT TOP(2) [a].[Id], [a].[AccessFailedCount], [a].[AuthMethod], [a].[ConcurrencyStamp], [a].[Email], [a].[EmailConfirmed], [a].[GoogleId], [a].[LockoutEnabled], [a].[LockoutEnd], [a].[NormalizedEmail], [a].[NormalizedUserName], [a].[PasswordHash], [a].[PasswordResetExpiry], [a].[PasswordResetToken], [a].[PhoneNumber], [a].[PhoneNumberConfirmed], [a].[SecurityStamp], [a].[TwoFactorEnabled], [a].[UserName]
FROM [AspNetUsers] AS [a]
WHERE [a].[NormalizedEmail] = @normalizedEmail Microsoft.EntityFrameworkCore.Database.Command
[17:01:49 INF] [] Executed DbCommand (15ms) [Parameters=[@electionGuid='c383c264-eda4-4962-9843-4557c83d6f17'], CommandType='Text', CommandTimeout='30']
SELECT [e0].[_RowId], [e0].[CanReceive], [e0].[CanVote], [e0].[Convenor], [e0].[CustomMethods], [e0].[DateOfElection], [e0].[ElectionGuid], [e0].[ElectionMode], [e0].[ElectionPasscode], [e0].[ElectionType], [e0].[EmailFromAddress], [e0].[EmailFromName], [e0].[EmailSubject], [e0].[EmailText], [e0].[Flags], [e0].[HidePreBallotPages], [e0].[LastEnvNum], [e0].[LinkedElectionGuid], [e0].[LinkedElectionKind], [e0].[ListForPublic], [e0].[ListedForPublicAsOf], [e0].[MaskVotingMethod], [e0].[Name], [e0].[NumberExtra], [e0].[NumberToElect], [e0].[OnlineAnnounced], [e0].[OnlineCloseIsEstimate], [e0].[OnlineSelectionProcess], [e0].[OnlineWhenClose], [e0].[OnlineWhenOpen], [e0].[OwnerLoginId], [e0].[_RowVersion], [e0].[ShowAsTest], [e0].[ShowFullReport], [e0].[SmsText], [e0].[TallyStatus], [e0].[UseCallInButton], [e0].[VotingMethods], [p].[_RowId], [p].[AgeGroup], [p].[Area], [p].[BahaiId], [p].[CanReceiveVotes], [p].[CanVote], [p].[CombinedInfo], [p].[CombinedInfoAtStart], [p].[CombinedSoundCodes], [p].[ElectionGuid], [p].[Email], [p].[EnvNum], [p].[FirstName], [p].[Flags], [p].[_FullName], [p].[_FullNameFL], [p].[HasOnlineBallot], [p].[IneligibleReasonGuid], [p].[KioskCode], [p].[LastName], [p].[OtherInfo], [p].[OtherLastNames], [p].[OtherNames], [p].[PersonGuid], [p].[Phone], [p].[RegistrationTime], [p].[_RowVersion], [p].[_RowVersionInt], [p].[Teller1], [p].[Teller2], [p].[UnitName], [p].[VotingLocationGuid], [p].[VotingMethod], [s].[_RowId], [s].[BallotsCollected], [s].[ContactInfo], [s].[ElectionGuid], [s].[Lat], [s].[LocationGuid], [s].[Long], [s].[Name], [s].[SortOrder], [s].[TallyStatus], [s].[_RowId0], [s].[_BallotCode], [s].[BallotGuid], [s].[BallotNumAtComputer], [s].[ComputerCode], [s].[LocationGuid0], [s].[_RowVersion], [s].[StatusCode], [s].[Teller1], [s].[Teller2]
FROM (
    SELECT TOP(1) [e].[_RowId], [e].[CanReceive], [e].[CanVote], [e].[Convenor], [e].[CustomMethods], [e].[DateOfElection], [e].[ElectionGuid], [e].[ElectionMode], [e].[ElectionPasscode], [e].[ElectionType], [e].[EmailFromAddress], [e].[EmailFromName], [e].[EmailSubject], [e].[EmailText], [e].[Flags], [e].[HidePreBallotPages], [e].[LastEnvNum], [e].[LinkedElectionGuid], [e].[LinkedElectionKind], [e].[ListForPublic], [e].[ListedForPublicAsOf], [e].[MaskVotingMethod], [e].[Name], [e].[NumberExtra], [e].[NumberToElect], [e].[OnlineAnnounced], [e].[OnlineCloseIsEstimate], [e].[OnlineSelectionProcess], [e].[OnlineWhenClose], [e].[OnlineWhenOpen], [e].[OwnerLoginId], [e].[_RowVersion], [e].[ShowAsTest], [e].[ShowFullReport], [e].[SmsText], [e].[TallyStatus], [e].[UseCallInButton], [e].[VotingMethods]
    FROM [Elections] AS [e]
    WHERE [e].[ElectionGuid] = @electionGuid
) AS [e0]
LEFT JOIN [People] AS [p] ON [e0].[ElectionGuid] = [p].[ElectionGuid]
LEFT JOIN (
    SELECT [l].[_RowId], [l].[BallotsCollected], [l].[ContactInfo], [l].[ElectionGuid], [l].[Lat], [l].[LocationGuid], [l].[Long], [l].[Name], [l].[SortOrder], [l].[TallyStatus], [b].[_RowId] AS [_RowId0], [b].[_BallotCode], [b].[BallotGuid], [b].[BallotNumAtComputer], [b].[ComputerCode], [b].[LocationGuid] AS [LocationGuid0], [b].[_RowVersion], [b].[StatusCode], [b].[Teller1], [b].[Teller2]
    FROM [Locations] AS [l]
    LEFT JOIN [Ballots] AS [b] ON [l].[LocationGuid] = [b].[LocationGuid]
) AS [s] ON [e0].[ElectionGuid] = [s].[ElectionGuid]
ORDER BY [e0].[_RowId], [p].[_RowId], [s].[_RowId] Microsoft.EntityFrameworkCore.Database.Command
[17:01:49 INF] [] Executing CreatedAtActionResult, writing value of type 'TallyJ4.Models.ApiResponse`1[[TallyJ4.DTOs.Elections.ElectionDto, TallyJ4, Version=1.0.0.0, Culture=neutral, PublicKeyToken=null]]'. Microsoft.AspNetCore.Mvc.Infrastructure.ObjectResultExecutor
[17:01:49 INF] [] Executed action TallyJ4.Backend.Controllers.ElectionsController.CreateElection (TallyJ4) in 27.6756ms Microsoft.AspNetCore.Mvc.Infrastructure.ControllerActionInvoker
[17:01:49 INF] [] Executed endpoint 'TallyJ4.Backend.Controllers.ElectionsController.CreateElection (TallyJ4)' Microsoft.AspNetCore.Routing.EndpointMiddleware
[17:01:49 INF] [] Request finished HTTP/1.1 POST http://localhost/api/elections - 201 null application/json; charset=utf-8 28.7602ms Microsoft.AspNetCore.Hosting.Diagnostics
[17:01:49 INF] [] Request starting HTTP/1.1 GET http://localhost/api/elections/c383c264-eda4-4962-9843-4557c83d6f17 - null null Microsoft.AspNetCore.Hosting.Diagnostics
[17:01:49 INF] [] JWT Message received - Header: True, HasBearer: True, TokenLength: 355, ActualHeader: 'Bearer eyJhbGciOiJIUzI1NiIsInR5cCI6IkpXVCJ9.eyJzdWIiOiI0MmIxZWI5Ni0wZjRkLTQ3MGMtYWM4Ni1kMjA5NTk0NDNi...' 
[17:01:49 INF] [] JWT Token validated successfully for user: 42b1eb96-0f4d-470c-ac86-d20959443bd4 
[17:01:49 WRN] [] ***** ElectionAccessHandler.HandleRequirementAsync called ***** TallyJ4.Authorization.ElectionAccessHandler
[17:01:49 INF] [] ElectionAccess: Checking access for user 42b1eb96-0f4d-470c-ac86-d20959443bd4 TallyJ4.Authorization.ElectionAccessHandler
[17:01:49 WRN] [] ***** Resource type: DefaultHttpContext, RouteData available: True TallyJ4.Authorization.ElectionAccessHandler
[17:01:49 INF] [] ElectionAccess: Checking access to election c383c264-eda4-4962-9843-4557c83d6f17 for user 42b1eb96-0f4d-470c-ac86-d20959443bd4 TallyJ4.Authorization.ElectionAccessHandler
[17:01:49 INF] [] Executed DbCommand (2ms) [Parameters=[@electionGuid='c383c264-eda4-4962-9843-4557c83d6f17'], CommandType='Text', CommandTimeout='30']
SELECT CASE
    WHEN EXISTS (
        SELECT 1
        FROM [Elections] AS [e]
        WHERE [e].[ElectionGuid] = @electionGuid) THEN CAST(1 AS bit)
    ELSE CAST(0 AS bit)
END Microsoft.EntityFrameworkCore.Database.Command
[17:01:49 INF] [] Executed DbCommand (2ms) [Parameters=[@electionGuid='c383c264-eda4-4962-9843-4557c83d6f17', @userId='42b1eb96-0f4d-470c-ac86-d20959443bd4'], CommandType='Text', CommandTimeout='30']
SELECT CASE
    WHEN EXISTS (
        SELECT 1
        FROM [JoinElectionUsers] AS [j]
        WHERE [j].[ElectionGuid] = @electionGuid AND [j].[UserId] = @userId) THEN CAST(1 AS bit)
    ELSE CAST(0 AS bit)
END Microsoft.EntityFrameworkCore.Database.Command
[17:01:49 INF] [] ElectionAccess: User 42b1eb96-0f4d-470c-ac86-d20959443bd4 access to election c383c264-eda4-4962-9843-4557c83d6f17: True TallyJ4.Authorization.ElectionAccessHandler
[17:01:49 INF] [] Executing endpoint 'TallyJ4.Backend.Controllers.ElectionsController.GetElection (TallyJ4)' Microsoft.AspNetCore.Routing.EndpointMiddleware
[17:01:49 INF] [] Route matched with {action = "GetElection", controller = "Elections"}. Executing controller action with signature System.Threading.Tasks.Task`1[Microsoft.AspNetCore.Mvc.ActionResult`1[TallyJ4.Models.ApiResponse`1[TallyJ4.DTOs.Elections.ElectionDto]]] GetElection(System.Guid) on controller TallyJ4.Backend.Controllers.ElectionsController (TallyJ4). Microsoft.AspNetCore.Mvc.Infrastructure.ControllerActionInvoker
[17:01:49 INF] [] Executed DbCommand (1ms) [Parameters=[@electionGuid='c383c264-eda4-4962-9843-4557c83d6f17'], CommandType='Text', CommandTimeout='30']
SELECT [e0].[_RowId], [e0].[CanReceive], [e0].[CanVote], [e0].[Convenor], [e0].[CustomMethods], [e0].[DateOfElection], [e0].[ElectionGuid], [e0].[ElectionMode], [e0].[ElectionPasscode], [e0].[ElectionType], [e0].[EmailFromAddress], [e0].[EmailFromName], [e0].[EmailSubject], [e0].[EmailText], [e0].[Flags], [e0].[HidePreBallotPages], [e0].[LastEnvNum], [e0].[LinkedElectionGuid], [e0].[LinkedElectionKind], [e0].[ListForPublic], [e0].[ListedForPublicAsOf], [e0].[MaskVotingMethod], [e0].[Name], [e0].[NumberExtra], [e0].[NumberToElect], [e0].[OnlineAnnounced], [e0].[OnlineCloseIsEstimate], [e0].[OnlineSelectionProcess], [e0].[OnlineWhenClose], [e0].[OnlineWhenOpen], [e0].[OwnerLoginId], [e0].[_RowVersion], [e0].[ShowAsTest], [e0].[ShowFullReport], [e0].[SmsText], [e0].[TallyStatus], [e0].[UseCallInButton], [e0].[VotingMethods], [p].[_RowId], [p].[AgeGroup], [p].[Area], [p].[BahaiId], [p].[CanReceiveVotes], [p].[CanVote], [p].[CombinedInfo], [p].[CombinedInfoAtStart], [p].[CombinedSoundCodes], [p].[ElectionGuid], [p].[Email], [p].[EnvNum], [p].[FirstName], [p].[Flags], [p].[_FullName], [p].[_FullNameFL], [p].[HasOnlineBallot], [p].[IneligibleReasonGuid], [p].[KioskCode], [p].[LastName], [p].[OtherInfo], [p].[OtherLastNames], [p].[OtherNames], [p].[PersonGuid], [p].[Phone], [p].[RegistrationTime], [p].[_RowVersion], [p].[_RowVersionInt], [p].[Teller1], [p].[Teller2], [p].[UnitName], [p].[VotingLocationGuid], [p].[VotingMethod], [s].[_RowId], [s].[BallotsCollected], [s].[ContactInfo], [s].[ElectionGuid], [s].[Lat], [s].[LocationGuid], [s].[Long], [s].[Name], [s].[SortOrder], [s].[TallyStatus], [s].[_RowId0], [s].[_BallotCode], [s].[BallotGuid], [s].[BallotNumAtComputer], [s].[ComputerCode], [s].[LocationGuid0], [s].[_RowVersion], [s].[StatusCode], [s].[Teller1], [s].[Teller2]
FROM (
    SELECT TOP(1) [e].[_RowId], [e].[CanReceive], [e].[CanVote], [e].[Convenor], [e].[CustomMethods], [e].[DateOfElection], [e].[ElectionGuid], [e].[ElectionMode], [e].[ElectionPasscode], [e].[ElectionType], [e].[EmailFromAddress], [e].[EmailFromName], [e].[EmailSubject], [e].[EmailText], [e].[Flags], [e].[HidePreBallotPages], [e].[LastEnvNum], [e].[LinkedElectionGuid], [e].[LinkedElectionKind], [e].[ListForPublic], [e].[ListedForPublicAsOf], [e].[MaskVotingMethod], [e].[Name], [e].[NumberExtra], [e].[NumberToElect], [e].[OnlineAnnounced], [e].[OnlineCloseIsEstimate], [e].[OnlineSelectionProcess], [e].[OnlineWhenClose], [e].[OnlineWhenOpen], [e].[OwnerLoginId], [e].[_RowVersion], [e].[ShowAsTest], [e].[ShowFullReport], [e].[SmsText], [e].[TallyStatus], [e].[UseCallInButton], [e].[VotingMethods]
    FROM [Elections] AS [e]
    WHERE [e].[ElectionGuid] = @electionGuid
) AS [e0]
LEFT JOIN [People] AS [p] ON [e0].[ElectionGuid] = [p].[ElectionGuid]
LEFT JOIN (
    SELECT [l].[_RowId], [l].[BallotsCollected], [l].[ContactInfo], [l].[ElectionGuid], [l].[Lat], [l].[LocationGuid], [l].[Long], [l].[Name], [l].[SortOrder], [l].[TallyStatus], [b].[_RowId] AS [_RowId0], [b].[_BallotCode], [b].[BallotGuid], [b].[BallotNumAtComputer], [b].[ComputerCode], [b].[LocationGuid] AS [LocationGuid0], [b].[_RowVersion], [b].[StatusCode], [b].[Teller1], [b].[Teller2]
    FROM [Locations] AS [l]
    LEFT JOIN [Ballots] AS [b] ON [l].[LocationGuid] = [b].[LocationGuid]
) AS [s] ON [e0].[ElectionGuid] = [s].[ElectionGuid]
ORDER BY [e0].[_RowId], [p].[_RowId], [s].[_RowId] Microsoft.EntityFrameworkCore.Database.Command
[17:01:49 INF] [] Executing OkObjectResult, writing value of type 'TallyJ4.Models.ApiResponse`1[[TallyJ4.DTOs.Elections.ElectionDto, TallyJ4, Version=1.0.0.0, Culture=neutral, PublicKeyToken=null]]'. Microsoft.AspNetCore.Mvc.Infrastructure.ObjectResultExecutor
[17:01:49 INF] [] Executed action TallyJ4.Backend.Controllers.ElectionsController.GetElection (TallyJ4) in 2.7809ms Microsoft.AspNetCore.Mvc.Infrastructure.ControllerActionInvoker
[17:01:49 INF] [] Executed endpoint 'TallyJ4.Backend.Controllers.ElectionsController.GetElection (TallyJ4)' Microsoft.AspNetCore.Routing.EndpointMiddleware
[17:01:49 INF] [] Request finished HTTP/1.1 GET http://localhost/api/elections/c383c264-eda4-4962-9843-4557c83d6f17 - 200 null application/json; charset=utf-8 10.535ms Microsoft.AspNetCore.Hosting.Diagnostics
[17:01:49 INF] [] Executed DbCommand (2ms) [Parameters=[@normalizedEmail='ADMIN@TALLYJ.COM' (Size = 256)], CommandType='Text', CommandTimeout='30']
SELECT TOP(2) [a].[Id], [a].[AccessFailedCount], [a].[AuthMethod], [a].[ConcurrencyStamp], [a].[Email], [a].[EmailConfirmed], [a].[GoogleId], [a].[LockoutEnabled], [a].[LockoutEnd], [a].[NormalizedEmail], [a].[NormalizedUserName], [a].[PasswordHash], [a].[PasswordResetExpiry], [a].[PasswordResetToken], [a].[PhoneNumber], [a].[PhoneNumberConfirmed], [a].[SecurityStamp], [a].[TwoFactorEnabled], [a].[UserName]
FROM [AspNetUsers] AS [a]
WHERE [a].[NormalizedEmail] = @normalizedEmail Microsoft.EntityFrameworkCore.Database.Command
[17:01:49 INF] [] Executed DbCommand (3ms) [Parameters=[@p0='2026-02-01T00:01:49.6309872Z', @p1='2026-03-03T00:01:49.6309865Z', @p2='False', @p3=NULL (Size = 4000), @p4=NULL (Size = 4000), @p5='uvtPFpSPB5xy2BPuu5WdFjGb8IXKzZayLi1moKE5HEw=' (Nullable = false) (Size = 200), @p6='8db6f7f8-61a4-48ea-938e-4117e78f2950' (Nullable = false) (Size = 450)], CommandType='Text', CommandTimeout='30']
SET IMPLICIT_TRANSACTIONS OFF;
SET NOCOUNT ON;
INSERT INTO [RefreshToken] ([CreatedAt], [ExpiresAt], [IsRevoked], [ReplacedByToken], [RevokedReason], [Token], [UserId])
OUTPUT INSERTED.[_RowId], INSERTED.[_RowVersion]
VALUES (@p0, @p1, @p2, @p3, @p4, @p5, @p6); Microsoft.EntityFrameworkCore.Database.Command
[17:01:49 INF] [] Executing OkObjectResult, writing value of type 'TallyJ4.Application.DTOs.Auth.AuthResponse'. Microsoft.AspNetCore.Mvc.Infrastructure.ObjectResultExecutor
[17:01:49 INF] [] Executed action TallyJ4.Backend.Controllers.AuthController.Login (TallyJ4) in 93.0936ms Microsoft.AspNetCore.Mvc.Infrastructure.ControllerActionInvoker
[17:01:49 INF] [] Executed endpoint 'TallyJ4.Backend.Controllers.AuthController.Login (TallyJ4)' Microsoft.AspNetCore.Routing.EndpointMiddleware
[TEST] Got auth token: eyJhbGciOiJIUzI1NiIsInR5cCI6IkpXVCJ9.eyJzdWIiOiI4Z...
[17:01:49 INF] [] Request finished HTTP/1.1 POST http://localhost/api/auth/login - 200 null application/json; charset=utf-8 93.8766ms Microsoft.AspNetCore.Hosting.Diagnostics
[TEST] SetAuthToken called with token length: 355, starts with 'eyJ': True
[TEST] Client.DefaultRequestHeaders.Authorization set to: Bearer eyJhbGciOiJIUzI1NiIsInR5cCI6IkpXVCJ9.eyJzdWIiOiI4ZGI2ZjdmOC02MWE0LTQ4ZWEtOTM4ZS00MTE3ZTc4ZjI5NTAiLCJlbWFpbCI6ImFkbWluQHRhbGx5ai5jb20iLCJhdXRoTWV0aG9kIjoiTG9jYWwiLCJqdGkiOiIzMzZkYjM4Zi0yZGZlLTRjZjAtYWViZC1jOWVkMzNlYjRmYWUiLCJleHAiOjE3Njk5MDc3MDksImlzcyI6IlRhbGx5SjRUZXN0QVBJIiwiYXVkIjoiVGFsbHlKNFRlc3RDbGllbnQifQ.s6UHMXHDiCgLVsHf6OZgCcbvPhAff7JGfSY_KQwKV_s
[TEST] POST /api/elections with auth header: Bearer eyJhbGciOiJIUzI1NiIsInR5cCI6Ik...
[17:01:49 INF] [] Request starting HTTP/1.1 POST http://localhost/api/elections - application/json; charset=utf-8 239 Microsoft.AspNetCore.Hosting.Diagnostics
[17:01:49 INF] [] JWT Message received - Header: True, HasBearer: True, TokenLength: 355, ActualHeader: 'Bearer eyJhbGciOiJIUzI1NiIsInR5cCI6IkpXVCJ9.eyJzdWIiOiI4ZGI2ZjdmOC02MWE0LTQ4ZWEtOTM4ZS00MTE3ZTc4ZjI5...' 
[17:01:49 INF] [] JWT Token validated successfully for user: 8db6f7f8-61a4-48ea-938e-4117e78f2950 
[17:01:49 INF] [] Executing endpoint 'TallyJ4.Backend.Controllers.ElectionsController.CreateElection (TallyJ4)' Microsoft.AspNetCore.Routing.EndpointMiddleware
[17:01:49 INF] [] Route matched with {action = "CreateElection", controller = "Elections"}. Executing controller action with signature System.Threading.Tasks.Task`1[Microsoft.AspNetCore.Mvc.ActionResult`1[TallyJ4.Models.ApiResponse`1[TallyJ4.DTOs.Elections.ElectionDto]]] CreateElection(TallyJ4.DTOs.Elections.CreateElectionDto) on controller TallyJ4.Backend.Controllers.ElectionsController (TallyJ4). Microsoft.AspNetCore.Mvc.Infrastructure.ControllerActionInvoker
[17:01:49 INF] [] Executed DbCommand (3ms) [Parameters=[@p0=NULL (Size = 1) (DbType = AnsiString), @p1=NULL (Size = 1) (DbType = AnsiString), @p2=NULL (Size = 150), @p3=NULL (Size = 50), @p4='2026-03-03T00:01:49.6364862Z' (Nullable = true), @p5='ff8326b1-4348-466f-b927-1b439e0764e4', @p6=NULL (Size = 1) (DbType = AnsiString), @p7=NULL (Size = 50), @p8='STV' (Size = 5) (DbType = AnsiString), @p9=NULL (Size = 250), @p10=NULL (Size = 100), @p11=NULL (Size = 250), @p12=NULL (Size = 4000), @p13=NULL (Size = 4000), @p14=NULL (DbType = Boolean), @p15=NULL (DbType = Int32), @p16=NULL (DbType = Guid), @p17=NULL (Size = 2) (DbType = AnsiString), @p18=NULL (DbType = Boolean), @p19=NULL (DbType = DateTime2), @p20=NULL (DbType = Boolean), @p21='Test Election for Results' (Nullable = false) (Size = 150), @p22=NULL (DbType = Int32), @p23='3' (Nullable = true), @p24=NULL (DbType = DateTime2), @p25='False', @p26=NULL (Size = 1) (DbType = AnsiString), @p27=NULL (DbType = DateTime2), @p28=NULL (DbType = DateTime2), @p29=NULL (Size = 50) (DbType = AnsiString), @p30=NULL (DbType = Boolean), @p31=NULL (DbType = Boolean), @p32=NULL (Size = 500), @p33='Setup' (Size = 15) (DbType = AnsiString), @p34=NULL (DbType = Boolean), @p35=NULL (Size = 10) (DbType = AnsiString)], CommandType='Text', CommandTimeout='30']
SET IMPLICIT_TRANSACTIONS OFF;
SET NOCOUNT ON;
INSERT INTO [Elections] ([CanReceive], [CanVote], [Convenor], [CustomMethods], [DateOfElection], [ElectionGuid], [ElectionMode], [ElectionPasscode], [ElectionType], [EmailFromAddress], [EmailFromName], [EmailSubject], [EmailText], [Flags], [HidePreBallotPages], [LastEnvNum], [LinkedElectionGuid], [LinkedElectionKind], [ListForPublic], [ListedForPublicAsOf], [MaskVotingMethod], [Name], [NumberExtra], [NumberToElect], [OnlineAnnounced], [OnlineCloseIsEstimate], [OnlineSelectionProcess], [OnlineWhenClose], [OnlineWhenOpen], [OwnerLoginId], [ShowAsTest], [ShowFullReport], [SmsText], [TallyStatus], [UseCallInButton], [VotingMethods])
OUTPUT INSERTED.[_RowId], INSERTED.[_RowVersion]
VALUES (@p0, @p1, @p2, @p3, @p4, @p5, @p6, @p7, @p8, @p9, @p10, @p11, @p12, @p13, @p14, @p15, @p16, @p17, @p18, @p19, @p20, @p21, @p22, @p23, @p24, @p25, @p26, @p27, @p28, @p29, @p30, @p31, @p32, @p33, @p34, @p35); Microsoft.EntityFrameworkCore.Database.Command
[17:01:49 INF] [] Executed DbCommand (2ms) [Parameters=[@p0='ff8326b1-4348-466f-b927-1b439e0764e4', @p1=NULL (Size = 150), @p2=NULL (DbType = DateTime2), @p3='Admin' (Size = 10) (DbType = AnsiString), @p4='8db6f7f8-61a4-48ea-938e-4117e78f2950'], CommandType='Text', CommandTimeout='30']
SET IMPLICIT_TRANSACTIONS OFF;
SET NOCOUNT ON;
INSERT INTO [JoinElectionUsers] ([ElectionGuid], [InviteEmail], [InviteWhen], [Role], [UserId])
OUTPUT INSERTED.[_RowId]
VALUES (@p0, @p1, @p2, @p3, @p4); Microsoft.EntityFrameworkCore.Database.Command
[17:01:49 INF] [] Created election ff8326b1-4348-466f-b927-1b439e0764e4 - Test Election for Results TallyJ4.Services.ElectionService
[17:01:49 INF] [] Request starting HTTP/1.1 POST http://localhost/api/auth/login - application/json; charset=utf-8 51 Microsoft.AspNetCore.Hosting.Diagnostics
[17:01:49 INF] [] JWT Message received - Header: False, HasBearer: False, TokenLength: 0, ActualHeader: '' 
[17:01:49 INF] [] Executing endpoint 'TallyJ4.Backend.Controllers.AuthController.Login (TallyJ4)' Microsoft.AspNetCore.Routing.EndpointMiddleware
[17:01:49 INF] [] Route matched with {action = "Login", controller = "Auth"}. Executing controller action with signature System.Threading.Tasks.Task`1[Microsoft.AspNetCore.Mvc.IActionResult] Login(TallyJ4.Application.DTOs.Auth.LoginRequest) on controller TallyJ4.Backend.Controllers.AuthController (TallyJ4). Microsoft.AspNetCore.Mvc.Infrastructure.ControllerActionInvoker
[17:01:49 INF] [] Executed DbCommand (3ms) [Parameters=[@normalizedEmail='ADMIN@TALLYJ.COM' (Size = 256)], CommandType='Text', CommandTimeout='30']
SELECT TOP(2) [a].[Id], [a].[AccessFailedCount], [a].[AuthMethod], [a].[ConcurrencyStamp], [a].[Email], [a].[EmailConfirmed], [a].[GoogleId], [a].[LockoutEnabled], [a].[LockoutEnd], [a].[NormalizedEmail], [a].[NormalizedUserName], [a].[PasswordHash], [a].[PasswordResetExpiry], [a].[PasswordResetToken], [a].[PhoneNumber], [a].[PhoneNumberConfirmed], [a].[SecurityStamp], [a].[TwoFactorEnabled], [a].[UserName]
FROM [AspNetUsers] AS [a]
WHERE [a].[NormalizedEmail] = @normalizedEmail Microsoft.EntityFrameworkCore.Database.Command
[17:01:49 INF] [] Executed DbCommand (11ms) [Parameters=[@electionGuid='ff8326b1-4348-466f-b927-1b439e0764e4'], CommandType='Text', CommandTimeout='30']
SELECT [e0].[_RowId], [e0].[CanReceive], [e0].[CanVote], [e0].[Convenor], [e0].[CustomMethods], [e0].[DateOfElection], [e0].[ElectionGuid], [e0].[ElectionMode], [e0].[ElectionPasscode], [e0].[ElectionType], [e0].[EmailFromAddress], [e0].[EmailFromName], [e0].[EmailSubject], [e0].[EmailText], [e0].[Flags], [e0].[HidePreBallotPages], [e0].[LastEnvNum], [e0].[LinkedElectionGuid], [e0].[LinkedElectionKind], [e0].[ListForPublic], [e0].[ListedForPublicAsOf], [e0].[MaskVotingMethod], [e0].[Name], [e0].[NumberExtra], [e0].[NumberToElect], [e0].[OnlineAnnounced], [e0].[OnlineCloseIsEstimate], [e0].[OnlineSelectionProcess], [e0].[OnlineWhenClose], [e0].[OnlineWhenOpen], [e0].[OwnerLoginId], [e0].[_RowVersion], [e0].[ShowAsTest], [e0].[ShowFullReport], [e0].[SmsText], [e0].[TallyStatus], [e0].[UseCallInButton], [e0].[VotingMethods], [p].[_RowId], [p].[AgeGroup], [p].[Area], [p].[BahaiId], [p].[CanReceiveVotes], [p].[CanVote], [p].[CombinedInfo], [p].[CombinedInfoAtStart], [p].[CombinedSoundCodes], [p].[ElectionGuid], [p].[Email], [p].[EnvNum], [p].[FirstName], [p].[Flags], [p].[_FullName], [p].[_FullNameFL], [p].[HasOnlineBallot], [p].[IneligibleReasonGuid], [p].[KioskCode], [p].[LastName], [p].[OtherInfo], [p].[OtherLastNames], [p].[OtherNames], [p].[PersonGuid], [p].[Phone], [p].[RegistrationTime], [p].[_RowVersion], [p].[_RowVersionInt], [p].[Teller1], [p].[Teller2], [p].[UnitName], [p].[VotingLocationGuid], [p].[VotingMethod], [s].[_RowId], [s].[BallotsCollected], [s].[ContactInfo], [s].[ElectionGuid], [s].[Lat], [s].[LocationGuid], [s].[Long], [s].[Name], [s].[SortOrder], [s].[TallyStatus], [s].[_RowId0], [s].[_BallotCode], [s].[BallotGuid], [s].[BallotNumAtComputer], [s].[ComputerCode], [s].[LocationGuid0], [s].[_RowVersion], [s].[StatusCode], [s].[Teller1], [s].[Teller2]
FROM (
    SELECT TOP(1) [e].[_RowId], [e].[CanReceive], [e].[CanVote], [e].[Convenor], [e].[CustomMethods], [e].[DateOfElection], [e].[ElectionGuid], [e].[ElectionMode], [e].[ElectionPasscode], [e].[ElectionType], [e].[EmailFromAddress], [e].[EmailFromName], [e].[EmailSubject], [e].[EmailText], [e].[Flags], [e].[HidePreBallotPages], [e].[LastEnvNum], [e].[LinkedElectionGuid], [e].[LinkedElectionKind], [e].[ListForPublic], [e].[ListedForPublicAsOf], [e].[MaskVotingMethod], [e].[Name], [e].[NumberExtra], [e].[NumberToElect], [e].[OnlineAnnounced], [e].[OnlineCloseIsEstimate], [e].[OnlineSelectionProcess], [e].[OnlineWhenClose], [e].[OnlineWhenOpen], [e].[OwnerLoginId], [e].[_RowVersion], [e].[ShowAsTest], [e].[ShowFullReport], [e].[SmsText], [e].[TallyStatus], [e].[UseCallInButton], [e].[VotingMethods]
    FROM [Elections] AS [e]
    WHERE [e].[ElectionGuid] = @electionGuid
) AS [e0]
LEFT JOIN [People] AS [p] ON [e0].[ElectionGuid] = [p].[ElectionGuid]
LEFT JOIN (
    SELECT [l].[_RowId], [l].[BallotsCollected], [l].[ContactInfo], [l].[ElectionGuid], [l].[Lat], [l].[LocationGuid], [l].[Long], [l].[Name], [l].[SortOrder], [l].[TallyStatus], [b].[_RowId] AS [_RowId0], [b].[_BallotCode], [b].[BallotGuid], [b].[BallotNumAtComputer], [b].[ComputerCode], [b].[LocationGuid] AS [LocationGuid0], [b].[_RowVersion], [b].[StatusCode], [b].[Teller1], [b].[Teller2]
    FROM [Locations] AS [l]
    LEFT JOIN [Ballots] AS [b] ON [l].[LocationGuid] = [b].[LocationGuid]
) AS [s] ON [e0].[ElectionGuid] = [s].[ElectionGuid]
ORDER BY [e0].[_RowId], [p].[_RowId], [s].[_RowId] Microsoft.EntityFrameworkCore.Database.Command
[17:01:49 INF] [] Executing CreatedAtActionResult, writing value of type 'TallyJ4.Models.ApiResponse`1[[TallyJ4.DTOs.Elections.ElectionDto, TallyJ4, Version=1.0.0.0, Culture=neutral, PublicKeyToken=null]]'. Microsoft.AspNetCore.Mvc.Infrastructure.ObjectResultExecutor
[17:01:49 INF] [] Executed action TallyJ4.Backend.Controllers.ElectionsController.CreateElection (TallyJ4) in 24.2964ms Microsoft.AspNetCore.Mvc.Infrastructure.ControllerActionInvoker
[17:01:49 INF] [] Executed endpoint 'TallyJ4.Backend.Controllers.ElectionsController.CreateElection (TallyJ4)' Microsoft.AspNetCore.Routing.EndpointMiddleware
[17:01:49 INF] [] Request finished HTTP/1.1 POST http://localhost/api/elections - 201 null application/json; charset=utf-8 26.0671ms Microsoft.AspNetCore.Hosting.Diagnostics
[17:01:49 INF] [] Executed DbCommand (2ms) [Parameters=[@p0=NULL (DbType = Int32), @p1=NULL (Size = 250), @p2='ff8326b1-4348-466f-b927-1b439e0764e4', @p3=NULL (Size = 50) (DbType = AnsiString), @p4='8df07bc4-3181-45e5-9586-0b9649906d5e', @p5=NULL (Size = 50) (DbType = AnsiString), @p6='Test Location' (Nullable = false) (Size = 50), @p7=NULL (DbType = Int32), @p8=NULL (Size = 15) (DbType = AnsiString)], CommandType='Text', CommandTimeout='30']
SET IMPLICIT_TRANSACTIONS OFF;
SET NOCOUNT ON;
INSERT INTO [Locations] ([BallotsCollected], [ContactInfo], [ElectionGuid], [Lat], [LocationGuid], [Long], [Name], [SortOrder], [TallyStatus])
OUTPUT INSERTED.[_RowId]
VALUES (@p0, @p1, @p2, @p3, @p4, @p5, @p6, @p7, @p8); Microsoft.EntityFrameworkCore.Database.Command
[17:01:49 INF] [] Executed DbCommand (23ms) [Parameters=[@p0=NULL (Size = 2) (DbType = AnsiString), @p1=NULL (Size = 50), @p2=NULL (Size = 20) (DbType = AnsiString), @p3='True' (Nullable = true), @p4=NULL (DbType = Boolean), @p5=NULL (Size = 4000), @p6=NULL (Size = 4000), @p7=NULL (Size = 8000) (DbType = AnsiString), @p8='ff8326b1-4348-466f-b927-1b439e0764e4', @p9=NULL (Size = 250), @p10=NULL (DbType = Int32), @p11='Alice' (Size = 50), @p12=NULL (Size = 100) (DbType = AnsiString), @p13=NULL (DbType = Boolean), @p14=NULL (DbType = Guid), @p15=NULL (Size = 10) (DbType = AnsiString), @p16='Anderson' (Nullable = false) (Size = 50), @p17=NULL (Size = 150), @p18=NULL (Size = 100), @p19=NULL (Size = 100), @p20='c55a66e7-936d-4c06-b322-f7c6e7ba88d6', @p21=NULL (Size = 25) (DbType = AnsiString), @p22=NULL (DbType = DateTime2), @p23=NULL (Size = 25), @p24=NULL (Size = 25), @p25=NULL (Size = 100) (DbType = AnsiString), @p26=NULL (DbType = Guid), @p27=NULL (Size = 1) (DbType = AnsiString), @p28=NULL (Size = 2) (DbType = AnsiString), @p29=NULL (Size = 50), @p30=NULL (Size = 20) (DbType = AnsiString), @p31='True' (Nullable = true), @p32=NULL (DbType = Boolean), @p33=NULL (Size = 4000), @p34=NULL (Size = 4000), @p35=NULL (Size = 8000) (DbType = AnsiString), @p36='ff8326b1-4348-466f-b927-1b439e0764e4', @p37=NULL (Size = 250), @p38=NULL (DbType = Int32), @p39='Bob' (Size = 50), @p40=NULL (Size = 100) (DbType = AnsiString), @p41=NULL (DbType = Boolean), @p42=NULL (DbType = Guid), @p43=NULL (Size = 10) (DbType = AnsiString), @p44='Brown' (Nullable = false) (Size = 50), @p45=NULL (Size = 150), @p46=NULL (Size = 100), @p47=NULL (Size = 100), @p48='045deccf-42e2-4bb2-a996-b4f5af263a79', @p49=NULL (Size = 25) (DbType = AnsiString), @p50=NULL (DbType = DateTime2), @p51=NULL (Size = 25), @p52=NULL (Size = 25), @p53=NULL (Size = 100) (DbType = AnsiString), @p54=NULL (DbType = Guid), @p55=NULL (Size = 1) (DbType = AnsiString), @p56=NULL (Size = 2) (DbType = AnsiString), @p57=NULL (Size = 50), @p58=NULL (Size = 20) (DbType = AnsiString), @p59='True' (Nullable = true), @p60=NULL (DbType = Boolean), @p61=NULL (Size = 4000), @p62=NULL (Size = 4000), @p63=NULL (Size = 8000) (DbType = AnsiString), @p64='ff8326b1-4348-466f-b927-1b439e0764e4', @p65=NULL (Size = 250), @p66=NULL (DbType = Int32), @p67='Carol' (Size = 50), @p68=NULL (Size = 100) (DbType = AnsiString), @p69=NULL (DbType = Boolean), @p70=NULL (DbType = Guid), @p71=NULL (Size = 10) (DbType = AnsiString), @p72='Clark' (Nullable = false) (Size = 50), @p73=NULL (Size = 150), @p74=NULL (Size = 100), @p75=NULL (Size = 100), @p76='33c94156-6f7c-4a4d-8409-03dbbed10759', @p77=NULL (Size = 25) (DbType = AnsiString), @p78=NULL (DbType = DateTime2), @p79=NULL (Size = 25), @p80=NULL (Size = 25), @p81=NULL (Size = 100) (DbType = AnsiString), @p82=NULL (DbType = Guid), @p83=NULL (Size = 1) (DbType = AnsiString), @p84=NULL (Size = 2) (DbType = AnsiString), @p85=NULL (Size = 50), @p86=NULL (Size = 20) (DbType = AnsiString), @p87='True' (Nullable = true), @p88=NULL (DbType = Boolean), @p89=NULL (Size = 4000), @p90=NULL (Size = 4000), @p91=NULL (Size = 8000) (DbType = AnsiString), @p92='ff8326b1-4348-466f-b927-1b439e0764e4', @p93=NULL (Size = 250), @p94=NULL (DbType = Int32), @p95='David' (Size = 50), @p96=NULL (Size = 100) (DbType = AnsiString), @p97=NULL (DbType = Boolean), @p98=NULL (DbType = Guid), @p99=NULL (Size = 10) (DbType = AnsiString), @p100='Davis' (Nullable = false) (Size = 50), @p101=NULL (Size = 150), @p102=NULL (Size = 100), @p103=NULL (Size = 100), @p104='0e2bea4a-af0b-4336-8f7a-950c58a81a46', @p105=NULL (Size = 25) (DbType = AnsiString), @p106=NULL (DbType = DateTime2), @p107=NULL (Size = 25), @p108=NULL (Size = 25), @p109=NULL (Size = 100) (DbType = AnsiString), @p110=NULL (DbType = Guid), @p111=NULL (Size = 1) (DbType = AnsiString), @p112=NULL (Size = 2) (DbType = AnsiString), @p113=NULL (Size = 50), @p114=NULL (Size = 20) (DbType = AnsiString), @p115='True' (Nullable = true), @p116=NULL (DbType = Boolean), @p117=NULL (Size = 4000), @p118=NULL (Size = 4000), @p119=NULL (Size = 8000) (DbType = AnsiString), @p120='ff8326b1-4348-466f-b927-1b439e0764e4', @p121=NULL (Size = 250), @p122=NULL (DbType = Int32), @p123='Eve' (Size = 50), @p124=NULL (Size = 100) (DbType = AnsiString), @p125=NULL (DbType = Boolean), @p126=NULL (DbType = Guid), @p127=NULL (Size = 10) (DbType = AnsiString), @p128='Evans' (Nullable = false) (Size = 50), @p129=NULL (Size = 150), @p130=NULL (Size = 100), @p131=NULL (Size = 100), @p132='80e9bf04-34f3-4bd0-bfd3-ee636d49768f', @p133=NULL (Size = 25) (DbType = AnsiString), @p134=NULL (DbType = DateTime2), @p135=NULL (Size = 25), @p136=NULL (Size = 25), @p137=NULL (Size = 100) (DbType = AnsiString), @p138=NULL (DbType = Guid), @p139=NULL (Size = 1) (DbType = AnsiString)], CommandType='Text', CommandTimeout='30']
SET IMPLICIT_TRANSACTIONS OFF;
SET NOCOUNT ON;
MERGE [People] USING (
VALUES (@p0, @p1, @p2, @p3, @p4, @p5, @p6, @p7, @p8, @p9, @p10, @p11, @p12, @p13, @p14, @p15, @p16, @p17, @p18, @p19, @p20, @p21, @p22, @p23, @p24, @p25, @p26, @p27, 0),
(@p28, @p29, @p30, @p31, @p32, @p33, @p34, @p35, @p36, @p37, @p38, @p39, @p40, @p41, @p42, @p43, @p44, @p45, @p46, @p47, @p48, @p49, @p50, @p51, @p52, @p53, @p54, @p55, 1),
(@p56, @p57, @p58, @p59, @p60, @p61, @p62, @p63, @p64, @p65, @p66, @p67, @p68, @p69, @p70, @p71, @p72, @p73, @p74, @p75, @p76, @p77, @p78, @p79, @p80, @p81, @p82, @p83, 2),
(@p84, @p85, @p86, @p87, @p88, @p89, @p90, @p91, @p92, @p93, @p94, @p95, @p96, @p97, @p98, @p99, @p100, @p101, @p102, @p103, @p104, @p105, @p106, @p107, @p108, @p109, @p110, @p111, 3),
(@p112, @p113, @p114, @p115, @p116, @p117, @p118, @p119, @p120, @p121, @p122, @p123, @p124, @p125, @p126, @p127, @p128, @p129, @p130, @p131, @p132, @p133, @p134, @p135, @p136, @p137, @p138, @p139, 4)) AS i ([AgeGroup], [Area], [BahaiId], [CanReceiveVotes], [CanVote], [CombinedInfo], [CombinedInfoAtStart], [CombinedSoundCodes], [ElectionGuid], [Email], [EnvNum], [FirstName], [Flags], [HasOnlineBallot], [IneligibleReasonGuid], [KioskCode], [LastName], [OtherInfo], [OtherLastNames], [OtherNames], [PersonGuid], [Phone], [RegistrationTime], [Teller1], [Teller2], [UnitName], [VotingLocationGuid], [VotingMethod], _Position) ON 1=0
WHEN NOT MATCHED THEN
INSERT ([AgeGroup], [Area], [BahaiId], [CanReceiveVotes], [CanVote], [CombinedInfo], [CombinedInfoAtStart], [CombinedSoundCodes], [ElectionGuid], [Email], [EnvNum], [FirstName], [Flags], [HasOnlineBallot], [IneligibleReasonGuid], [KioskCode], [LastName], [OtherInfo], [OtherLastNames], [OtherNames], [PersonGuid], [Phone], [RegistrationTime], [Teller1], [Teller2], [UnitName], [VotingLocationGuid], [VotingMethod])
VALUES (i.[AgeGroup], i.[Area], i.[BahaiId], i.[CanReceiveVotes], i.[CanVote], i.[CombinedInfo], i.[CombinedInfoAtStart], i.[CombinedSoundCodes], i.[ElectionGuid], i.[Email], i.[EnvNum], i.[FirstName], i.[Flags], i.[HasOnlineBallot], i.[IneligibleReasonGuid], i.[KioskCode], i.[LastName], i.[OtherInfo], i.[OtherLastNames], i.[OtherNames], i.[PersonGuid], i.[Phone], i.[RegistrationTime], i.[Teller1], i.[Teller2], i.[UnitName], i.[VotingLocationGuid], i.[VotingMethod])
OUTPUT INSERTED.[_RowId], INSERTED.[_FullName], INSERTED.[_FullNameFL], INSERTED.[_RowVersion], INSERTED.[_RowVersionInt], i._Position; Microsoft.EntityFrameworkCore.Database.Command
[17:01:49 INF] [] Executed DbCommand (21ms) [Parameters=[@p0='07cb6197-092b-4ce0-9471-4b0643a1547c', @p1='1', @p2='C1' (Nullable = false) (Size = 2) (DbType = AnsiString), @p3='8df07bc4-3181-45e5-9586-0b9649906d5e', @p4='Ok' (Nullable = false) (Size = 10) (DbType = AnsiString), @p5=NULL (Size = 25), @p6=NULL (Size = 25), @p7='8f053f3a-407f-48b7-8527-42fb3cd0f0e2', @p8='2', @p9='C1' (Nullable = false) (Size = 2) (DbType = AnsiString), @p10='8df07bc4-3181-45e5-9586-0b9649906d5e', @p11='Ok' (Nullable = false) (Size = 10) (DbType = AnsiString), @p12=NULL (Size = 25), @p13=NULL (Size = 25), @p14='48b388aa-dfae-4def-9141-5f5665197484', @p15='3', @p16='C1' (Nullable = false) (Size = 2) (DbType = AnsiString), @p17='8df07bc4-3181-45e5-9586-0b9649906d5e', @p18='Ok' (Nullable = false) (Size = 10) (DbType = AnsiString), @p19=NULL (Size = 25), @p20=NULL (Size = 25), @p21='4c7c573a-2a7d-40bb-b921-50f7ea865f57', @p22='4', @p23='C1' (Nullable = false) (Size = 2) (DbType = AnsiString), @p24='8df07bc4-3181-45e5-9586-0b9649906d5e', @p25='Ok' (Nullable = false) (Size = 10) (DbType = AnsiString), @p26=NULL (Size = 25), @p27=NULL (Size = 25), @p28='5acdc482-f1bf-45f5-8bd7-cc14f0bd1fa8', @p29='5', @p30='C1' (Nullable = false) (Size = 2) (DbType = AnsiString), @p31='8df07bc4-3181-45e5-9586-0b9649906d5e', @p32='Ok' (Nullable = false) (Size = 10) (DbType = AnsiString), @p33=NULL (Size = 25), @p34=NULL (Size = 25), @p35='1fa032ad-a1ea-40e3-8daf-80ec8fe74c8c', @p36='6', @p37='C1' (Nullable = false) (Size = 2) (DbType = AnsiString), @p38='8df07bc4-3181-45e5-9586-0b9649906d5e', @p39='Ok' (Nullable = false) (Size = 10) (DbType = AnsiString), @p40=NULL (Size = 25), @p41=NULL (Size = 25), @p42='de1fdf06-e764-4370-b0bf-b1ae8af31ff1', @p43='7', @p44='C1' (Nullable = false) (Size = 2) (DbType = AnsiString), @p45='8df07bc4-3181-45e5-9586-0b9649906d5e', @p46='Ok' (Nullable = false) (Size = 10) (DbType = AnsiString), @p47=NULL (Size = 25), @p48=NULL (Size = 25), @p49='38899885-b201-4287-8b8a-bd563787de0d', @p50='8', @p51='C1' (Nullable = false) (Size = 2) (DbType = AnsiString), @p52='8df07bc4-3181-45e5-9586-0b9649906d5e', @p53='Ok' (Nullable = false) (Size = 10) (DbType = AnsiString), @p54=NULL (Size = 25), @p55=NULL (Size = 25), @p56='6962b335-0cc8-4e4f-885c-37c1da0e8f9a', @p57='9', @p58='C1' (Nullable = false) (Size = 2) (DbType = AnsiString), @p59='8df07bc4-3181-45e5-9586-0b9649906d5e', @p60='Ok' (Nullable = false) (Size = 10) (DbType = AnsiString), @p61=NULL (Size = 25), @p62=NULL (Size = 25), @p63='ee69d6ad-5fb0-4d2e-8a55-90a3fbea74d3', @p64='10', @p65='C1' (Nullable = false) (Size = 2) (DbType = AnsiString), @p66='8df07bc4-3181-45e5-9586-0b9649906d5e', @p67='Ok' (Nullable = false) (Size = 10) (DbType = AnsiString), @p68=NULL (Size = 25), @p69=NULL (Size = 25), @p70='07cb6197-092b-4ce0-9471-4b0643a1547c', @p71=NULL (DbType = Guid), @p72=NULL (Size = 4000), @p73=NULL (Size = 4000), @p74='c55a66e7-936d-4c06-b322-f7c6e7ba88d6' (Nullable = true), @p75='1', @p76=NULL (DbType = Int32), @p77='Ok' (Nullable = false) (Size = 10) (DbType = AnsiString), @p78='07cb6197-092b-4ce0-9471-4b0643a1547c', @p79=NULL (DbType = Guid), @p80=NULL (Size = 4000), @p81=NULL (Size = 4000), @p82='045deccf-42e2-4bb2-a996-b4f5af263a79' (Nullable = true), @p83='2', @p84=NULL (DbType = Int32), @p85='Ok' (Nullable = false) (Size = 10) (DbType = AnsiString), @p86='07cb6197-092b-4ce0-9471-4b0643a1547c', @p87=NULL (DbType = Guid), @p88=NULL (Size = 4000), @p89=NULL (Size = 4000), @p90='33c94156-6f7c-4a4d-8409-03dbbed10759' (Nullable = true), @p91='3', @p92=NULL (DbType = Int32), @p93='Ok' (Nullable = false) (Size = 10) (DbType = AnsiString), @p94='8f053f3a-407f-48b7-8527-42fb3cd0f0e2', @p95=NULL (DbType = Guid), @p96=NULL (Size = 4000), @p97=NULL (Size = 4000), @p98='c55a66e7-936d-4c06-b322-f7c6e7ba88d6' (Nullable = true), @p99='1', @p100=NULL (DbType = Int32), @p101='Ok' (Nullable = false) (Size = 10) (DbType = AnsiString), @p102='8f053f3a-407f-48b7-8527-42fb3cd0f0e2', @p103=NULL (DbType = Guid), @p104=NULL (Size = 4000), @p105=NULL (Size = 4000), @p106='045deccf-42e2-4bb2-a996-b4f5af263a79' (Nullable = true), @p107='2', @p108=NULL (DbType = Int32), @p109='Ok' (Nullable = false) (Size = 10) (DbType = AnsiString), @p110='8f053f3a-407f-48b7-8527-42fb3cd0f0e2', @p111=NULL (DbType = Guid), @p112=NULL (Size = 4000), @p113=NULL (Size = 4000), @p114='33c94156-6f7c-4a4d-8409-03dbbed10759' (Nullable = true), @p115='3', @p116=NULL (DbType = Int32), @p117='Ok' (Nullable = false) (Size = 10) (DbType = AnsiString), @p118='48b388aa-dfae-4def-9141-5f5665197484', @p119=NULL (DbType = Guid), @p120=NULL (Size = 4000), @p121=NULL (Size = 4000), @p122='c55a66e7-936d-4c06-b322-f7c6e7ba88d6' (Nullable = true), @p123='1', @p124=NULL (DbType = Int32), @p125='Ok' (Nullable = false) (Size = 10) (DbType = AnsiString), @p126='48b388aa-dfae-4def-9141-5f5665197484', @p127=NULL (DbType = Guid), @p128=NULL (Size = 4000), @p129=NULL (Size = 4000), @p130='045deccf-42e2-4bb2-a996-b4f5af263a79' (Nullable = true), @p131='2', @p132=NULL (DbType = Int32), @p133='Ok' (Nullable = false) (Size = 10) (DbType = AnsiString), @p134='48b388aa-dfae-4def-9141-5f5665197484', @p135=NULL (DbType = Guid), @p136=NULL (Size = 4000), @p137=NULL (Size = 4000), @p138='33c94156-6f7c-4a4d-8409-03dbbed10759' (Nullable = true), @p139='3', @p140=NULL (DbType = Int32), @p141='Ok' (Nullable = false) (Size = 10) (DbType = AnsiString), @p142='4c7c573a-2a7d-40bb-b921-50f7ea865f57', @p143=NULL (DbType = Guid), @p144=NULL (Size = 4000), @p145=NULL (Size = 4000), @p146='c55a66e7-936d-4c06-b322-f7c6e7ba88d6' (Nullable = true), @p147='1', @p148=NULL (DbType = Int32), @p149='Ok' (Nullable = false) (Size = 10) (DbType = AnsiString), @p150='4c7c573a-2a7d-40bb-b921-50f7ea865f57', @p151=NULL (DbType = Guid), @p152=NULL (Size = 4000), @p153=NULL (Size = 4000), @p154='045deccf-42e2-4bb2-a996-b4f5af263a79' (Nullable = true), @p155='2', @p156=NULL (DbType = Int32), @p157='Ok' (Nullable = false) (Size = 10) (DbType = AnsiString), @p158='4c7c573a-2a7d-40bb-b921-50f7ea865f57', @p159=NULL (DbType = Guid), @p160=NULL (Size = 4000), @p161=NULL (Size = 4000), @p162='33c94156-6f7c-4a4d-8409-03dbbed10759' (Nullable = true), @p163='3', @p164=NULL (DbType = Int32), @p165='Ok' (Nullable = false) (Size = 10) (DbType = AnsiString), @p166='5acdc482-f1bf-45f5-8bd7-cc14f0bd1fa8', @p167=NULL (DbType = Guid), @p168=NULL (Size = 4000), @p169=NULL (Size = 4000), @p170='c55a66e7-936d-4c06-b322-f7c6e7ba88d6' (Nullable = true), @p171='1', @p172=NULL (DbType = Int32), @p173='Ok' (Nullable = false) (Size = 10) (DbType = AnsiString), @p174='5acdc482-f1bf-45f5-8bd7-cc14f0bd1fa8', @p175=NULL (DbType = Guid), @p176=NULL (Size = 4000), @p177=NULL (Size = 4000), @p178='045deccf-42e2-4bb2-a996-b4f5af263a79' (Nullable = true), @p179='2', @p180=NULL (DbType = Int32), @p181='Ok' (Nullable = false) (Size = 10) (DbType = AnsiString), @p182='5acdc482-f1bf-45f5-8bd7-cc14f0bd1fa8', @p183=NULL (DbType = Guid), @p184=NULL (Size = 4000), @p185=NULL (Size = 4000), @p186='33c94156-6f7c-4a4d-8409-03dbbed10759' (Nullable = true), @p187='3', @p188=NULL (DbType = Int32), @p189='Ok' (Nullable = false) (Size = 10) (DbType = AnsiString), @p190='1fa032ad-a1ea-40e3-8daf-80ec8fe74c8c', @p191=NULL (DbType = Guid), @p192=NULL (Size = 4000), @p193=NULL (Size = 4000), @p194='c55a66e7-936d-4c06-b322-f7c6e7ba88d6' (Nullable = true), @p195='1', @p196=NULL (DbType = Int32), @p197='Ok' (Nullable = false) (Size = 10) (DbType = AnsiString), @p198='1fa032ad-a1ea-40e3-8daf-80ec8fe74c8c', @p199=NULL (DbType = Guid), @p200=NULL (Size = 4000), @p201=NULL (Size = 4000), @p202='045deccf-42e2-4bb2-a996-b4f5af263a79' (Nullable = true), @p203='2', @p204=NULL (DbType = Int32), @p205='Ok' (Nullable = false) (Size = 10) (DbType = AnsiString), @p206='1fa032ad-a1ea-40e3-8daf-80ec8fe74c8c', @p207=NULL (DbType = Guid), @p208=NULL (Size = 4000), @p209=NULL (Size = 4000), @p210='33c94156-6f7c-4a4d-8409-03dbbed10759' (Nullable = true), @p211='3', @p212=NULL (DbType = Int32), @p213='Ok' (Nullable = false) (Size = 10) (DbType = AnsiString), @p214='de1fdf06-e764-4370-b0bf-b1ae8af31ff1', @p215=NULL (DbType = Guid), @p216=NULL (Size = 4000), @p217=NULL (Size = 4000), @p218='c55a66e7-936d-4c06-b322-f7c6e7ba88d6' (Nullable = true), @p219='1', @p220=NULL (DbType = Int32), @p221='Ok' (Nullable = false) (Size = 10) (DbType = AnsiString), @p222='de1fdf06-e764-4370-b0bf-b1ae8af31ff1', @p223=NULL (DbType = Guid), @p224=NULL (Size = 4000), @p225=NULL (Size = 4000), @p226='045deccf-42e2-4bb2-a996-b4f5af263a79' (Nullable = true), @p227='2', @p228=NULL (DbType = Int32), @p229='Ok' (Nullable = false) (Size = 10) (DbType = AnsiString), @p230='de1fdf06-e764-4370-b0bf-b1ae8af31ff1', @p231=NULL (DbType = Guid), @p232=NULL (Size = 4000), @p233=NULL (Size = 4000), @p234='33c94156-6f7c-4a4d-8409-03dbbed10759' (Nullable = true), @p235='3', @p236=NULL (DbType = Int32), @p237='Ok' (Nullable = false) (Size = 10) (DbType = AnsiString), @p238='38899885-b201-4287-8b8a-bd563787de0d', @p239=NULL (DbType = Guid), @p240=NULL (Size = 4000), @p241=NULL (Size = 4000), @p242='c55a66e7-936d-4c06-b322-f7c6e7ba88d6' (Nullable = true), @p243='1', @p244=NULL (DbType = Int32), @p245='Ok' (Nullable = false) (Size = 10) (DbType = AnsiString), @p246='38899885-b201-4287-8b8a-bd563787de0d', @p247=NULL (DbType = Guid), @p248=NULL (Size = 4000), @p249=NULL (Size = 4000), @p250='045deccf-42e2-4bb2-a996-b4f5af263a79' (Nullable = true), @p251='2', @p252=NULL (DbType = Int32), @p253='Ok' (Nullable = false) (Size = 10) (DbType = AnsiString), @p254='38899885-b201-4287-8b8a-bd563787de0d', @p255=NULL (DbType = Guid), @p256=NULL (Size = 4000), @p257=NULL (Size = 4000), @p258='33c94156-6f7c-4a4d-8409-03dbbed10759' (Nullable = true), @p259='3', @p260=NULL (DbType = Int32), @p261='Ok' (Nullable = false) (Size = 10) (DbType = AnsiString), @p262='6962b335-0cc8-4e4f-885c-37c1da0e8f9a', @p263=NULL (DbType = Guid), @p264=NULL (Size = 4000), @p265=NULL (Size = 4000), @p266='c55a66e7-936d-4c06-b322-f7c6e7ba88d6' (Nullable = true), @p267='1', @p268=NULL (DbType = Int32), @p269='Ok' (Nullable = false) (Size = 10) (DbType = AnsiString), @p270='6962b335-0cc8-4e4f-885c-37c1da0e8f9a', @p271=NULL (DbType = Guid), @p272=NULL (Size = 4000), @p273=NULL (Size = 4000), @p274='045deccf-42e2-4bb2-a996-b4f5af263a79' (Nullable = true), @p275='2', @p276=NULL (DbType = Int32), @p277='Ok' (Nullable = false) (Size = 10) (DbType = AnsiString), @p278='6962b335-0cc8-4e4f-885c-37c1da0e8f9a', @p279=NULL (DbType = Guid), @p280=NULL (Size = 4000), @p281=NULL (Size = 4000), @p282='33c94156-6f7c-4a4d-8409-03dbbed10759' (Nullable = true), @p283='3', @p284=NULL (DbType = Int32), @p285='Ok' (Nullable = false) (Size = 10) (DbType = AnsiString), @p286='ee69d6ad-5fb0-4d2e-8a55-90a3fbea74d3', @p287=NULL (DbType = Guid), @p288=NULL (Size = 4000), @p289=NULL (Size = 4000), @p290='c55a66e7-936d-4c06-b322-f7c6e7ba88d6' (Nullable = true), @p291='1', @p292=NULL (DbType = Int32), @p293='Ok' (Nullable = false) (Size = 10) (DbType = AnsiString), @p294='ee69d6ad-5fb0-4d2e-8a55-90a3fbea74d3', @p295=NULL (DbType = Guid), @p296=NULL (Size = 4000), @p297=NULL (Size = 4000), @p298='045deccf-42e2-4bb2-a996-b4f5af263a79' (Nullable = true), @p299='2', @p300=NULL (DbType = Int32), @p301='Ok' (Nullable = false) (Size = 10) (DbType = AnsiString), @p302='ee69d6ad-5fb0-4d2e-8a55-90a3fbea74d3', @p303=NULL (DbType = Guid), @p304=NULL (Size = 4000), @p305=NULL (Size = 4000), @p306='33c94156-6f7c-4a4d-8409-03dbbed10759' (Nullable = true), @p307='3', @p308=NULL (DbType = Int32), @p309='Ok' (Nullable = false) (Size = 10) (DbType = AnsiString)], CommandType='Text', CommandTimeout='30']
SET NOCOUNT ON;
MERGE [Ballots] USING (
VALUES (@p0, @p1, @p2, @p3, @p4, @p5, @p6, 0),
(@p7, @p8, @p9, @p10, @p11, @p12, @p13, 1),
(@p14, @p15, @p16, @p17, @p18, @p19, @p20, 2),
(@p21, @p22, @p23, @p24, @p25, @p26, @p27, 3),
(@p28, @p29, @p30, @p31, @p32, @p33, @p34, 4),
(@p35, @p36, @p37, @p38, @p39, @p40, @p41, 5),
(@p42, @p43, @p44, @p45, @p46, @p47, @p48, 6),
(@p49, @p50, @p51, @p52, @p53, @p54, @p55, 7),
(@p56, @p57, @p58, @p59, @p60, @p61, @p62, 8),
(@p63, @p64, @p65, @p66, @p67, @p68, @p69, 9)) AS i ([BallotGuid], [BallotNumAtComputer], [ComputerCode], [LocationGuid], [StatusCode], [Teller1], [Teller2], _Position) ON 1=0
WHEN NOT MATCHED THEN
INSERT ([BallotGuid], [BallotNumAtComputer], [ComputerCode], [LocationGuid], [StatusCode], [Teller1], [Teller2])
VALUES (i.[BallotGuid], i.[BallotNumAtComputer], i.[ComputerCode], i.[LocationGuid], i.[StatusCode], i.[Teller1], i.[Teller2])
OUTPUT INSERTED.[_RowId], INSERTED.[_BallotCode], INSERTED.[_RowVersion], i._Position;
MERGE [Votes] USING (
VALUES (@p70, @p71, @p72, @p73, @p74, @p75, @p76, @p77, 0),
(@p78, @p79, @p80, @p81, @p82, @p83, @p84, @p85, 1),
(@p86, @p87, @p88, @p89, @p90, @p91, @p92, @p93, 2),
(@p94, @p95, @p96, @p97, @p98, @p99, @p100, @p101, 3),
(@p102, @p103, @p104, @p105, @p106, @p107, @p108, @p109, 4),
(@p110, @p111, @p112, @p113, @p114, @p115, @p116, @p117, 5),
(@p118, @p119, @p120, @p121, @p122, @p123, @p124, @p125, 6),
(@p126, @p127, @p128, @p129, @p130, @p131, @p132, @p133, 7),
(@p134, @p135, @p136, @p137, @p138, @p139, @p140, @p141, 8),
(@p142, @p143, @p144, @p145, @p146, @p147, @p148, @p149, 9),
(@p150, @p151, @p152, @p153, @p154, @p155, @p156, @p157, 10),
(@p158, @p159, @p160, @p161, @p162, @p163, @p164, @p165, 11),
(@p166, @p167, @p168, @p169, @p170, @p171, @p172, @p173, 12),
(@p174, @p175, @p176, @p177, @p178, @p179, @p180, @p181, 13),
(@p182, @p183, @p184, @p185, @p186, @p187, @p188, @p189, 14),
(@p190, @p191, @p192, @p193, @p194, @p195, @p196, @p197, 15),
(@p198, @p199, @p200, @p201, @p202, @p203, @p204, @p205, 16),
(@p206, @p207, @p208, @p209, @p210, @p211, @p212, @p213, 17),
(@p214, @p215, @p216, @p217, @p218, @p219, @p220, @p221, 18),
(@p222, @p223, @p224, @p225, @p226, @p227, @p228, @p229, 19),
(@p230, @p231, @p232, @p233, @p234, @p235, @p236, @p237, 20),
(@p238, @p239, @p240, @p241, @p242, @p243, @p244, @p245, 21),
(@p246, @p247, @p248, @p249, @p250, @p251, @p252, @p253, 22),
(@p254, @p255, @p256, @p257, @p258, @p259, @p260, @p261, 23),
(@p262, @p263, @p264, @p265, @p266, @p267, @p268, @p269, 24),
(@p270, @p271, @p272, @p273, @p274, @p275, @p276, @p277, 25),
(@p278, @p279, @p280, @p281, @p282, @p283, @p284, @p285, 26),
(@p286, @p287, @p288, @p289, @p290, @p291, @p292, @p293, 27),
(@p294, @p295, @p296, @p297, @p298, @p299, @p300, @p301, 28),
(@p302, @p303, @p304, @p305, @p306, @p307, @p308, @p309, 29)) AS i ([BallotGuid], [InvalidReasonGuid], [OnlineVoteRaw], [PersonCombinedInfo], [PersonGuid], [PositionOnBallot], [SingleNameElectionCount], [StatusCode], _Position) ON 1=0
WHEN NOT MATCHED THEN
INSERT ([BallotGuid], [InvalidReasonGuid], [OnlineVoteRaw], [PersonCombinedInfo], [PersonGuid], [PositionOnBallot], [SingleNameElectionCount], [StatusCode])
VALUES (i.[BallotGuid], i.[InvalidReasonGuid], i.[OnlineVoteRaw], i.[PersonCombinedInfo], i.[PersonGuid], i.[PositionOnBallot], i.[SingleNameElectionCount], i.[StatusCode])
OUTPUT INSERTED.[_RowId], INSERTED.[_RowVersion], i._Position; Microsoft.EntityFrameworkCore.Database.Command
[17:01:49 INF] [] Request starting HTTP/1.1 POST http://localhost/api/results/election/ff8326b1-4348-466f-b927-1b439e0764e4/calculate - null null Microsoft.AspNetCore.Hosting.Diagnostics
[17:01:49 INF] [] JWT Message received - Header: True, HasBearer: True, TokenLength: 355, ActualHeader: 'Bearer eyJhbGciOiJIUzI1NiIsInR5cCI6IkpXVCJ9.eyJzdWIiOiI4ZGI2ZjdmOC02MWE0LTQ4ZWEtOTM4ZS00MTE3ZTc4ZjI5...' 
[17:01:49 INF] [] JWT Token validated successfully for user: 8db6f7f8-61a4-48ea-938e-4117e78f2950 
[17:01:49 INF] [] Executed DbCommand (3ms) [Parameters=[@p0='2026-02-01T00:01:49.7250899Z', @p1='2026-03-03T00:01:49.7250891Z', @p2='False', @p3=NULL (Size = 4000), @p4=NULL (Size = 4000), @p5='W+sZMiXR2XNODfCl+EdkXWxHLVG1rxj1DAkqt+0jhTg=' (Nullable = false) (Size = 200), @p6='42b1eb96-0f4d-470c-ac86-d20959443bd4' (Nullable = false) (Size = 450)], CommandType='Text', CommandTimeout='30']
SET IMPLICIT_TRANSACTIONS OFF;
SET NOCOUNT ON;
INSERT INTO [RefreshToken] ([CreatedAt], [ExpiresAt], [IsRevoked], [ReplacedByToken], [RevokedReason], [Token], [UserId])
OUTPUT INSERTED.[_RowId], INSERTED.[_RowVersion]
VALUES (@p0, @p1, @p2, @p3, @p4, @p5, @p6); Microsoft.EntityFrameworkCore.Database.Command
[17:01:49 INF] [] Executing endpoint 'TallyJ4.Controllers.ResultsController.CalculateTally (TallyJ4)' Microsoft.AspNetCore.Routing.EndpointMiddleware
[17:01:49 INF] [] Route matched with {action = "CalculateTally", controller = "Results"}. Executing controller action with signature System.Threading.Tasks.Task`1[Microsoft.AspNetCore.Mvc.ActionResult`1[TallyJ4.DTOs.Results.TallyResultDto]] CalculateTally(System.Guid, System.String) on controller TallyJ4.Controllers.ResultsController (TallyJ4). Microsoft.AspNetCore.Mvc.Infrastructure.ControllerActionInvoker
[17:01:49 INF] [] Executing OkObjectResult, writing value of type 'TallyJ4.Application.DTOs.Auth.AuthResponse'. Microsoft.AspNetCore.Mvc.Infrastructure.ObjectResultExecutor
[17:01:49 INF] [] Starting tally calculation for election ff8326b1-4348-466f-b927-1b439e0764e4, type: normal TallyJ4.Controllers.ResultsController
[17:01:49 INF] [] Executed action TallyJ4.Backend.Controllers.AuthController.Login (TallyJ4) in 76.1694ms Microsoft.AspNetCore.Mvc.Infrastructure.ControllerActionInvoker
[17:01:49 INF] [] Starting normal election tally calculation for election ff8326b1-4348-466f-b927-1b439e0764e4 TallyJ4.Services.TallyService
[17:01:49 INF] [] Executed endpoint 'TallyJ4.Backend.Controllers.AuthController.Login (TallyJ4)' Microsoft.AspNetCore.Routing.EndpointMiddleware
[TEST] Got auth token: eyJhbGciOiJIUzI1NiIsInR5cCI6IkpXVCJ9.eyJzdWIiOiI0M...
[17:01:49 INF] [] Request finished HTTP/1.1 POST http://localhost/api/auth/login - 200 null application/json; charset=utf-8 76.9686ms Microsoft.AspNetCore.Hosting.Diagnostics
[TEST] SetAuthToken called with token length: 355, starts with 'eyJ': True
[TEST] Client.DefaultRequestHeaders.Authorization set to: Bearer eyJhbGciOiJIUzI1NiIsInR5cCI6IkpXVCJ9.eyJzdWIiOiI0MmIxZWI5Ni0wZjRkLTQ3MGMtYWM4Ni1kMjA5NTk0NDNiZDQiLCJlbWFpbCI6ImFkbWluQHRhbGx5ai5jb20iLCJhdXRoTWV0aG9kIjoiTG9jYWwiLCJqdGkiOiIyZjViNTkwOS05ZWU4LTRjYzUtODBlZC05ZWIwM2I1ZGRmYzQiLCJleHAiOjE3Njk5MDc3MDksImlzcyI6IlRhbGx5SjRUZXN0QVBJIiwiYXVkIjoiVGFsbHlKNFRlc3RDbGllbnQifQ.Hh2PAOFEYPm9KyCiWA2f53A9_lVCZ4hbVa6SHK0A5DQ
[17:01:49 INF] [] Request starting HTTP/1.1 GET http://localhost/api/elections?pageNumber=1&pageSize=10 - null null Microsoft.AspNetCore.Hosting.Diagnostics
[17:01:49 INF] [] Executed DbCommand (2ms) [Parameters=[@electionGuid='ff8326b1-4348-466f-b927-1b439e0764e4'], CommandType='Text', CommandTimeout='30']
SELECT TOP(1) [e].[_RowId], [e].[CanReceive], [e].[CanVote], [e].[Convenor], [e].[CustomMethods], [e].[DateOfElection], [e].[ElectionGuid], [e].[ElectionMode], [e].[ElectionPasscode], [e].[ElectionType], [e].[EmailFromAddress], [e].[EmailFromName], [e].[EmailSubject], [e].[EmailText], [e].[Flags], [e].[HidePreBallotPages], [e].[LastEnvNum], [e].[LinkedElectionGuid], [e].[LinkedElectionKind], [e].[ListForPublic], [e].[ListedForPublicAsOf], [e].[MaskVotingMethod], [e].[Name], [e].[NumberExtra], [e].[NumberToElect], [e].[OnlineAnnounced], [e].[OnlineCloseIsEstimate], [e].[OnlineSelectionProcess], [e].[OnlineWhenClose], [e].[OnlineWhenOpen], [e].[OwnerLoginId], [e].[_RowVersion], [e].[ShowAsTest], [e].[ShowFullReport], [e].[SmsText], [e].[TallyStatus], [e].[UseCallInButton], [e].[VotingMethods]
FROM [Elections] AS [e]
WHERE [e].[ElectionGuid] = @electionGuid Microsoft.EntityFrameworkCore.Database.Command
[17:01:49 INF] [] JWT Message received - Header: True, HasBearer: True, TokenLength: 355, ActualHeader: 'Bearer eyJhbGciOiJIUzI1NiIsInR5cCI6IkpXVCJ9.eyJzdWIiOiI0MmIxZWI5Ni0wZjRkLTQ3MGMtYWM4Ni1kMjA5NTk0NDNi...' 
[17:01:49 INF] [] JWT Token validated successfully for user: 42b1eb96-0f4d-470c-ac86-d20959443bd4 
[17:01:49 INF] [] Executing endpoint 'TallyJ4.Backend.Controllers.ElectionsController.GetElections (TallyJ4)' Microsoft.AspNetCore.Routing.EndpointMiddleware
[17:01:49 INF] [] Route matched with {action = "GetElections", controller = "Elections"}. Executing controller action with signature System.Threading.Tasks.Task`1[Microsoft.AspNetCore.Mvc.ActionResult`1[TallyJ4.Models.PaginatedResponse`1[TallyJ4.DTOs.Elections.ElectionSummaryDto]]] GetElections(Int32, Int32, System.String) on controller TallyJ4.Backend.Controllers.ElectionsController (TallyJ4). Microsoft.AspNetCore.Mvc.Infrastructure.ControllerActionInvoker
[17:01:49 INF] [] Executed DbCommand (3ms) [Parameters=[@electionGuid='ff8326b1-4348-466f-b927-1b439e0764e4'], CommandType='Text', CommandTimeout='30']
SELECT COUNT(*)
FROM [Ballots] AS [b]
INNER JOIN [Locations] AS [l] ON [b].[LocationGuid] = [l].[LocationGuid]
WHERE [l].[ElectionGuid] = @electionGuid Microsoft.EntityFrameworkCore.Database.Command
[17:01:49 INF] [] Sent tallyProgress notification to group Analyzeff8326b1-4348-466f-b927-1b439e0764e4 TallyJ4.Services.SignalRNotificationService
[17:01:49 INF] [] Executed DbCommand (1ms) [Parameters=[], CommandType='Text', CommandTimeout='30']
SELECT COUNT(*)
FROM [Elections] AS [e] Microsoft.EntityFrameworkCore.Database.Command
[17:01:49 INF] [] Starting tally calculation transaction for election ff8326b1-4348-466f-b927-1b439e0764e4 TallyJ4.Services.TallyService
[17:01:49 INF] [] Preparing for analysis of election ff8326b1-4348-466f-b927-1b439e0764e4 TallyJ4.Services.TallyService
[17:01:49 INF] [] Executed DbCommand (1ms) [Parameters=[@TargetElection_ElectionGuid='ff8326b1-4348-466f-b927-1b439e0764e4'], CommandType='Text', CommandTimeout='30']
SELECT [r].[_RowId], [r].[CloseToNext], [r].[CloseToPrev], [r].[ElectionGuid], [r].[ForceShowInOther], [r].[IsTieResolved], [r].[IsTied], [r].[PersonGuid], [r].[Rank], [r].[RankInExtra], [r].[Section], [r].[TieBreakCount], [r].[TieBreakGroup], [r].[TieBreakRequired], [r].[VoteCount]
FROM [Results] AS [r]
WHERE [r].[ElectionGuid] = @TargetElection_ElectionGuid Microsoft.EntityFrameworkCore.Database.Command
[17:01:49 INF] [] Executed DbCommand (1ms) [Parameters=[@TargetElection_ElectionGuid='ff8326b1-4348-466f-b927-1b439e0764e4'], CommandType='Text', CommandTimeout='30']
SELECT [r].[_RowId], [r].[ElectionGuid], [r].[IsResolved], [r].[NumInTie], [r].[NumToElect], [r].[TieBreakGroup], [r].[TieBreakRequired]
FROM [ResultTies] AS [r]
WHERE [r].[ElectionGuid] = @TargetElection_ElectionGuid Microsoft.EntityFrameworkCore.Database.Command
[17:01:49 INF] [] Executed DbCommand (1ms) [Parameters=[@TargetElection_ElectionGuid='ff8326b1-4348-466f-b927-1b439e0764e4'], CommandType='Text', CommandTimeout='30']
SELECT [l].[LocationGuid]
FROM [Locations] AS [l]
WHERE [l].[ElectionGuid] = @TargetElection_ElectionGuid Microsoft.EntityFrameworkCore.Database.Command
[17:01:49 INF] [] Executed DbCommand (1ms) [Parameters=[@locationGuids1='8df07bc4-3181-45e5-9586-0b9649906d5e'], CommandType='Text', CommandTimeout='30']
SELECT [b].[_RowId], [b].[_BallotCode], [b].[BallotGuid], [b].[BallotNumAtComputer], [b].[ComputerCode], [b].[LocationGuid], [b].[_RowVersion], [b].[StatusCode], [b].[Teller1], [b].[Teller2]
FROM [Ballots] AS [b]
WHERE [b].[LocationGuid] = @locationGuids1 Microsoft.EntityFrameworkCore.Database.Command
[17:01:49 INF] [] Executed DbCommand (2ms) [Parameters=[@ballotGuids1='07cb6197-092b-4ce0-9471-4b0643a1547c', @ballotGuids2='8f053f3a-407f-48b7-8527-42fb3cd0f0e2', @ballotGuids3='48b388aa-dfae-4def-9141-5f5665197484', @ballotGuids4='4c7c573a-2a7d-40bb-b921-50f7ea865f57', @ballotGuids5='5acdc482-f1bf-45f5-8bd7-cc14f0bd1fa8', @ballotGuids6='1fa032ad-a1ea-40e3-8daf-80ec8fe74c8c', @ballotGuids7='de1fdf06-e764-4370-b0bf-b1ae8af31ff1', @ballotGuids8='38899885-b201-4287-8b8a-bd563787de0d', @ballotGuids9='6962b335-0cc8-4e4f-885c-37c1da0e8f9a', @ballotGuids10='ee69d6ad-5fb0-4d2e-8a55-90a3fbea74d3'], CommandType='Text', CommandTimeout='30']
SELECT [v].[_RowId], [v].[BallotGuid], [v].[InvalidReasonGuid], [v].[OnlineVoteRaw], [v].[PersonCombinedInfo], [v].[PersonGuid], [v].[PositionOnBallot], [v].[_RowVersion], [v].[SingleNameElectionCount], [v].[StatusCode]
FROM [Votes] AS [v]
WHERE [v].[BallotGuid] IN (@ballotGuids1, @ballotGuids2, @ballotGuids3, @ballotGuids4, @ballotGuids5, @ballotGuids6, @ballotGuids7, @ballotGuids8, @ballotGuids9, @ballotGuids10) Microsoft.EntityFrameworkCore.Database.Command
[17:01:49 INF] [] Executed DbCommand (2ms) [Parameters=[@TargetElection_ElectionGuid='ff8326b1-4348-466f-b927-1b439e0764e4'], CommandType='Text', CommandTimeout='30']
SELECT [p].[_RowId], [p].[AgeGroup], [p].[Area], [p].[BahaiId], [p].[CanReceiveVotes], [p].[CanVote], [p].[CombinedInfo], [p].[CombinedInfoAtStart], [p].[CombinedSoundCodes], [p].[ElectionGuid], [p].[Email], [p].[EnvNum], [p].[FirstName], [p].[Flags], [p].[_FullName], [p].[_FullNameFL], [p].[HasOnlineBallot], [p].[IneligibleReasonGuid], [p].[KioskCode], [p].[LastName], [p].[OtherInfo], [p].[OtherLastNames], [p].[OtherNames], [p].[PersonGuid], [p].[Phone], [p].[RegistrationTime], [p].[_RowVersion], [p].[_RowVersionInt], [p].[Teller1], [p].[Teller2], [p].[UnitName], [p].[VotingLocationGuid], [p].[VotingMethod]
FROM [People] AS [p]
WHERE [p].[ElectionGuid] = @TargetElection_ElectionGuid Microsoft.EntityFrameworkCore.Database.Command
[17:01:49 INF] [] Executed DbCommand (13ms) [Parameters=[@p='0', @p0='10'], CommandType='Text', CommandTimeout='30']
SELECT [e0].[_RowId], [e0].[CanReceive], [e0].[CanVote], [e0].[Convenor], [e0].[CustomMethods], [e0].[DateOfElection], [e0].[ElectionGuid], [e0].[ElectionMode], [e0].[ElectionPasscode], [e0].[ElectionType], [e0].[EmailFromAddress], [e0].[EmailFromName], [e0].[EmailSubject], [e0].[EmailText], [e0].[Flags], [e0].[HidePreBallotPages], [e0].[LastEnvNum], [e0].[LinkedElectionGuid], [e0].[LinkedElectionKind], [e0].[ListForPublic], [e0].[ListedForPublicAsOf], [e0].[MaskVotingMethod], [e0].[Name], [e0].[NumberExtra], [e0].[NumberToElect], [e0].[OnlineAnnounced], [e0].[OnlineCloseIsEstimate], [e0].[OnlineSelectionProcess], [e0].[OnlineWhenClose], [e0].[OnlineWhenOpen], [e0].[OwnerLoginId], [e0].[_RowVersion], [e0].[ShowAsTest], [e0].[ShowFullReport], [e0].[SmsText], [e0].[TallyStatus], [e0].[UseCallInButton], [e0].[VotingMethods], [p].[_RowId], [p].[AgeGroup], [p].[Area], [p].[BahaiId], [p].[CanReceiveVotes], [p].[CanVote], [p].[CombinedInfo], [p].[CombinedInfoAtStart], [p].[CombinedSoundCodes], [p].[ElectionGuid], [p].[Email], [p].[EnvNum], [p].[FirstName], [p].[Flags], [p].[_FullName], [p].[_FullNameFL], [p].[HasOnlineBallot], [p].[IneligibleReasonGuid], [p].[KioskCode], [p].[LastName], [p].[OtherInfo], [p].[OtherLastNames], [p].[OtherNames], [p].[PersonGuid], [p].[Phone], [p].[RegistrationTime], [p].[_RowVersion], [p].[_RowVersionInt], [p].[Teller1], [p].[Teller2], [p].[UnitName], [p].[VotingLocationGuid], [p].[VotingMethod], [s].[_RowId], [s].[BallotsCollected], [s].[ContactInfo], [s].[ElectionGuid], [s].[Lat], [s].[LocationGuid], [s].[Long], [s].[Name], [s].[SortOrder], [s].[TallyStatus], [s].[_RowId0], [s].[_BallotCode], [s].[BallotGuid], [s].[BallotNumAtComputer], [s].[ComputerCode], [s].[LocationGuid0], [s].[_RowVersion], [s].[StatusCode], [s].[Teller1], [s].[Teller2]
FROM (
    SELECT [e].[_RowId], [e].[CanReceive], [e].[CanVote], [e].[Convenor], [e].[CustomMethods], [e].[DateOfElection], [e].[ElectionGuid], [e].[ElectionMode], [e].[ElectionPasscode], [e].[ElectionType], [e].[EmailFromAddress], [e].[EmailFromName], [e].[EmailSubject], [e].[EmailText], [e].[Flags], [e].[HidePreBallotPages], [e].[LastEnvNum], [e].[LinkedElectionGuid], [e].[LinkedElectionKind], [e].[ListForPublic], [e].[ListedForPublicAsOf], [e].[MaskVotingMethod], [e].[Name], [e].[NumberExtra], [e].[NumberToElect], [e].[OnlineAnnounced], [e].[OnlineCloseIsEstimate], [e].[OnlineSelectionProcess], [e].[OnlineWhenClose], [e].[OnlineWhenOpen], [e].[OwnerLoginId], [e].[_RowVersion], [e].[ShowAsTest], [e].[ShowFullReport], [e].[SmsText], [e].[TallyStatus], [e].[UseCallInButton], [e].[VotingMethods]
    FROM [Elections] AS [e]
    ORDER BY [e].[DateOfElection] DESC
    OFFSET @p ROWS FETCH NEXT @p0 ROWS ONLY
) AS [e0]
LEFT JOIN [People] AS [p] ON [e0].[ElectionGuid] = [p].[ElectionGuid]
LEFT JOIN (
    SELECT [l].[_RowId], [l].[BallotsCollected], [l].[ContactInfo], [l].[ElectionGuid], [l].[Lat], [l].[LocationGuid], [l].[Long], [l].[Name], [l].[SortOrder], [l].[TallyStatus], [b].[_RowId] AS [_RowId0], [b].[_BallotCode], [b].[BallotGuid], [b].[BallotNumAtComputer], [b].[ComputerCode], [b].[LocationGuid] AS [LocationGuid0], [b].[_RowVersion], [b].[StatusCode], [b].[Teller1], [b].[Teller2]
    FROM [Locations] AS [l]
    LEFT JOIN [Ballots] AS [b] ON [l].[LocationGuid] = [b].[LocationGuid]
) AS [s] ON [e0].[ElectionGuid] = [s].[ElectionGuid]
ORDER BY [e0].[DateOfElection] DESC, [e0].[_RowId], [p].[_RowId], [s].[_RowId] Microsoft.EntityFrameworkCore.Database.Command
[17:01:49 INF] [] Executing OkObjectResult, writing value of type 'TallyJ4.Models.PaginatedResponse`1[[TallyJ4.DTOs.Elections.ElectionSummaryDto, TallyJ4, Version=1.0.0.0, Culture=neutral, PublicKeyToken=null]]'. Microsoft.AspNetCore.Mvc.Infrastructure.ObjectResultExecutor
[17:01:49 INF] [] Executed action TallyJ4.Backend.Controllers.ElectionsController.GetElections (TallyJ4) in 18.2004ms Microsoft.AspNetCore.Mvc.Infrastructure.ControllerActionInvoker
[17:01:49 INF] [] Executed endpoint 'TallyJ4.Backend.Controllers.ElectionsController.GetElections (TallyJ4)' Microsoft.AspNetCore.Routing.EndpointMiddleware
[17:01:49 INF] [] Request finished HTTP/1.1 GET http://localhost/api/elections?pageNumber=1&pageSize=10 - 200 null application/json; charset=utf-8 21.7894ms Microsoft.AspNetCore.Hosting.Diagnostics
[17:01:49 INF] [] Executed DbCommand (1ms) [Parameters=[@TargetElection_ElectionGuid='ff8326b1-4348-466f-b927-1b439e0764e4'], CommandType='Text', CommandTimeout='30']
SELECT TOP(1) [r].[_RowId], [r].[BallotsNeedingReview], [r].[BallotsReceived], [r].[CalledInBallots], [r].[Custom1Ballots], [r].[Custom2Ballots], [r].[Custom3Ballots], [r].[DroppedOffBallots], [r].[ElectionGuid], [r].[ImportedBallots], [r].[InPersonBallots], [r].[MailedInBallots], [r].[NumEligibleToVote], [r].[NumVoters], [r].[OnlineBallots], [r].[ResultType], [r].[SpoiledBallots], [r].[SpoiledManualBallots], [r].[SpoiledVotes], [r].[TotalVotes], [r].[UseOnReports]
FROM [ResultSummaries] AS [r]
WHERE [r].[ElectionGuid] = @TargetElection_ElectionGuid Microsoft.EntityFrameworkCore.Database.Command
[17:01:49 INF] [] Loaded 10 ballots, 30 votes, 5 people TallyJ4.Services.TallyService
[17:01:49 INF] [] Calculating ballot statistics TallyJ4.Services.TallyService
[17:01:49 INF] [] Statistics: 10 ballots (0 spoiled), 30 potential votes (0 spoiled) TallyJ4.Services.TallyService
[17:01:49 INF] [] Starting vote count for normal election TallyJ4.Services.TallyService
[17:01:49 INF] [] Processed 10 ballots (27 votes) TallyJ4.Services.TallyService
[17:01:49 INF] [] Executed DbCommand (2ms) [Parameters=[@normalizedEmail='ADMIN@TALLYJ.COM' (Size = 256)], CommandType='Text', CommandTimeout='30']
SELECT TOP(2) [a].[Id], [a].[AccessFailedCount], [a].[AuthMethod], [a].[ConcurrencyStamp], [a].[Email], [a].[EmailConfirmed], [a].[GoogleId], [a].[LockoutEnabled], [a].[LockoutEnd], [a].[NormalizedEmail], [a].[NormalizedUserName], [a].[PasswordHash], [a].[PasswordResetExpiry], [a].[PasswordResetToken], [a].[PhoneNumber], [a].[PhoneNumberConfirmed], [a].[SecurityStamp], [a].[TwoFactorEnabled], [a].[UserName]
FROM [AspNetUsers] AS [a]
WHERE [a].[NormalizedEmail] = @normalizedEmail Microsoft.EntityFrameworkCore.Database.Command
[17:01:49 INF] [] Executed DbCommand (7ms) [Parameters=[@p0='False' (Nullable = true), @p1='False' (Nullable = true), @p2='ff8326b1-4348-466f-b927-1b439e0764e4', @p3=NULL (DbType = Boolean), @p4=NULL (DbType = Boolean), @p5='False' (Nullable = true), @p6='c55a66e7-936d-4c06-b322-f7c6e7ba88d6', @p7='0', @p8=NULL (DbType = Int32), @p9='O' (Nullable = false) (Size = 1) (DbType = AnsiStringFixedLength), @p10=NULL (DbType = Int32), @p11=NULL (DbType = Int32), @p12='False' (Nullable = true), @p13='10' (Nullable = true), @p14='False' (Nullable = true), @p15='False' (Nullable = true), @p16='ff8326b1-4348-466f-b927-1b439e0764e4', @p17=NULL (DbType = Boolean), @p18=NULL (DbType = Boolean), @p19='False' (Nullable = true), @p20='045deccf-42e2-4bb2-a996-b4f5af263a79', @p21='0', @p22=NULL (DbType = Int32), @p23='O' (Nullable = false) (Size = 1) (DbType = AnsiStringFixedLength), @p24=NULL (DbType = Int32), @p25=NULL (DbType = Int32), @p26='False' (Nullable = true), @p27='10' (Nullable = true), @p28='False' (Nullable = true), @p29='False' (Nullable = true), @p30='ff8326b1-4348-466f-b927-1b439e0764e4', @p31=NULL (DbType = Boolean), @p32=NULL (DbType = Boolean), @p33='False' (Nullable = true), @p34='33c94156-6f7c-4a4d-8409-03dbbed10759', @p35='0', @p36=NULL (DbType = Int32), @p37='O' (Nullable = false) (Size = 1) (DbType = AnsiStringFixedLength), @p38=NULL (DbType = Int32), @p39=NULL (DbType = Int32), @p40='False' (Nullable = true), @p41='10' (Nullable = true)], CommandType='Text', CommandTimeout='30']
SET IMPLICIT_TRANSACTIONS OFF;
SET NOCOUNT ON;
MERGE [Results] USING (
VALUES (@p0, @p1, @p2, @p3, @p4, @p5, @p6, @p7, @p8, @p9, @p10, @p11, @p12, @p13, 0),
(@p14, @p15, @p16, @p17, @p18, @p19, @p20, @p21, @p22, @p23, @p24, @p25, @p26, @p27, 1),
(@p28, @p29, @p30, @p31, @p32, @p33, @p34, @p35, @p36, @p37, @p38, @p39, @p40, @p41, 2)) AS i ([CloseToNext], [CloseToPrev], [ElectionGuid], [ForceShowInOther], [IsTieResolved], [IsTied], [PersonGuid], [Rank], [RankInExtra], [Section], [TieBreakCount], [TieBreakGroup], [TieBreakRequired], [VoteCount], _Position) ON 1=0
WHEN NOT MATCHED THEN
INSERT ([CloseToNext], [CloseToPrev], [ElectionGuid], [ForceShowInOther], [IsTieResolved], [IsTied], [PersonGuid], [Rank], [RankInExtra], [Section], [TieBreakCount], [TieBreakGroup], [TieBreakRequired], [VoteCount])
VALUES (i.[CloseToNext], i.[CloseToPrev], i.[ElectionGuid], i.[ForceShowInOther], i.[IsTieResolved], i.[IsTied], i.[PersonGuid], i.[Rank], i.[RankInExtra], i.[Section], i.[TieBreakCount], i.[TieBreakGroup], i.[TieBreakRequired], i.[VoteCount])
OUTPUT INSERTED.[_RowId], i._Position; Microsoft.EntityFrameworkCore.Database.Command
[17:01:49 INF] [] Completed vote count: 10 ballots processed, 30 valid votes TallyJ4.Services.TallyService
[17:01:49 INF] [] Finalizing results and detecting ties TallyJ4.Services.TallyService
[17:01:49 INF] [] Finalized 3 results, 1 tie groups TallyJ4.Services.TallyService
[17:01:49 INF] [] Finalizing summaries TallyJ4.Services.TallyService
[17:01:49 INF] [] Executed DbCommand (0ms) [Parameters=[@TargetElection_ElectionGuid='ff8326b1-4348-466f-b927-1b439e0764e4'], CommandType='Text', CommandTimeout='30']
SELECT TOP(1) [r].[_RowId], [r].[BallotsNeedingReview], [r].[BallotsReceived], [r].[CalledInBallots], [r].[Custom1Ballots], [r].[Custom2Ballots], [r].[Custom3Ballots], [r].[DroppedOffBallots], [r].[ElectionGuid], [r].[ImportedBallots], [r].[InPersonBallots], [r].[MailedInBallots], [r].[NumEligibleToVote], [r].[NumVoters], [r].[OnlineBallots], [r].[ResultType], [r].[SpoiledBallots], [r].[SpoiledManualBallots], [r].[SpoiledVotes], [r].[TotalVotes], [r].[UseOnReports]
FROM [ResultSummaries] AS [r]
WHERE [r].[ElectionGuid] = @TargetElection_ElectionGuid Microsoft.EntityFrameworkCore.Database.Command
[17:01:49 INF] [] Saving results to database TallyJ4.Services.TallyService
[17:01:49 INF] [] Executed DbCommand (5ms) [Parameters=[@p0='0' (Nullable = true), @p1='10' (Nullable = true), @p2=NULL (DbType = Int32), @p3=NULL (DbType = Int32), @p4=NULL (DbType = Int32), @p5=NULL (DbType = Int32), @p6=NULL (DbType = Int32), @p7='ff8326b1-4348-466f-b927-1b439e0764e4', @p8=NULL (DbType = Int32), @p9=NULL (DbType = Int32), @p10=NULL (DbType = Int32), @p11=NULL (DbType = Int32), @p12=NULL (DbType = Int32), @p13=NULL (DbType = Int32), @p14='N' (Nullable = false) (Size = 1) (DbType = AnsiStringFixedLength), @p15='0' (Nullable = true), @p16=NULL (DbType = Int32), @p17='0' (Nullable = true), @p18='30' (Nullable = true), @p19='True' (Nullable = true), @p24='7', @p20='True' (Nullable = true), @p21='1', @p22='E' (Nullable = false) (Size = 1) (DbType = AnsiStringFixedLength), @p23='1' (Nullable = true), @p29='8', @p25='True' (Nullable = true), @p26='1', @p27='E' (Nullable = false) (Size = 1) (DbType = AnsiStringFixedLength), @p28='1' (Nullable = true), @p34='9', @p30='True' (Nullable = true), @p31='1', @p32='E' (Nullable = false) (Size = 1) (DbType = AnsiStringFixedLength), @p33='1' (Nullable = true)], CommandType='Text', CommandTimeout='30']
SET NOCOUNT ON;
INSERT INTO [ResultSummaries] ([BallotsNeedingReview], [BallotsReceived], [CalledInBallots], [Custom1Ballots], [Custom2Ballots], [Custom3Ballots], [DroppedOffBallots], [ElectionGuid], [ImportedBallots], [InPersonBallots], [MailedInBallots], [NumEligibleToVote], [NumVoters], [OnlineBallots], [ResultType], [SpoiledBallots], [SpoiledManualBallots], [SpoiledVotes], [TotalVotes], [UseOnReports])
OUTPUT INSERTED.[_RowId]
VALUES (@p0, @p1, @p2, @p3, @p4, @p5, @p6, @p7, @p8, @p9, @p10, @p11, @p12, @p13, @p14, @p15, @p16, @p17, @p18, @p19);
UPDATE [Results] SET [IsTied] = @p20, [Rank] = @p21, [Section] = @p22, [TieBreakGroup] = @p23
OUTPUT 1
WHERE [_RowId] = @p24;
UPDATE [Results] SET [IsTied] = @p25, [Rank] = @p26, [Section] = @p27, [TieBreakGroup] = @p28
OUTPUT 1
WHERE [_RowId] = @p29;
UPDATE [Results] SET [IsTied] = @p30, [Rank] = @p31, [Section] = @p32, [TieBreakGroup] = @p33
OUTPUT 1
WHERE [_RowId] = @p34; Microsoft.EntityFrameworkCore.Database.Command
[17:01:49 INF] [] Results saved successfully TallyJ4.Services.TallyService
[17:01:49 INF] [] Tally calculation transaction committed successfully for election ff8326b1-4348-466f-b927-1b439e0764e4 TallyJ4.Services.TallyService
[17:01:49 INF] [] Executed DbCommand (2ms) [Parameters=[@electionGuid='ff8326b1-4348-466f-b927-1b439e0764e4'], CommandType='Text', CommandTimeout='30']
SELECT COALESCE(SUM(COALESCE([r].[VoteCount], 0)), 0)
FROM [Results] AS [r]
WHERE [r].[ElectionGuid] = @electionGuid Microsoft.EntityFrameworkCore.Database.Command
[17:01:49 INF] [] Sent tallyComplete notification to group Analyzeff8326b1-4348-466f-b927-1b439e0764e4 TallyJ4.Services.SignalRNotificationService
[17:01:49 INF] [] Executed DbCommand (2ms) [Parameters=[@electionGuid='ff8326b1-4348-466f-b927-1b439e0764e4'], CommandType='Text', CommandTimeout='30']
SELECT TOP(1) [e].[_RowId], [e].[CanReceive], [e].[CanVote], [e].[Convenor], [e].[CustomMethods], [e].[DateOfElection], [e].[ElectionGuid], [e].[ElectionMode], [e].[ElectionPasscode], [e].[ElectionType], [e].[EmailFromAddress], [e].[EmailFromName], [e].[EmailSubject], [e].[EmailText], [e].[Flags], [e].[HidePreBallotPages], [e].[LastEnvNum], [e].[LinkedElectionGuid], [e].[LinkedElectionKind], [e].[ListForPublic], [e].[ListedForPublicAsOf], [e].[MaskVotingMethod], [e].[Name], [e].[NumberExtra], [e].[NumberToElect], [e].[OnlineAnnounced], [e].[OnlineCloseIsEstimate], [e].[OnlineSelectionProcess], [e].[OnlineWhenClose], [e].[OnlineWhenOpen], [e].[OwnerLoginId], [e].[_RowVersion], [e].[ShowAsTest], [e].[ShowFullReport], [e].[SmsText], [e].[TallyStatus], [e].[UseCallInButton], [e].[VotingMethods]
FROM [Elections] AS [e]
WHERE [e].[ElectionGuid] = @electionGuid Microsoft.EntityFrameworkCore.Database.Command
[17:01:49 INF] [] Executed DbCommand (5ms) [Parameters=[@electionGuid='ff8326b1-4348-466f-b927-1b439e0764e4'], CommandType='Text', CommandTimeout='30']
SELECT [r].[_RowId], [r].[CloseToNext], [r].[CloseToPrev], [r].[ElectionGuid], [r].[ForceShowInOther], [r].[IsTieResolved], [r].[IsTied], [r].[PersonGuid], [r].[Rank], [r].[RankInExtra], [r].[Section], [r].[TieBreakCount], [r].[TieBreakGroup], [r].[TieBreakRequired], [r].[VoteCount], [p].[_RowId], [p].[AgeGroup], [p].[Area], [p].[BahaiId], [p].[CanReceiveVotes], [p].[CanVote], [p].[CombinedInfo], [p].[CombinedInfoAtStart], [p].[CombinedSoundCodes], [p].[ElectionGuid], [p].[Email], [p].[EnvNum], [p].[FirstName], [p].[Flags], [p].[_FullName], [p].[_FullNameFL], [p].[HasOnlineBallot], [p].[IneligibleReasonGuid], [p].[KioskCode], [p].[LastName], [p].[OtherInfo], [p].[OtherLastNames], [p].[OtherNames], [p].[PersonGuid], [p].[Phone], [p].[RegistrationTime], [p].[_RowVersion], [p].[_RowVersionInt], [p].[Teller1], [p].[Teller2], [p].[UnitName], [p].[VotingLocationGuid], [p].[VotingMethod]
FROM [Results] AS [r]
INNER JOIN [People] AS [p] ON [r].[PersonGuid] = [p].[PersonGuid]
WHERE [r].[ElectionGuid] = @electionGuid
ORDER BY [r].[Rank] Microsoft.EntityFrameworkCore.Database.Command
[17:01:49 INF] [] Executed DbCommand (2ms) [Parameters=[@electionGuid='ff8326b1-4348-466f-b927-1b439e0764e4'], CommandType='Text', CommandTimeout='30']
SELECT TOP(1) [e].[_RowId], [e].[CanReceive], [e].[CanVote], [e].[Convenor], [e].[CustomMethods], [e].[DateOfElection], [e].[ElectionGuid], [e].[ElectionMode], [e].[ElectionPasscode], [e].[ElectionType], [e].[EmailFromAddress], [e].[EmailFromName], [e].[EmailSubject], [e].[EmailText], [e].[Flags], [e].[HidePreBallotPages], [e].[LastEnvNum], [e].[LinkedElectionGuid], [e].[LinkedElectionKind], [e].[ListForPublic], [e].[ListedForPublicAsOf], [e].[MaskVotingMethod], [e].[Name], [e].[NumberExtra], [e].[NumberToElect], [e].[OnlineAnnounced], [e].[OnlineCloseIsEstimate], [e].[OnlineSelectionProcess], [e].[OnlineWhenClose], [e].[OnlineWhenOpen], [e].[OwnerLoginId], [e].[_RowVersion], [e].[ShowAsTest], [e].[ShowFullReport], [e].[SmsText], [e].[TallyStatus], [e].[UseCallInButton], [e].[VotingMethods]
FROM [Elections] AS [e]
WHERE [e].[ElectionGuid] = @electionGuid Microsoft.EntityFrameworkCore.Database.Command
[17:01:49 INF] [] Executed DbCommand (2ms) [Parameters=[@electionGuid='ff8326b1-4348-466f-b927-1b439e0764e4'], CommandType='Text', CommandTimeout='30']
SELECT TOP(1) [r].[_RowId], [r].[BallotsNeedingReview], [r].[BallotsReceived], [r].[CalledInBallots], [r].[Custom1Ballots], [r].[Custom2Ballots], [r].[Custom3Ballots], [r].[DroppedOffBallots], [r].[ElectionGuid], [r].[ImportedBallots], [r].[InPersonBallots], [r].[MailedInBallots], [r].[NumEligibleToVote], [r].[NumVoters], [r].[OnlineBallots], [r].[ResultType], [r].[SpoiledBallots], [r].[SpoiledManualBallots], [r].[SpoiledVotes], [r].[TotalVotes], [r].[UseOnReports]
FROM [ResultSummaries] AS [r]
WHERE [r].[ElectionGuid] = @electionGuid Microsoft.EntityFrameworkCore.Database.Command
[17:01:49 INF] [] Executed DbCommand (5ms) [Parameters=[@electionGuid='ff8326b1-4348-466f-b927-1b439e0764e4'], CommandType='Text', CommandTimeout='30']
SELECT COUNT(*)
FROM [People] AS [p]
WHERE [p].[ElectionGuid] = @electionGuid AND [p].[CanVote] = CAST(1 AS bit) Microsoft.EntityFrameworkCore.Database.Command
[17:01:49 INF] [] Executed DbCommand (2ms) [Parameters=[@electionGuid='ff8326b1-4348-466f-b927-1b439e0764e4'], CommandType='Text', CommandTimeout='30']
SELECT COUNT(*)
FROM [People] AS [p]
WHERE [p].[ElectionGuid] = @electionGuid AND [p].[CanReceiveVotes] = CAST(1 AS bit) Microsoft.EntityFrameworkCore.Database.Command
[17:01:49 INF] [] Completed tally calculation for election ff8326b1-4348-466f-b927-1b439e0764e4 TallyJ4.Services.TallyService
[17:01:49 INF] [] Tally calculation completed for election ff8326b1-4348-466f-b927-1b439e0764e4 TallyJ4.Controllers.ResultsController
[17:01:49 INF] [] Executing OkObjectResult, writing value of type 'TallyJ4.DTOs.Results.TallyResultDto'. Microsoft.AspNetCore.Mvc.Infrastructure.ObjectResultExecutor
[17:01:49 INF] [] Executed action TallyJ4.Controllers.ResultsController.CalculateTally (TallyJ4) in 68.8207ms Microsoft.AspNetCore.Mvc.Infrastructure.ControllerActionInvoker
[17:01:49 INF] [] Executed endpoint 'TallyJ4.Controllers.ResultsController.CalculateTally (TallyJ4)' Microsoft.AspNetCore.Routing.EndpointMiddleware
[17:01:49 INF] [] Request finished HTTP/1.1 POST http://localhost/api/results/election/ff8326b1-4348-466f-b927-1b439e0764e4/calculate - 200 null application/json; charset=utf-8 70.1613ms Microsoft.AspNetCore.Hosting.Diagnostics
[17:01:49 INF] [] Request starting HTTP/1.1 GET http://localhost/api/results/election/ff8326b1-4348-466f-b927-1b439e0764e4 - null null Microsoft.AspNetCore.Hosting.Diagnostics
[17:01:49 INF] [] JWT Message received - Header: True, HasBearer: True, TokenLength: 355, ActualHeader: 'Bearer eyJhbGciOiJIUzI1NiIsInR5cCI6IkpXVCJ9.eyJzdWIiOiI4ZGI2ZjdmOC02MWE0LTQ4ZWEtOTM4ZS00MTE3ZTc4ZjI5...' 
[17:01:49 INF] [] JWT Token validated successfully for user: 8db6f7f8-61a4-48ea-938e-4117e78f2950 
[17:01:49 INF] [] Executing endpoint 'TallyJ4.Controllers.ResultsController.GetResults (TallyJ4)' Microsoft.AspNetCore.Routing.EndpointMiddleware
[17:01:49 INF] [] Route matched with {action = "GetResults", controller = "Results"}. Executing controller action with signature System.Threading.Tasks.Task`1[Microsoft.AspNetCore.Mvc.ActionResult`1[TallyJ4.DTOs.Results.TallyResultDto]] GetResults(System.Guid) on controller TallyJ4.Controllers.ResultsController (TallyJ4). Microsoft.AspNetCore.Mvc.Infrastructure.ControllerActionInvoker
[17:01:49 INF] [] Executed DbCommand (2ms) [Parameters=[@electionGuid='ff8326b1-4348-466f-b927-1b439e0764e4'], CommandType='Text', CommandTimeout='30']
SELECT TOP(1) [e].[_RowId], [e].[CanReceive], [e].[CanVote], [e].[Convenor], [e].[CustomMethods], [e].[DateOfElection], [e].[ElectionGuid], [e].[ElectionMode], [e].[ElectionPasscode], [e].[ElectionType], [e].[EmailFromAddress], [e].[EmailFromName], [e].[EmailSubject], [e].[EmailText], [e].[Flags], [e].[HidePreBallotPages], [e].[LastEnvNum], [e].[LinkedElectionGuid], [e].[LinkedElectionKind], [e].[ListForPublic], [e].[ListedForPublicAsOf], [e].[MaskVotingMethod], [e].[Name], [e].[NumberExtra], [e].[NumberToElect], [e].[OnlineAnnounced], [e].[OnlineCloseIsEstimate], [e].[OnlineSelectionProcess], [e].[OnlineWhenClose], [e].[OnlineWhenOpen], [e].[OwnerLoginId], [e].[_RowVersion], [e].[ShowAsTest], [e].[ShowFullReport], [e].[SmsText], [e].[TallyStatus], [e].[UseCallInButton], [e].[VotingMethods]
FROM [Elections] AS [e]
WHERE [e].[ElectionGuid] = @electionGuid Microsoft.EntityFrameworkCore.Database.Command
[17:01:49 INF] [] Executed DbCommand (7ms) [Parameters=[@electionGuid='ff8326b1-4348-466f-b927-1b439e0764e4'], CommandType='Text', CommandTimeout='30']
SELECT [r].[_RowId], [r].[CloseToNext], [r].[CloseToPrev], [r].[ElectionGuid], [r].[ForceShowInOther], [r].[IsTieResolved], [r].[IsTied], [r].[PersonGuid], [r].[Rank], [r].[RankInExtra], [r].[Section], [r].[TieBreakCount], [r].[TieBreakGroup], [r].[TieBreakRequired], [r].[VoteCount], [p].[_RowId], [p].[AgeGroup], [p].[Area], [p].[BahaiId], [p].[CanReceiveVotes], [p].[CanVote], [p].[CombinedInfo], [p].[CombinedInfoAtStart], [p].[CombinedSoundCodes], [p].[ElectionGuid], [p].[Email], [p].[EnvNum], [p].[FirstName], [p].[Flags], [p].[_FullName], [p].[_FullNameFL], [p].[HasOnlineBallot], [p].[IneligibleReasonGuid], [p].[KioskCode], [p].[LastName], [p].[OtherInfo], [p].[OtherLastNames], [p].[OtherNames], [p].[PersonGuid], [p].[Phone], [p].[RegistrationTime], [p].[_RowVersion], [p].[_RowVersionInt], [p].[Teller1], [p].[Teller2], [p].[UnitName], [p].[VotingLocationGuid], [p].[VotingMethod]
FROM [Results] AS [r]
INNER JOIN [People] AS [p] ON [r].[PersonGuid] = [p].[PersonGuid]
WHERE [r].[ElectionGuid] = @electionGuid
ORDER BY [r].[Rank] Microsoft.EntityFrameworkCore.Database.Command
[17:01:49 INF] [] Request starting HTTP/1.1 POST http://localhost/api/auth/login - application/json; charset=utf-8 51 Microsoft.AspNetCore.Hosting.Diagnostics
[17:01:49 INF] [] JWT Message received - Header: False, HasBearer: False, TokenLength: 0, ActualHeader: '' 
[17:01:49 INF] [] Executing endpoint 'TallyJ4.Backend.Controllers.AuthController.Login (TallyJ4)' Microsoft.AspNetCore.Routing.EndpointMiddleware
[17:01:49 INF] [] Route matched with {action = "Login", controller = "Auth"}. Executing controller action with signature System.Threading.Tasks.Task`1[Microsoft.AspNetCore.Mvc.IActionResult] Login(TallyJ4.Application.DTOs.Auth.LoginRequest) on controller TallyJ4.Backend.Controllers.AuthController (TallyJ4). Microsoft.AspNetCore.Mvc.Infrastructure.ControllerActionInvoker
[17:01:49 INF] [] Executed DbCommand (2ms) [Parameters=[@electionGuid='ff8326b1-4348-466f-b927-1b439e0764e4'], CommandType='Text', CommandTimeout='30']
SELECT TOP(1) [e].[_RowId], [e].[CanReceive], [e].[CanVote], [e].[Convenor], [e].[CustomMethods], [e].[DateOfElection], [e].[ElectionGuid], [e].[ElectionMode], [e].[ElectionPasscode], [e].[ElectionType], [e].[EmailFromAddress], [e].[EmailFromName], [e].[EmailSubject], [e].[EmailText], [e].[Flags], [e].[HidePreBallotPages], [e].[LastEnvNum], [e].[LinkedElectionGuid], [e].[LinkedElectionKind], [e].[ListForPublic], [e].[ListedForPublicAsOf], [e].[MaskVotingMethod], [e].[Name], [e].[NumberExtra], [e].[NumberToElect], [e].[OnlineAnnounced], [e].[OnlineCloseIsEstimate], [e].[OnlineSelectionProcess], [e].[OnlineWhenClose], [e].[OnlineWhenOpen], [e].[OwnerLoginId], [e].[_RowVersion], [e].[ShowAsTest], [e].[ShowFullReport], [e].[SmsText], [e].[TallyStatus], [e].[UseCallInButton], [e].[VotingMethods]
FROM [Elections] AS [e]
WHERE [e].[ElectionGuid] = @electionGuid Microsoft.EntityFrameworkCore.Database.Command
[17:01:49 INF] [] Executed DbCommand (2ms) [Parameters=[@electionGuid='ff8326b1-4348-466f-b927-1b439e0764e4'], CommandType='Text', CommandTimeout='30']
SELECT TOP(1) [r].[_RowId], [r].[BallotsNeedingReview], [r].[BallotsReceived], [r].[CalledInBallots], [r].[Custom1Ballots], [r].[Custom2Ballots], [r].[Custom3Ballots], [r].[DroppedOffBallots], [r].[ElectionGuid], [r].[ImportedBallots], [r].[InPersonBallots], [r].[MailedInBallots], [r].[NumEligibleToVote], [r].[NumVoters], [r].[OnlineBallots], [r].[ResultType], [r].[SpoiledBallots], [r].[SpoiledManualBallots], [r].[SpoiledVotes], [r].[TotalVotes], [r].[UseOnReports]
FROM [ResultSummaries] AS [r]
WHERE [r].[ElectionGuid] = @electionGuid Microsoft.EntityFrameworkCore.Database.Command
[17:01:49 INF] [] Executed DbCommand (2ms) [Parameters=[@normalizedEmail='ADMIN@TALLYJ.COM' (Size = 256)], CommandType='Text', CommandTimeout='30']
SELECT TOP(2) [a].[Id], [a].[AccessFailedCount], [a].[AuthMethod], [a].[ConcurrencyStamp], [a].[Email], [a].[EmailConfirmed], [a].[GoogleId], [a].[LockoutEnabled], [a].[LockoutEnd], [a].[NormalizedEmail], [a].[NormalizedUserName], [a].[PasswordHash], [a].[PasswordResetExpiry], [a].[PasswordResetToken], [a].[PhoneNumber], [a].[PhoneNumberConfirmed], [a].[SecurityStamp], [a].[TwoFactorEnabled], [a].[UserName]
FROM [AspNetUsers] AS [a]
WHERE [a].[NormalizedEmail] = @normalizedEmail Microsoft.EntityFrameworkCore.Database.Command
[17:01:49 INF] [] Executed DbCommand (4ms) [Parameters=[@electionGuid='ff8326b1-4348-466f-b927-1b439e0764e4'], CommandType='Text', CommandTimeout='30']
SELECT COUNT(*)
FROM [People] AS [p]
WHERE [p].[ElectionGuid] = @electionGuid AND [p].[CanVote] = CAST(1 AS bit) Microsoft.EntityFrameworkCore.Database.Command
[17:01:49 INF] [] Executed DbCommand (3ms) [Parameters=[@electionGuid='ff8326b1-4348-466f-b927-1b439e0764e4'], CommandType='Text', CommandTimeout='30']
SELECT COUNT(*)
FROM [People] AS [p]
WHERE [p].[ElectionGuid] = @electionGuid AND [p].[CanReceiveVotes] = CAST(1 AS bit) Microsoft.EntityFrameworkCore.Database.Command
[17:01:49 INF] [] Executing OkObjectResult, writing value of type 'TallyJ4.DTOs.Results.TallyResultDto'. Microsoft.AspNetCore.Mvc.Infrastructure.ObjectResultExecutor
[17:01:49 INF] [] Executed action TallyJ4.Controllers.ResultsController.GetResults (TallyJ4) in 26.5829ms Microsoft.AspNetCore.Mvc.Infrastructure.ControllerActionInvoker
[17:01:49 INF] [] Executed endpoint 'TallyJ4.Controllers.ResultsController.GetResults (TallyJ4)' Microsoft.AspNetCore.Routing.EndpointMiddleware
[17:01:49 INF] [] Request finished HTTP/1.1 GET http://localhost/api/results/election/ff8326b1-4348-466f-b927-1b439e0764e4 - 200 null application/json; charset=utf-8 33.2981ms Microsoft.AspNetCore.Hosting.Diagnostics
  Passed TallyJ4.Tests.IntegrationTests.ResultsControllerTests.GetFinal_ReturnsOnlyElectedAndExtraSections [6 s]
  Passed TallyJ4.Tests.IntegrationTests.ElectionsControllerTests.DeleteElection_WithValidGuid_ReturnsNoContent [258 ms]
  Passed TallyJ4.Tests.IntegrationTests.ElectionsControllerTests.GetElections_WithoutAuth_ReturnsUnauthorized [8 ms]
  Passed TallyJ4.Tests.IntegrationTests.ElectionsControllerTests.GetElectionById_WithInvalidGuid_ReturnsNotFound [220 ms]
  Passed TallyJ4.Tests.IntegrationTests.ResultsControllerTests.GetSummary_WithCalculatedResults_ReturnsOkWithStatistics [460 ms]
  Passed TallyJ4.Tests.IntegrationTests.ElectionsControllerTests.GetElectionById_WithValidGuid_ReturnsElection [189 ms]
  Passed TallyJ4.Tests.IntegrationTests.ElectionsControllerTests.GetElections_ReturnsPaginatedResponse [182 ms]
  Passed TallyJ4.Tests.IntegrationTests.ResultsControllerTests.GetResults_WithExistingResults_ReturnsOk [368 ms]
[17:01:49 INF] [] Executed DbCommand (2ms) [Parameters=[@normalizedEmail='ADMIN@TALLYJ.COM' (Size = 256)], CommandType='Text', CommandTimeout='30']
SELECT TOP(2) [a].[Id], [a].[AccessFailedCount], [a].[AuthMethod], [a].[ConcurrencyStamp], [a].[Email], [a].[EmailConfirmed], [a].[GoogleId], [a].[LockoutEnabled], [a].[LockoutEnd], [a].[NormalizedEmail], [a].[NormalizedUserName], [a].[PasswordHash], [a].[PasswordResetExpiry], [a].[PasswordResetToken], [a].[PhoneNumber], [a].[PhoneNumberConfirmed], [a].[SecurityStamp], [a].[TwoFactorEnabled], [a].[UserName]
FROM [AspNetUsers] AS [a]
WHERE [a].[NormalizedEmail] = @normalizedEmail Microsoft.EntityFrameworkCore.Database.Command
[17:01:49 INF] [] Executed DbCommand (3ms) [Parameters=[@p0='2026-02-01T00:01:49.8819429Z', @p1='2026-03-03T00:01:49.8819423Z', @p2='False', @p3=NULL (Size = 4000), @p4=NULL (Size = 4000), @p5='VYzbj3duDsmEgBcHiXL5P5/QrtSprnfRTfj//dqVP+0=' (Nullable = false) (Size = 200), @p6='42b1eb96-0f4d-470c-ac86-d20959443bd4' (Nullable = false) (Size = 450)], CommandType='Text', CommandTimeout='30']
SET IMPLICIT_TRANSACTIONS OFF;
SET NOCOUNT ON;
INSERT INTO [RefreshToken] ([CreatedAt], [ExpiresAt], [IsRevoked], [ReplacedByToken], [RevokedReason], [Token], [UserId])
OUTPUT INSERTED.[_RowId], INSERTED.[_RowVersion]
VALUES (@p0, @p1, @p2, @p3, @p4, @p5, @p6); Microsoft.EntityFrameworkCore.Database.Command
[17:01:49 INF] [] Executing OkObjectResult, writing value of type 'TallyJ4.Application.DTOs.Auth.AuthResponse'. Microsoft.AspNetCore.Mvc.Infrastructure.ObjectResultExecutor
[17:01:49 INF] [] Executed action TallyJ4.Backend.Controllers.AuthController.Login (TallyJ4) in 67.0368ms Microsoft.AspNetCore.Mvc.Infrastructure.ControllerActionInvoker
[17:01:49 INF] [] Executed endpoint 'TallyJ4.Backend.Controllers.AuthController.Login (TallyJ4)' Microsoft.AspNetCore.Routing.EndpointMiddleware
[TEST] Got auth token: eyJhbGciOiJIUzI1NiIsInR5cCI6IkpXVCJ9.eyJzdWIiOiI0M...
[17:01:49 INF] [] Request finished HTTP/1.1 POST http://localhost/api/auth/login - 200 null application/json; charset=utf-8 67.7064ms Microsoft.AspNetCore.Hosting.Diagnostics
[TEST] SetAuthToken called with token length: 355, starts with 'eyJ': True
[TEST] Client.DefaultRequestHeaders.Authorization set to: Bearer eyJhbGciOiJIUzI1NiIsInR5cCI6IkpXVCJ9.eyJzdWIiOiI0MmIxZWI5Ni0wZjRkLTQ3MGMtYWM4Ni1kMjA5NTk0NDNiZDQiLCJlbWFpbCI6ImFkbWluQHRhbGx5ai5jb20iLCJhdXRoTWV0aG9kIjoiTG9jYWwiLCJqdGkiOiIwMTczOTljNy1iMjNlLTQxMjMtODBmNi01YWYzOTA5YTk2YzAiLCJleHAiOjE3Njk5MDc3MDksImlzcyI6IlRhbGx5SjRUZXN0QVBJIiwiYXVkIjoiVGFsbHlKNFRlc3RDbGllbnQifQ.xVB8zNwKUM0GBrf0RsFAkrlAXWm-YF_CIoLr_uNCJyY
[TEST] POST /api/elections with auth header: Bearer eyJhbGciOiJIUzI1NiIsInR5cCI6Ik...
[17:01:49 INF] [] Request starting HTTP/1.1 POST http://localhost/api/elections - application/json; charset=utf-8 188 Microsoft.AspNetCore.Hosting.Diagnostics
[17:01:49 INF] [] JWT Message received - Header: True, HasBearer: True, TokenLength: 355, ActualHeader: 'Bearer eyJhbGciOiJIUzI1NiIsInR5cCI6IkpXVCJ9.eyJzdWIiOiI0MmIxZWI5Ni0wZjRkLTQ3MGMtYWM4Ni1kMjA5NTk0NDNi...' 
[17:01:49 INF] [] JWT Token validated successfully for user: 42b1eb96-0f4d-470c-ac86-d20959443bd4 
[17:01:49 INF] [] Executing endpoint 'TallyJ4.Backend.Controllers.ElectionsController.CreateElection (TallyJ4)' Microsoft.AspNetCore.Routing.EndpointMiddleware
[17:01:49 INF] [] Route matched with {action = "CreateElection", controller = "Elections"}. Executing controller action with signature System.Threading.Tasks.Task`1[Microsoft.AspNetCore.Mvc.ActionResult`1[TallyJ4.Models.ApiResponse`1[TallyJ4.DTOs.Elections.ElectionDto]]] CreateElection(TallyJ4.DTOs.Elections.CreateElectionDto) on controller TallyJ4.Backend.Controllers.ElectionsController (TallyJ4). Microsoft.AspNetCore.Mvc.Infrastructure.ControllerActionInvoker
[17:01:49 INF] [] Executing BadRequestObjectResult, writing value of type 'Microsoft.AspNetCore.Mvc.ValidationProblemDetails'. Microsoft.AspNetCore.Mvc.Infrastructure.ObjectResultExecutor
[17:01:49 INF] [] Request starting HTTP/1.1 POST http://localhost/api/auth/login - application/json; charset=utf-8 51 Microsoft.AspNetCore.Hosting.Diagnostics
[17:01:49 INF] [] JWT Message received - Header: False, HasBearer: False, TokenLength: 0, ActualHeader: '' 
[17:01:49 INF] [] Executing endpoint 'TallyJ4.Backend.Controllers.AuthController.Login (TallyJ4)' Microsoft.AspNetCore.Routing.EndpointMiddleware
[17:01:49 INF] [] Route matched with {action = "Login", controller = "Auth"}. Executing controller action with signature System.Threading.Tasks.Task`1[Microsoft.AspNetCore.Mvc.IActionResult] Login(TallyJ4.Application.DTOs.Auth.LoginRequest) on controller TallyJ4.Backend.Controllers.AuthController (TallyJ4). Microsoft.AspNetCore.Mvc.Infrastructure.ControllerActionInvoker
[17:01:49 INF] [] Executed DbCommand (2ms) [Parameters=[@normalizedEmail='ADMIN@TALLYJ.COM' (Size = 256)], CommandType='Text', CommandTimeout='30']
SELECT TOP(2) [a].[Id], [a].[AccessFailedCount], [a].[AuthMethod], [a].[ConcurrencyStamp], [a].[Email], [a].[EmailConfirmed], [a].[GoogleId], [a].[LockoutEnabled], [a].[LockoutEnd], [a].[NormalizedEmail], [a].[NormalizedUserName], [a].[PasswordHash], [a].[PasswordResetExpiry], [a].[PasswordResetToken], [a].[PhoneNumber], [a].[PhoneNumberConfirmed], [a].[SecurityStamp], [a].[TwoFactorEnabled], [a].[UserName]
FROM [AspNetUsers] AS [a]
WHERE [a].[NormalizedEmail] = @normalizedEmail Microsoft.EntityFrameworkCore.Database.Command
[17:01:49 INF] [] Executed action TallyJ4.Backend.Controllers.ElectionsController.CreateElection (TallyJ4) in 19.4617ms Microsoft.AspNetCore.Mvc.Infrastructure.ControllerActionInvoker
[17:01:49 INF] [] Executed endpoint 'TallyJ4.Backend.Controllers.ElectionsController.CreateElection (TallyJ4)' Microsoft.AspNetCore.Routing.EndpointMiddleware
[17:01:49 INF] [] Request finished HTTP/1.1 POST http://localhost/api/elections - 400 null application/problem+json; charset=utf-8 20.9543ms Microsoft.AspNetCore.Hosting.Diagnostics
[17:01:49 INF] [] Executed DbCommand (3ms) [Parameters=[@p0='2026-02-01T00:01:49.9612887Z', @p1='2026-03-03T00:01:49.9612880Z', @p2='False', @p3=NULL (Size = 4000), @p4=NULL (Size = 4000), @p5='XtQyDVWN80kf5kFbkAq5Pr8AtVZHbTAGn5uVoW5qVGU=' (Nullable = false) (Size = 200), @p6='8db6f7f8-61a4-48ea-938e-4117e78f2950' (Nullable = false) (Size = 450)], CommandType='Text', CommandTimeout='30']
SET IMPLICIT_TRANSACTIONS OFF;
SET NOCOUNT ON;
INSERT INTO [RefreshToken] ([CreatedAt], [ExpiresAt], [IsRevoked], [ReplacedByToken], [RevokedReason], [Token], [UserId])
OUTPUT INSERTED.[_RowId], INSERTED.[_RowVersion]
VALUES (@p0, @p1, @p2, @p3, @p4, @p5, @p6); Microsoft.EntityFrameworkCore.Database.Command
[17:01:49 INF] [] Executing OkObjectResult, writing value of type 'TallyJ4.Application.DTOs.Auth.AuthResponse'. Microsoft.AspNetCore.Mvc.Infrastructure.ObjectResultExecutor
[17:01:49 INF] [] Executed action TallyJ4.Backend.Controllers.AuthController.Login (TallyJ4) in 66.3707ms Microsoft.AspNetCore.Mvc.Infrastructure.ControllerActionInvoker
[17:01:49 INF] [] Executed endpoint 'TallyJ4.Backend.Controllers.AuthController.Login (TallyJ4)' Microsoft.AspNetCore.Routing.EndpointMiddleware
[TEST] Got auth token: eyJhbGciOiJIUzI1NiIsInR5cCI6IkpXVCJ9.eyJzdWIiOiI4Z...
[17:01:49 INF] [] Request finished HTTP/1.1 POST http://localhost/api/auth/login - 200 null application/json; charset=utf-8 66.9338ms Microsoft.AspNetCore.Hosting.Diagnostics
[TEST] SetAuthToken called with token length: 355, starts with 'eyJ': True
[TEST] Client.DefaultRequestHeaders.Authorization set to: Bearer eyJhbGciOiJIUzI1NiIsInR5cCI6IkpXVCJ9.eyJzdWIiOiI4ZGI2ZjdmOC02MWE0LTQ4ZWEtOTM4ZS00MTE3ZTc4ZjI5NTAiLCJlbWFpbCI6ImFkbWluQHRhbGx5ai5jb20iLCJhdXRoTWV0aG9kIjoiTG9jYWwiLCJqdGkiOiI0NDA4ZjI0NS03ZmQ2LTRlMWQtYWM1MC0yNDJkMDhlZDJmOTciLCJleHAiOjE3Njk5MDc3MDksImlzcyI6IlRhbGx5SjRUZXN0QVBJIiwiYXVkIjoiVGFsbHlKNFRlc3RDbGllbnQifQ.7n08c4fQsIB5gKQb1zJm1gqxROeZD-xSx-ocNQS6n0Y
[TEST] POST /api/elections with auth header: Bearer eyJhbGciOiJIUzI1NiIsInR5cCI6Ik...
[17:01:49 INF] [] Request starting HTTP/1.1 POST http://localhost/api/elections - application/json; charset=utf-8 239 Microsoft.AspNetCore.Hosting.Diagnostics
[17:01:49 INF] [] JWT Message received - Header: True, HasBearer: True, TokenLength: 355, ActualHeader: 'Bearer eyJhbGciOiJIUzI1NiIsInR5cCI6IkpXVCJ9.eyJzdWIiOiI4ZGI2ZjdmOC02MWE0LTQ4ZWEtOTM4ZS00MTE3ZTc4ZjI5...' 
[17:01:49 INF] [] JWT Token validated successfully for user: 8db6f7f8-61a4-48ea-938e-4117e78f2950 
[17:01:49 INF] [] Executing endpoint 'TallyJ4.Backend.Controllers.ElectionsController.CreateElection (TallyJ4)' Microsoft.AspNetCore.Routing.EndpointMiddleware
[17:01:49 INF] [] Route matched with {action = "CreateElection", controller = "Elections"}. Executing controller action with signature System.Threading.Tasks.Task`1[Microsoft.AspNetCore.Mvc.ActionResult`1[TallyJ4.Models.ApiResponse`1[TallyJ4.DTOs.Elections.ElectionDto]]] CreateElection(TallyJ4.DTOs.Elections.CreateElectionDto) on controller TallyJ4.Backend.Controllers.ElectionsController (TallyJ4). Microsoft.AspNetCore.Mvc.Infrastructure.ControllerActionInvoker
[17:01:49 INF] [] Executed DbCommand (3ms) [Parameters=[@p0=NULL (Size = 1) (DbType = AnsiString), @p1=NULL (Size = 1) (DbType = AnsiString), @p2=NULL (Size = 150), @p3=NULL (Size = 50), @p4='2026-03-03T00:01:49.9658417Z' (Nullable = true), @p5='5c626189-4aad-4783-8164-8c8a8a41c8c0', @p6=NULL (Size = 1) (DbType = AnsiString), @p7=NULL (Size = 50), @p8='STV' (Size = 5) (DbType = AnsiString), @p9=NULL (Size = 250), @p10=NULL (Size = 100), @p11=NULL (Size = 250), @p12=NULL (Size = 4000), @p13=NULL (Size = 4000), @p14=NULL (DbType = Boolean), @p15=NULL (DbType = Int32), @p16=NULL (DbType = Guid), @p17=NULL (Size = 2) (DbType = AnsiString), @p18=NULL (DbType = Boolean), @p19=NULL (DbType = DateTime2), @p20=NULL (DbType = Boolean), @p21='Test Election for Results' (Nullable = false) (Size = 150), @p22=NULL (DbType = Int32), @p23='3' (Nullable = true), @p24=NULL (DbType = DateTime2), @p25='False', @p26=NULL (Size = 1) (DbType = AnsiString), @p27=NULL (DbType = DateTime2), @p28=NULL (DbType = DateTime2), @p29=NULL (Size = 50) (DbType = AnsiString), @p30=NULL (DbType = Boolean), @p31=NULL (DbType = Boolean), @p32=NULL (Size = 500), @p33='Setup' (Size = 15) (DbType = AnsiString), @p34=NULL (DbType = Boolean), @p35=NULL (Size = 10) (DbType = AnsiString)], CommandType='Text', CommandTimeout='30']
SET IMPLICIT_TRANSACTIONS OFF;
SET NOCOUNT ON;
INSERT INTO [Elections] ([CanReceive], [CanVote], [Convenor], [CustomMethods], [DateOfElection], [ElectionGuid], [ElectionMode], [ElectionPasscode], [ElectionType], [EmailFromAddress], [EmailFromName], [EmailSubject], [EmailText], [Flags], [HidePreBallotPages], [LastEnvNum], [LinkedElectionGuid], [LinkedElectionKind], [ListForPublic], [ListedForPublicAsOf], [MaskVotingMethod], [Name], [NumberExtra], [NumberToElect], [OnlineAnnounced], [OnlineCloseIsEstimate], [OnlineSelectionProcess], [OnlineWhenClose], [OnlineWhenOpen], [OwnerLoginId], [ShowAsTest], [ShowFullReport], [SmsText], [TallyStatus], [UseCallInButton], [VotingMethods])
OUTPUT INSERTED.[_RowId], INSERTED.[_RowVersion]
VALUES (@p0, @p1, @p2, @p3, @p4, @p5, @p6, @p7, @p8, @p9, @p10, @p11, @p12, @p13, @p14, @p15, @p16, @p17, @p18, @p19, @p20, @p21, @p22, @p23, @p24, @p25, @p26, @p27, @p28, @p29, @p30, @p31, @p32, @p33, @p34, @p35); Microsoft.EntityFrameworkCore.Database.Command
[17:01:49 INF] [] Executed DbCommand (2ms) [Parameters=[@p0='5c626189-4aad-4783-8164-8c8a8a41c8c0', @p1=NULL (Size = 150), @p2=NULL (DbType = DateTime2), @p3='Admin' (Size = 10) (DbType = AnsiString), @p4='8db6f7f8-61a4-48ea-938e-4117e78f2950'], CommandType='Text', CommandTimeout='30']
SET IMPLICIT_TRANSACTIONS OFF;
SET NOCOUNT ON;
INSERT INTO [JoinElectionUsers] ([ElectionGuid], [InviteEmail], [InviteWhen], [Role], [UserId])
OUTPUT INSERTED.[_RowId]
VALUES (@p0, @p1, @p2, @p3, @p4); Microsoft.EntityFrameworkCore.Database.Command
[17:01:49 INF] [] Created election 5c626189-4aad-4783-8164-8c8a8a41c8c0 - Test Election for Results TallyJ4.Services.ElectionService
[17:01:49 INF] [] Executed DbCommand (8ms) [Parameters=[@electionGuid='5c626189-4aad-4783-8164-8c8a8a41c8c0'], CommandType='Text', CommandTimeout='30']
SELECT [e0].[_RowId], [e0].[CanReceive], [e0].[CanVote], [e0].[Convenor], [e0].[CustomMethods], [e0].[DateOfElection], [e0].[ElectionGuid], [e0].[ElectionMode], [e0].[ElectionPasscode], [e0].[ElectionType], [e0].[EmailFromAddress], [e0].[EmailFromName], [e0].[EmailSubject], [e0].[EmailText], [e0].[Flags], [e0].[HidePreBallotPages], [e0].[LastEnvNum], [e0].[LinkedElectionGuid], [e0].[LinkedElectionKind], [e0].[ListForPublic], [e0].[ListedForPublicAsOf], [e0].[MaskVotingMethod], [e0].[Name], [e0].[NumberExtra], [e0].[NumberToElect], [e0].[OnlineAnnounced], [e0].[OnlineCloseIsEstimate], [e0].[OnlineSelectionProcess], [e0].[OnlineWhenClose], [e0].[OnlineWhenOpen], [e0].[OwnerLoginId], [e0].[_RowVersion], [e0].[ShowAsTest], [e0].[ShowFullReport], [e0].[SmsText], [e0].[TallyStatus], [e0].[UseCallInButton], [e0].[VotingMethods], [p].[_RowId], [p].[AgeGroup], [p].[Area], [p].[BahaiId], [p].[CanReceiveVotes], [p].[CanVote], [p].[CombinedInfo], [p].[CombinedInfoAtStart], [p].[CombinedSoundCodes], [p].[ElectionGuid], [p].[Email], [p].[EnvNum], [p].[FirstName], [p].[Flags], [p].[_FullName], [p].[_FullNameFL], [p].[HasOnlineBallot], [p].[IneligibleReasonGuid], [p].[KioskCode], [p].[LastName], [p].[OtherInfo], [p].[OtherLastNames], [p].[OtherNames], [p].[PersonGuid], [p].[Phone], [p].[RegistrationTime], [p].[_RowVersion], [p].[_RowVersionInt], [p].[Teller1], [p].[Teller2], [p].[UnitName], [p].[VotingLocationGuid], [p].[VotingMethod], [s].[_RowId], [s].[BallotsCollected], [s].[ContactInfo], [s].[ElectionGuid], [s].[Lat], [s].[LocationGuid], [s].[Long], [s].[Name], [s].[SortOrder], [s].[TallyStatus], [s].[_RowId0], [s].[_BallotCode], [s].[BallotGuid], [s].[BallotNumAtComputer], [s].[ComputerCode], [s].[LocationGuid0], [s].[_RowVersion], [s].[StatusCode], [s].[Teller1], [s].[Teller2]
FROM (
    SELECT TOP(1) [e].[_RowId], [e].[CanReceive], [e].[CanVote], [e].[Convenor], [e].[CustomMethods], [e].[DateOfElection], [e].[ElectionGuid], [e].[ElectionMode], [e].[ElectionPasscode], [e].[ElectionType], [e].[EmailFromAddress], [e].[EmailFromName], [e].[EmailSubject], [e].[EmailText], [e].[Flags], [e].[HidePreBallotPages], [e].[LastEnvNum], [e].[LinkedElectionGuid], [e].[LinkedElectionKind], [e].[ListForPublic], [e].[ListedForPublicAsOf], [e].[MaskVotingMethod], [e].[Name], [e].[NumberExtra], [e].[NumberToElect], [e].[OnlineAnnounced], [e].[OnlineCloseIsEstimate], [e].[OnlineSelectionProcess], [e].[OnlineWhenClose], [e].[OnlineWhenOpen], [e].[OwnerLoginId], [e].[_RowVersion], [e].[ShowAsTest], [e].[ShowFullReport], [e].[SmsText], [e].[TallyStatus], [e].[UseCallInButton], [e].[VotingMethods]
    FROM [Elections] AS [e]
    WHERE [e].[ElectionGuid] = @electionGuid
) AS [e0]
LEFT JOIN [People] AS [p] ON [e0].[ElectionGuid] = [p].[ElectionGuid]
LEFT JOIN (
    SELECT [l].[_RowId], [l].[BallotsCollected], [l].[ContactInfo], [l].[ElectionGuid], [l].[Lat], [l].[LocationGuid], [l].[Long], [l].[Name], [l].[SortOrder], [l].[TallyStatus], [b].[_RowId] AS [_RowId0], [b].[_BallotCode], [b].[BallotGuid], [b].[BallotNumAtComputer], [b].[ComputerCode], [b].[LocationGuid] AS [LocationGuid0], [b].[_RowVersion], [b].[StatusCode], [b].[Teller1], [b].[Teller2]
    FROM [Locations] AS [l]
    LEFT JOIN [Ballots] AS [b] ON [l].[LocationGuid] = [b].[LocationGuid]
) AS [s] ON [e0].[ElectionGuid] = [s].[ElectionGuid]
ORDER BY [e0].[_RowId], [p].[_RowId], [s].[_RowId] Microsoft.EntityFrameworkCore.Database.Command
[17:01:49 INF] [] Executing CreatedAtActionResult, writing value of type 'TallyJ4.Models.ApiResponse`1[[TallyJ4.DTOs.Elections.ElectionDto, TallyJ4, Version=1.0.0.0, Culture=neutral, PublicKeyToken=null]]'. Microsoft.AspNetCore.Mvc.Infrastructure.ObjectResultExecutor
[17:01:49 INF] [] Executed action TallyJ4.Backend.Controllers.ElectionsController.CreateElection (TallyJ4) in 17.434ms Microsoft.AspNetCore.Mvc.Infrastructure.ControllerActionInvoker
[17:01:49 INF] [] Executed endpoint 'TallyJ4.Backend.Controllers.ElectionsController.CreateElection (TallyJ4)' Microsoft.AspNetCore.Routing.EndpointMiddleware
[17:01:49 INF] [] Request finished HTTP/1.1 POST http://localhost/api/elections - 201 null application/json; charset=utf-8 18.3906ms Microsoft.AspNetCore.Hosting.Diagnostics
[17:01:49 INF] [] Executed DbCommand (2ms) [Parameters=[@p0=NULL (DbType = Int32), @p1=NULL (Size = 250), @p2='5c626189-4aad-4783-8164-8c8a8a41c8c0', @p3=NULL (Size = 50) (DbType = AnsiString), @p4='6669ae1a-d37d-49b6-ac72-f91b47a08084', @p5=NULL (Size = 50) (DbType = AnsiString), @p6='Test Location' (Nullable = false) (Size = 50), @p7=NULL (DbType = Int32), @p8=NULL (Size = 15) (DbType = AnsiString)], CommandType='Text', CommandTimeout='30']
SET IMPLICIT_TRANSACTIONS OFF;
SET NOCOUNT ON;
INSERT INTO [Locations] ([BallotsCollected], [ContactInfo], [ElectionGuid], [Lat], [LocationGuid], [Long], [Name], [SortOrder], [TallyStatus])
OUTPUT INSERTED.[_RowId]
VALUES (@p0, @p1, @p2, @p3, @p4, @p5, @p6, @p7, @p8); Microsoft.EntityFrameworkCore.Database.Command
[17:01:50 INF] [] Executed DbCommand (30ms) [Parameters=[@p0=NULL (Size = 2) (DbType = AnsiString), @p1=NULL (Size = 50), @p2=NULL (Size = 20) (DbType = AnsiString), @p3='True' (Nullable = true), @p4=NULL (DbType = Boolean), @p5=NULL (Size = 4000), @p6=NULL (Size = 4000), @p7=NULL (Size = 8000) (DbType = AnsiString), @p8='5c626189-4aad-4783-8164-8c8a8a41c8c0', @p9=NULL (Size = 250), @p10=NULL (DbType = Int32), @p11='Alice' (Size = 50), @p12=NULL (Size = 100) (DbType = AnsiString), @p13=NULL (DbType = Boolean), @p14=NULL (DbType = Guid), @p15=NULL (Size = 10) (DbType = AnsiString), @p16='Anderson' (Nullable = false) (Size = 50), @p17=NULL (Size = 150), @p18=NULL (Size = 100), @p19=NULL (Size = 100), @p20='4c465105-5ea3-47a1-978f-23d556011b55', @p21=NULL (Size = 25) (DbType = AnsiString), @p22=NULL (DbType = DateTime2), @p23=NULL (Size = 25), @p24=NULL (Size = 25), @p25=NULL (Size = 100) (DbType = AnsiString), @p26=NULL (DbType = Guid), @p27=NULL (Size = 1) (DbType = AnsiString), @p28=NULL (Size = 2) (DbType = AnsiString), @p29=NULL (Size = 50), @p30=NULL (Size = 20) (DbType = AnsiString), @p31='True' (Nullable = true), @p32=NULL (DbType = Boolean), @p33=NULL (Size = 4000), @p34=NULL (Size = 4000), @p35=NULL (Size = 8000) (DbType = AnsiString), @p36='5c626189-4aad-4783-8164-8c8a8a41c8c0', @p37=NULL (Size = 250), @p38=NULL (DbType = Int32), @p39='Bob' (Size = 50), @p40=NULL (Size = 100) (DbType = AnsiString), @p41=NULL (DbType = Boolean), @p42=NULL (DbType = Guid), @p43=NULL (Size = 10) (DbType = AnsiString), @p44='Brown' (Nullable = false) (Size = 50), @p45=NULL (Size = 150), @p46=NULL (Size = 100), @p47=NULL (Size = 100), @p48='71310501-2668-4fcf-828c-d8e3a9b3158d', @p49=NULL (Size = 25) (DbType = AnsiString), @p50=NULL (DbType = DateTime2), @p51=NULL (Size = 25), @p52=NULL (Size = 25), @p53=NULL (Size = 100) (DbType = AnsiString), @p54=NULL (DbType = Guid), @p55=NULL (Size = 1) (DbType = AnsiString), @p56=NULL (Size = 2) (DbType = AnsiString), @p57=NULL (Size = 50), @p58=NULL (Size = 20) (DbType = AnsiString), @p59='True' (Nullable = true), @p60=NULL (DbType = Boolean), @p61=NULL (Size = 4000), @p62=NULL (Size = 4000), @p63=NULL (Size = 8000) (DbType = AnsiString), @p64='5c626189-4aad-4783-8164-8c8a8a41c8c0', @p65=NULL (Size = 250), @p66=NULL (DbType = Int32), @p67='Carol' (Size = 50), @p68=NULL (Size = 100) (DbType = AnsiString), @p69=NULL (DbType = Boolean), @p70=NULL (DbType = Guid), @p71=NULL (Size = 10) (DbType = AnsiString), @p72='Clark' (Nullable = false) (Size = 50), @p73=NULL (Size = 150), @p74=NULL (Size = 100), @p75=NULL (Size = 100), @p76='12cfd387-8334-4051-b389-2c5ca83024f7', @p77=NULL (Size = 25) (DbType = AnsiString), @p78=NULL (DbType = DateTime2), @p79=NULL (Size = 25), @p80=NULL (Size = 25), @p81=NULL (Size = 100) (DbType = AnsiString), @p82=NULL (DbType = Guid), @p83=NULL (Size = 1) (DbType = AnsiString), @p84=NULL (Size = 2) (DbType = AnsiString), @p85=NULL (Size = 50), @p86=NULL (Size = 20) (DbType = AnsiString), @p87='True' (Nullable = true), @p88=NULL (DbType = Boolean), @p89=NULL (Size = 4000), @p90=NULL (Size = 4000), @p91=NULL (Size = 8000) (DbType = AnsiString), @p92='5c626189-4aad-4783-8164-8c8a8a41c8c0', @p93=NULL (Size = 250), @p94=NULL (DbType = Int32), @p95='David' (Size = 50), @p96=NULL (Size = 100) (DbType = AnsiString), @p97=NULL (DbType = Boolean), @p98=NULL (DbType = Guid), @p99=NULL (Size = 10) (DbType = AnsiString), @p100='Davis' (Nullable = false) (Size = 50), @p101=NULL (Size = 150), @p102=NULL (Size = 100), @p103=NULL (Size = 100), @p104='0d5941c4-7218-4140-b444-10d30fdca2da', @p105=NULL (Size = 25) (DbType = AnsiString), @p106=NULL (DbType = DateTime2), @p107=NULL (Size = 25), @p108=NULL (Size = 25), @p109=NULL (Size = 100) (DbType = AnsiString), @p110=NULL (DbType = Guid), @p111=NULL (Size = 1) (DbType = AnsiString), @p112=NULL (Size = 2) (DbType = AnsiString), @p113=NULL (Size = 50), @p114=NULL (Size = 20) (DbType = AnsiString), @p115='True' (Nullable = true), @p116=NULL (DbType = Boolean), @p117=NULL (Size = 4000), @p118=NULL (Size = 4000), @p119=NULL (Size = 8000) (DbType = AnsiString), @p120='5c626189-4aad-4783-8164-8c8a8a41c8c0', @p121=NULL (Size = 250), @p122=NULL (DbType = Int32), @p123='Eve' (Size = 50), @p124=NULL (Size = 100) (DbType = AnsiString), @p125=NULL (DbType = Boolean), @p126=NULL (DbType = Guid), @p127=NULL (Size = 10) (DbType = AnsiString), @p128='Evans' (Nullable = false) (Size = 50), @p129=NULL (Size = 150), @p130=NULL (Size = 100), @p131=NULL (Size = 100), @p132='f59068ee-0dca-4acb-b1cf-f928496bbf83', @p133=NULL (Size = 25) (DbType = AnsiString), @p134=NULL (DbType = DateTime2), @p135=NULL (Size = 25), @p136=NULL (Size = 25), @p137=NULL (Size = 100) (DbType = AnsiString), @p138=NULL (DbType = Guid), @p139=NULL (Size = 1) (DbType = AnsiString)], CommandType='Text', CommandTimeout='30']
SET IMPLICIT_TRANSACTIONS OFF;
SET NOCOUNT ON;
MERGE [People] USING (
VALUES (@p0, @p1, @p2, @p3, @p4, @p5, @p6, @p7, @p8, @p9, @p10, @p11, @p12, @p13, @p14, @p15, @p16, @p17, @p18, @p19, @p20, @p21, @p22, @p23, @p24, @p25, @p26, @p27, 0),
(@p28, @p29, @p30, @p31, @p32, @p33, @p34, @p35, @p36, @p37, @p38, @p39, @p40, @p41, @p42, @p43, @p44, @p45, @p46, @p47, @p48, @p49, @p50, @p51, @p52, @p53, @p54, @p55, 1),
(@p56, @p57, @p58, @p59, @p60, @p61, @p62, @p63, @p64, @p65, @p66, @p67, @p68, @p69, @p70, @p71, @p72, @p73, @p74, @p75, @p76, @p77, @p78, @p79, @p80, @p81, @p82, @p83, 2),
(@p84, @p85, @p86, @p87, @p88, @p89, @p90, @p91, @p92, @p93, @p94, @p95, @p96, @p97, @p98, @p99, @p100, @p101, @p102, @p103, @p104, @p105, @p106, @p107, @p108, @p109, @p110, @p111, 3),
(@p112, @p113, @p114, @p115, @p116, @p117, @p118, @p119, @p120, @p121, @p122, @p123, @p124, @p125, @p126, @p127, @p128, @p129, @p130, @p131, @p132, @p133, @p134, @p135, @p136, @p137, @p138, @p139, 4)) AS i ([AgeGroup], [Area], [BahaiId], [CanReceiveVotes], [CanVote], [CombinedInfo], [CombinedInfoAtStart], [CombinedSoundCodes], [ElectionGuid], [Email], [EnvNum], [FirstName], [Flags], [HasOnlineBallot], [IneligibleReasonGuid], [KioskCode], [LastName], [OtherInfo], [OtherLastNames], [OtherNames], [PersonGuid], [Phone], [RegistrationTime], [Teller1], [Teller2], [UnitName], [VotingLocationGuid], [VotingMethod], _Position) ON 1=0
WHEN NOT MATCHED THEN
INSERT ([AgeGroup], [Area], [BahaiId], [CanReceiveVotes], [CanVote], [CombinedInfo], [CombinedInfoAtStart], [CombinedSoundCodes], [ElectionGuid], [Email], [EnvNum], [FirstName], [Flags], [HasOnlineBallot], [IneligibleReasonGuid], [KioskCode], [LastName], [OtherInfo], [OtherLastNames], [OtherNames], [PersonGuid], [Phone], [RegistrationTime], [Teller1], [Teller2], [UnitName], [VotingLocationGuid], [VotingMethod])
VALUES (i.[AgeGroup], i.[Area], i.[BahaiId], i.[CanReceiveVotes], i.[CanVote], i.[CombinedInfo], i.[CombinedInfoAtStart], i.[CombinedSoundCodes], i.[ElectionGuid], i.[Email], i.[EnvNum], i.[FirstName], i.[Flags], i.[HasOnlineBallot], i.[IneligibleReasonGuid], i.[KioskCode], i.[LastName], i.[OtherInfo], i.[OtherLastNames], i.[OtherNames], i.[PersonGuid], i.[Phone], i.[RegistrationTime], i.[Teller1], i.[Teller2], i.[UnitName], i.[VotingLocationGuid], i.[VotingMethod])
OUTPUT INSERTED.[_RowId], INSERTED.[_FullName], INSERTED.[_FullNameFL], INSERTED.[_RowVersion], INSERTED.[_RowVersionInt], i._Position; Microsoft.EntityFrameworkCore.Database.Command
[17:01:50 INF] [] Executed DbCommand (18ms) [Parameters=[@p0='4ab46bc6-287d-4103-8355-c135a9621197', @p1='1', @p2='C1' (Nullable = false) (Size = 2) (DbType = AnsiString), @p3='6669ae1a-d37d-49b6-ac72-f91b47a08084', @p4='Ok' (Nullable = false) (Size = 10) (DbType = AnsiString), @p5=NULL (Size = 25), @p6=NULL (Size = 25), @p7='ed35c028-3488-425b-830d-f5d82e2cf405', @p8='2', @p9='C1' (Nullable = false) (Size = 2) (DbType = AnsiString), @p10='6669ae1a-d37d-49b6-ac72-f91b47a08084', @p11='Ok' (Nullable = false) (Size = 10) (DbType = AnsiString), @p12=NULL (Size = 25), @p13=NULL (Size = 25), @p14='75a24498-8eb5-465c-b4c4-10f67d1a1775', @p15='3', @p16='C1' (Nullable = false) (Size = 2) (DbType = AnsiString), @p17='6669ae1a-d37d-49b6-ac72-f91b47a08084', @p18='Ok' (Nullable = false) (Size = 10) (DbType = AnsiString), @p19=NULL (Size = 25), @p20=NULL (Size = 25), @p21='c8db6c1d-f621-46aa-8a5c-48f3e3f9c9e7', @p22='4', @p23='C1' (Nullable = false) (Size = 2) (DbType = AnsiString), @p24='6669ae1a-d37d-49b6-ac72-f91b47a08084', @p25='Ok' (Nullable = false) (Size = 10) (DbType = AnsiString), @p26=NULL (Size = 25), @p27=NULL (Size = 25), @p28='99df596f-12b6-4cd7-8175-faa2bfedd3a2', @p29='5', @p30='C1' (Nullable = false) (Size = 2) (DbType = AnsiString), @p31='6669ae1a-d37d-49b6-ac72-f91b47a08084', @p32='Ok' (Nullable = false) (Size = 10) (DbType = AnsiString), @p33=NULL (Size = 25), @p34=NULL (Size = 25), @p35='bc526b43-d314-4eb8-a2cd-80af414c3e20', @p36='6', @p37='C1' (Nullable = false) (Size = 2) (DbType = AnsiString), @p38='6669ae1a-d37d-49b6-ac72-f91b47a08084', @p39='Ok' (Nullable = false) (Size = 10) (DbType = AnsiString), @p40=NULL (Size = 25), @p41=NULL (Size = 25), @p42='81ffee45-4f3c-44fa-b5bd-1dab3ad51388', @p43='7', @p44='C1' (Nullable = false) (Size = 2) (DbType = AnsiString), @p45='6669ae1a-d37d-49b6-ac72-f91b47a08084', @p46='Ok' (Nullable = false) (Size = 10) (DbType = AnsiString), @p47=NULL (Size = 25), @p48=NULL (Size = 25), @p49='76d5895f-7db9-4f94-9b4e-e90b265ca045', @p50='8', @p51='C1' (Nullable = false) (Size = 2) (DbType = AnsiString), @p52='6669ae1a-d37d-49b6-ac72-f91b47a08084', @p53='Ok' (Nullable = false) (Size = 10) (DbType = AnsiString), @p54=NULL (Size = 25), @p55=NULL (Size = 25), @p56='10c03339-6ce2-4558-9e4b-b592983cf027', @p57='9', @p58='C1' (Nullable = false) (Size = 2) (DbType = AnsiString), @p59='6669ae1a-d37d-49b6-ac72-f91b47a08084', @p60='Ok' (Nullable = false) (Size = 10) (DbType = AnsiString), @p61=NULL (Size = 25), @p62=NULL (Size = 25), @p63='b6c13fd9-7d52-49e4-a517-a2a25bdfe1c4', @p64='10', @p65='C1' (Nullable = false) (Size = 2) (DbType = AnsiString), @p66='6669ae1a-d37d-49b6-ac72-f91b47a08084', @p67='Ok' (Nullable = false) (Size = 10) (DbType = AnsiString), @p68=NULL (Size = 25), @p69=NULL (Size = 25), @p70='4ab46bc6-287d-4103-8355-c135a9621197', @p71=NULL (DbType = Guid), @p72=NULL (Size = 4000), @p73=NULL (Size = 4000), @p74='4c465105-5ea3-47a1-978f-23d556011b55' (Nullable = true), @p75='1', @p76=NULL (DbType = Int32), @p77='Ok' (Nullable = false) (Size = 10) (DbType = AnsiString), @p78='4ab46bc6-287d-4103-8355-c135a9621197', @p79=NULL (DbType = Guid), @p80=NULL (Size = 4000), @p81=NULL (Size = 4000), @p82='71310501-2668-4fcf-828c-d8e3a9b3158d' (Nullable = true), @p83='2', @p84=NULL (DbType = Int32), @p85='Ok' (Nullable = false) (Size = 10) (DbType = AnsiString), @p86='4ab46bc6-287d-4103-8355-c135a9621197', @p87=NULL (DbType = Guid), @p88=NULL (Size = 4000), @p89=NULL (Size = 4000), @p90='12cfd387-8334-4051-b389-2c5ca83024f7' (Nullable = true), @p91='3', @p92=NULL (DbType = Int32), @p93='Ok' (Nullable = false) (Size = 10) (DbType = AnsiString), @p94='ed35c028-3488-425b-830d-f5d82e2cf405', @p95=NULL (DbType = Guid), @p96=NULL (Size = 4000), @p97=NULL (Size = 4000), @p98='4c465105-5ea3-47a1-978f-23d556011b55' (Nullable = true), @p99='1', @p100=NULL (DbType = Int32), @p101='Ok' (Nullable = false) (Size = 10) (DbType = AnsiString), @p102='ed35c028-3488-425b-830d-f5d82e2cf405', @p103=NULL (DbType = Guid), @p104=NULL (Size = 4000), @p105=NULL (Size = 4000), @p106='71310501-2668-4fcf-828c-d8e3a9b3158d' (Nullable = true), @p107='2', @p108=NULL (DbType = Int32), @p109='Ok' (Nullable = false) (Size = 10) (DbType = AnsiString), @p110='ed35c028-3488-425b-830d-f5d82e2cf405', @p111=NULL (DbType = Guid), @p112=NULL (Size = 4000), @p113=NULL (Size = 4000), @p114='12cfd387-8334-4051-b389-2c5ca83024f7' (Nullable = true), @p115='3', @p116=NULL (DbType = Int32), @p117='Ok' (Nullable = false) (Size = 10) (DbType = AnsiString), @p118='75a24498-8eb5-465c-b4c4-10f67d1a1775', @p119=NULL (DbType = Guid), @p120=NULL (Size = 4000), @p121=NULL (Size = 4000), @p122='4c465105-5ea3-47a1-978f-23d556011b55' (Nullable = true), @p123='1', @p124=NULL (DbType = Int32), @p125='Ok' (Nullable = false) (Size = 10) (DbType = AnsiString), @p126='75a24498-8eb5-465c-b4c4-10f67d1a1775', @p127=NULL (DbType = Guid), @p128=NULL (Size = 4000), @p129=NULL (Size = 4000), @p130='71310501-2668-4fcf-828c-d8e3a9b3158d' (Nullable = true), @p131='2', @p132=NULL (DbType = Int32), @p133='Ok' (Nullable = false) (Size = 10) (DbType = AnsiString), @p134='75a24498-8eb5-465c-b4c4-10f67d1a1775', @p135=NULL (DbType = Guid), @p136=NULL (Size = 4000), @p137=NULL (Size = 4000), @p138='12cfd387-8334-4051-b389-2c5ca83024f7' (Nullable = true), @p139='3', @p140=NULL (DbType = Int32), @p141='Ok' (Nullable = false) (Size = 10) (DbType = AnsiString), @p142='c8db6c1d-f621-46aa-8a5c-48f3e3f9c9e7', @p143=NULL (DbType = Guid), @p144=NULL (Size = 4000), @p145=NULL (Size = 4000), @p146='4c465105-5ea3-47a1-978f-23d556011b55' (Nullable = true), @p147='1', @p148=NULL (DbType = Int32), @p149='Ok' (Nullable = false) (Size = 10) (DbType = AnsiString), @p150='c8db6c1d-f621-46aa-8a5c-48f3e3f9c9e7', @p151=NULL (DbType = Guid), @p152=NULL (Size = 4000), @p153=NULL (Size = 4000), @p154='71310501-2668-4fcf-828c-d8e3a9b3158d' (Nullable = true), @p155='2', @p156=NULL (DbType = Int32), @p157='Ok' (Nullable = false) (Size = 10) (DbType = AnsiString), @p158='c8db6c1d-f621-46aa-8a5c-48f3e3f9c9e7', @p159=NULL (DbType = Guid), @p160=NULL (Size = 4000), @p161=NULL (Size = 4000), @p162='12cfd387-8334-4051-b389-2c5ca83024f7' (Nullable = true), @p163='3', @p164=NULL (DbType = Int32), @p165='Ok' (Nullable = false) (Size = 10) (DbType = AnsiString), @p166='99df596f-12b6-4cd7-8175-faa2bfedd3a2', @p167=NULL (DbType = Guid), @p168=NULL (Size = 4000), @p169=NULL (Size = 4000), @p170='4c465105-5ea3-47a1-978f-23d556011b55' (Nullable = true), @p171='1', @p172=NULL (DbType = Int32), @p173='Ok' (Nullable = false) (Size = 10) (DbType = AnsiString), @p174='99df596f-12b6-4cd7-8175-faa2bfedd3a2', @p175=NULL (DbType = Guid), @p176=NULL (Size = 4000), @p177=NULL (Size = 4000), @p178='71310501-2668-4fcf-828c-d8e3a9b3158d' (Nullable = true), @p179='2', @p180=NULL (DbType = Int32), @p181='Ok' (Nullable = false) (Size = 10) (DbType = AnsiString), @p182='99df596f-12b6-4cd7-8175-faa2bfedd3a2', @p183=NULL (DbType = Guid), @p184=NULL (Size = 4000), @p185=NULL (Size = 4000), @p186='12cfd387-8334-4051-b389-2c5ca83024f7' (Nullable = true), @p187='3', @p188=NULL (DbType = Int32), @p189='Ok' (Nullable = false) (Size = 10) (DbType = AnsiString), @p190='bc526b43-d314-4eb8-a2cd-80af414c3e20', @p191=NULL (DbType = Guid), @p192=NULL (Size = 4000), @p193=NULL (Size = 4000), @p194='4c465105-5ea3-47a1-978f-23d556011b55' (Nullable = true), @p195='1', @p196=NULL (DbType = Int32), @p197='Ok' (Nullable = false) (Size = 10) (DbType = AnsiString), @p198='bc526b43-d314-4eb8-a2cd-80af414c3e20', @p199=NULL (DbType = Guid), @p200=NULL (Size = 4000), @p201=NULL (Size = 4000), @p202='71310501-2668-4fcf-828c-d8e3a9b3158d' (Nullable = true), @p203='2', @p204=NULL (DbType = Int32), @p205='Ok' (Nullable = false) (Size = 10) (DbType = AnsiString), @p206='bc526b43-d314-4eb8-a2cd-80af414c3e20', @p207=NULL (DbType = Guid), @p208=NULL (Size = 4000), @p209=NULL (Size = 4000), @p210='12cfd387-8334-4051-b389-2c5ca83024f7' (Nullable = true), @p211='3', @p212=NULL (DbType = Int32), @p213='Ok' (Nullable = false) (Size = 10) (DbType = AnsiString), @p214='81ffee45-4f3c-44fa-b5bd-1dab3ad51388', @p215=NULL (DbType = Guid), @p216=NULL (Size = 4000), @p217=NULL (Size = 4000), @p218='4c465105-5ea3-47a1-978f-23d556011b55' (Nullable = true), @p219='1', @p220=NULL (DbType = Int32), @p221='Ok' (Nullable = false) (Size = 10) (DbType = AnsiString), @p222='81ffee45-4f3c-44fa-b5bd-1dab3ad51388', @p223=NULL (DbType = Guid), @p224=NULL (Size = 4000), @p225=NULL (Size = 4000), @p226='71310501-2668-4fcf-828c-d8e3a9b3158d' (Nullable = true), @p227='2', @p228=NULL (DbType = Int32), @p229='Ok' (Nullable = false) (Size = 10) (DbType = AnsiString), @p230='81ffee45-4f3c-44fa-b5bd-1dab3ad51388', @p231=NULL (DbType = Guid), @p232=NULL (Size = 4000), @p233=NULL (Size = 4000), @p234='12cfd387-8334-4051-b389-2c5ca83024f7' (Nullable = true), @p235='3', @p236=NULL (DbType = Int32), @p237='Ok' (Nullable = false) (Size = 10) (DbType = AnsiString), @p238='76d5895f-7db9-4f94-9b4e-e90b265ca045', @p239=NULL (DbType = Guid), @p240=NULL (Size = 4000), @p241=NULL (Size = 4000), @p242='4c465105-5ea3-47a1-978f-23d556011b55' (Nullable = true), @p243='1', @p244=NULL (DbType = Int32), @p245='Ok' (Nullable = false) (Size = 10) (DbType = AnsiString), @p246='76d5895f-7db9-4f94-9b4e-e90b265ca045', @p247=NULL (DbType = Guid), @p248=NULL (Size = 4000), @p249=NULL (Size = 4000), @p250='71310501-2668-4fcf-828c-d8e3a9b3158d' (Nullable = true), @p251='2', @p252=NULL (DbType = Int32), @p253='Ok' (Nullable = false) (Size = 10) (DbType = AnsiString), @p254='76d5895f-7db9-4f94-9b4e-e90b265ca045', @p255=NULL (DbType = Guid), @p256=NULL (Size = 4000), @p257=NULL (Size = 4000), @p258='12cfd387-8334-4051-b389-2c5ca83024f7' (Nullable = true), @p259='3', @p260=NULL (DbType = Int32), @p261='Ok' (Nullable = false) (Size = 10) (DbType = AnsiString), @p262='10c03339-6ce2-4558-9e4b-b592983cf027', @p263=NULL (DbType = Guid), @p264=NULL (Size = 4000), @p265=NULL (Size = 4000), @p266='4c465105-5ea3-47a1-978f-23d556011b55' (Nullable = true), @p267='1', @p268=NULL (DbType = Int32), @p269='Ok' (Nullable = false) (Size = 10) (DbType = AnsiString), @p270='10c03339-6ce2-4558-9e4b-b592983cf027', @p271=NULL (DbType = Guid), @p272=NULL (Size = 4000), @p273=NULL (Size = 4000), @p274='71310501-2668-4fcf-828c-d8e3a9b3158d' (Nullable = true), @p275='2', @p276=NULL (DbType = Int32), @p277='Ok' (Nullable = false) (Size = 10) (DbType = AnsiString), @p278='10c03339-6ce2-4558-9e4b-b592983cf027', @p279=NULL (DbType = Guid), @p280=NULL (Size = 4000), @p281=NULL (Size = 4000), @p282='12cfd387-8334-4051-b389-2c5ca83024f7' (Nullable = true), @p283='3', @p284=NULL (DbType = Int32), @p285='Ok' (Nullable = false) (Size = 10) (DbType = AnsiString), @p286='b6c13fd9-7d52-49e4-a517-a2a25bdfe1c4', @p287=NULL (DbType = Guid), @p288=NULL (Size = 4000), @p289=NULL (Size = 4000), @p290='4c465105-5ea3-47a1-978f-23d556011b55' (Nullable = true), @p291='1', @p292=NULL (DbType = Int32), @p293='Ok' (Nullable = false) (Size = 10) (DbType = AnsiString), @p294='b6c13fd9-7d52-49e4-a517-a2a25bdfe1c4', @p295=NULL (DbType = Guid), @p296=NULL (Size = 4000), @p297=NULL (Size = 4000), @p298='71310501-2668-4fcf-828c-d8e3a9b3158d' (Nullable = true), @p299='2', @p300=NULL (DbType = Int32), @p301='Ok' (Nullable = false) (Size = 10) (DbType = AnsiString), @p302='b6c13fd9-7d52-49e4-a517-a2a25bdfe1c4', @p303=NULL (DbType = Guid), @p304=NULL (Size = 4000), @p305=NULL (Size = 4000), @p306='12cfd387-8334-4051-b389-2c5ca83024f7' (Nullable = true), @p307='3', @p308=NULL (DbType = Int32), @p309='Ok' (Nullable = false) (Size = 10) (DbType = AnsiString)], CommandType='Text', CommandTimeout='30']
SET NOCOUNT ON;
MERGE [Ballots] USING (
VALUES (@p0, @p1, @p2, @p3, @p4, @p5, @p6, 0),
(@p7, @p8, @p9, @p10, @p11, @p12, @p13, 1),
(@p14, @p15, @p16, @p17, @p18, @p19, @p20, 2),
(@p21, @p22, @p23, @p24, @p25, @p26, @p27, 3),
(@p28, @p29, @p30, @p31, @p32, @p33, @p34, 4),
(@p35, @p36, @p37, @p38, @p39, @p40, @p41, 5),
(@p42, @p43, @p44, @p45, @p46, @p47, @p48, 6),
(@p49, @p50, @p51, @p52, @p53, @p54, @p55, 7),
(@p56, @p57, @p58, @p59, @p60, @p61, @p62, 8),
(@p63, @p64, @p65, @p66, @p67, @p68, @p69, 9)) AS i ([BallotGuid], [BallotNumAtComputer], [ComputerCode], [LocationGuid], [StatusCode], [Teller1], [Teller2], _Position) ON 1=0
WHEN NOT MATCHED THEN
INSERT ([BallotGuid], [BallotNumAtComputer], [ComputerCode], [LocationGuid], [StatusCode], [Teller1], [Teller2])
VALUES (i.[BallotGuid], i.[BallotNumAtComputer], i.[ComputerCode], i.[LocationGuid], i.[StatusCode], i.[Teller1], i.[Teller2])
OUTPUT INSERTED.[_RowId], INSERTED.[_BallotCode], INSERTED.[_RowVersion], i._Position;
MERGE [Votes] USING (
VALUES (@p70, @p71, @p72, @p73, @p74, @p75, @p76, @p77, 0),
(@p78, @p79, @p80, @p81, @p82, @p83, @p84, @p85, 1),
(@p86, @p87, @p88, @p89, @p90, @p91, @p92, @p93, 2),
(@p94, @p95, @p96, @p97, @p98, @p99, @p100, @p101, 3),
(@p102, @p103, @p104, @p105, @p106, @p107, @p108, @p109, 4),
(@p110, @p111, @p112, @p113, @p114, @p115, @p116, @p117, 5),
(@p118, @p119, @p120, @p121, @p122, @p123, @p124, @p125, 6),
(@p126, @p127, @p128, @p129, @p130, @p131, @p132, @p133, 7),
(@p134, @p135, @p136, @p137, @p138, @p139, @p140, @p141, 8),
(@p142, @p143, @p144, @p145, @p146, @p147, @p148, @p149, 9),
(@p150, @p151, @p152, @p153, @p154, @p155, @p156, @p157, 10),
(@p158, @p159, @p160, @p161, @p162, @p163, @p164, @p165, 11),
(@p166, @p167, @p168, @p169, @p170, @p171, @p172, @p173, 12),
(@p174, @p175, @p176, @p177, @p178, @p179, @p180, @p181, 13),
(@p182, @p183, @p184, @p185, @p186, @p187, @p188, @p189, 14),
(@p190, @p191, @p192, @p193, @p194, @p195, @p196, @p197, 15),
(@p198, @p199, @p200, @p201, @p202, @p203, @p204, @p205, 16),
(@p206, @p207, @p208, @p209, @p210, @p211, @p212, @p213, 17),
(@p214, @p215, @p216, @p217, @p218, @p219, @p220, @p221, 18),
(@p222, @p223, @p224, @p225, @p226, @p227, @p228, @p229, 19),
(@p230, @p231, @p232, @p233, @p234, @p235, @p236, @p237, 20),
(@p238, @p239, @p240, @p241, @p242, @p243, @p244, @p245, 21),
(@p246, @p247, @p248, @p249, @p250, @p251, @p252, @p253, 22),
(@p254, @p255, @p256, @p257, @p258, @p259, @p260, @p261, 23),
(@p262, @p263, @p264, @p265, @p266, @p267, @p268, @p269, 24),
(@p270, @p271, @p272, @p273, @p274, @p275, @p276, @p277, 25),
(@p278, @p279, @p280, @p281, @p282, @p283, @p284, @p285, 26),
(@p286, @p287, @p288, @p289, @p290, @p291, @p292, @p293, 27),
(@p294, @p295, @p296, @p297, @p298, @p299, @p300, @p301, 28),
(@p302, @p303, @p304, @p305, @p306, @p307, @p308, @p309, 29)) AS i ([BallotGuid], [InvalidReasonGuid], [OnlineVoteRaw], [PersonCombinedInfo], [PersonGuid], [PositionOnBallot], [SingleNameElectionCount], [StatusCode], _Position) ON 1=0
WHEN NOT MATCHED THEN
INSERT ([BallotGuid], [InvalidReasonGuid], [OnlineVoteRaw], [PersonCombinedInfo], [PersonGuid], [PositionOnBallot], [SingleNameElectionCount], [StatusCode])
VALUES (i.[BallotGuid], i.[InvalidReasonGuid], i.[OnlineVoteRaw], i.[PersonCombinedInfo], i.[PersonGuid], i.[PositionOnBallot], i.[SingleNameElectionCount], i.[StatusCode])
OUTPUT INSERTED.[_RowId], INSERTED.[_RowVersion], i._Position; Microsoft.EntityFrameworkCore.Database.Command
[17:01:50 INF] [] Request starting HTTP/1.1 POST http://localhost/api/results/election/5c626189-4aad-4783-8164-8c8a8a41c8c0/calculate - null null Microsoft.AspNetCore.Hosting.Diagnostics
[17:01:50 INF] [] JWT Message received - Header: True, HasBearer: True, TokenLength: 355, ActualHeader: 'Bearer eyJhbGciOiJIUzI1NiIsInR5cCI6IkpXVCJ9.eyJzdWIiOiI4ZGI2ZjdmOC02MWE0LTQ4ZWEtOTM4ZS00MTE3ZTc4ZjI5...' 
[17:01:50 INF] [] JWT Token validated successfully for user: 8db6f7f8-61a4-48ea-938e-4117e78f2950 
[17:01:50 INF] [] Executing endpoint 'TallyJ4.Controllers.ResultsController.CalculateTally (TallyJ4)' Microsoft.AspNetCore.Routing.EndpointMiddleware
[17:01:50 INF] [] Route matched with {action = "CalculateTally", controller = "Results"}. Executing controller action with signature System.Threading.Tasks.Task`1[Microsoft.AspNetCore.Mvc.ActionResult`1[TallyJ4.DTOs.Results.TallyResultDto]] CalculateTally(System.Guid, System.String) on controller TallyJ4.Controllers.ResultsController (TallyJ4). Microsoft.AspNetCore.Mvc.Infrastructure.ControllerActionInvoker
[17:01:50 INF] [] Starting tally calculation for election 5c626189-4aad-4783-8164-8c8a8a41c8c0, type: normal TallyJ4.Controllers.ResultsController
[17:01:50 INF] [] Starting normal election tally calculation for election 5c626189-4aad-4783-8164-8c8a8a41c8c0 TallyJ4.Services.TallyService
[17:01:50 INF] [] Executed DbCommand (3ms) [Parameters=[@electionGuid='5c626189-4aad-4783-8164-8c8a8a41c8c0'], CommandType='Text', CommandTimeout='30']
SELECT TOP(1) [e].[_RowId], [e].[CanReceive], [e].[CanVote], [e].[Convenor], [e].[CustomMethods], [e].[DateOfElection], [e].[ElectionGuid], [e].[ElectionMode], [e].[ElectionPasscode], [e].[ElectionType], [e].[EmailFromAddress], [e].[EmailFromName], [e].[EmailSubject], [e].[EmailText], [e].[Flags], [e].[HidePreBallotPages], [e].[LastEnvNum], [e].[LinkedElectionGuid], [e].[LinkedElectionKind], [e].[ListForPublic], [e].[ListedForPublicAsOf], [e].[MaskVotingMethod], [e].[Name], [e].[NumberExtra], [e].[NumberToElect], [e].[OnlineAnnounced], [e].[OnlineCloseIsEstimate], [e].[OnlineSelectionProcess], [e].[OnlineWhenClose], [e].[OnlineWhenOpen], [e].[OwnerLoginId], [e].[_RowVersion], [e].[ShowAsTest], [e].[ShowFullReport], [e].[SmsText], [e].[TallyStatus], [e].[UseCallInButton], [e].[VotingMethods]
FROM [Elections] AS [e]
WHERE [e].[ElectionGuid] = @electionGuid Microsoft.EntityFrameworkCore.Database.Command
[17:01:50 INF] [] Executed DbCommand (3ms) [Parameters=[@electionGuid='5c626189-4aad-4783-8164-8c8a8a41c8c0'], CommandType='Text', CommandTimeout='30']
SELECT COUNT(*)
FROM [Ballots] AS [b]
INNER JOIN [Locations] AS [l] ON [b].[LocationGuid] = [l].[LocationGuid]
WHERE [l].[ElectionGuid] = @electionGuid Microsoft.EntityFrameworkCore.Database.Command
[17:01:50 INF] [] Sent tallyProgress notification to group Analyze5c626189-4aad-4783-8164-8c8a8a41c8c0 TallyJ4.Services.SignalRNotificationService
[17:01:50 INF] [] Starting tally calculation transaction for election 5c626189-4aad-4783-8164-8c8a8a41c8c0 TallyJ4.Services.TallyService
[17:01:50 INF] [] Preparing for analysis of election 5c626189-4aad-4783-8164-8c8a8a41c8c0 TallyJ4.Services.TallyService
[17:01:50 INF] [] Executed DbCommand (1ms) [Parameters=[@TargetElection_ElectionGuid='5c626189-4aad-4783-8164-8c8a8a41c8c0'], CommandType='Text', CommandTimeout='30']
SELECT [r].[_RowId], [r].[CloseToNext], [r].[CloseToPrev], [r].[ElectionGuid], [r].[ForceShowInOther], [r].[IsTieResolved], [r].[IsTied], [r].[PersonGuid], [r].[Rank], [r].[RankInExtra], [r].[Section], [r].[TieBreakCount], [r].[TieBreakGroup], [r].[TieBreakRequired], [r].[VoteCount]
FROM [Results] AS [r]
WHERE [r].[ElectionGuid] = @TargetElection_ElectionGuid Microsoft.EntityFrameworkCore.Database.Command
[17:01:50 INF] [] Executed DbCommand (1ms) [Parameters=[@TargetElection_ElectionGuid='5c626189-4aad-4783-8164-8c8a8a41c8c0'], CommandType='Text', CommandTimeout='30']
SELECT [r].[_RowId], [r].[ElectionGuid], [r].[IsResolved], [r].[NumInTie], [r].[NumToElect], [r].[TieBreakGroup], [r].[TieBreakRequired]
FROM [ResultTies] AS [r]
WHERE [r].[ElectionGuid] = @TargetElection_ElectionGuid Microsoft.EntityFrameworkCore.Database.Command
[17:01:50 INF] [] Executed DbCommand (1ms) [Parameters=[@TargetElection_ElectionGuid='5c626189-4aad-4783-8164-8c8a8a41c8c0'], CommandType='Text', CommandTimeout='30']
SELECT [l].[LocationGuid]
FROM [Locations] AS [l]
WHERE [l].[ElectionGuid] = @TargetElection_ElectionGuid Microsoft.EntityFrameworkCore.Database.Command
[17:01:50 INF] [] Executed DbCommand (2ms) [Parameters=[@locationGuids1='6669ae1a-d37d-49b6-ac72-f91b47a08084'], CommandType='Text', CommandTimeout='30']
SELECT [b].[_RowId], [b].[_BallotCode], [b].[BallotGuid], [b].[BallotNumAtComputer], [b].[ComputerCode], [b].[LocationGuid], [b].[_RowVersion], [b].[StatusCode], [b].[Teller1], [b].[Teller2]
FROM [Ballots] AS [b]
WHERE [b].[LocationGuid] = @locationGuids1 Microsoft.EntityFrameworkCore.Database.Command
[17:01:50 INF] [] Executed DbCommand (3ms) [Parameters=[@ballotGuids1='4ab46bc6-287d-4103-8355-c135a9621197', @ballotGuids2='ed35c028-3488-425b-830d-f5d82e2cf405', @ballotGuids3='75a24498-8eb5-465c-b4c4-10f67d1a1775', @ballotGuids4='c8db6c1d-f621-46aa-8a5c-48f3e3f9c9e7', @ballotGuids5='99df596f-12b6-4cd7-8175-faa2bfedd3a2', @ballotGuids6='bc526b43-d314-4eb8-a2cd-80af414c3e20', @ballotGuids7='81ffee45-4f3c-44fa-b5bd-1dab3ad51388', @ballotGuids8='76d5895f-7db9-4f94-9b4e-e90b265ca045', @ballotGuids9='10c03339-6ce2-4558-9e4b-b592983cf027', @ballotGuids10='b6c13fd9-7d52-49e4-a517-a2a25bdfe1c4'], CommandType='Text', CommandTimeout='30']
SELECT [v].[_RowId], [v].[BallotGuid], [v].[InvalidReasonGuid], [v].[OnlineVoteRaw], [v].[PersonCombinedInfo], [v].[PersonGuid], [v].[PositionOnBallot], [v].[_RowVersion], [v].[SingleNameElectionCount], [v].[StatusCode]
FROM [Votes] AS [v]
WHERE [v].[BallotGuid] IN (@ballotGuids1, @ballotGuids2, @ballotGuids3, @ballotGuids4, @ballotGuids5, @ballotGuids6, @ballotGuids7, @ballotGuids8, @ballotGuids9, @ballotGuids10) Microsoft.EntityFrameworkCore.Database.Command
[17:01:50 INF] [] Executed DbCommand (6ms) [Parameters=[@TargetElection_ElectionGuid='5c626189-4aad-4783-8164-8c8a8a41c8c0'], CommandType='Text', CommandTimeout='30']
SELECT [p].[_RowId], [p].[AgeGroup], [p].[Area], [p].[BahaiId], [p].[CanReceiveVotes], [p].[CanVote], [p].[CombinedInfo], [p].[CombinedInfoAtStart], [p].[CombinedSoundCodes], [p].[ElectionGuid], [p].[Email], [p].[EnvNum], [p].[FirstName], [p].[Flags], [p].[_FullName], [p].[_FullNameFL], [p].[HasOnlineBallot], [p].[IneligibleReasonGuid], [p].[KioskCode], [p].[LastName], [p].[OtherInfo], [p].[OtherLastNames], [p].[OtherNames], [p].[PersonGuid], [p].[Phone], [p].[RegistrationTime], [p].[_RowVersion], [p].[_RowVersionInt], [p].[Teller1], [p].[Teller2], [p].[UnitName], [p].[VotingLocationGuid], [p].[VotingMethod]
FROM [People] AS [p]
WHERE [p].[ElectionGuid] = @TargetElection_ElectionGuid Microsoft.EntityFrameworkCore.Database.Command
[17:01:50 INF] [] Executed DbCommand (2ms) [Parameters=[@TargetElection_ElectionGuid='5c626189-4aad-4783-8164-8c8a8a41c8c0'], CommandType='Text', CommandTimeout='30']
SELECT TOP(1) [r].[_RowId], [r].[BallotsNeedingReview], [r].[BallotsReceived], [r].[CalledInBallots], [r].[Custom1Ballots], [r].[Custom2Ballots], [r].[Custom3Ballots], [r].[DroppedOffBallots], [r].[ElectionGuid], [r].[ImportedBallots], [r].[InPersonBallots], [r].[MailedInBallots], [r].[NumEligibleToVote], [r].[NumVoters], [r].[OnlineBallots], [r].[ResultType], [r].[SpoiledBallots], [r].[SpoiledManualBallots], [r].[SpoiledVotes], [r].[TotalVotes], [r].[UseOnReports]
FROM [ResultSummaries] AS [r]
WHERE [r].[ElectionGuid] = @TargetElection_ElectionGuid Microsoft.EntityFrameworkCore.Database.Command
[17:01:50 INF] [] Loaded 10 ballots, 30 votes, 5 people TallyJ4.Services.TallyService
[17:01:50 INF] [] Calculating ballot statistics TallyJ4.Services.TallyService
[17:01:50 INF] [] Statistics: 10 ballots (0 spoiled), 30 potential votes (0 spoiled) TallyJ4.Services.TallyService
[17:01:50 INF] [] Starting vote count for normal election TallyJ4.Services.TallyService
[17:01:50 INF] [] Processed 10 ballots (27 votes) TallyJ4.Services.TallyService
[17:01:50 INF] [] Executed DbCommand (14ms) [Parameters=[@p0='False' (Nullable = true), @p1='False' (Nullable = true), @p2='5c626189-4aad-4783-8164-8c8a8a41c8c0', @p3=NULL (DbType = Boolean), @p4=NULL (DbType = Boolean), @p5='False' (Nullable = true), @p6='4c465105-5ea3-47a1-978f-23d556011b55', @p7='0', @p8=NULL (DbType = Int32), @p9='O' (Nullable = false) (Size = 1) (DbType = AnsiStringFixedLength), @p10=NULL (DbType = Int32), @p11=NULL (DbType = Int32), @p12='False' (Nullable = true), @p13='10' (Nullable = true), @p14='False' (Nullable = true), @p15='False' (Nullable = true), @p16='5c626189-4aad-4783-8164-8c8a8a41c8c0', @p17=NULL (DbType = Boolean), @p18=NULL (DbType = Boolean), @p19='False' (Nullable = true), @p20='71310501-2668-4fcf-828c-d8e3a9b3158d', @p21='0', @p22=NULL (DbType = Int32), @p23='O' (Nullable = false) (Size = 1) (DbType = AnsiStringFixedLength), @p24=NULL (DbType = Int32), @p25=NULL (DbType = Int32), @p26='False' (Nullable = true), @p27='10' (Nullable = true), @p28='False' (Nullable = true), @p29='False' (Nullable = true), @p30='5c626189-4aad-4783-8164-8c8a8a41c8c0', @p31=NULL (DbType = Boolean), @p32=NULL (DbType = Boolean), @p33='False' (Nullable = true), @p34='12cfd387-8334-4051-b389-2c5ca83024f7', @p35='0', @p36=NULL (DbType = Int32), @p37='O' (Nullable = false) (Size = 1) (DbType = AnsiStringFixedLength), @p38=NULL (DbType = Int32), @p39=NULL (DbType = Int32), @p40='False' (Nullable = true), @p41='10' (Nullable = true)], CommandType='Text', CommandTimeout='30']
SET IMPLICIT_TRANSACTIONS OFF;
SET NOCOUNT ON;
MERGE [Results] USING (
VALUES (@p0, @p1, @p2, @p3, @p4, @p5, @p6, @p7, @p8, @p9, @p10, @p11, @p12, @p13, 0),
(@p14, @p15, @p16, @p17, @p18, @p19, @p20, @p21, @p22, @p23, @p24, @p25, @p26, @p27, 1),
(@p28, @p29, @p30, @p31, @p32, @p33, @p34, @p35, @p36, @p37, @p38, @p39, @p40, @p41, 2)) AS i ([CloseToNext], [CloseToPrev], [ElectionGuid], [ForceShowInOther], [IsTieResolved], [IsTied], [PersonGuid], [Rank], [RankInExtra], [Section], [TieBreakCount], [TieBreakGroup], [TieBreakRequired], [VoteCount], _Position) ON 1=0
WHEN NOT MATCHED THEN
INSERT ([CloseToNext], [CloseToPrev], [ElectionGuid], [ForceShowInOther], [IsTieResolved], [IsTied], [PersonGuid], [Rank], [RankInExtra], [Section], [TieBreakCount], [TieBreakGroup], [TieBreakRequired], [VoteCount])
VALUES (i.[CloseToNext], i.[CloseToPrev], i.[ElectionGuid], i.[ForceShowInOther], i.[IsTieResolved], i.[IsTied], i.[PersonGuid], i.[Rank], i.[RankInExtra], i.[Section], i.[TieBreakCount], i.[TieBreakGroup], i.[TieBreakRequired], i.[VoteCount])
OUTPUT INSERTED.[_RowId], i._Position; Microsoft.EntityFrameworkCore.Database.Command
[17:01:50 INF] [] Completed vote count: 10 ballots processed, 30 valid votes TallyJ4.Services.TallyService
[17:01:50 INF] [] Finalizing results and detecting ties TallyJ4.Services.TallyService
[17:01:50 INF] [] Finalized 3 results, 1 tie groups TallyJ4.Services.TallyService
[17:01:50 INF] [] Finalizing summaries TallyJ4.Services.TallyService
[17:01:50 INF] [] Executed DbCommand (2ms) [Parameters=[@TargetElection_ElectionGuid='5c626189-4aad-4783-8164-8c8a8a41c8c0'], CommandType='Text', CommandTimeout='30']
SELECT TOP(1) [r].[_RowId], [r].[BallotsNeedingReview], [r].[BallotsReceived], [r].[CalledInBallots], [r].[Custom1Ballots], [r].[Custom2Ballots], [r].[Custom3Ballots], [r].[DroppedOffBallots], [r].[ElectionGuid], [r].[ImportedBallots], [r].[InPersonBallots], [r].[MailedInBallots], [r].[NumEligibleToVote], [r].[NumVoters], [r].[OnlineBallots], [r].[ResultType], [r].[SpoiledBallots], [r].[SpoiledManualBallots], [r].[SpoiledVotes], [r].[TotalVotes], [r].[UseOnReports]
FROM [ResultSummaries] AS [r]
WHERE [r].[ElectionGuid] = @TargetElection_ElectionGuid Microsoft.EntityFrameworkCore.Database.Command
[17:01:50 INF] [] Saving results to database TallyJ4.Services.TallyService
[17:01:50 INF] [] Executed DbCommand (8ms) [Parameters=[@p0='0' (Nullable = true), @p1='10' (Nullable = true), @p2=NULL (DbType = Int32), @p3=NULL (DbType = Int32), @p4=NULL (DbType = Int32), @p5=NULL (DbType = Int32), @p6=NULL (DbType = Int32), @p7='5c626189-4aad-4783-8164-8c8a8a41c8c0', @p8=NULL (DbType = Int32), @p9=NULL (DbType = Int32), @p10=NULL (DbType = Int32), @p11=NULL (DbType = Int32), @p12=NULL (DbType = Int32), @p13=NULL (DbType = Int32), @p14='N' (Nullable = false) (Size = 1) (DbType = AnsiStringFixedLength), @p15='0' (Nullable = true), @p16=NULL (DbType = Int32), @p17='0' (Nullable = true), @p18='30' (Nullable = true), @p19='True' (Nullable = true), @p24='10', @p20='True' (Nullable = true), @p21='1', @p22='E' (Nullable = false) (Size = 1) (DbType = AnsiStringFixedLength), @p23='1' (Nullable = true), @p29='11', @p25='True' (Nullable = true), @p26='1', @p27='E' (Nullable = false) (Size = 1) (DbType = AnsiStringFixedLength), @p28='1' (Nullable = true), @p34='12', @p30='True' (Nullable = true), @p31='1', @p32='E' (Nullable = false) (Size = 1) (DbType = AnsiStringFixedLength), @p33='1' (Nullable = true)], CommandType='Text', CommandTimeout='30']
SET NOCOUNT ON;
INSERT INTO [ResultSummaries] ([BallotsNeedingReview], [BallotsReceived], [CalledInBallots], [Custom1Ballots], [Custom2Ballots], [Custom3Ballots], [DroppedOffBallots], [ElectionGuid], [ImportedBallots], [InPersonBallots], [MailedInBallots], [NumEligibleToVote], [NumVoters], [OnlineBallots], [ResultType], [SpoiledBallots], [SpoiledManualBallots], [SpoiledVotes], [TotalVotes], [UseOnReports])
OUTPUT INSERTED.[_RowId]
VALUES (@p0, @p1, @p2, @p3, @p4, @p5, @p6, @p7, @p8, @p9, @p10, @p11, @p12, @p13, @p14, @p15, @p16, @p17, @p18, @p19);
UPDATE [Results] SET [IsTied] = @p20, [Rank] = @p21, [Section] = @p22, [TieBreakGroup] = @p23
OUTPUT 1
WHERE [_RowId] = @p24;
UPDATE [Results] SET [IsTied] = @p25, [Rank] = @p26, [Section] = @p27, [TieBreakGroup] = @p28
OUTPUT 1
WHERE [_RowId] = @p29;
UPDATE [Results] SET [IsTied] = @p30, [Rank] = @p31, [Section] = @p32, [TieBreakGroup] = @p33
OUTPUT 1
WHERE [_RowId] = @p34; Microsoft.EntityFrameworkCore.Database.Command
[17:01:50 INF] [] Results saved successfully TallyJ4.Services.TallyService
[17:01:50 INF] [] Tally calculation transaction committed successfully for election 5c626189-4aad-4783-8164-8c8a8a41c8c0 TallyJ4.Services.TallyService
[17:01:50 INF] [] Executed DbCommand (3ms) [Parameters=[@electionGuid='5c626189-4aad-4783-8164-8c8a8a41c8c0'], CommandType='Text', CommandTimeout='30']
SELECT COALESCE(SUM(COALESCE([r].[VoteCount], 0)), 0)
FROM [Results] AS [r]
WHERE [r].[ElectionGuid] = @electionGuid Microsoft.EntityFrameworkCore.Database.Command
[17:01:50 INF] [] Sent tallyComplete notification to group Analyze5c626189-4aad-4783-8164-8c8a8a41c8c0 TallyJ4.Services.SignalRNotificationService
[17:01:50 INF] [] Executed DbCommand (3ms) [Parameters=[@electionGuid='5c626189-4aad-4783-8164-8c8a8a41c8c0'], CommandType='Text', CommandTimeout='30']
SELECT TOP(1) [e].[_RowId], [e].[CanReceive], [e].[CanVote], [e].[Convenor], [e].[CustomMethods], [e].[DateOfElection], [e].[ElectionGuid], [e].[ElectionMode], [e].[ElectionPasscode], [e].[ElectionType], [e].[EmailFromAddress], [e].[EmailFromName], [e].[EmailSubject], [e].[EmailText], [e].[Flags], [e].[HidePreBallotPages], [e].[LastEnvNum], [e].[LinkedElectionGuid], [e].[LinkedElectionKind], [e].[ListForPublic], [e].[ListedForPublicAsOf], [e].[MaskVotingMethod], [e].[Name], [e].[NumberExtra], [e].[NumberToElect], [e].[OnlineAnnounced], [e].[OnlineCloseIsEstimate], [e].[OnlineSelectionProcess], [e].[OnlineWhenClose], [e].[OnlineWhenOpen], [e].[OwnerLoginId], [e].[_RowVersion], [e].[ShowAsTest], [e].[ShowFullReport], [e].[SmsText], [e].[TallyStatus], [e].[UseCallInButton], [e].[VotingMethods]
FROM [Elections] AS [e]
WHERE [e].[ElectionGuid] = @electionGuid Microsoft.EntityFrameworkCore.Database.Command
[17:01:50 INF] [] Executed DbCommand (10ms) [Parameters=[@electionGuid='5c626189-4aad-4783-8164-8c8a8a41c8c0'], CommandType='Text', CommandTimeout='30']
SELECT [r].[_RowId], [r].[CloseToNext], [r].[CloseToPrev], [r].[ElectionGuid], [r].[ForceShowInOther], [r].[IsTieResolved], [r].[IsTied], [r].[PersonGuid], [r].[Rank], [r].[RankInExtra], [r].[Section], [r].[TieBreakCount], [r].[TieBreakGroup], [r].[TieBreakRequired], [r].[VoteCount], [p].[_RowId], [p].[AgeGroup], [p].[Area], [p].[BahaiId], [p].[CanReceiveVotes], [p].[CanVote], [p].[CombinedInfo], [p].[CombinedInfoAtStart], [p].[CombinedSoundCodes], [p].[ElectionGuid], [p].[Email], [p].[EnvNum], [p].[FirstName], [p].[Flags], [p].[_FullName], [p].[_FullNameFL], [p].[HasOnlineBallot], [p].[IneligibleReasonGuid], [p].[KioskCode], [p].[LastName], [p].[OtherInfo], [p].[OtherLastNames], [p].[OtherNames], [p].[PersonGuid], [p].[Phone], [p].[RegistrationTime], [p].[_RowVersion], [p].[_RowVersionInt], [p].[Teller1], [p].[Teller2], [p].[UnitName], [p].[VotingLocationGuid], [p].[VotingMethod]
FROM [Results] AS [r]
INNER JOIN [People] AS [p] ON [r].[PersonGuid] = [p].[PersonGuid]
WHERE [r].[ElectionGuid] = @electionGuid
ORDER BY [r].[Rank] Microsoft.EntityFrameworkCore.Database.Command
[17:01:50 INF] [] Executed DbCommand (3ms) [Parameters=[@electionGuid='5c626189-4aad-4783-8164-8c8a8a41c8c0'], CommandType='Text', CommandTimeout='30']
SELECT TOP(1) [e].[_RowId], [e].[CanReceive], [e].[CanVote], [e].[Convenor], [e].[CustomMethods], [e].[DateOfElection], [e].[ElectionGuid], [e].[ElectionMode], [e].[ElectionPasscode], [e].[ElectionType], [e].[EmailFromAddress], [e].[EmailFromName], [e].[EmailSubject], [e].[EmailText], [e].[Flags], [e].[HidePreBallotPages], [e].[LastEnvNum], [e].[LinkedElectionGuid], [e].[LinkedElectionKind], [e].[ListForPublic], [e].[ListedForPublicAsOf], [e].[MaskVotingMethod], [e].[Name], [e].[NumberExtra], [e].[NumberToElect], [e].[OnlineAnnounced], [e].[OnlineCloseIsEstimate], [e].[OnlineSelectionProcess], [e].[OnlineWhenClose], [e].[OnlineWhenOpen], [e].[OwnerLoginId], [e].[_RowVersion], [e].[ShowAsTest], [e].[ShowFullReport], [e].[SmsText], [e].[TallyStatus], [e].[UseCallInButton], [e].[VotingMethods]
FROM [Elections] AS [e]
WHERE [e].[ElectionGuid] = @electionGuid Microsoft.EntityFrameworkCore.Database.Command
[17:01:50 INF] [] Executed DbCommand (2ms) [Parameters=[@electionGuid='5c626189-4aad-4783-8164-8c8a8a41c8c0'], CommandType='Text', CommandTimeout='30']
SELECT TOP(1) [r].[_RowId], [r].[BallotsNeedingReview], [r].[BallotsReceived], [r].[CalledInBallots], [r].[Custom1Ballots], [r].[Custom2Ballots], [r].[Custom3Ballots], [r].[DroppedOffBallots], [r].[ElectionGuid], [r].[ImportedBallots], [r].[InPersonBallots], [r].[MailedInBallots], [r].[NumEligibleToVote], [r].[NumVoters], [r].[OnlineBallots], [r].[ResultType], [r].[SpoiledBallots], [r].[SpoiledManualBallots], [r].[SpoiledVotes], [r].[TotalVotes], [r].[UseOnReports]
FROM [ResultSummaries] AS [r]
WHERE [r].[ElectionGuid] = @electionGuid Microsoft.EntityFrameworkCore.Database.Command
[17:01:50 INF] [] Executed DbCommand (9ms) [Parameters=[@electionGuid='5c626189-4aad-4783-8164-8c8a8a41c8c0'], CommandType='Text', CommandTimeout='30']
SELECT COUNT(*)
FROM [People] AS [p]
WHERE [p].[ElectionGuid] = @electionGuid AND [p].[CanVote] = CAST(1 AS bit) Microsoft.EntityFrameworkCore.Database.Command
[17:01:50 INF] [] Executed DbCommand (4ms) [Parameters=[@electionGuid='5c626189-4aad-4783-8164-8c8a8a41c8c0'], CommandType='Text', CommandTimeout='30']
SELECT COUNT(*)
FROM [People] AS [p]
WHERE [p].[ElectionGuid] = @electionGuid AND [p].[CanReceiveVotes] = CAST(1 AS bit) Microsoft.EntityFrameworkCore.Database.Command
[17:01:50 INF] [] Completed tally calculation for election 5c626189-4aad-4783-8164-8c8a8a41c8c0 TallyJ4.Services.TallyService
[17:01:50 INF] [] Tally calculation completed for election 5c626189-4aad-4783-8164-8c8a8a41c8c0 TallyJ4.Controllers.ResultsController
[17:01:50 INF] [] Executing OkObjectResult, writing value of type 'TallyJ4.DTOs.Results.TallyResultDto'. Microsoft.AspNetCore.Mvc.Infrastructure.ObjectResultExecutor
[17:01:50 INF] [] Executed action TallyJ4.Controllers.ResultsController.CalculateTally (TallyJ4) in 117.8292ms Microsoft.AspNetCore.Mvc.Infrastructure.ControllerActionInvoker
[17:01:50 INF] [] Executed endpoint 'TallyJ4.Controllers.ResultsController.CalculateTally (TallyJ4)' Microsoft.AspNetCore.Routing.EndpointMiddleware
[17:01:50 INF] [] Request finished HTTP/1.1 POST http://localhost/api/results/election/5c626189-4aad-4783-8164-8c8a8a41c8c0/calculate - 200 null application/json; charset=utf-8 119.2181ms Microsoft.AspNetCore.Hosting.Diagnostics
[17:01:50 INF] [] Executed DbCommand (4ms) [Parameters=[@normalizedEmail='ADMIN@TALLYJ.COM' (Size = 256)], CommandType='Text', CommandTimeout='30']
SELECT TOP(2) [a].[Id], [a].[AccessFailedCount], [a].[AuthMethod], [a].[ConcurrencyStamp], [a].[Email], [a].[EmailConfirmed], [a].[GoogleId], [a].[LockoutEnabled], [a].[LockoutEnd], [a].[NormalizedEmail], [a].[NormalizedUserName], [a].[PasswordHash], [a].[PasswordResetExpiry], [a].[PasswordResetToken], [a].[PhoneNumber], [a].[PhoneNumberConfirmed], [a].[SecurityStamp], [a].[TwoFactorEnabled], [a].[UserName]
FROM [AspNetUsers] AS [a]
WHERE [a].[NormalizedEmail] = @normalizedEmail Microsoft.EntityFrameworkCore.Database.Command
[17:01:50 INF] [] Request starting HTTP/1.1 POST http://localhost/api/auth/login - application/json; charset=utf-8 51 Microsoft.AspNetCore.Hosting.Diagnostics
[17:01:50 INF] [] JWT Message received - Header: False, HasBearer: False, TokenLength: 0, ActualHeader: '' 
[17:01:50 INF] [] Executing endpoint 'TallyJ4.Backend.Controllers.AuthController.Login (TallyJ4)' Microsoft.AspNetCore.Routing.EndpointMiddleware
[17:01:50 INF] [] Route matched with {action = "Login", controller = "Auth"}. Executing controller action with signature System.Threading.Tasks.Task`1[Microsoft.AspNetCore.Mvc.IActionResult] Login(TallyJ4.Application.DTOs.Auth.LoginRequest) on controller TallyJ4.Backend.Controllers.AuthController (TallyJ4). Microsoft.AspNetCore.Mvc.Infrastructure.ControllerActionInvoker
[17:01:50 INF] [] Executed DbCommand (2ms) [Parameters=[@normalizedEmail='ADMIN@TALLYJ.COM' (Size = 256)], CommandType='Text', CommandTimeout='30']
SELECT TOP(2) [a].[Id], [a].[AccessFailedCount], [a].[AuthMethod], [a].[ConcurrencyStamp], [a].[Email], [a].[EmailConfirmed], [a].[GoogleId], [a].[LockoutEnabled], [a].[LockoutEnd], [a].[NormalizedEmail], [a].[NormalizedUserName], [a].[PasswordHash], [a].[PasswordResetExpiry], [a].[PasswordResetToken], [a].[PhoneNumber], [a].[PhoneNumberConfirmed], [a].[SecurityStamp], [a].[TwoFactorEnabled], [a].[UserName]
FROM [AspNetUsers] AS [a]
WHERE [a].[NormalizedEmail] = @normalizedEmail Microsoft.EntityFrameworkCore.Database.Command
[17:01:50 INF] [] Executed DbCommand (2ms) [Parameters=[@p0='2026-02-01T00:01:50.2960993Z', @p1='2026-03-03T00:01:50.2960973Z', @p2='False', @p3=NULL (Size = 4000), @p4=NULL (Size = 4000), @p5='zGyDKy5XvhraWMQgzvXOi9wXyj/rxNpqRJatfwn5Cfs=' (Nullable = false) (Size = 200), @p6='8db6f7f8-61a4-48ea-938e-4117e78f2950' (Nullable = false) (Size = 450)], CommandType='Text', CommandTimeout='30']
SET IMPLICIT_TRANSACTIONS OFF;
SET NOCOUNT ON;
INSERT INTO [RefreshToken] ([CreatedAt], [ExpiresAt], [IsRevoked], [ReplacedByToken], [RevokedReason], [Token], [UserId])
OUTPUT INSERTED.[_RowId], INSERTED.[_RowVersion]
VALUES (@p0, @p1, @p2, @p3, @p4, @p5, @p6); Microsoft.EntityFrameworkCore.Database.Command
[17:01:50 INF] [] Executing OkObjectResult, writing value of type 'TallyJ4.Application.DTOs.Auth.AuthResponse'. Microsoft.AspNetCore.Mvc.Infrastructure.ObjectResultExecutor
[17:01:50 INF] [] Executed action TallyJ4.Backend.Controllers.AuthController.Login (TallyJ4) in 56.6181ms Microsoft.AspNetCore.Mvc.Infrastructure.ControllerActionInvoker
[17:01:50 INF] [] Executed endpoint 'TallyJ4.Backend.Controllers.AuthController.Login (TallyJ4)' Microsoft.AspNetCore.Routing.EndpointMiddleware
[TEST] Got auth token: eyJhbGciOiJIUzI1NiIsInR5cCI6IkpXVCJ9.eyJzdWIiOiI4Z...
[17:01:50 INF] [] Request finished HTTP/1.1 POST http://localhost/api/auth/login - 200 null application/json; charset=utf-8 57.4066ms Microsoft.AspNetCore.Hosting.Diagnostics
[TEST] SetAuthToken called with token length: 355, starts with 'eyJ': True
[TEST] Client.DefaultRequestHeaders.Authorization set to: Bearer eyJhbGciOiJIUzI1NiIsInR5cCI6IkpXVCJ9.eyJzdWIiOiI4ZGI2ZjdmOC02MWE0LTQ4ZWEtOTM4ZS00MTE3ZTc4ZjI5NTAiLCJlbWFpbCI6ImFkbWluQHRhbGx5ai5jb20iLCJhdXRoTWV0aG9kIjoiTG9jYWwiLCJqdGkiOiI4NjQyMzc1Zi1kYmY1LTQwYTgtYjE2NC00YjNkYjAzNWE3ODEiLCJleHAiOjE3Njk5MDc3MTAsImlzcyI6IlRhbGx5SjRUZXN0QVBJIiwiYXVkIjoiVGFsbHlKNFRlc3RDbGllbnQifQ.lXq7OX9h4vqU2H8l0ftT9109ySSQ_j0lH84jI7mWRQw
[17:01:50 INF] [] Request starting HTTP/1.1 POST http://localhost/api/results/election/5933484a-14cf-4957-a88f-45249208ed00/calculate - null null Microsoft.AspNetCore.Hosting.Diagnostics
[17:01:50 INF] [] JWT Message received - Header: True, HasBearer: True, TokenLength: 355, ActualHeader: 'Bearer eyJhbGciOiJIUzI1NiIsInR5cCI6IkpXVCJ9.eyJzdWIiOiI4ZGI2ZjdmOC02MWE0LTQ4ZWEtOTM4ZS00MTE3ZTc4ZjI5...' 
[17:01:50 INF] [] JWT Token validated successfully for user: 8db6f7f8-61a4-48ea-938e-4117e78f2950 
[17:01:50 INF] [] Executing endpoint 'TallyJ4.Controllers.ResultsController.CalculateTally (TallyJ4)' Microsoft.AspNetCore.Routing.EndpointMiddleware
[17:01:50 INF] [] Route matched with {action = "CalculateTally", controller = "Results"}. Executing controller action with signature System.Threading.Tasks.Task`1[Microsoft.AspNetCore.Mvc.ActionResult`1[TallyJ4.DTOs.Results.TallyResultDto]] CalculateTally(System.Guid, System.String) on controller TallyJ4.Controllers.ResultsController (TallyJ4). Microsoft.AspNetCore.Mvc.Infrastructure.ControllerActionInvoker
[17:01:50 INF] [] Starting tally calculation for election 5933484a-14cf-4957-a88f-45249208ed00, type: normal TallyJ4.Controllers.ResultsController
[17:01:50 INF] [] Starting normal election tally calculation for election 5933484a-14cf-4957-a88f-45249208ed00 TallyJ4.Services.TallyService
[17:01:50 INF] [] Executed DbCommand (2ms) [Parameters=[@electionGuid='5933484a-14cf-4957-a88f-45249208ed00'], CommandType='Text', CommandTimeout='30']
SELECT TOP(1) [e].[_RowId], [e].[CanReceive], [e].[CanVote], [e].[Convenor], [e].[CustomMethods], [e].[DateOfElection], [e].[ElectionGuid], [e].[ElectionMode], [e].[ElectionPasscode], [e].[ElectionType], [e].[EmailFromAddress], [e].[EmailFromName], [e].[EmailSubject], [e].[EmailText], [e].[Flags], [e].[HidePreBallotPages], [e].[LastEnvNum], [e].[LinkedElectionGuid], [e].[LinkedElectionKind], [e].[ListForPublic], [e].[ListedForPublicAsOf], [e].[MaskVotingMethod], [e].[Name], [e].[NumberExtra], [e].[NumberToElect], [e].[OnlineAnnounced], [e].[OnlineCloseIsEstimate], [e].[OnlineSelectionProcess], [e].[OnlineWhenClose], [e].[OnlineWhenOpen], [e].[OwnerLoginId], [e].[_RowVersion], [e].[ShowAsTest], [e].[ShowFullReport], [e].[SmsText], [e].[TallyStatus], [e].[UseCallInButton], [e].[VotingMethods]
FROM [Elections] AS [e]
WHERE [e].[ElectionGuid] = @electionGuid Microsoft.EntityFrameworkCore.Database.Command
[17:01:50 WRN] [] Election 5933484a-14cf-4957-a88f-45249208ed00 not found TallyJ4.Controllers.ResultsController
System.ArgumentException: Election 5933484a-14cf-4957-a88f-45249208ed00 not found
   at TallyJ4.Services.TallyService.CalculateNormalElectionAsync(Guid electionGuid) in C:\Users\glenl\.zenflow\worktrees\jan-31-review-f-cad9\backend\Services\TallyService.cs:line 57
   at TallyJ4.Controllers.ResultsController.CalculateTally(Guid electionGuid, String electionType) in C:\Users\glenl\.zenflow\worktrees\jan-31-review-f-cad9\backend\Controllers\ResultsController.cs:line 61
[17:01:50 INF] [] Executing NotFoundObjectResult, writing value of type '<>f__AnonymousType2`1[[System.String, System.Private.CoreLib, Version=10.0.0.0, Culture=neutral, PublicKeyToken=7cec85d7bea7798e]]'. Microsoft.AspNetCore.Mvc.Infrastructure.ObjectResultExecutor
[17:01:50 INF] [] Executed action TallyJ4.Controllers.ResultsController.CalculateTally (TallyJ4) in 6.0057ms Microsoft.AspNetCore.Mvc.Infrastructure.ControllerActionInvoker
[17:01:50 INF] [] Executed endpoint 'TallyJ4.Controllers.ResultsController.CalculateTally (TallyJ4)' Microsoft.AspNetCore.Routing.EndpointMiddleware
[17:01:50 INF] [] Request finished HTTP/1.1 POST http://localhost/api/results/election/5933484a-14cf-4957-a88f-45249208ed00/calculate - 404 null application/json; charset=utf-8 7.126ms Microsoft.AspNetCore.Hosting.Diagnostics
[17:01:50 INF] [] Request starting HTTP/1.1 POST http://localhost/api/results/election/f0a698d7-98ad-4339-81d3-33332bbfb58c/calculate - null null Microsoft.AspNetCore.Hosting.Diagnostics
[17:01:50 INF] [] JWT Message received - Header: False, HasBearer: False, TokenLength: 0, ActualHeader: '' 
[17:01:50 INF] [] Authorization failed. These requirements were not met:
DenyAnonymousAuthorizationRequirement: Requires an authenticated user. Microsoft.AspNetCore.Authorization.DefaultAuthorizationService
[17:01:50 WRN] [] JWT Challenge initiated - Error: null, ErrorDescription: null, AuthFailure: null 
[17:01:50 INF] [] AuthenticationScheme: Bearer was challenged. Microsoft.AspNetCore.Authentication.JwtBearer.JwtBearerHandler
[17:01:50 INF] [] Request finished HTTP/1.1 POST http://localhost/api/results/election/f0a698d7-98ad-4339-81d3-33332bbfb58c/calculate - 401 null null 0.7706ms Microsoft.AspNetCore.Hosting.Diagnostics
[xUnit.net 00:00:07.56]   Finished:    TallyJ4.Tests
  Passed TallyJ4.Tests.IntegrationTests.ElectionsControllerTests.CreateElection_WithInvalidData_ReturnsBadRequest [153 ms]
  Passed TallyJ4.Tests.IntegrationTests.ResultsControllerTests.CalculateTally_WithValidElection_ReturnsOkWithResults [333 ms]
  Passed TallyJ4.Tests.IntegrationTests.ResultsControllerTests.CalculateTally_WithInvalidElectionGuid_ReturnsNotFound [140 ms]
  Passed TallyJ4.Tests.IntegrationTests.ResultsControllerTests.CalculateTally_WithoutAuthentication_ReturnsUnauthorized [2 ms]

Total tests: 67
     Passed: 66
     Failed: 1
 Total time: 8.0324 Seconds
     1>Project "C:\Users\glenl\.zenflow\worktrees\jan-31-review-f-cad9\repo.sln" (1) is building "C:\Users\glenl\.zenflow\worktrees\jan-31-review-f-cad9\TallyJ4.Tests\TallyJ4.Tests.csproj" (3) on node 2 (VSTest target(s)).
     3>_VSTestConsole:
         MSB4181: The "VSTestTask" task returned false but did not log an error.
     3>Done Building Project "C:\Users\glenl\.zenflow\worktrees\jan-31-review-f-cad9\TallyJ4.Tests\TallyJ4.Tests.csproj" (VSTest target(s)) -- FAILED.
     1>Done Building Project "C:\Users\glenl\.zenflow\worktrees\jan-31-review-f-cad9\repo.sln" (VSTest target(s)) -- FAILED.

Build FAILED.
    0 Warning(s)
    0 Error(s)

Time Elapsed 00:00:08.96
