  Determining projects to restore...
  Restored c:\Users\glenl\.zenflow\worktrees\jan-31-review-f-cad9\backend\TallyJ4.Domain\TallyJ4.Domain.csproj (in 1.33 sec).
  Restored c:\Users\glenl\.zenflow\worktrees\jan-31-review-f-cad9\backend\TallyJ4.Application\TallyJ4.Application.csproj (in 1.33 sec).
  Restored c:\Users\glenl\.zenflow\worktrees\jan-31-review-f-cad9\backend\TallyJ4.csproj (in 1.41 sec).
  TallyJ4.Domain -> c:\Users\glenl\.zenflow\worktrees\jan-31-review-f-cad9\backend\TallyJ4.Domain\bin\Debug\net10.0\TallyJ4.Domain.dll
  TallyJ4.Application -> c:\Users\glenl\.zenflow\worktrees\jan-31-review-f-cad9\backend\TallyJ4.Application\bin\Debug\net10.0\TallyJ4.Application.dll
c:\Users\glenl\.zenflow\worktrees\jan-31-review-f-cad9\backend\Services\ImportService.cs(10,14): warning CS1591: Missing XML comment for publicly visible type or member 'ImportService' [c:\Users\glenl\.zenflow\worktrees\jan-31-review-f-cad9\backend\TallyJ4.csproj]
c:\Users\glenl\.zenflow\worktrees\jan-31-review-f-cad9\backend\Services\ImportService.cs(15,12): warning CS1591: Missing XML comment for publicly visible type or member 'ImportService.ImportService(MainDbContext, IHubContext<BallotImportHub>)' [c:\Users\glenl\.zenflow\worktrees\jan-31-review-f-cad9\backend\TallyJ4.csproj]
c:\Users\glenl\.zenflow\worktrees\jan-31-review-f-cad9\backend\Services\ImportService.cs(21,51): warning CS1591: Missing XML comment for publicly visible type or member 'ImportService.ParseCsvHeadersAsync(string, string)' [c:\Users\glenl\.zenflow\worktrees\jan-31-review-f-cad9\backend\TallyJ4.csproj]
c:\Users\glenl\.zenflow\worktrees\jan-31-review-f-cad9\backend\Services\ImportService.cs(47,40): warning CS1591: Missing XML comment for publicly visible type or member 'ImportService.ImportBallotDataAsync(ImportBallotRequestDto)' [c:\Users\glenl\.zenflow\worktrees\jan-31-review-f-cad9\backend\TallyJ4.csproj]
c:\Users\glenl\.zenflow\worktrees\jan-31-review-f-cad9\backend\Hubs\OnlineVotingHub.cs(5,14): warning CS1591: Missing XML comment for publicly visible type or member 'OnlineVotingHub' [c:\Users\glenl\.zenflow\worktrees\jan-31-review-f-cad9\backend\TallyJ4.csproj]
c:\Users\glenl\.zenflow\worktrees\jan-31-review-f-cad9\backend\Hubs\OnlineVotingHub.cs(9,12): warning CS1591: Missing XML comment for publicly visible type or member 'OnlineVotingHub.OnlineVotingHub(ILogger<OnlineVotingHub>)' [c:\Users\glenl\.zenflow\worktrees\jan-31-review-f-cad9\backend\TallyJ4.csproj]
c:\Users\glenl\.zenflow\worktrees\jan-31-review-f-cad9\backend\Hubs\OnlineVotingHub.cs(14,23): warning CS1591: Missing XML comment for publicly visible type or member 'OnlineVotingHub.JoinElectionGroup(Guid)' [c:\Users\glenl\.zenflow\worktrees\jan-31-review-f-cad9\backend\TallyJ4.csproj]
c:\Users\glenl\.zenflow\worktrees\jan-31-review-f-cad9\backend\Hubs\OnlineVotingHub.cs(22,23): warning CS1591: Missing XML comment for publicly visible type or member 'OnlineVotingHub.LeaveElectionGroup(Guid)' [c:\Users\glenl\.zenflow\worktrees\jan-31-review-f-cad9\backend\TallyJ4.csproj]
c:\Users\glenl\.zenflow\worktrees\jan-31-review-f-cad9\backend\Hubs\OnlineVotingHub.cs(30,23): warning CS1591: Missing XML comment for publicly visible type or member 'OnlineVotingHub.BallotSubmitted(Guid, int)' [c:\Users\glenl\.zenflow\worktrees\jan-31-review-f-cad9\backend\TallyJ4.csproj]
c:\Users\glenl\.zenflow\worktrees\jan-31-review-f-cad9\backend\Hubs\OnlineVotingHub.cs(42,32): warning CS1591: Missing XML comment for publicly visible type or member 'OnlineVotingHub.OnDisconnectedAsync(Exception?)' [c:\Users\glenl\.zenflow\worktrees\jan-31-review-f-cad9\backend\TallyJ4.csproj]
c:\Users\glenl\.zenflow\worktrees\jan-31-review-f-cad9\backend\Mappings\AuditLogProfile.cs(7,14): warning CS1591: Missing XML comment for publicly visible type or member 'AuditLogProfile' [c:\Users\glenl\.zenflow\worktrees\jan-31-review-f-cad9\backend\TallyJ4.csproj]
c:\Users\glenl\.zenflow\worktrees\jan-31-review-f-cad9\backend\Mappings\AuditLogProfile.cs(9,12): warning CS1591: Missing XML comment for publicly visible type or member 'AuditLogProfile.AuditLogProfile()' [c:\Users\glenl\.zenflow\worktrees\jan-31-review-f-cad9\backend\TallyJ4.csproj]
c:\Users\glenl\.zenflow\worktrees\jan-31-review-f-cad9\backend\Mappings\ComputerProfile.cs(7,14): warning CS1591: Missing XML comment for publicly visible type or member 'ComputerProfile' [c:\Users\glenl\.zenflow\worktrees\jan-31-review-f-cad9\backend\TallyJ4.csproj]
c:\Users\glenl\.zenflow\worktrees\jan-31-review-f-cad9\backend\Mappings\ComputerProfile.cs(9,12): warning CS1591: Missing XML comment for publicly visible type or member 'ComputerProfile.ComputerProfile()' [c:\Users\glenl\.zenflow\worktrees\jan-31-review-f-cad9\backend\TallyJ4.csproj]
c:\Users\glenl\.zenflow\worktrees\jan-31-review-f-cad9\backend\Mappings\FrontDeskProfile.cs(7,14): warning CS1591: Missing XML comment for publicly visible type or member 'FrontDeskProfile' [c:\Users\glenl\.zenflow\worktrees\jan-31-review-f-cad9\backend\TallyJ4.csproj]
c:\Users\glenl\.zenflow\worktrees\jan-31-review-f-cad9\backend\Mappings\FrontDeskProfile.cs(9,12): warning CS1591: Missing XML comment for publicly visible type or member 'FrontDeskProfile.FrontDeskProfile()' [c:\Users\glenl\.zenflow\worktrees\jan-31-review-f-cad9\backend\TallyJ4.csproj]
c:\Users\glenl\.zenflow\worktrees\jan-31-review-f-cad9\backend\Mappings\TellerProfile.cs(7,14): warning CS1591: Missing XML comment for publicly visible type or member 'TellerProfile' [c:\Users\glenl\.zenflow\worktrees\jan-31-review-f-cad9\backend\TallyJ4.csproj]
c:\Users\glenl\.zenflow\worktrees\jan-31-review-f-cad9\backend\Mappings\TellerProfile.cs(9,12): warning CS1591: Missing XML comment for publicly visible type or member 'TellerProfile.TellerProfile()' [c:\Users\glenl\.zenflow\worktrees\jan-31-review-f-cad9\backend\TallyJ4.csproj]
c:\Users\glenl\.zenflow\worktrees\jan-31-review-f-cad9\backend\Middleware\AuditMiddleware.cs(7,14): warning CS1591: Missing XML comment for publicly visible type or member 'AuditMiddleware' [c:\Users\glenl\.zenflow\worktrees\jan-31-review-f-cad9\backend\TallyJ4.csproj]
c:\Users\glenl\.zenflow\worktrees\jan-31-review-f-cad9\backend\Middleware\AuditMiddleware.cs(12,12): warning CS1591: Missing XML comment for publicly visible type or member 'AuditMiddleware.AuditMiddleware(RequestDelegate, ILogger<AuditMiddleware>)' [c:\Users\glenl\.zenflow\worktrees\jan-31-review-f-cad9\backend\TallyJ4.csproj]
c:\Users\glenl\.zenflow\worktrees\jan-31-review-f-cad9\backend\Middleware\AuditMiddleware.cs(18,23): warning CS1591: Missing XML comment for publicly visible type or member 'AuditMiddleware.InvokeAsync(HttpContext, IAuditLogService)' [c:\Users\glenl\.zenflow\worktrees\jan-31-review-f-cad9\backend\TallyJ4.csproj]
c:\Users\glenl\.zenflow\worktrees\jan-31-review-f-cad9\backend\Services\AuditLogService.cs(10,14): warning CS1591: Missing XML comment for publicly visible type or member 'AuditLogService' [c:\Users\glenl\.zenflow\worktrees\jan-31-review-f-cad9\backend\TallyJ4.csproj]
c:\Users\glenl\.zenflow\worktrees\jan-31-review-f-cad9\backend\Services\AuditLogService.cs(16,12): warning CS1591: Missing XML comment for publicly visible type or member 'AuditLogService.AuditLogService(MainDbContext, IMapper, ILogger<AuditLogService>)' [c:\Users\glenl\.zenflow\worktrees\jan-31-review-f-cad9\backend\TallyJ4.csproj]
c:\Users\glenl\.zenflow\worktrees\jan-31-review-f-cad9\backend\Services\AuditLogService.cs(23,55): warning CS1591: Missing XML comment for publicly visible type or member 'AuditLogService.GetAuditLogsAsync(AuditLogFilterDto?, int, int)' [c:\Users\glenl\.zenflow\worktrees\jan-31-review-f-cad9\backend\TallyJ4.csproj]
c:\Users\glenl\.zenflow\worktrees\jan-31-review-f-cad9\backend\Services\AuditLogService.cs(92,37): warning CS1591: Missing XML comment for publicly visible type or member 'AuditLogService.GetAuditLogByIdAsync(int)' [c:\Users\glenl\.zenflow\worktrees\jan-31-review-f-cad9\backend\TallyJ4.csproj]
c:\Users\glenl\.zenflow\worktrees\jan-31-review-f-cad9\backend\Services\AuditLogService.cs(111,36): warning CS1591: Missing XML comment for publicly visible type or member 'AuditLogService.CreateAuditLogAsync(CreateAuditLogDto)' [c:\Users\glenl\.zenflow\worktrees\jan-31-review-f-cad9\backend\TallyJ4.csproj]
c:\Users\glenl\.zenflow\worktrees\jan-31-review-f-cad9\backend\Services\ComputerService.cs(9,14): warning CS1591: Missing XML comment for publicly visible type or member 'ComputerService' [c:\Users\glenl\.zenflow\worktrees\jan-31-review-f-cad9\backend\TallyJ4.csproj]
c:\Users\glenl\.zenflow\worktrees\jan-31-review-f-cad9\backend\Services\ComputerService.cs(15,12): warning CS1591: Missing XML comment for publicly visible type or member 'ComputerService.ComputerService(MainDbContext, IMapper, ILogger<ComputerService>)' [c:\Users\glenl\.zenflow\worktrees\jan-31-review-f-cad9\backend\TallyJ4.csproj]
c:\Users\glenl\.zenflow\worktrees\jan-31-review-f-cad9\backend\Services\ComputerService.cs(22,42): warning CS1591: Missing XML comment for publicly visible type or member 'ComputerService.GetComputersByLocationAsync(Guid)' [c:\Users\glenl\.zenflow\worktrees\jan-31-review-f-cad9\backend\TallyJ4.csproj]
c:\Users\glenl\.zenflow\worktrees\jan-31-review-f-cad9\backend\Services\ComputerService.cs(32,42): warning CS1591: Missing XML comment for publicly visible type or member 'ComputerService.GetComputersByElectionAsync(Guid)' [c:\Users\glenl\.zenflow\worktrees\jan-31-review-f-cad9\backend\TallyJ4.csproj]
c:\Users\glenl\.zenflow\worktrees\jan-31-review-f-cad9\backend\Services\ComputerService.cs(42,37): warning CS1591: Missing XML comment for publicly visible type or member 'ComputerService.GetComputerByGuidAsync(Guid)' [c:\Users\glenl\.zenflow\worktrees\jan-31-review-f-cad9\backend\TallyJ4.csproj]
c:\Users\glenl\.zenflow\worktrees\jan-31-review-f-cad9\backend\Services\ComputerService.cs(57,37): warning CS1591: Missing XML comment for publicly visible type or member 'ComputerService.GetComputerByCodeAsync(Guid, string)' [c:\Users\glenl\.zenflow\worktrees\jan-31-review-f-cad9\backend\TallyJ4.csproj]
c:\Users\glenl\.zenflow\worktrees\jan-31-review-f-cad9\backend\Services\ComputerService.cs(71,36): warning CS1591: Missing XML comment for publicly visible type or member 'ComputerService.RegisterComputerAsync(RegisterComputerDto)' [c:\Users\glenl\.zenflow\worktrees\jan-31-review-f-cad9\backend\TallyJ4.csproj]
c:\Users\glenl\.zenflow\worktrees\jan-31-review-f-cad9\backend\Services\ComputerService.cs(102,37): warning CS1591: Missing XML comment for publicly visible type or member 'ComputerService.UpdateComputerAsync(Guid, UpdateComputerDto)' [c:\Users\glenl\.zenflow\worktrees\jan-31-review-f-cad9\backend\TallyJ4.csproj]
c:\Users\glenl\.zenflow\worktrees\jan-31-review-f-cad9\backend\Services\ComputerService.cs(126,29): warning CS1591: Missing XML comment for publicly visible type or member 'ComputerService.DeleteComputerAsync(Guid)' [c:\Users\glenl\.zenflow\worktrees\jan-31-review-f-cad9\backend\TallyJ4.csproj]
c:\Users\glenl\.zenflow\worktrees\jan-31-review-f-cad9\backend\Services\ComputerService.cs(148,37): warning CS1591: Missing XML comment for publicly visible type or member 'ComputerService.UpdateActivityAsync(Guid)' [c:\Users\glenl\.zenflow\worktrees\jan-31-review-f-cad9\backend\TallyJ4.csproj]
c:\Users\glenl\.zenflow\worktrees\jan-31-review-f-cad9\backend\Services\ComputerService.cs(165,31): warning CS1591: Missing XML comment for publicly visible type or member 'ComputerService.GenerateComputerCodeAsync(Guid)' [c:\Users\glenl\.zenflow\worktrees\jan-31-review-f-cad9\backend\TallyJ4.csproj]
c:\Users\glenl\.zenflow\worktrees\jan-31-review-f-cad9\backend\Services\FrontDeskService.cs(10,14): warning CS1591: Missing XML comment for publicly visible type or member 'FrontDeskService' [c:\Users\glenl\.zenflow\worktrees\jan-31-review-f-cad9\backend\TallyJ4.csproj]
c:\Users\glenl\.zenflow\worktrees\jan-31-review-f-cad9\backend\Services\FrontDeskService.cs(17,12): warning CS1591: Missing XML comment for publicly visible type or member 'FrontDeskService.FrontDeskService(MainDbContext, IMapper, ILogger<FrontDeskService>, ISignalRNotificationService)' [c:\Users\glenl\.zenflow\worktrees\jan-31-review-f-cad9\backend\TallyJ4.csproj]
c:\Users\glenl\.zenflow\worktrees\jan-31-review-f-cad9\backend\Services\FrontDeskService.cs(29,48): warning CS1591: Missing XML comment for publicly visible type or member 'FrontDeskService.GetEligibleVotersAsync(Guid)' [c:\Users\glenl\.zenflow\worktrees\jan-31-review-f-cad9\backend\TallyJ4.csproj]
c:\Users\glenl\.zenflow\worktrees\jan-31-review-f-cad9\backend\Services\FrontDeskService.cs(40,42): warning CS1591: Missing XML comment for publicly visible type or member 'FrontDeskService.CheckInVoterAsync(Guid, CheckInVoterDto)' [c:\Users\glenl\.zenflow\worktrees\jan-31-review-f-cad9\backend\TallyJ4.csproj]
c:\Users\glenl\.zenflow\worktrees\jan-31-review-f-cad9\backend\Services\FrontDeskService.cs(96,36): warning CS1591: Missing XML comment for publicly visible type or member 'FrontDeskService.GetRollCallAsync(Guid)' [c:\Users\glenl\.zenflow\worktrees\jan-31-review-f-cad9\backend\TallyJ4.csproj]
c:\Users\glenl\.zenflow\worktrees\jan-31-review-f-cad9\backend\Services\FrontDeskService.cs(108,42): warning CS1591: Missing XML comment for publicly visible type or member 'FrontDeskService.GetStatsAsync(Guid)' [c:\Users\glenl\.zenflow\worktrees\jan-31-review-f-cad9\backend\TallyJ4.csproj]
c:\Users\glenl\.zenflow\worktrees\jan-31-review-f-cad9\backend\Services\IAuditLogService.cs(6,18): warning CS1591: Missing XML comment for publicly visible type or member 'IAuditLogService' [c:\Users\glenl\.zenflow\worktrees\jan-31-review-f-cad9\backend\TallyJ4.csproj]
c:\Users\glenl\.zenflow\worktrees\jan-31-review-f-cad9\backend\Services\IAuditLogService.cs(8,42): warning CS1591: Missing XML comment for publicly visible type or member 'IAuditLogService.GetAuditLogsAsync(AuditLogFilterDto?, int, int)' [c:\Users\glenl\.zenflow\worktrees\jan-31-review-f-cad9\backend\TallyJ4.csproj]
c:\Users\glenl\.zenflow\worktrees\jan-31-review-f-cad9\backend\Services\IAuditLogService.cs(13,24): warning CS1591: Missing XML comment for publicly visible type or member 'IAuditLogService.GetAuditLogByIdAsync(int)' [c:\Users\glenl\.zenflow\worktrees\jan-31-review-f-cad9\backend\TallyJ4.csproj]
c:\Users\glenl\.zenflow\worktrees\jan-31-review-f-cad9\backend\Services\IAuditLogService.cs(15,23): warning CS1591: Missing XML comment for publicly visible type or member 'IAuditLogService.CreateAuditLogAsync(CreateAuditLogDto)' [c:\Users\glenl\.zenflow\worktrees\jan-31-review-f-cad9\backend\TallyJ4.csproj]
c:\Users\glenl\.zenflow\worktrees\jan-31-review-f-cad9\backend\Services\IComputerService.cs(5,18): warning CS1591: Missing XML comment for publicly visible type or member 'IComputerService' [c:\Users\glenl\.zenflow\worktrees\jan-31-review-f-cad9\backend\TallyJ4.csproj]
c:\Users\glenl\.zenflow\worktrees\jan-31-review-f-cad9\backend\Services\IComputerService.cs(7,29): warning CS1591: Missing XML comment for publicly visible type or member 'IComputerService.GetComputersByLocationAsync(Guid)' [c:\Users\glenl\.zenflow\worktrees\jan-31-review-f-cad9\backend\TallyJ4.csproj]
c:\Users\glenl\.zenflow\worktrees\jan-31-review-f-cad9\backend\Services\IComputerService.cs(9,29): warning CS1591: Missing XML comment for publicly visible type or member 'IComputerService.GetComputersByElectionAsync(Guid)' [c:\Users\glenl\.zenflow\worktrees\jan-31-review-f-cad9\backend\TallyJ4.csproj]
c:\Users\glenl\.zenflow\worktrees\jan-31-review-f-cad9\backend\Services\IComputerService.cs(11,24): warning CS1591: Missing XML comment for publicly visible type or member 'IComputerService.GetComputerByGuidAsync(Guid)' [c:\Users\glenl\.zenflow\worktrees\jan-31-review-f-cad9\backend\TallyJ4.csproj]
c:\Users\glenl\.zenflow\worktrees\jan-31-review-f-cad9\backend\Services\IComputerService.cs(13,24): warning CS1591: Missing XML comment for publicly visible type or member 'IComputerService.GetComputerByCodeAsync(Guid, string)' [c:\Users\glenl\.zenflow\worktrees\jan-31-review-f-cad9\backend\TallyJ4.csproj]
c:\Users\glenl\.zenflow\worktrees\jan-31-review-f-cad9\backend\Services\IComputerService.cs(15,23): warning CS1591: Missing XML comment for publicly visible type or member 'IComputerService.RegisterComputerAsync(RegisterComputerDto)' [c:\Users\glenl\.zenflow\worktrees\jan-31-review-f-cad9\backend\TallyJ4.csproj]
c:\Users\glenl\.zenflow\worktrees\jan-31-review-f-cad9\backend\Services\IComputerService.cs(17,24): warning CS1591: Missing XML comment for publicly visible type or member 'IComputerService.UpdateComputerAsync(Guid, UpdateComputerDto)' [c:\Users\glenl\.zenflow\worktrees\jan-31-review-f-cad9\backend\TallyJ4.csproj]
c:\Users\glenl\.zenflow\worktrees\jan-31-review-f-cad9\backend\Services\IComputerService.cs(19,16): warning CS1591: Missing XML comment for publicly visible type or member 'IComputerService.DeleteComputerAsync(Guid)' [c:\Users\glenl\.zenflow\worktrees\jan-31-review-f-cad9\backend\TallyJ4.csproj]
c:\Users\glenl\.zenflow\worktrees\jan-31-review-f-cad9\backend\Services\IComputerService.cs(21,24): warning CS1591: Missing XML comment for publicly visible type or member 'IComputerService.UpdateActivityAsync(Guid)' [c:\Users\glenl\.zenflow\worktrees\jan-31-review-f-cad9\backend\TallyJ4.csproj]
c:\Users\glenl\.zenflow\worktrees\jan-31-review-f-cad9\backend\Services\IComputerService.cs(23,18): warning CS1591: Missing XML comment for publicly visible type or member 'IComputerService.GenerateComputerCodeAsync(Guid)' [c:\Users\glenl\.zenflow\worktrees\jan-31-review-f-cad9\backend\TallyJ4.csproj]
c:\Users\glenl\.zenflow\worktrees\jan-31-review-f-cad9\backend\Services\IFrontDeskService.cs(5,18): warning CS1591: Missing XML comment for publicly visible type or member 'IFrontDeskService' [c:\Users\glenl\.zenflow\worktrees\jan-31-review-f-cad9\backend\TallyJ4.csproj]
c:\Users\glenl\.zenflow\worktrees\jan-31-review-f-cad9\backend\Services\IFrontDeskService.cs(7,35): warning CS1591: Missing XML comment for publicly visible type or member 'IFrontDeskService.GetEligibleVotersAsync(Guid)' [c:\Users\glenl\.zenflow\worktrees\jan-31-review-f-cad9\backend\TallyJ4.csproj]
c:\Users\glenl\.zenflow\worktrees\jan-31-review-f-cad9\backend\Services\IFrontDeskService.cs(8,29): warning CS1591: Missing XML comment for publicly visible type or member 'IFrontDeskService.CheckInVoterAsync(Guid, CheckInVoterDto)' [c:\Users\glenl\.zenflow\worktrees\jan-31-review-f-cad9\backend\TallyJ4.csproj]
c:\Users\glenl\.zenflow\worktrees\jan-31-review-f-cad9\backend\Services\IFrontDeskService.cs(9,23): warning CS1591: Missing XML comment for publicly visible type or member 'IFrontDeskService.GetRollCallAsync(Guid)' [c:\Users\glenl\.zenflow\worktrees\jan-31-review-f-cad9\backend\TallyJ4.csproj]
c:\Users\glenl\.zenflow\worktrees\jan-31-review-f-cad9\backend\Services\IFrontDeskService.cs(10,29): warning CS1591: Missing XML comment for publicly visible type or member 'IFrontDeskService.GetStatsAsync(Guid)' [c:\Users\glenl\.zenflow\worktrees\jan-31-review-f-cad9\backend\TallyJ4.csproj]
c:\Users\glenl\.zenflow\worktrees\jan-31-review-f-cad9\backend\Services\IOnlineVotingService.cs(5,18): warning CS1591: Missing XML comment for publicly visible type or member 'IOnlineVotingService' [c:\Users\glenl\.zenflow\worktrees\jan-31-review-f-cad9\backend\TallyJ4.csproj]
c:\Users\glenl\.zenflow\worktrees\jan-31-review-f-cad9\backend\Services\IOnlineVotingService.cs(7,41): warning CS1591: Missing XML comment for publicly visible type or member 'IOnlineVotingService.RequestVerificationCodeAsync(RequestCodeDto)' [c:\Users\glenl\.zenflow\worktrees\jan-31-review-f-cad9\backend\TallyJ4.csproj]
c:\Users\glenl\.zenflow\worktrees\jan-31-review-f-cad9\backend\Services\IOnlineVotingService.cs(9,76): warning CS1591: Missing XML comment for publicly visible type or member 'IOnlineVotingService.VerifyCodeAsync(VerifyCodeDto)' [c:\Users\glenl\.zenflow\worktrees\jan-31-review-f-cad9\backend\TallyJ4.csproj]
c:\Users\glenl\.zenflow\worktrees\jan-31-review-f-cad9\backend\Services\IOnlineVotingService.cs(11,34): warning CS1591: Missing XML comment for publicly visible type or member 'IOnlineVotingService.GetElectionInfoAsync(Guid)' [c:\Users\glenl\.zenflow\worktrees\jan-31-review-f-cad9\backend\TallyJ4.csproj]
c:\Users\glenl\.zenflow\worktrees\jan-31-review-f-cad9\backend\Services\IOnlineVotingService.cs(13,36): warning CS1591: Missing XML comment for publicly visible type or member 'IOnlineVotingService.GetCandidatesAsync(Guid)' [c:\Users\glenl\.zenflow\worktrees\jan-31-review-f-cad9\backend\TallyJ4.csproj]
c:\Users\glenl\.zenflow\worktrees\jan-31-review-f-cad9\backend\Services\IOnlineVotingService.cs(15,41): warning CS1591: Missing XML comment for publicly visible type or member 'IOnlineVotingService.SubmitBallotAsync(SubmitOnlineBallotDto)' [c:\Users\glenl\.zenflow\worktrees\jan-31-review-f-cad9\backend\TallyJ4.csproj]
c:\Users\glenl\.zenflow\worktrees\jan-31-review-f-cad9\backend\Services\IOnlineVotingService.cs(17,31): warning CS1591: Missing XML comment for publicly visible type or member 'IOnlineVotingService.GetVoteStatusAsync(Guid, string)' [c:\Users\glenl\.zenflow\worktrees\jan-31-review-f-cad9\backend\TallyJ4.csproj]
c:\Users\glenl\.zenflow\worktrees\jan-31-review-f-cad9\backend\Services\ITellerService.cs(6,18): warning CS1591: Missing XML comment for publicly visible type or member 'ITellerService' [c:\Users\glenl\.zenflow\worktrees\jan-31-review-f-cad9\backend\TallyJ4.csproj]
c:\Users\glenl\.zenflow\worktrees\jan-31-review-f-cad9\backend\Services\ITellerService.cs(8,40): warning CS1591: Missing XML comment for publicly visible type or member 'ITellerService.GetTellersByElectionAsync(Guid, int, int)' [c:\Users\glenl\.zenflow\worktrees\jan-31-review-f-cad9\backend\TallyJ4.csproj]
c:\Users\glenl\.zenflow\worktrees\jan-31-review-f-cad9\backend\Services\ITellerService.cs(9,22): warning CS1591: Missing XML comment for publicly visible type or member 'ITellerService.GetTellerByIdAsync(int)' [c:\Users\glenl\.zenflow\worktrees\jan-31-review-f-cad9\backend\TallyJ4.csproj]
c:\Users\glenl\.zenflow\worktrees\jan-31-review-f-cad9\backend\Services\ITellerService.cs(10,21): warning CS1591: Missing XML comment for publicly visible type or member 'ITellerService.CreateTellerAsync(CreateTellerDto)' [c:\Users\glenl\.zenflow\worktrees\jan-31-review-f-cad9\backend\TallyJ4.csproj]
c:\Users\glenl\.zenflow\worktrees\jan-31-review-f-cad9\backend\Services\ITellerService.cs(11,22): warning CS1591: Missing XML comment for publicly visible type or member 'ITellerService.UpdateTellerAsync(int, UpdateTellerDto)' [c:\Users\glenl\.zenflow\worktrees\jan-31-review-f-cad9\backend\TallyJ4.csproj]
c:\Users\glenl\.zenflow\worktrees\jan-31-review-f-cad9\backend\Services\ITellerService.cs(12,16): warning CS1591: Missing XML comment for publicly visible type or member 'ITellerService.DeleteTellerAsync(int)' [c:\Users\glenl\.zenflow\worktrees\jan-31-review-f-cad9\backend\TallyJ4.csproj]
c:\Users\glenl\.zenflow\worktrees\jan-31-review-f-cad9\backend\Services\ITellerService.cs(13,16): warning CS1591: Missing XML comment for publicly visible type or member 'ITellerService.IsTellerNameUniqueAsync(Guid, string, int?)' [c:\Users\glenl\.zenflow\worktrees\jan-31-review-f-cad9\backend\TallyJ4.csproj]
c:\Users\glenl\.zenflow\worktrees\jan-31-review-f-cad9\backend\Services\OnlineVotingService.cs(13,14): warning CS1591: Missing XML comment for publicly visible type or member 'OnlineVotingService' [c:\Users\glenl\.zenflow\worktrees\jan-31-review-f-cad9\backend\TallyJ4.csproj]
c:\Users\glenl\.zenflow\worktrees\jan-31-review-f-cad9\backend\Services\OnlineVotingService.cs(19,12): warning CS1591: Missing XML comment for publicly visible type or member 'OnlineVotingService.OnlineVotingService(MainDbContext, IConfiguration, ILogger<OnlineVotingService>)' [c:\Users\glenl\.zenflow\worktrees\jan-31-review-f-cad9\backend\TallyJ4.csproj]
c:\Users\glenl\.zenflow\worktrees\jan-31-review-f-cad9\backend\Services\OnlineVotingService.cs(29,54): warning CS1591: Missing XML comment for publicly visible type or member 'OnlineVotingService.RequestVerificationCodeAsync(RequestCodeDto)' [c:\Users\glenl\.zenflow\worktrees\jan-31-review-f-cad9\backend\TallyJ4.csproj]
c:\Users\glenl\.zenflow\worktrees\jan-31-review-f-cad9\backend\Services\OnlineVotingService.cs(74,89): warning CS1591: Missing XML comment for publicly visible type or member 'OnlineVotingService.VerifyCodeAsync(VerifyCodeDto)' [c:\Users\glenl\.zenflow\worktrees\jan-31-review-f-cad9\backend\TallyJ4.csproj]
c:\Users\glenl\.zenflow\worktrees\jan-31-review-f-cad9\backend\Services\OnlineVotingService.cs(137,47): warning CS1591: Missing XML comment for publicly visible type or member 'OnlineVotingService.GetElectionInfoAsync(Guid)' [c:\Users\glenl\.zenflow\worktrees\jan-31-review-f-cad9\backend\TallyJ4.csproj]
c:\Users\glenl\.zenflow\worktrees\jan-31-review-f-cad9\backend\Services\OnlineVotingService.cs(168,49): warning CS1591: Missing XML comment for publicly visible type or member 'OnlineVotingService.GetCandidatesAsync(Guid)' [c:\Users\glenl\.zenflow\worktrees\jan-31-review-f-cad9\backend\TallyJ4.csproj]
c:\Users\glenl\.zenflow\worktrees\jan-31-review-f-cad9\backend\Services\OnlineVotingService.cs(185,54): warning CS1591: Missing XML comment for publicly visible type or member 'OnlineVotingService.SubmitBallotAsync(SubmitOnlineBallotDto)' [c:\Users\glenl\.zenflow\worktrees\jan-31-review-f-cad9\backend\TallyJ4.csproj]
c:\Users\glenl\.zenflow\worktrees\jan-31-review-f-cad9\backend\Services\OnlineVotingService.cs(311,44): warning CS1591: Missing XML comment for publicly visible type or member 'OnlineVotingService.GetVoteStatusAsync(Guid, string)' [c:\Users\glenl\.zenflow\worktrees\jan-31-review-f-cad9\backend\TallyJ4.csproj]
c:\Users\glenl\.zenflow\worktrees\jan-31-review-f-cad9\backend\Services\TellerService.cs(10,14): warning CS1591: Missing XML comment for publicly visible type or member 'TellerService' [c:\Users\glenl\.zenflow\worktrees\jan-31-review-f-cad9\backend\TallyJ4.csproj]
c:\Users\glenl\.zenflow\worktrees\jan-31-review-f-cad9\backend\Services\TellerService.cs(16,12): warning CS1591: Missing XML comment for publicly visible type or member 'TellerService.TellerService(MainDbContext, IMapper, ILogger<TellerService>)' [c:\Users\glenl\.zenflow\worktrees\jan-31-review-f-cad9\backend\TallyJ4.csproj]
c:\Users\glenl\.zenflow\worktrees\jan-31-review-f-cad9\backend\Services\TellerService.cs(23,53): warning CS1591: Missing XML comment for publicly visible type or member 'TellerService.GetTellersByElectionAsync(Guid, int, int)' [c:\Users\glenl\.zenflow\worktrees\jan-31-review-f-cad9\backend\TallyJ4.csproj]
c:\Users\glenl\.zenflow\worktrees\jan-31-review-f-cad9\backend\Services\TellerService.cs(52,35): warning CS1591: Missing XML comment for publicly visible type or member 'TellerService.GetTellerByIdAsync(int)' [c:\Users\glenl\.zenflow\worktrees\jan-31-review-f-cad9\backend\TallyJ4.csproj]
c:\Users\glenl\.zenflow\worktrees\jan-31-review-f-cad9\backend\Services\TellerService.cs(71,34): warning CS1591: Missing XML comment for publicly visible type or member 'TellerService.CreateTellerAsync(CreateTellerDto)' [c:\Users\glenl\.zenflow\worktrees\jan-31-review-f-cad9\backend\TallyJ4.csproj]
c:\Users\glenl\.zenflow\worktrees\jan-31-review-f-cad9\backend\Services\TellerService.cs(92,35): warning CS1591: Missing XML comment for publicly visible type or member 'TellerService.UpdateTellerAsync(int, UpdateTellerDto)' [c:\Users\glenl\.zenflow\worktrees\jan-31-review-f-cad9\backend\TallyJ4.csproj]
c:\Users\glenl\.zenflow\worktrees\jan-31-review-f-cad9\backend\Services\TellerService.cs(121,29): warning CS1591: Missing XML comment for publicly visible type or member 'TellerService.DeleteTellerAsync(int)' [c:\Users\glenl\.zenflow\worktrees\jan-31-review-f-cad9\backend\TallyJ4.csproj]
c:\Users\glenl\.zenflow\worktrees\jan-31-review-f-cad9\backend\Services\TellerService.cs(143,29): warning CS1591: Missing XML comment for publicly visible type or member 'TellerService.IsTellerNameUniqueAsync(Guid, string, int?)' [c:\Users\glenl\.zenflow\worktrees\jan-31-review-f-cad9\backend\TallyJ4.csproj]
  TallyJ4 -> c:\Users\glenl\.zenflow\worktrees\jan-31-review-f-cad9\backend\bin\Debug\net10.0\TallyJ4.dll

Build succeeded.

c:\Users\glenl\.zenflow\worktrees\jan-31-review-f-cad9\backend\Services\ImportService.cs(10,14): warning CS1591: Missing XML comment for publicly visible type or member 'ImportService' [c:\Users\glenl\.zenflow\worktrees\jan-31-review-f-cad9\backend\TallyJ4.csproj]
c:\Users\glenl\.zenflow\worktrees\jan-31-review-f-cad9\backend\Services\ImportService.cs(15,12): warning CS1591: Missing XML comment for publicly visible type or member 'ImportService.ImportService(MainDbContext, IHubContext<BallotImportHub>)' [c:\Users\glenl\.zenflow\worktrees\jan-31-review-f-cad9\backend\TallyJ4.csproj]
c:\Users\glenl\.zenflow\worktrees\jan-31-review-f-cad9\backend\Services\ImportService.cs(21,51): warning CS1591: Missing XML comment for publicly visible type or member 'ImportService.ParseCsvHeadersAsync(string, string)' [c:\Users\glenl\.zenflow\worktrees\jan-31-review-f-cad9\backend\TallyJ4.csproj]
c:\Users\glenl\.zenflow\worktrees\jan-31-review-f-cad9\backend\Services\ImportService.cs(47,40): warning CS1591: Missing XML comment for publicly visible type or member 'ImportService.ImportBallotDataAsync(ImportBallotRequestDto)' [c:\Users\glenl\.zenflow\worktrees\jan-31-review-f-cad9\backend\TallyJ4.csproj]
c:\Users\glenl\.zenflow\worktrees\jan-31-review-f-cad9\backend\Hubs\OnlineVotingHub.cs(5,14): warning CS1591: Missing XML comment for publicly visible type or member 'OnlineVotingHub' [c:\Users\glenl\.zenflow\worktrees\jan-31-review-f-cad9\backend\TallyJ4.csproj]
c:\Users\glenl\.zenflow\worktrees\jan-31-review-f-cad9\backend\Hubs\OnlineVotingHub.cs(9,12): warning CS1591: Missing XML comment for publicly visible type or member 'OnlineVotingHub.OnlineVotingHub(ILogger<OnlineVotingHub>)' [c:\Users\glenl\.zenflow\worktrees\jan-31-review-f-cad9\backend\TallyJ4.csproj]
c:\Users\glenl\.zenflow\worktrees\jan-31-review-f-cad9\backend\Hubs\OnlineVotingHub.cs(14,23): warning CS1591: Missing XML comment for publicly visible type or member 'OnlineVotingHub.JoinElectionGroup(Guid)' [c:\Users\glenl\.zenflow\worktrees\jan-31-review-f-cad9\backend\TallyJ4.csproj]
c:\Users\glenl\.zenflow\worktrees\jan-31-review-f-cad9\backend\Hubs\OnlineVotingHub.cs(22,23): warning CS1591: Missing XML comment for publicly visible type or member 'OnlineVotingHub.LeaveElectionGroup(Guid)' [c:\Users\glenl\.zenflow\worktrees\jan-31-review-f-cad9\backend\TallyJ4.csproj]
c:\Users\glenl\.zenflow\worktrees\jan-31-review-f-cad9\backend\Hubs\OnlineVotingHub.cs(30,23): warning CS1591: Missing XML comment for publicly visible type or member 'OnlineVotingHub.BallotSubmitted(Guid, int)' [c:\Users\glenl\.zenflow\worktrees\jan-31-review-f-cad9\backend\TallyJ4.csproj]
c:\Users\glenl\.zenflow\worktrees\jan-31-review-f-cad9\backend\Hubs\OnlineVotingHub.cs(42,32): warning CS1591: Missing XML comment for publicly visible type or member 'OnlineVotingHub.OnDisconnectedAsync(Exception?)' [c:\Users\glenl\.zenflow\worktrees\jan-31-review-f-cad9\backend\TallyJ4.csproj]
c:\Users\glenl\.zenflow\worktrees\jan-31-review-f-cad9\backend\Mappings\AuditLogProfile.cs(7,14): warning CS1591: Missing XML comment for publicly visible type or member 'AuditLogProfile' [c:\Users\glenl\.zenflow\worktrees\jan-31-review-f-cad9\backend\TallyJ4.csproj]
c:\Users\glenl\.zenflow\worktrees\jan-31-review-f-cad9\backend\Mappings\AuditLogProfile.cs(9,12): warning CS1591: Missing XML comment for publicly visible type or member 'AuditLogProfile.AuditLogProfile()' [c:\Users\glenl\.zenflow\worktrees\jan-31-review-f-cad9\backend\TallyJ4.csproj]
c:\Users\glenl\.zenflow\worktrees\jan-31-review-f-cad9\backend\Mappings\ComputerProfile.cs(7,14): warning CS1591: Missing XML comment for publicly visible type or member 'ComputerProfile' [c:\Users\glenl\.zenflow\worktrees\jan-31-review-f-cad9\backend\TallyJ4.csproj]
c:\Users\glenl\.zenflow\worktrees\jan-31-review-f-cad9\backend\Mappings\ComputerProfile.cs(9,12): warning CS1591: Missing XML comment for publicly visible type or member 'ComputerProfile.ComputerProfile()' [c:\Users\glenl\.zenflow\worktrees\jan-31-review-f-cad9\backend\TallyJ4.csproj]
c:\Users\glenl\.zenflow\worktrees\jan-31-review-f-cad9\backend\Mappings\FrontDeskProfile.cs(7,14): warning CS1591: Missing XML comment for publicly visible type or member 'FrontDeskProfile' [c:\Users\glenl\.zenflow\worktrees\jan-31-review-f-cad9\backend\TallyJ4.csproj]
c:\Users\glenl\.zenflow\worktrees\jan-31-review-f-cad9\backend\Mappings\FrontDeskProfile.cs(9,12): warning CS1591: Missing XML comment for publicly visible type or member 'FrontDeskProfile.FrontDeskProfile()' [c:\Users\glenl\.zenflow\worktrees\jan-31-review-f-cad9\backend\TallyJ4.csproj]
c:\Users\glenl\.zenflow\worktrees\jan-31-review-f-cad9\backend\Mappings\TellerProfile.cs(7,14): warning CS1591: Missing XML comment for publicly visible type or member 'TellerProfile' [c:\Users\glenl\.zenflow\worktrees\jan-31-review-f-cad9\backend\TallyJ4.csproj]
c:\Users\glenl\.zenflow\worktrees\jan-31-review-f-cad9\backend\Mappings\TellerProfile.cs(9,12): warning CS1591: Missing XML comment for publicly visible type or member 'TellerProfile.TellerProfile()' [c:\Users\glenl\.zenflow\worktrees\jan-31-review-f-cad9\backend\TallyJ4.csproj]
c:\Users\glenl\.zenflow\worktrees\jan-31-review-f-cad9\backend\Middleware\AuditMiddleware.cs(7,14): warning CS1591: Missing XML comment for publicly visible type or member 'AuditMiddleware' [c:\Users\glenl\.zenflow\worktrees\jan-31-review-f-cad9\backend\TallyJ4.csproj]
c:\Users\glenl\.zenflow\worktrees\jan-31-review-f-cad9\backend\Middleware\AuditMiddleware.cs(12,12): warning CS1591: Missing XML comment for publicly visible type or member 'AuditMiddleware.AuditMiddleware(RequestDelegate, ILogger<AuditMiddleware>)' [c:\Users\glenl\.zenflow\worktrees\jan-31-review-f-cad9\backend\TallyJ4.csproj]
c:\Users\glenl\.zenflow\worktrees\jan-31-review-f-cad9\backend\Middleware\AuditMiddleware.cs(18,23): warning CS1591: Missing XML comment for publicly visible type or member 'AuditMiddleware.InvokeAsync(HttpContext, IAuditLogService)' [c:\Users\glenl\.zenflow\worktrees\jan-31-review-f-cad9\backend\TallyJ4.csproj]
c:\Users\glenl\.zenflow\worktrees\jan-31-review-f-cad9\backend\Services\AuditLogService.cs(10,14): warning CS1591: Missing XML comment for publicly visible type or member 'AuditLogService' [c:\Users\glenl\.zenflow\worktrees\jan-31-review-f-cad9\backend\TallyJ4.csproj]
c:\Users\glenl\.zenflow\worktrees\jan-31-review-f-cad9\backend\Services\AuditLogService.cs(16,12): warning CS1591: Missing XML comment for publicly visible type or member 'AuditLogService.AuditLogService(MainDbContext, IMapper, ILogger<AuditLogService>)' [c:\Users\glenl\.zenflow\worktrees\jan-31-review-f-cad9\backend\TallyJ4.csproj]
c:\Users\glenl\.zenflow\worktrees\jan-31-review-f-cad9\backend\Services\AuditLogService.cs(23,55): warning CS1591: Missing XML comment for publicly visible type or member 'AuditLogService.GetAuditLogsAsync(AuditLogFilterDto?, int, int)' [c:\Users\glenl\.zenflow\worktrees\jan-31-review-f-cad9\backend\TallyJ4.csproj]
c:\Users\glenl\.zenflow\worktrees\jan-31-review-f-cad9\backend\Services\AuditLogService.cs(92,37): warning CS1591: Missing XML comment for publicly visible type or member 'AuditLogService.GetAuditLogByIdAsync(int)' [c:\Users\glenl\.zenflow\worktrees\jan-31-review-f-cad9\backend\TallyJ4.csproj]
c:\Users\glenl\.zenflow\worktrees\jan-31-review-f-cad9\backend\Services\AuditLogService.cs(111,36): warning CS1591: Missing XML comment for publicly visible type or member 'AuditLogService.CreateAuditLogAsync(CreateAuditLogDto)' [c:\Users\glenl\.zenflow\worktrees\jan-31-review-f-cad9\backend\TallyJ4.csproj]
c:\Users\glenl\.zenflow\worktrees\jan-31-review-f-cad9\backend\Services\ComputerService.cs(9,14): warning CS1591: Missing XML comment for publicly visible type or member 'ComputerService' [c:\Users\glenl\.zenflow\worktrees\jan-31-review-f-cad9\backend\TallyJ4.csproj]
c:\Users\glenl\.zenflow\worktrees\jan-31-review-f-cad9\backend\Services\ComputerService.cs(15,12): warning CS1591: Missing XML comment for publicly visible type or member 'ComputerService.ComputerService(MainDbContext, IMapper, ILogger<ComputerService>)' [c:\Users\glenl\.zenflow\worktrees\jan-31-review-f-cad9\backend\TallyJ4.csproj]
c:\Users\glenl\.zenflow\worktrees\jan-31-review-f-cad9\backend\Services\ComputerService.cs(22,42): warning CS1591: Missing XML comment for publicly visible type or member 'ComputerService.GetComputersByLocationAsync(Guid)' [c:\Users\glenl\.zenflow\worktrees\jan-31-review-f-cad9\backend\TallyJ4.csproj]
c:\Users\glenl\.zenflow\worktrees\jan-31-review-f-cad9\backend\Services\ComputerService.cs(32,42): warning CS1591: Missing XML comment for publicly visible type or member 'ComputerService.GetComputersByElectionAsync(Guid)' [c:\Users\glenl\.zenflow\worktrees\jan-31-review-f-cad9\backend\TallyJ4.csproj]
c:\Users\glenl\.zenflow\worktrees\jan-31-review-f-cad9\backend\Services\ComputerService.cs(42,37): warning CS1591: Missing XML comment for publicly visible type or member 'ComputerService.GetComputerByGuidAsync(Guid)' [c:\Users\glenl\.zenflow\worktrees\jan-31-review-f-cad9\backend\TallyJ4.csproj]
c:\Users\glenl\.zenflow\worktrees\jan-31-review-f-cad9\backend\Services\ComputerService.cs(57,37): warning CS1591: Missing XML comment for publicly visible type or member 'ComputerService.GetComputerByCodeAsync(Guid, string)' [c:\Users\glenl\.zenflow\worktrees\jan-31-review-f-cad9\backend\TallyJ4.csproj]
c:\Users\glenl\.zenflow\worktrees\jan-31-review-f-cad9\backend\Services\ComputerService.cs(71,36): warning CS1591: Missing XML comment for publicly visible type or member 'ComputerService.RegisterComputerAsync(RegisterComputerDto)' [c:\Users\glenl\.zenflow\worktrees\jan-31-review-f-cad9\backend\TallyJ4.csproj]
c:\Users\glenl\.zenflow\worktrees\jan-31-review-f-cad9\backend\Services\ComputerService.cs(102,37): warning CS1591: Missing XML comment for publicly visible type or member 'ComputerService.UpdateComputerAsync(Guid, UpdateComputerDto)' [c:\Users\glenl\.zenflow\worktrees\jan-31-review-f-cad9\backend\TallyJ4.csproj]
c:\Users\glenl\.zenflow\worktrees\jan-31-review-f-cad9\backend\Services\ComputerService.cs(126,29): warning CS1591: Missing XML comment for publicly visible type or member 'ComputerService.DeleteComputerAsync(Guid)' [c:\Users\glenl\.zenflow\worktrees\jan-31-review-f-cad9\backend\TallyJ4.csproj]
c:\Users\glenl\.zenflow\worktrees\jan-31-review-f-cad9\backend\Services\ComputerService.cs(148,37): warning CS1591: Missing XML comment for publicly visible type or member 'ComputerService.UpdateActivityAsync(Guid)' [c:\Users\glenl\.zenflow\worktrees\jan-31-review-f-cad9\backend\TallyJ4.csproj]
c:\Users\glenl\.zenflow\worktrees\jan-31-review-f-cad9\backend\Services\ComputerService.cs(165,31): warning CS1591: Missing XML comment for publicly visible type or member 'ComputerService.GenerateComputerCodeAsync(Guid)' [c:\Users\glenl\.zenflow\worktrees\jan-31-review-f-cad9\backend\TallyJ4.csproj]
c:\Users\glenl\.zenflow\worktrees\jan-31-review-f-cad9\backend\Services\FrontDeskService.cs(10,14): warning CS1591: Missing XML comment for publicly visible type or member 'FrontDeskService' [c:\Users\glenl\.zenflow\worktrees\jan-31-review-f-cad9\backend\TallyJ4.csproj]
c:\Users\glenl\.zenflow\worktrees\jan-31-review-f-cad9\backend\Services\FrontDeskService.cs(17,12): warning CS1591: Missing XML comment for publicly visible type or member 'FrontDeskService.FrontDeskService(MainDbContext, IMapper, ILogger<FrontDeskService>, ISignalRNotificationService)' [c:\Users\glenl\.zenflow\worktrees\jan-31-review-f-cad9\backend\TallyJ4.csproj]
c:\Users\glenl\.zenflow\worktrees\jan-31-review-f-cad9\backend\Services\FrontDeskService.cs(29,48): warning CS1591: Missing XML comment for publicly visible type or member 'FrontDeskService.GetEligibleVotersAsync(Guid)' [c:\Users\glenl\.zenflow\worktrees\jan-31-review-f-cad9\backend\TallyJ4.csproj]
c:\Users\glenl\.zenflow\worktrees\jan-31-review-f-cad9\backend\Services\FrontDeskService.cs(40,42): warning CS1591: Missing XML comment for publicly visible type or member 'FrontDeskService.CheckInVoterAsync(Guid, CheckInVoterDto)' [c:\Users\glenl\.zenflow\worktrees\jan-31-review-f-cad9\backend\TallyJ4.csproj]
c:\Users\glenl\.zenflow\worktrees\jan-31-review-f-cad9\backend\Services\FrontDeskService.cs(96,36): warning CS1591: Missing XML comment for publicly visible type or member 'FrontDeskService.GetRollCallAsync(Guid)' [c:\Users\glenl\.zenflow\worktrees\jan-31-review-f-cad9\backend\TallyJ4.csproj]
c:\Users\glenl\.zenflow\worktrees\jan-31-review-f-cad9\backend\Services\FrontDeskService.cs(108,42): warning CS1591: Missing XML comment for publicly visible type or member 'FrontDeskService.GetStatsAsync(Guid)' [c:\Users\glenl\.zenflow\worktrees\jan-31-review-f-cad9\backend\TallyJ4.csproj]
c:\Users\glenl\.zenflow\worktrees\jan-31-review-f-cad9\backend\Services\IAuditLogService.cs(6,18): warning CS1591: Missing XML comment for publicly visible type or member 'IAuditLogService' [c:\Users\glenl\.zenflow\worktrees\jan-31-review-f-cad9\backend\TallyJ4.csproj]
c:\Users\glenl\.zenflow\worktrees\jan-31-review-f-cad9\backend\Services\IAuditLogService.cs(8,42): warning CS1591: Missing XML comment for publicly visible type or member 'IAuditLogService.GetAuditLogsAsync(AuditLogFilterDto?, int, int)' [c:\Users\glenl\.zenflow\worktrees\jan-31-review-f-cad9\backend\TallyJ4.csproj]
c:\Users\glenl\.zenflow\worktrees\jan-31-review-f-cad9\backend\Services\IAuditLogService.cs(13,24): warning CS1591: Missing XML comment for publicly visible type or member 'IAuditLogService.GetAuditLogByIdAsync(int)' [c:\Users\glenl\.zenflow\worktrees\jan-31-review-f-cad9\backend\TallyJ4.csproj]
c:\Users\glenl\.zenflow\worktrees\jan-31-review-f-cad9\backend\Services\IAuditLogService.cs(15,23): warning CS1591: Missing XML comment for publicly visible type or member 'IAuditLogService.CreateAuditLogAsync(CreateAuditLogDto)' [c:\Users\glenl\.zenflow\worktrees\jan-31-review-f-cad9\backend\TallyJ4.csproj]
c:\Users\glenl\.zenflow\worktrees\jan-31-review-f-cad9\backend\Services\IComputerService.cs(5,18): warning CS1591: Missing XML comment for publicly visible type or member 'IComputerService' [c:\Users\glenl\.zenflow\worktrees\jan-31-review-f-cad9\backend\TallyJ4.csproj]
c:\Users\glenl\.zenflow\worktrees\jan-31-review-f-cad9\backend\Services\IComputerService.cs(7,29): warning CS1591: Missing XML comment for publicly visible type or member 'IComputerService.GetComputersByLocationAsync(Guid)' [c:\Users\glenl\.zenflow\worktrees\jan-31-review-f-cad9\backend\TallyJ4.csproj]
c:\Users\glenl\.zenflow\worktrees\jan-31-review-f-cad9\backend\Services\IComputerService.cs(9,29): warning CS1591: Missing XML comment for publicly visible type or member 'IComputerService.GetComputersByElectionAsync(Guid)' [c:\Users\glenl\.zenflow\worktrees\jan-31-review-f-cad9\backend\TallyJ4.csproj]
c:\Users\glenl\.zenflow\worktrees\jan-31-review-f-cad9\backend\Services\IComputerService.cs(11,24): warning CS1591: Missing XML comment for publicly visible type or member 'IComputerService.GetComputerByGuidAsync(Guid)' [c:\Users\glenl\.zenflow\worktrees\jan-31-review-f-cad9\backend\TallyJ4.csproj]
c:\Users\glenl\.zenflow\worktrees\jan-31-review-f-cad9\backend\Services\IComputerService.cs(13,24): warning CS1591: Missing XML comment for publicly visible type or member 'IComputerService.GetComputerByCodeAsync(Guid, string)' [c:\Users\glenl\.zenflow\worktrees\jan-31-review-f-cad9\backend\TallyJ4.csproj]
c:\Users\glenl\.zenflow\worktrees\jan-31-review-f-cad9\backend\Services\IComputerService.cs(15,23): warning CS1591: Missing XML comment for publicly visible type or member 'IComputerService.RegisterComputerAsync(RegisterComputerDto)' [c:\Users\glenl\.zenflow\worktrees\jan-31-review-f-cad9\backend\TallyJ4.csproj]
c:\Users\glenl\.zenflow\worktrees\jan-31-review-f-cad9\backend\Services\IComputerService.cs(17,24): warning CS1591: Missing XML comment for publicly visible type or member 'IComputerService.UpdateComputerAsync(Guid, UpdateComputerDto)' [c:\Users\glenl\.zenflow\worktrees\jan-31-review-f-cad9\backend\TallyJ4.csproj]
c:\Users\glenl\.zenflow\worktrees\jan-31-review-f-cad9\backend\Services\IComputerService.cs(19,16): warning CS1591: Missing XML comment for publicly visible type or member 'IComputerService.DeleteComputerAsync(Guid)' [c:\Users\glenl\.zenflow\worktrees\jan-31-review-f-cad9\backend\TallyJ4.csproj]
c:\Users\glenl\.zenflow\worktrees\jan-31-review-f-cad9\backend\Services\IComputerService.cs(21,24): warning CS1591: Missing XML comment for publicly visible type or member 'IComputerService.UpdateActivityAsync(Guid)' [c:\Users\glenl\.zenflow\worktrees\jan-31-review-f-cad9\backend\TallyJ4.csproj]
c:\Users\glenl\.zenflow\worktrees\jan-31-review-f-cad9\backend\Services\IComputerService.cs(23,18): warning CS1591: Missing XML comment for publicly visible type or member 'IComputerService.GenerateComputerCodeAsync(Guid)' [c:\Users\glenl\.zenflow\worktrees\jan-31-review-f-cad9\backend\TallyJ4.csproj]
c:\Users\glenl\.zenflow\worktrees\jan-31-review-f-cad9\backend\Services\IFrontDeskService.cs(5,18): warning CS1591: Missing XML comment for publicly visible type or member 'IFrontDeskService' [c:\Users\glenl\.zenflow\worktrees\jan-31-review-f-cad9\backend\TallyJ4.csproj]
c:\Users\glenl\.zenflow\worktrees\jan-31-review-f-cad9\backend\Services\IFrontDeskService.cs(7,35): warning CS1591: Missing XML comment for publicly visible type or member 'IFrontDeskService.GetEligibleVotersAsync(Guid)' [c:\Users\glenl\.zenflow\worktrees\jan-31-review-f-cad9\backend\TallyJ4.csproj]
c:\Users\glenl\.zenflow\worktrees\jan-31-review-f-cad9\backend\Services\IFrontDeskService.cs(8,29): warning CS1591: Missing XML comment for publicly visible type or member 'IFrontDeskService.CheckInVoterAsync(Guid, CheckInVoterDto)' [c:\Users\glenl\.zenflow\worktrees\jan-31-review-f-cad9\backend\TallyJ4.csproj]
c:\Users\glenl\.zenflow\worktrees\jan-31-review-f-cad9\backend\Services\IFrontDeskService.cs(9,23): warning CS1591: Missing XML comment for publicly visible type or member 'IFrontDeskService.GetRollCallAsync(Guid)' [c:\Users\glenl\.zenflow\worktrees\jan-31-review-f-cad9\backend\TallyJ4.csproj]
c:\Users\glenl\.zenflow\worktrees\jan-31-review-f-cad9\backend\Services\IFrontDeskService.cs(10,29): warning CS1591: Missing XML comment for publicly visible type or member 'IFrontDeskService.GetStatsAsync(Guid)' [c:\Users\glenl\.zenflow\worktrees\jan-31-review-f-cad9\backend\TallyJ4.csproj]
c:\Users\glenl\.zenflow\worktrees\jan-31-review-f-cad9\backend\Services\IOnlineVotingService.cs(5,18): warning CS1591: Missing XML comment for publicly visible type or member 'IOnlineVotingService' [c:\Users\glenl\.zenflow\worktrees\jan-31-review-f-cad9\backend\TallyJ4.csproj]
c:\Users\glenl\.zenflow\worktrees\jan-31-review-f-cad9\backend\Services\IOnlineVotingService.cs(7,41): warning CS1591: Missing XML comment for publicly visible type or member 'IOnlineVotingService.RequestVerificationCodeAsync(RequestCodeDto)' [c:\Users\glenl\.zenflow\worktrees\jan-31-review-f-cad9\backend\TallyJ4.csproj]
c:\Users\glenl\.zenflow\worktrees\jan-31-review-f-cad9\backend\Services\IOnlineVotingService.cs(9,76): warning CS1591: Missing XML comment for publicly visible type or member 'IOnlineVotingService.VerifyCodeAsync(VerifyCodeDto)' [c:\Users\glenl\.zenflow\worktrees\jan-31-review-f-cad9\backend\TallyJ4.csproj]
c:\Users\glenl\.zenflow\worktrees\jan-31-review-f-cad9\backend\Services\IOnlineVotingService.cs(11,34): warning CS1591: Missing XML comment for publicly visible type or member 'IOnlineVotingService.GetElectionInfoAsync(Guid)' [c:\Users\glenl\.zenflow\worktrees\jan-31-review-f-cad9\backend\TallyJ4.csproj]
c:\Users\glenl\.zenflow\worktrees\jan-31-review-f-cad9\backend\Services\IOnlineVotingService.cs(13,36): warning CS1591: Missing XML comment for publicly visible type or member 'IOnlineVotingService.GetCandidatesAsync(Guid)' [c:\Users\glenl\.zenflow\worktrees\jan-31-review-f-cad9\backend\TallyJ4.csproj]
c:\Users\glenl\.zenflow\worktrees\jan-31-review-f-cad9\backend\Services\IOnlineVotingService.cs(15,41): warning CS1591: Missing XML comment for publicly visible type or member 'IOnlineVotingService.SubmitBallotAsync(SubmitOnlineBallotDto)' [c:\Users\glenl\.zenflow\worktrees\jan-31-review-f-cad9\backend\TallyJ4.csproj]
c:\Users\glenl\.zenflow\worktrees\jan-31-review-f-cad9\backend\Services\IOnlineVotingService.cs(17,31): warning CS1591: Missing XML comment for publicly visible type or member 'IOnlineVotingService.GetVoteStatusAsync(Guid, string)' [c:\Users\glenl\.zenflow\worktrees\jan-31-review-f-cad9\backend\TallyJ4.csproj]
c:\Users\glenl\.zenflow\worktrees\jan-31-review-f-cad9\backend\Services\ITellerService.cs(6,18): warning CS1591: Missing XML comment for publicly visible type or member 'ITellerService' [c:\Users\glenl\.zenflow\worktrees\jan-31-review-f-cad9\backend\TallyJ4.csproj]
c:\Users\glenl\.zenflow\worktrees\jan-31-review-f-cad9\backend\Services\ITellerService.cs(8,40): warning CS1591: Missing XML comment for publicly visible type or member 'ITellerService.GetTellersByElectionAsync(Guid, int, int)' [c:\Users\glenl\.zenflow\worktrees\jan-31-review-f-cad9\backend\TallyJ4.csproj]
c:\Users\glenl\.zenflow\worktrees\jan-31-review-f-cad9\backend\Services\ITellerService.cs(9,22): warning CS1591: Missing XML comment for publicly visible type or member 'ITellerService.GetTellerByIdAsync(int)' [c:\Users\glenl\.zenflow\worktrees\jan-31-review-f-cad9\backend\TallyJ4.csproj]
c:\Users\glenl\.zenflow\worktrees\jan-31-review-f-cad9\backend\Services\ITellerService.cs(10,21): warning CS1591: Missing XML comment for publicly visible type or member 'ITellerService.CreateTellerAsync(CreateTellerDto)' [c:\Users\glenl\.zenflow\worktrees\jan-31-review-f-cad9\backend\TallyJ4.csproj]
c:\Users\glenl\.zenflow\worktrees\jan-31-review-f-cad9\backend\Services\ITellerService.cs(11,22): warning CS1591: Missing XML comment for publicly visible type or member 'ITellerService.UpdateTellerAsync(int, UpdateTellerDto)' [c:\Users\glenl\.zenflow\worktrees\jan-31-review-f-cad9\backend\TallyJ4.csproj]
c:\Users\glenl\.zenflow\worktrees\jan-31-review-f-cad9\backend\Services\ITellerService.cs(12,16): warning CS1591: Missing XML comment for publicly visible type or member 'ITellerService.DeleteTellerAsync(int)' [c:\Users\glenl\.zenflow\worktrees\jan-31-review-f-cad9\backend\TallyJ4.csproj]
c:\Users\glenl\.zenflow\worktrees\jan-31-review-f-cad9\backend\Services\ITellerService.cs(13,16): warning CS1591: Missing XML comment for publicly visible type or member 'ITellerService.IsTellerNameUniqueAsync(Guid, string, int?)' [c:\Users\glenl\.zenflow\worktrees\jan-31-review-f-cad9\backend\TallyJ4.csproj]
c:\Users\glenl\.zenflow\worktrees\jan-31-review-f-cad9\backend\Services\OnlineVotingService.cs(13,14): warning CS1591: Missing XML comment for publicly visible type or member 'OnlineVotingService' [c:\Users\glenl\.zenflow\worktrees\jan-31-review-f-cad9\backend\TallyJ4.csproj]
c:\Users\glenl\.zenflow\worktrees\jan-31-review-f-cad9\backend\Services\OnlineVotingService.cs(19,12): warning CS1591: Missing XML comment for publicly visible type or member 'OnlineVotingService.OnlineVotingService(MainDbContext, IConfiguration, ILogger<OnlineVotingService>)' [c:\Users\glenl\.zenflow\worktrees\jan-31-review-f-cad9\backend\TallyJ4.csproj]
c:\Users\glenl\.zenflow\worktrees\jan-31-review-f-cad9\backend\Services\OnlineVotingService.cs(29,54): warning CS1591: Missing XML comment for publicly visible type or member 'OnlineVotingService.RequestVerificationCodeAsync(RequestCodeDto)' [c:\Users\glenl\.zenflow\worktrees\jan-31-review-f-cad9\backend\TallyJ4.csproj]
c:\Users\glenl\.zenflow\worktrees\jan-31-review-f-cad9\backend\Services\OnlineVotingService.cs(74,89): warning CS1591: Missing XML comment for publicly visible type or member 'OnlineVotingService.VerifyCodeAsync(VerifyCodeDto)' [c:\Users\glenl\.zenflow\worktrees\jan-31-review-f-cad9\backend\TallyJ4.csproj]
c:\Users\glenl\.zenflow\worktrees\jan-31-review-f-cad9\backend\Services\OnlineVotingService.cs(137,47): warning CS1591: Missing XML comment for publicly visible type or member 'OnlineVotingService.GetElectionInfoAsync(Guid)' [c:\Users\glenl\.zenflow\worktrees\jan-31-review-f-cad9\backend\TallyJ4.csproj]
c:\Users\glenl\.zenflow\worktrees\jan-31-review-f-cad9\backend\Services\OnlineVotingService.cs(168,49): warning CS1591: Missing XML comment for publicly visible type or member 'OnlineVotingService.GetCandidatesAsync(Guid)' [c:\Users\glenl\.zenflow\worktrees\jan-31-review-f-cad9\backend\TallyJ4.csproj]
c:\Users\glenl\.zenflow\worktrees\jan-31-review-f-cad9\backend\Services\OnlineVotingService.cs(185,54): warning CS1591: Missing XML comment for publicly visible type or member 'OnlineVotingService.SubmitBallotAsync(SubmitOnlineBallotDto)' [c:\Users\glenl\.zenflow\worktrees\jan-31-review-f-cad9\backend\TallyJ4.csproj]
c:\Users\glenl\.zenflow\worktrees\jan-31-review-f-cad9\backend\Services\OnlineVotingService.cs(311,44): warning CS1591: Missing XML comment for publicly visible type or member 'OnlineVotingService.GetVoteStatusAsync(Guid, string)' [c:\Users\glenl\.zenflow\worktrees\jan-31-review-f-cad9\backend\TallyJ4.csproj]
c:\Users\glenl\.zenflow\worktrees\jan-31-review-f-cad9\backend\Services\TellerService.cs(10,14): warning CS1591: Missing XML comment for publicly visible type or member 'TellerService' [c:\Users\glenl\.zenflow\worktrees\jan-31-review-f-cad9\backend\TallyJ4.csproj]
c:\Users\glenl\.zenflow\worktrees\jan-31-review-f-cad9\backend\Services\TellerService.cs(16,12): warning CS1591: Missing XML comment for publicly visible type or member 'TellerService.TellerService(MainDbContext, IMapper, ILogger<TellerService>)' [c:\Users\glenl\.zenflow\worktrees\jan-31-review-f-cad9\backend\TallyJ4.csproj]
c:\Users\glenl\.zenflow\worktrees\jan-31-review-f-cad9\backend\Services\TellerService.cs(23,53): warning CS1591: Missing XML comment for publicly visible type or member 'TellerService.GetTellersByElectionAsync(Guid, int, int)' [c:\Users\glenl\.zenflow\worktrees\jan-31-review-f-cad9\backend\TallyJ4.csproj]
c:\Users\glenl\.zenflow\worktrees\jan-31-review-f-cad9\backend\Services\TellerService.cs(52,35): warning CS1591: Missing XML comment for publicly visible type or member 'TellerService.GetTellerByIdAsync(int)' [c:\Users\glenl\.zenflow\worktrees\jan-31-review-f-cad9\backend\TallyJ4.csproj]
c:\Users\glenl\.zenflow\worktrees\jan-31-review-f-cad9\backend\Services\TellerService.cs(71,34): warning CS1591: Missing XML comment for publicly visible type or member 'TellerService.CreateTellerAsync(CreateTellerDto)' [c:\Users\glenl\.zenflow\worktrees\jan-31-review-f-cad9\backend\TallyJ4.csproj]
c:\Users\glenl\.zenflow\worktrees\jan-31-review-f-cad9\backend\Services\TellerService.cs(92,35): warning CS1591: Missing XML comment for publicly visible type or member 'TellerService.UpdateTellerAsync(int, UpdateTellerDto)' [c:\Users\glenl\.zenflow\worktrees\jan-31-review-f-cad9\backend\TallyJ4.csproj]
c:\Users\glenl\.zenflow\worktrees\jan-31-review-f-cad9\backend\Services\TellerService.cs(121,29): warning CS1591: Missing XML comment for publicly visible type or member 'TellerService.DeleteTellerAsync(int)' [c:\Users\glenl\.zenflow\worktrees\jan-31-review-f-cad9\backend\TallyJ4.csproj]
c:\Users\glenl\.zenflow\worktrees\jan-31-review-f-cad9\backend\Services\TellerService.cs(143,29): warning CS1591: Missing XML comment for publicly visible type or member 'TellerService.IsTellerNameUniqueAsync(Guid, string, int?)' [c:\Users\glenl\.zenflow\worktrees\jan-31-review-f-cad9\backend\TallyJ4.csproj]
    92 Warning(s)
    0 Error(s)

Time Elapsed 00:00:30.05
