  Determining projects to restore...
  All projects are up-to-date for restore.
  TallyJ4.Domain -> c:\Users\glenl\.zenflow\worktrees\jan-31-review-f-cad9\backend\TallyJ4.Domain\bin\Debug\net10.0\TallyJ4.Domain.dll
  TallyJ4.Application -> C:\Users\glenl\.zenflow\worktrees\jan-31-review-f-cad9\backend\TallyJ4.Application\bin\Debug\net10.0\TallyJ4.Application.dll
c:\Users\glenl\.zenflow\worktrees\jan-31-review-f-cad9\backend\Services\ImportService.cs(10,14): warning CS1591: Missing XML comment for publicly visible type or member 'ImportService' [c:\Users\glenl\.zenflow\worktrees\jan-31-review-f-cad9\backend\TallyJ4.csproj]
c:\Users\glenl\.zenflow\worktrees\jan-31-review-f-cad9\backend\Services\ImportService.cs(15,12): warning CS1591: Missing XML comment for publicly visible type or member 'ImportService.ImportService(MainDbContext, IHubContext<BallotImportHub>)' [c:\Users\glenl\.zenflow\worktrees\jan-31-review-f-cad9\backend\TallyJ4.csproj]
c:\Users\glenl\.zenflow\worktrees\jan-31-review-f-cad9\backend\Services\ImportService.cs(21,51): warning CS1591: Missing XML comment for publicly visible type or member 'ImportService.ParseCsvHeadersAsync(string, string)' [c:\Users\glenl\.zenflow\worktrees\jan-31-review-f-cad9\backend\TallyJ4.csproj]
c:\Users\glenl\.zenflow\worktrees\jan-31-review-f-cad9\backend\Services\ImportService.cs(47,40): warning CS1591: Missing XML comment for publicly visible type or member 'ImportService.ImportBallotDataAsync(ImportBallotRequestDto)' [c:\Users\glenl\.zenflow\worktrees\jan-31-review-f-cad9\backend\TallyJ4.csproj]
c:\Users\glenl\.zenflow\worktrees\jan-31-review-f-cad9\backend\DTOs\AuditLogs\AuditLogDto.cs(3,14): warning CS1591: Missing XML comment for publicly visible type or member 'AuditLogDto' [c:\Users\glenl\.zenflow\worktrees\jan-31-review-f-cad9\backend\TallyJ4.csproj]
c:\Users\glenl\.zenflow\worktrees\jan-31-review-f-cad9\backend\DTOs\AuditLogs\AuditLogDto.cs(5,16): warning CS1591: Missing XML comment for publicly visible type or member 'AuditLogDto.RowId' [c:\Users\glenl\.zenflow\worktrees\jan-31-review-f-cad9\backend\TallyJ4.csproj]
c:\Users\glenl\.zenflow\worktrees\jan-31-review-f-cad9\backend\DTOs\AuditLogs\AuditLogDto.cs(7,21): warning CS1591: Missing XML comment for publicly visible type or member 'AuditLogDto.AsOf' [c:\Users\glenl\.zenflow\worktrees\jan-31-review-f-cad9\backend\TallyJ4.csproj]
c:\Users\glenl\.zenflow\worktrees\jan-31-review-f-cad9\backend\DTOs\AuditLogs\AuditLogDto.cs(9,18): warning CS1591: Missing XML comment for publicly visible type or member 'AuditLogDto.ElectionGuid' [c:\Users\glenl\.zenflow\worktrees\jan-31-review-f-cad9\backend\TallyJ4.csproj]
c:\Users\glenl\.zenflow\worktrees\jan-31-review-f-cad9\backend\DTOs\AuditLogs\AuditLogDto.cs(11,18): warning CS1591: Missing XML comment for publicly visible type or member 'AuditLogDto.LocationGuid' [c:\Users\glenl\.zenflow\worktrees\jan-31-review-f-cad9\backend\TallyJ4.csproj]
c:\Users\glenl\.zenflow\worktrees\jan-31-review-f-cad9\backend\DTOs\AuditLogs\AuditLogDto.cs(13,20): warning CS1591: Missing XML comment for publicly visible type or member 'AuditLogDto.VoterId' [c:\Users\glenl\.zenflow\worktrees\jan-31-review-f-cad9\backend\TallyJ4.csproj]
c:\Users\glenl\.zenflow\worktrees\jan-31-review-f-cad9\backend\DTOs\AuditLogs\AuditLogDto.cs(15,20): warning CS1591: Missing XML comment for publicly visible type or member 'AuditLogDto.ComputerCode' [c:\Users\glenl\.zenflow\worktrees\jan-31-review-f-cad9\backend\TallyJ4.csproj]
c:\Users\glenl\.zenflow\worktrees\jan-31-review-f-cad9\backend\DTOs\AuditLogs\AuditLogDto.cs(17,20): warning CS1591: Missing XML comment for publicly visible type or member 'AuditLogDto.Details' [c:\Users\glenl\.zenflow\worktrees\jan-31-review-f-cad9\backend\TallyJ4.csproj]
c:\Users\glenl\.zenflow\worktrees\jan-31-review-f-cad9\backend\DTOs\AuditLogs\AuditLogDto.cs(19,20): warning CS1591: Missing XML comment for publicly visible type or member 'AuditLogDto.HostAndVersion' [c:\Users\glenl\.zenflow\worktrees\jan-31-review-f-cad9\backend\TallyJ4.csproj]
c:\Users\glenl\.zenflow\worktrees\jan-31-review-f-cad9\backend\DTOs\AuditLogs\AuditLogFilterDto.cs(3,14): warning CS1591: Missing XML comment for publicly visible type or member 'AuditLogFilterDto' [c:\Users\glenl\.zenflow\worktrees\jan-31-review-f-cad9\backend\TallyJ4.csproj]
c:\Users\glenl\.zenflow\worktrees\jan-31-review-f-cad9\backend\DTOs\AuditLogs\AuditLogFilterDto.cs(5,18): warning CS1591: Missing XML comment for publicly visible type or member 'AuditLogFilterDto.ElectionGuid' [c:\Users\glenl\.zenflow\worktrees\jan-31-review-f-cad9\backend\TallyJ4.csproj]
c:\Users\glenl\.zenflow\worktrees\jan-31-review-f-cad9\backend\DTOs\AuditLogs\AuditLogFilterDto.cs(7,18): warning CS1591: Missing XML comment for publicly visible type or member 'AuditLogFilterDto.LocationGuid' [c:\Users\glenl\.zenflow\worktrees\jan-31-review-f-cad9\backend\TallyJ4.csproj]
c:\Users\glenl\.zenflow\worktrees\jan-31-review-f-cad9\backend\DTOs\AuditLogs\AuditLogFilterDto.cs(9,20): warning CS1591: Missing XML comment for publicly visible type or member 'AuditLogFilterDto.VoterId' [c:\Users\glenl\.zenflow\worktrees\jan-31-review-f-cad9\backend\TallyJ4.csproj]
c:\Users\glenl\.zenflow\worktrees\jan-31-review-f-cad9\backend\DTOs\AuditLogs\AuditLogFilterDto.cs(11,20): warning CS1591: Missing XML comment for publicly visible type or member 'AuditLogFilterDto.ComputerCode' [c:\Users\glenl\.zenflow\worktrees\jan-31-review-f-cad9\backend\TallyJ4.csproj]
c:\Users\glenl\.zenflow\worktrees\jan-31-review-f-cad9\backend\DTOs\AuditLogs\AuditLogFilterDto.cs(13,22): warning CS1591: Missing XML comment for publicly visible type or member 'AuditLogFilterDto.StartDate' [c:\Users\glenl\.zenflow\worktrees\jan-31-review-f-cad9\backend\TallyJ4.csproj]
c:\Users\glenl\.zenflow\worktrees\jan-31-review-f-cad9\backend\DTOs\AuditLogs\AuditLogFilterDto.cs(15,22): warning CS1591: Missing XML comment for publicly visible type or member 'AuditLogFilterDto.EndDate' [c:\Users\glenl\.zenflow\worktrees\jan-31-review-f-cad9\backend\TallyJ4.csproj]
c:\Users\glenl\.zenflow\worktrees\jan-31-review-f-cad9\backend\DTOs\AuditLogs\AuditLogFilterDto.cs(17,20): warning CS1591: Missing XML comment for publicly visible type or member 'AuditLogFilterDto.SearchTerm' [c:\Users\glenl\.zenflow\worktrees\jan-31-review-f-cad9\backend\TallyJ4.csproj]
c:\Users\glenl\.zenflow\worktrees\jan-31-review-f-cad9\backend\DTOs\AuditLogs\CreateAuditLogDto.cs(3,14): warning CS1591: Missing XML comment for publicly visible type or member 'CreateAuditLogDto' [c:\Users\glenl\.zenflow\worktrees\jan-31-review-f-cad9\backend\TallyJ4.csproj]
c:\Users\glenl\.zenflow\worktrees\jan-31-review-f-cad9\backend\DTOs\AuditLogs\CreateAuditLogDto.cs(5,18): warning CS1591: Missing XML comment for publicly visible type or member 'CreateAuditLogDto.ElectionGuid' [c:\Users\glenl\.zenflow\worktrees\jan-31-review-f-cad9\backend\TallyJ4.csproj]
c:\Users\glenl\.zenflow\worktrees\jan-31-review-f-cad9\backend\DTOs\AuditLogs\CreateAuditLogDto.cs(7,18): warning CS1591: Missing XML comment for publicly visible type or member 'CreateAuditLogDto.LocationGuid' [c:\Users\glenl\.zenflow\worktrees\jan-31-review-f-cad9\backend\TallyJ4.csproj]
c:\Users\glenl\.zenflow\worktrees\jan-31-review-f-cad9\backend\DTOs\AuditLogs\CreateAuditLogDto.cs(9,20): warning CS1591: Missing XML comment for publicly visible type or member 'CreateAuditLogDto.VoterId' [c:\Users\glenl\.zenflow\worktrees\jan-31-review-f-cad9\backend\TallyJ4.csproj]
c:\Users\glenl\.zenflow\worktrees\jan-31-review-f-cad9\backend\DTOs\AuditLogs\CreateAuditLogDto.cs(11,20): warning CS1591: Missing XML comment for publicly visible type or member 'CreateAuditLogDto.ComputerCode' [c:\Users\glenl\.zenflow\worktrees\jan-31-review-f-cad9\backend\TallyJ4.csproj]
c:\Users\glenl\.zenflow\worktrees\jan-31-review-f-cad9\backend\DTOs\AuditLogs\CreateAuditLogDto.cs(13,20): warning CS1591: Missing XML comment for publicly visible type or member 'CreateAuditLogDto.Details' [c:\Users\glenl\.zenflow\worktrees\jan-31-review-f-cad9\backend\TallyJ4.csproj]
c:\Users\glenl\.zenflow\worktrees\jan-31-review-f-cad9\backend\DTOs\AuditLogs\CreateAuditLogDto.cs(15,20): warning CS1591: Missing XML comment for publicly visible type or member 'CreateAuditLogDto.HostAndVersion' [c:\Users\glenl\.zenflow\worktrees\jan-31-review-f-cad9\backend\TallyJ4.csproj]
c:\Users\glenl\.zenflow\worktrees\jan-31-review-f-cad9\backend\DTOs\Computers\ComputerDto.cs(3,14): warning CS1591: Missing XML comment for publicly visible type or member 'ComputerDto' [c:\Users\glenl\.zenflow\worktrees\jan-31-review-f-cad9\backend\TallyJ4.csproj]
c:\Users\glenl\.zenflow\worktrees\jan-31-review-f-cad9\backend\DTOs\Computers\ComputerDto.cs(5,17): warning CS1591: Missing XML comment for publicly visible type or member 'ComputerDto.ComputerGuid' [c:\Users\glenl\.zenflow\worktrees\jan-31-review-f-cad9\backend\TallyJ4.csproj]
c:\Users\glenl\.zenflow\worktrees\jan-31-review-f-cad9\backend\DTOs\Computers\ComputerDto.cs(7,17): warning CS1591: Missing XML comment for publicly visible type or member 'ComputerDto.ElectionGuid' [c:\Users\glenl\.zenflow\worktrees\jan-31-review-f-cad9\backend\TallyJ4.csproj]
c:\Users\glenl\.zenflow\worktrees\jan-31-review-f-cad9\backend\DTOs\Computers\ComputerDto.cs(9,17): warning CS1591: Missing XML comment for publicly visible type or member 'ComputerDto.LocationGuid' [c:\Users\glenl\.zenflow\worktrees\jan-31-review-f-cad9\backend\TallyJ4.csproj]
c:\Users\glenl\.zenflow\worktrees\jan-31-review-f-cad9\backend\DTOs\Computers\ComputerDto.cs(11,19): warning CS1591: Missing XML comment for publicly visible type or member 'ComputerDto.ComputerCode' [c:\Users\glenl\.zenflow\worktrees\jan-31-review-f-cad9\backend\TallyJ4.csproj]
c:\Users\glenl\.zenflow\worktrees\jan-31-review-f-cad9\backend\DTOs\Computers\ComputerDto.cs(13,20): warning CS1591: Missing XML comment for publicly visible type or member 'ComputerDto.BrowserInfo' [c:\Users\glenl\.zenflow\worktrees\jan-31-review-f-cad9\backend\TallyJ4.csproj]
c:\Users\glenl\.zenflow\worktrees\jan-31-review-f-cad9\backend\DTOs\Computers\ComputerDto.cs(15,20): warning CS1591: Missing XML comment for publicly visible type or member 'ComputerDto.IpAddress' [c:\Users\glenl\.zenflow\worktrees\jan-31-review-f-cad9\backend\TallyJ4.csproj]
c:\Users\glenl\.zenflow\worktrees\jan-31-review-f-cad9\backend\DTOs\Computers\ComputerDto.cs(17,22): warning CS1591: Missing XML comment for publicly visible type or member 'ComputerDto.LastActivity' [c:\Users\glenl\.zenflow\worktrees\jan-31-review-f-cad9\backend\TallyJ4.csproj]
c:\Users\glenl\.zenflow\worktrees\jan-31-review-f-cad9\backend\DTOs\Computers\ComputerDto.cs(19,22): warning CS1591: Missing XML comment for publicly visible type or member 'ComputerDto.RegisteredAt' [c:\Users\glenl\.zenflow\worktrees\jan-31-review-f-cad9\backend\TallyJ4.csproj]
c:\Users\glenl\.zenflow\worktrees\jan-31-review-f-cad9\backend\DTOs\Computers\ComputerDto.cs(21,18): warning CS1591: Missing XML comment for publicly visible type or member 'ComputerDto.IsActive' [c:\Users\glenl\.zenflow\worktrees\jan-31-review-f-cad9\backend\TallyJ4.csproj]
c:\Users\glenl\.zenflow\worktrees\jan-31-review-f-cad9\backend\DTOs\Computers\RegisterComputerDto.cs(3,14): warning CS1591: Missing XML comment for publicly visible type or member 'RegisterComputerDto' [c:\Users\glenl\.zenflow\worktrees\jan-31-review-f-cad9\backend\TallyJ4.csproj]
c:\Users\glenl\.zenflow\worktrees\jan-31-review-f-cad9\backend\DTOs\Computers\RegisterComputerDto.cs(5,17): warning CS1591: Missing XML comment for publicly visible type or member 'RegisterComputerDto.ElectionGuid' [c:\Users\glenl\.zenflow\worktrees\jan-31-review-f-cad9\backend\TallyJ4.csproj]
c:\Users\glenl\.zenflow\worktrees\jan-31-review-f-cad9\backend\DTOs\Computers\RegisterComputerDto.cs(7,17): warning CS1591: Missing XML comment for publicly visible type or member 'RegisterComputerDto.LocationGuid' [c:\Users\glenl\.zenflow\worktrees\jan-31-review-f-cad9\backend\TallyJ4.csproj]
c:\Users\glenl\.zenflow\worktrees\jan-31-review-f-cad9\backend\DTOs\Computers\RegisterComputerDto.cs(9,20): warning CS1591: Missing XML comment for publicly visible type or member 'RegisterComputerDto.ComputerCode' [c:\Users\glenl\.zenflow\worktrees\jan-31-review-f-cad9\backend\TallyJ4.csproj]
c:\Users\glenl\.zenflow\worktrees\jan-31-review-f-cad9\backend\DTOs\Computers\RegisterComputerDto.cs(11,20): warning CS1591: Missing XML comment for publicly visible type or member 'RegisterComputerDto.BrowserInfo' [c:\Users\glenl\.zenflow\worktrees\jan-31-review-f-cad9\backend\TallyJ4.csproj]
c:\Users\glenl\.zenflow\worktrees\jan-31-review-f-cad9\backend\DTOs\Computers\RegisterComputerDto.cs(13,20): warning CS1591: Missing XML comment for publicly visible type or member 'RegisterComputerDto.IpAddress' [c:\Users\glenl\.zenflow\worktrees\jan-31-review-f-cad9\backend\TallyJ4.csproj]
c:\Users\glenl\.zenflow\worktrees\jan-31-review-f-cad9\backend\DTOs\Computers\UpdateComputerDto.cs(3,14): warning CS1591: Missing XML comment for publicly visible type or member 'UpdateComputerDto' [c:\Users\glenl\.zenflow\worktrees\jan-31-review-f-cad9\backend\TallyJ4.csproj]
c:\Users\glenl\.zenflow\worktrees\jan-31-review-f-cad9\backend\DTOs\Computers\UpdateComputerDto.cs(5,20): warning CS1591: Missing XML comment for publicly visible type or member 'UpdateComputerDto.BrowserInfo' [c:\Users\glenl\.zenflow\worktrees\jan-31-review-f-cad9\backend\TallyJ4.csproj]
c:\Users\glenl\.zenflow\worktrees\jan-31-review-f-cad9\backend\DTOs\Computers\UpdateComputerDto.cs(7,20): warning CS1591: Missing XML comment for publicly visible type or member 'UpdateComputerDto.IpAddress' [c:\Users\glenl\.zenflow\worktrees\jan-31-review-f-cad9\backend\TallyJ4.csproj]
c:\Users\glenl\.zenflow\worktrees\jan-31-review-f-cad9\backend\DTOs\Computers\UpdateComputerDto.cs(9,18): warning CS1591: Missing XML comment for publicly visible type or member 'UpdateComputerDto.IsActive' [c:\Users\glenl\.zenflow\worktrees\jan-31-review-f-cad9\backend\TallyJ4.csproj]
c:\Users\glenl\.zenflow\worktrees\jan-31-review-f-cad9\backend\DTOs\FrontDesk\CheckInVoterDto.cs(5,14): warning CS1591: Missing XML comment for publicly visible type or member 'CheckInVoterDto' [c:\Users\glenl\.zenflow\worktrees\jan-31-review-f-cad9\backend\TallyJ4.csproj]
c:\Users\glenl\.zenflow\worktrees\jan-31-review-f-cad9\backend\DTOs\FrontDesk\CheckInVoterDto.cs(8,17): warning CS1591: Missing XML comment for publicly visible type or member 'CheckInVoterDto.PersonGuid' [c:\Users\glenl\.zenflow\worktrees\jan-31-review-f-cad9\backend\TallyJ4.csproj]
c:\Users\glenl\.zenflow\worktrees\jan-31-review-f-cad9\backend\DTOs\FrontDesk\CheckInVoterDto.cs(12,19): warning CS1591: Missing XML comment for publicly visible type or member 'CheckInVoterDto.VotingMethod' [c:\Users\glenl\.zenflow\worktrees\jan-31-review-f-cad9\backend\TallyJ4.csproj]
c:\Users\glenl\.zenflow\worktrees\jan-31-review-f-cad9\backend\DTOs\FrontDesk\CheckInVoterDto.cs(15,20): warning CS1591: Missing XML comment for publicly visible type or member 'CheckInVoterDto.TellerName' [c:\Users\glenl\.zenflow\worktrees\jan-31-review-f-cad9\backend\TallyJ4.csproj]
c:\Users\glenl\.zenflow\worktrees\jan-31-review-f-cad9\backend\DTOs\FrontDesk\CheckInVoterDto.cs(17,18): warning CS1591: Missing XML comment for publicly visible type or member 'CheckInVoterDto.VotingLocationGuid' [c:\Users\glenl\.zenflow\worktrees\jan-31-review-f-cad9\backend\TallyJ4.csproj]
c:\Users\glenl\.zenflow\worktrees\jan-31-review-f-cad9\backend\DTOs\FrontDesk\FrontDeskStatsDto.cs(3,14): warning CS1591: Missing XML comment for publicly visible type or member 'FrontDeskStatsDto' [c:\Users\glenl\.zenflow\worktrees\jan-31-review-f-cad9\backend\TallyJ4.csproj]
c:\Users\glenl\.zenflow\worktrees\jan-31-review-f-cad9\backend\DTOs\FrontDesk\FrontDeskStatsDto.cs(5,16): warning CS1591: Missing XML comment for publicly visible type or member 'FrontDeskStatsDto.TotalEligible' [c:\Users\glenl\.zenflow\worktrees\jan-31-review-f-cad9\backend\TallyJ4.csproj]
c:\Users\glenl\.zenflow\worktrees\jan-31-review-f-cad9\backend\DTOs\FrontDesk\FrontDeskStatsDto.cs(6,16): warning CS1591: Missing XML comment for publicly visible type or member 'FrontDeskStatsDto.CheckedIn' [c:\Users\glenl\.zenflow\worktrees\jan-31-review-f-cad9\backend\TallyJ4.csproj]
c:\Users\glenl\.zenflow\worktrees\jan-31-review-f-cad9\backend\DTOs\FrontDesk\FrontDeskStatsDto.cs(7,16): warning CS1591: Missing XML comment for publicly visible type or member 'FrontDeskStatsDto.NotYetCheckedIn' [c:\Users\glenl\.zenflow\worktrees\jan-31-review-f-cad9\backend\TallyJ4.csproj]
c:\Users\glenl\.zenflow\worktrees\jan-31-review-f-cad9\backend\DTOs\FrontDesk\FrontDeskStatsDto.cs(8,20): warning CS1591: Missing XML comment for publicly visible type or member 'FrontDeskStatsDto.CheckInPercentage' [c:\Users\glenl\.zenflow\worktrees\jan-31-review-f-cad9\backend\TallyJ4.csproj]
c:\Users\glenl\.zenflow\worktrees\jan-31-review-f-cad9\backend\DTOs\FrontDesk\FrontDeskVoterDto.cs(3,14): warning CS1591: Missing XML comment for publicly visible type or member 'FrontDeskVoterDto' [c:\Users\glenl\.zenflow\worktrees\jan-31-review-f-cad9\backend\TallyJ4.csproj]
c:\Users\glenl\.zenflow\worktrees\jan-31-review-f-cad9\backend\DTOs\FrontDesk\FrontDeskVoterDto.cs(5,17): warning CS1591: Missing XML comment for publicly visible type or member 'FrontDeskVoterDto.PersonGuid' [c:\Users\glenl\.zenflow\worktrees\jan-31-review-f-cad9\backend\TallyJ4.csproj]
c:\Users\glenl\.zenflow\worktrees\jan-31-review-f-cad9\backend\DTOs\FrontDesk\FrontDeskVoterDto.cs(6,19): warning CS1591: Missing XML comment for publicly visible type or member 'FrontDeskVoterDto.FullName' [c:\Users\glenl\.zenflow\worktrees\jan-31-review-f-cad9\backend\TallyJ4.csproj]
c:\Users\glenl\.zenflow\worktrees\jan-31-review-f-cad9\backend\DTOs\FrontDesk\FrontDeskVoterDto.cs(7,20): warning CS1591: Missing XML comment for publicly visible type or member 'FrontDeskVoterDto.BahaiId' [c:\Users\glenl\.zenflow\worktrees\jan-31-review-f-cad9\backend\TallyJ4.csproj]
c:\Users\glenl\.zenflow\worktrees\jan-31-review-f-cad9\backend\DTOs\FrontDesk\FrontDeskVoterDto.cs(8,20): warning CS1591: Missing XML comment for publicly visible type or member 'FrontDeskVoterDto.Area' [c:\Users\glenl\.zenflow\worktrees\jan-31-review-f-cad9\backend\TallyJ4.csproj]
c:\Users\glenl\.zenflow\worktrees\jan-31-review-f-cad9\backend\DTOs\FrontDesk\FrontDeskVoterDto.cs(9,18): warning CS1591: Missing XML comment for publicly visible type or member 'FrontDeskVoterDto.CanVote' [c:\Users\glenl\.zenflow\worktrees\jan-31-review-f-cad9\backend\TallyJ4.csproj]
c:\Users\glenl\.zenflow\worktrees\jan-31-review-f-cad9\backend\DTOs\FrontDesk\FrontDeskVoterDto.cs(10,20): warning CS1591: Missing XML comment for publicly visible type or member 'FrontDeskVoterDto.VotingMethod' [c:\Users\glenl\.zenflow\worktrees\jan-31-review-f-cad9\backend\TallyJ4.csproj]
c:\Users\glenl\.zenflow\worktrees\jan-31-review-f-cad9\backend\DTOs\FrontDesk\FrontDeskVoterDto.cs(11,17): warning CS1591: Missing XML comment for publicly visible type or member 'FrontDeskVoterDto.EnvNum' [c:\Users\glenl\.zenflow\worktrees\jan-31-review-f-cad9\backend\TallyJ4.csproj]
c:\Users\glenl\.zenflow\worktrees\jan-31-review-f-cad9\backend\DTOs\FrontDesk\FrontDeskVoterDto.cs(12,22): warning CS1591: Missing XML comment for publicly visible type or member 'FrontDeskVoterDto.RegistrationTime' [c:\Users\glenl\.zenflow\worktrees\jan-31-review-f-cad9\backend\TallyJ4.csproj]
c:\Users\glenl\.zenflow\worktrees\jan-31-review-f-cad9\backend\DTOs\FrontDesk\FrontDeskVoterDto.cs(13,18): warning CS1591: Missing XML comment for publicly visible type or member 'FrontDeskVoterDto.VotingLocationGuid' [c:\Users\glenl\.zenflow\worktrees\jan-31-review-f-cad9\backend\TallyJ4.csproj]
c:\Users\glenl\.zenflow\worktrees\jan-31-review-f-cad9\backend\DTOs\FrontDesk\FrontDeskVoterDto.cs(14,20): warning CS1591: Missing XML comment for publicly visible type or member 'FrontDeskVoterDto.Teller1' [c:\Users\glenl\.zenflow\worktrees\jan-31-review-f-cad9\backend\TallyJ4.csproj]
c:\Users\glenl\.zenflow\worktrees\jan-31-review-f-cad9\backend\DTOs\FrontDesk\FrontDeskVoterDto.cs(15,20): warning CS1591: Missing XML comment for publicly visible type or member 'FrontDeskVoterDto.Teller2' [c:\Users\glenl\.zenflow\worktrees\jan-31-review-f-cad9\backend\TallyJ4.csproj]
c:\Users\glenl\.zenflow\worktrees\jan-31-review-f-cad9\backend\DTOs\FrontDesk\FrontDeskVoterDto.cs(16,17): warning CS1591: Missing XML comment for publicly visible type or member 'FrontDeskVoterDto.IsCheckedIn' [c:\Users\glenl\.zenflow\worktrees\jan-31-review-f-cad9\backend\TallyJ4.csproj]
c:\Users\glenl\.zenflow\worktrees\jan-31-review-f-cad9\backend\DTOs\FrontDesk\RollCallDto.cs(3,14): warning CS1591: Missing XML comment for publicly visible type or member 'RollCallDto' [c:\Users\glenl\.zenflow\worktrees\jan-31-review-f-cad9\backend\TallyJ4.csproj]
c:\Users\glenl\.zenflow\worktrees\jan-31-review-f-cad9\backend\DTOs\FrontDesk\RollCallDto.cs(5,36): warning CS1591: Missing XML comment for publicly visible type or member 'RollCallDto.Voters' [c:\Users\glenl\.zenflow\worktrees\jan-31-review-f-cad9\backend\TallyJ4.csproj]
c:\Users\glenl\.zenflow\worktrees\jan-31-review-f-cad9\backend\DTOs\FrontDesk\RollCallDto.cs(6,30): warning CS1591: Missing XML comment for publicly visible type or member 'RollCallDto.Stats' [c:\Users\glenl\.zenflow\worktrees\jan-31-review-f-cad9\backend\TallyJ4.csproj]
c:\Users\glenl\.zenflow\worktrees\jan-31-review-f-cad9\backend\DTOs\Import\FieldMappingDto.cs(3,14): warning CS1591: Missing XML comment for publicly visible type or member 'FieldMappingDto' [c:\Users\glenl\.zenflow\worktrees\jan-31-review-f-cad9\backend\TallyJ4.csproj]
c:\Users\glenl\.zenflow\worktrees\jan-31-review-f-cad9\backend\DTOs\Import\FieldMappingDto.cs(5,19): warning CS1591: Missing XML comment for publicly visible type or member 'FieldMappingDto.SourceColumn' [c:\Users\glenl\.zenflow\worktrees\jan-31-review-f-cad9\backend\TallyJ4.csproj]
c:\Users\glenl\.zenflow\worktrees\jan-31-review-f-cad9\backend\DTOs\Import\FieldMappingDto.cs(7,19): warning CS1591: Missing XML comment for publicly visible type or member 'FieldMappingDto.TargetField' [c:\Users\glenl\.zenflow\worktrees\jan-31-review-f-cad9\backend\TallyJ4.csproj]
c:\Users\glenl\.zenflow\worktrees\jan-31-review-f-cad9\backend\DTOs\Import\ImportBallotRequestDto.cs(3,14): warning CS1591: Missing XML comment for publicly visible type or member 'ImportBallotRequestDto' [c:\Users\glenl\.zenflow\worktrees\jan-31-review-f-cad9\backend\TallyJ4.csproj]
c:\Users\glenl\.zenflow\worktrees\jan-31-review-f-cad9\backend\DTOs\Import\ImportBallotRequestDto.cs(5,19): warning CS1591: Missing XML comment for publicly visible type or member 'ImportBallotRequestDto.CsvContent' [c:\Users\glenl\.zenflow\worktrees\jan-31-review-f-cad9\backend\TallyJ4.csproj]
c:\Users\glenl\.zenflow\worktrees\jan-31-review-f-cad9\backend\DTOs\Import\ImportBallotRequestDto.cs(7,17): warning CS1591: Missing XML comment for publicly visible type or member 'ImportBallotRequestDto.ElectionGuid' [c:\Users\glenl\.zenflow\worktrees\jan-31-review-f-cad9\backend\TallyJ4.csproj]
c:\Users\glenl\.zenflow\worktrees\jan-31-review-f-cad9\backend\DTOs\Import\ImportBallotRequestDto.cs(9,18): warning CS1591: Missing XML comment for publicly visible type or member 'ImportBallotRequestDto.LocationGuid' [c:\Users\glenl\.zenflow\worktrees\jan-31-review-f-cad9\backend\TallyJ4.csproj]
c:\Users\glenl\.zenflow\worktrees\jan-31-review-f-cad9\backend\DTOs\Import\ImportBallotRequestDto.cs(11,35): warning CS1591: Missing XML comment for publicly visible type or member 'ImportBallotRequestDto.Configuration' [c:\Users\glenl\.zenflow\worktrees\jan-31-review-f-cad9\backend\TallyJ4.csproj]
c:\Users\glenl\.zenflow\worktrees\jan-31-review-f-cad9\backend\DTOs\Import\ImportConfigurationDto.cs(3,14): warning CS1591: Missing XML comment for publicly visible type or member 'ImportConfigurationDto' [c:\Users\glenl\.zenflow\worktrees\jan-31-review-f-cad9\backend\TallyJ4.csproj]
c:\Users\glenl\.zenflow\worktrees\jan-31-review-f-cad9\backend\DTOs\Import\ImportConfigurationDto.cs(5,16): warning CS1591: Missing XML comment for publicly visible type or member 'ImportConfigurationDto.FirstDataRow' [c:\Users\glenl\.zenflow\worktrees\jan-31-review-f-cad9\backend\TallyJ4.csproj]
c:\Users\glenl\.zenflow\worktrees\jan-31-review-f-cad9\backend\DTOs\Import\ImportConfigurationDto.cs(7,17): warning CS1591: Missing XML comment for publicly visible type or member 'ImportConfigurationDto.HasHeaderRow' [c:\Users\glenl\.zenflow\worktrees\jan-31-review-f-cad9\backend\TallyJ4.csproj]
c:\Users\glenl\.zenflow\worktrees\jan-31-review-f-cad9\backend\DTOs\Import\ImportConfigurationDto.cs(9,19): warning CS1591: Missing XML comment for publicly visible type or member 'ImportConfigurationDto.Delimiter' [c:\Users\glenl\.zenflow\worktrees\jan-31-review-f-cad9\backend\TallyJ4.csproj]
c:\Users\glenl\.zenflow\worktrees\jan-31-review-f-cad9\backend\DTOs\Import\ImportConfigurationDto.cs(11,34): warning CS1591: Missing XML comment for publicly visible type or member 'ImportConfigurationDto.FieldMappings' [c:\Users\glenl\.zenflow\worktrees\jan-31-review-f-cad9\backend\TallyJ4.csproj]
c:\Users\glenl\.zenflow\worktrees\jan-31-review-f-cad9\backend\DTOs\Import\ImportConfigurationDto.cs(13,17): warning CS1591: Missing XML comment for publicly visible type or member 'ImportConfigurationDto.SkipInvalidRows' [c:\Users\glenl\.zenflow\worktrees\jan-31-review-f-cad9\backend\TallyJ4.csproj]
c:\Users\glenl\.zenflow\worktrees\jan-31-review-f-cad9\backend\DTOs\Import\ImportResultDto.cs(3,14): warning CS1591: Missing XML comment for publicly visible type or member 'ImportResultDto' [c:\Users\glenl\.zenflow\worktrees\jan-31-review-f-cad9\backend\TallyJ4.csproj]
c:\Users\glenl\.zenflow\worktrees\jan-31-review-f-cad9\backend\DTOs\Import\ImportResultDto.cs(5,17): warning CS1591: Missing XML comment for publicly visible type or member 'ImportResultDto.Success' [c:\Users\glenl\.zenflow\worktrees\jan-31-review-f-cad9\backend\TallyJ4.csproj]
c:\Users\glenl\.zenflow\worktrees\jan-31-review-f-cad9\backend\DTOs\Import\ImportResultDto.cs(7,16): warning CS1591: Missing XML comment for publicly visible type or member 'ImportResultDto.TotalRows' [c:\Users\glenl\.zenflow\worktrees\jan-31-review-f-cad9\backend\TallyJ4.csproj]
c:\Users\glenl\.zenflow\worktrees\jan-31-review-f-cad9\backend\DTOs\Import\ImportResultDto.cs(9,16): warning CS1591: Missing XML comment for publicly visible type or member 'ImportResultDto.BallotsCreated' [c:\Users\glenl\.zenflow\worktrees\jan-31-review-f-cad9\backend\TallyJ4.csproj]
c:\Users\glenl\.zenflow\worktrees\jan-31-review-f-cad9\backend\DTOs\Import\ImportResultDto.cs(11,16): warning CS1591: Missing XML comment for publicly visible type or member 'ImportResultDto.VotesCreated' [c:\Users\glenl\.zenflow\worktrees\jan-31-review-f-cad9\backend\TallyJ4.csproj]
c:\Users\glenl\.zenflow\worktrees\jan-31-review-f-cad9\backend\DTOs\Import\ImportResultDto.cs(13,16): warning CS1591: Missing XML comment for publicly visible type or member 'ImportResultDto.SkippedRows' [c:\Users\glenl\.zenflow\worktrees\jan-31-review-f-cad9\backend\TallyJ4.csproj]
c:\Users\glenl\.zenflow\worktrees\jan-31-review-f-cad9\backend\DTOs\Import\ImportResultDto.cs(15,25): warning CS1591: Missing XML comment for publicly visible type or member 'ImportResultDto.Errors' [c:\Users\glenl\.zenflow\worktrees\jan-31-review-f-cad9\backend\TallyJ4.csproj]
c:\Users\glenl\.zenflow\worktrees\jan-31-review-f-cad9\backend\DTOs\Import\ImportResultDto.cs(17,25): warning CS1591: Missing XML comment for publicly visible type or member 'ImportResultDto.Warnings' [c:\Users\glenl\.zenflow\worktrees\jan-31-review-f-cad9\backend\TallyJ4.csproj]
c:\Users\glenl\.zenflow\worktrees\jan-31-review-f-cad9\backend\DTOs\Import\ParseCsvHeadersResponseDto.cs(3,14): warning CS1591: Missing XML comment for publicly visible type or member 'ParseCsvHeadersResponseDto' [c:\Users\glenl\.zenflow\worktrees\jan-31-review-f-cad9\backend\TallyJ4.csproj]
c:\Users\glenl\.zenflow\worktrees\jan-31-review-f-cad9\backend\DTOs\Import\ParseCsvHeadersResponseDto.cs(5,25): warning CS1591: Missing XML comment for publicly visible type or member 'ParseCsvHeadersResponseDto.Headers' [c:\Users\glenl\.zenflow\worktrees\jan-31-review-f-cad9\backend\TallyJ4.csproj]
c:\Users\glenl\.zenflow\worktrees\jan-31-review-f-cad9\backend\DTOs\Import\ParseCsvHeadersResponseDto.cs(7,27): warning CS1591: Missing XML comment for publicly visible type or member 'ParseCsvHeadersResponseDto.PreviewRows' [c:\Users\glenl\.zenflow\worktrees\jan-31-review-f-cad9\backend\TallyJ4.csproj]
c:\Users\glenl\.zenflow\worktrees\jan-31-review-f-cad9\backend\DTOs\Import\ParseCsvHeadersResponseDto.cs(9,16): warning CS1591: Missing XML comment for publicly visible type or member 'ParseCsvHeadersResponseDto.TotalRows' [c:\Users\glenl\.zenflow\worktrees\jan-31-review-f-cad9\backend\TallyJ4.csproj]
c:\Users\glenl\.zenflow\worktrees\jan-31-review-f-cad9\backend\DTOs\OnlineVoting\OnlineCandidateDto.cs(3,14): warning CS1591: Missing XML comment for publicly visible type or member 'OnlineCandidateDto' [c:\Users\glenl\.zenflow\worktrees\jan-31-review-f-cad9\backend\TallyJ4.csproj]
c:\Users\glenl\.zenflow\worktrees\jan-31-review-f-cad9\backend\DTOs\OnlineVoting\OnlineCandidateDto.cs(5,17): warning CS1591: Missing XML comment for publicly visible type or member 'OnlineCandidateDto.PersonGuid' [c:\Users\glenl\.zenflow\worktrees\jan-31-review-f-cad9\backend\TallyJ4.csproj]
c:\Users\glenl\.zenflow\worktrees\jan-31-review-f-cad9\backend\DTOs\OnlineVoting\OnlineCandidateDto.cs(7,19): warning CS1591: Missing XML comment for publicly visible type or member 'OnlineCandidateDto.FullName' [c:\Users\glenl\.zenflow\worktrees\jan-31-review-f-cad9\backend\TallyJ4.csproj]
c:\Users\glenl\.zenflow\worktrees\jan-31-review-f-cad9\backend\DTOs\OnlineVoting\OnlineCandidateDto.cs(9,20): warning CS1591: Missing XML comment for publicly visible type or member 'OnlineCandidateDto.Area' [c:\Users\glenl\.zenflow\worktrees\jan-31-review-f-cad9\backend\TallyJ4.csproj]
c:\Users\glenl\.zenflow\worktrees\jan-31-review-f-cad9\backend\DTOs\OnlineVoting\OnlineCandidateDto.cs(11,20): warning CS1591: Missing XML comment for publicly visible type or member 'OnlineCandidateDto.OtherInfo' [c:\Users\glenl\.zenflow\worktrees\jan-31-review-f-cad9\backend\TallyJ4.csproj]
c:\Users\glenl\.zenflow\worktrees\jan-31-review-f-cad9\backend\DTOs\OnlineVoting\OnlineElectionInfoDto.cs(3,14): warning CS1591: Missing XML comment for publicly visible type or member 'OnlineElectionInfoDto' [c:\Users\glenl\.zenflow\worktrees\jan-31-review-f-cad9\backend\TallyJ4.csproj]
c:\Users\glenl\.zenflow\worktrees\jan-31-review-f-cad9\backend\DTOs\OnlineVoting\OnlineElectionInfoDto.cs(5,17): warning CS1591: Missing XML comment for publicly visible type or member 'OnlineElectionInfoDto.ElectionGuid' [c:\Users\glenl\.zenflow\worktrees\jan-31-review-f-cad9\backend\TallyJ4.csproj]
c:\Users\glenl\.zenflow\worktrees\jan-31-review-f-cad9\backend\DTOs\OnlineVoting\OnlineElectionInfoDto.cs(7,19): warning CS1591: Missing XML comment for publicly visible type or member 'OnlineElectionInfoDto.Name' [c:\Users\glenl\.zenflow\worktrees\jan-31-review-f-cad9\backend\TallyJ4.csproj]
c:\Users\glenl\.zenflow\worktrees\jan-31-review-f-cad9\backend\DTOs\OnlineVoting\OnlineElectionInfoDto.cs(9,20): warning CS1591: Missing XML comment for publicly visible type or member 'OnlineElectionInfoDto.Convenor' [c:\Users\glenl\.zenflow\worktrees\jan-31-review-f-cad9\backend\TallyJ4.csproj]
c:\Users\glenl\.zenflow\worktrees\jan-31-review-f-cad9\backend\DTOs\OnlineVoting\OnlineElectionInfoDto.cs(11,22): warning CS1591: Missing XML comment for publicly visible type or member 'OnlineElectionInfoDto.DateOfElection' [c:\Users\glenl\.zenflow\worktrees\jan-31-review-f-cad9\backend\TallyJ4.csproj]
c:\Users\glenl\.zenflow\worktrees\jan-31-review-f-cad9\backend\DTOs\OnlineVoting\OnlineElectionInfoDto.cs(13,17): warning CS1591: Missing XML comment for publicly visible type or member 'OnlineElectionInfoDto.NumberToElect' [c:\Users\glenl\.zenflow\worktrees\jan-31-review-f-cad9\backend\TallyJ4.csproj]
c:\Users\glenl\.zenflow\worktrees\jan-31-review-f-cad9\backend\DTOs\OnlineVoting\OnlineElectionInfoDto.cs(15,22): warning CS1591: Missing XML comment for publicly visible type or member 'OnlineElectionInfoDto.OnlineWhenOpen' [c:\Users\glenl\.zenflow\worktrees\jan-31-review-f-cad9\backend\TallyJ4.csproj]
c:\Users\glenl\.zenflow\worktrees\jan-31-review-f-cad9\backend\DTOs\OnlineVoting\OnlineElectionInfoDto.cs(17,22): warning CS1591: Missing XML comment for publicly visible type or member 'OnlineElectionInfoDto.OnlineWhenClose' [c:\Users\glenl\.zenflow\worktrees\jan-31-review-f-cad9\backend\TallyJ4.csproj]
c:\Users\glenl\.zenflow\worktrees\jan-31-review-f-cad9\backend\DTOs\OnlineVoting\OnlineElectionInfoDto.cs(19,17): warning CS1591: Missing XML comment for publicly visible type or member 'OnlineElectionInfoDto.IsOpen' [c:\Users\glenl\.zenflow\worktrees\jan-31-review-f-cad9\backend\TallyJ4.csproj]
c:\Users\glenl\.zenflow\worktrees\jan-31-review-f-cad9\backend\DTOs\OnlineVoting\OnlineElectionInfoDto.cs(21,20): warning CS1591: Missing XML comment for publicly visible type or member 'OnlineElectionInfoDto.Instructions' [c:\Users\glenl\.zenflow\worktrees\jan-31-review-f-cad9\backend\TallyJ4.csproj]
c:\Users\glenl\.zenflow\worktrees\jan-31-review-f-cad9\backend\DTOs\OnlineVoting\OnlineVoterAuthResponse.cs(3,14): warning CS1591: Missing XML comment for publicly visible type or member 'OnlineVoterAuthResponse' [c:\Users\glenl\.zenflow\worktrees\jan-31-review-f-cad9\backend\TallyJ4.csproj]
c:\Users\glenl\.zenflow\worktrees\jan-31-review-f-cad9\backend\DTOs\OnlineVoting\OnlineVoterAuthResponse.cs(5,19): warning CS1591: Missing XML comment for publicly visible type or member 'OnlineVoterAuthResponse.Token' [c:\Users\glenl\.zenflow\worktrees\jan-31-review-f-cad9\backend\TallyJ4.csproj]
c:\Users\glenl\.zenflow\worktrees\jan-31-review-f-cad9\backend\DTOs\OnlineVoting\OnlineVoterAuthResponse.cs(7,19): warning CS1591: Missing XML comment for publicly visible type or member 'OnlineVoterAuthResponse.VoterId' [c:\Users\glenl\.zenflow\worktrees\jan-31-review-f-cad9\backend\TallyJ4.csproj]
c:\Users\glenl\.zenflow\worktrees\jan-31-review-f-cad9\backend\DTOs\OnlineVoting\OnlineVoterAuthResponse.cs(9,19): warning CS1591: Missing XML comment for publicly visible type or member 'OnlineVoterAuthResponse.VoterIdType' [c:\Users\glenl\.zenflow\worktrees\jan-31-review-f-cad9\backend\TallyJ4.csproj]
c:\Users\glenl\.zenflow\worktrees\jan-31-review-f-cad9\backend\DTOs\OnlineVoting\OnlineVoterAuthResponse.cs(11,21): warning CS1591: Missing XML comment for publicly visible type or member 'OnlineVoterAuthResponse.ExpiresAt' [c:\Users\glenl\.zenflow\worktrees\jan-31-review-f-cad9\backend\TallyJ4.csproj]
c:\Users\glenl\.zenflow\worktrees\jan-31-review-f-cad9\backend\DTOs\OnlineVoting\OnlineVoteStatusDto.cs(3,14): warning CS1591: Missing XML comment for publicly visible type or member 'OnlineVoteStatusDto' [c:\Users\glenl\.zenflow\worktrees\jan-31-review-f-cad9\backend\TallyJ4.csproj]
c:\Users\glenl\.zenflow\worktrees\jan-31-review-f-cad9\backend\DTOs\OnlineVoting\OnlineVoteStatusDto.cs(5,17): warning CS1591: Missing XML comment for publicly visible type or member 'OnlineVoteStatusDto.HasVoted' [c:\Users\glenl\.zenflow\worktrees\jan-31-review-f-cad9\backend\TallyJ4.csproj]
c:\Users\glenl\.zenflow\worktrees\jan-31-review-f-cad9\backend\DTOs\OnlineVoting\OnlineVoteStatusDto.cs(7,22): warning CS1591: Missing XML comment for publicly visible type or member 'OnlineVoteStatusDto.WhenSubmitted' [c:\Users\glenl\.zenflow\worktrees\jan-31-review-f-cad9\backend\TallyJ4.csproj]
c:\Users\glenl\.zenflow\worktrees\jan-31-review-f-cad9\backend\DTOs\OnlineVoting\OnlineVoteStatusDto.cs(9,20): warning CS1591: Missing XML comment for publicly visible type or member 'OnlineVoteStatusDto.Message' [c:\Users\glenl\.zenflow\worktrees\jan-31-review-f-cad9\backend\TallyJ4.csproj]
c:\Users\glenl\.zenflow\worktrees\jan-31-review-f-cad9\backend\DTOs\OnlineVoting\RequestCodeDto.cs(3,14): warning CS1591: Missing XML comment for publicly visible type or member 'RequestCodeDto' [c:\Users\glenl\.zenflow\worktrees\jan-31-review-f-cad9\backend\TallyJ4.csproj]
c:\Users\glenl\.zenflow\worktrees\jan-31-review-f-cad9\backend\DTOs\OnlineVoting\RequestCodeDto.cs(5,19): warning CS1591: Missing XML comment for publicly visible type or member 'RequestCodeDto.VoterId' [c:\Users\glenl\.zenflow\worktrees\jan-31-review-f-cad9\backend\TallyJ4.csproj]
c:\Users\glenl\.zenflow\worktrees\jan-31-review-f-cad9\backend\DTOs\OnlineVoting\RequestCodeDto.cs(7,19): warning CS1591: Missing XML comment for publicly visible type or member 'RequestCodeDto.VoterIdType' [c:\Users\glenl\.zenflow\worktrees\jan-31-review-f-cad9\backend\TallyJ4.csproj]
c:\Users\glenl\.zenflow\worktrees\jan-31-review-f-cad9\backend\DTOs\OnlineVoting\RequestCodeDto.cs(9,19): warning CS1591: Missing XML comment for publicly visible type or member 'RequestCodeDto.DeliveryMethod' [c:\Users\glenl\.zenflow\worktrees\jan-31-review-f-cad9\backend\TallyJ4.csproj]
c:\Users\glenl\.zenflow\worktrees\jan-31-review-f-cad9\backend\DTOs\OnlineVoting\SubmitOnlineBallotDto.cs(3,14): warning CS1591: Missing XML comment for publicly visible type or member 'SubmitOnlineBallotDto' [c:\Users\glenl\.zenflow\worktrees\jan-31-review-f-cad9\backend\TallyJ4.csproj]
c:\Users\glenl\.zenflow\worktrees\jan-31-review-f-cad9\backend\DTOs\OnlineVoting\SubmitOnlineBallotDto.cs(5,17): warning CS1591: Missing XML comment for publicly visible type or member 'SubmitOnlineBallotDto.ElectionGuid' [c:\Users\glenl\.zenflow\worktrees\jan-31-review-f-cad9\backend\TallyJ4.csproj]
c:\Users\glenl\.zenflow\worktrees\jan-31-review-f-cad9\backend\DTOs\OnlineVoting\SubmitOnlineBallotDto.cs(7,19): warning CS1591: Missing XML comment for publicly visible type or member 'SubmitOnlineBallotDto.VoterId' [c:\Users\glenl\.zenflow\worktrees\jan-31-review-f-cad9\backend\TallyJ4.csproj]
c:\Users\glenl\.zenflow\worktrees\jan-31-review-f-cad9\backend\DTOs\OnlineVoting\SubmitOnlineBallotDto.cs(9,32): warning CS1591: Missing XML comment for publicly visible type or member 'SubmitOnlineBallotDto.Votes' [c:\Users\glenl\.zenflow\worktrees\jan-31-review-f-cad9\backend\TallyJ4.csproj]
c:\Users\glenl\.zenflow\worktrees\jan-31-review-f-cad9\backend\DTOs\OnlineVoting\SubmitOnlineBallotDto.cs(12,14): warning CS1591: Missing XML comment for publicly visible type or member 'OnlineVoteDto' [c:\Users\glenl\.zenflow\worktrees\jan-31-review-f-cad9\backend\TallyJ4.csproj]
c:\Users\glenl\.zenflow\worktrees\jan-31-review-f-cad9\backend\DTOs\OnlineVoting\SubmitOnlineBallotDto.cs(14,18): warning CS1591: Missing XML comment for publicly visible type or member 'OnlineVoteDto.PersonGuid' [c:\Users\glenl\.zenflow\worktrees\jan-31-review-f-cad9\backend\TallyJ4.csproj]
c:\Users\glenl\.zenflow\worktrees\jan-31-review-f-cad9\backend\DTOs\OnlineVoting\SubmitOnlineBallotDto.cs(16,20): warning CS1591: Missing XML comment for publicly visible type or member 'OnlineVoteDto.VoteName' [c:\Users\glenl\.zenflow\worktrees\jan-31-review-f-cad9\backend\TallyJ4.csproj]
c:\Users\glenl\.zenflow\worktrees\jan-31-review-f-cad9\backend\DTOs\OnlineVoting\SubmitOnlineBallotDto.cs(18,16): warning CS1591: Missing XML comment for publicly visible type or member 'OnlineVoteDto.PositionOnBallot' [c:\Users\glenl\.zenflow\worktrees\jan-31-review-f-cad9\backend\TallyJ4.csproj]
c:\Users\glenl\.zenflow\worktrees\jan-31-review-f-cad9\backend\DTOs\OnlineVoting\VerifyCodeDto.cs(3,14): warning CS1591: Missing XML comment for publicly visible type or member 'VerifyCodeDto' [c:\Users\glenl\.zenflow\worktrees\jan-31-review-f-cad9\backend\TallyJ4.csproj]
c:\Users\glenl\.zenflow\worktrees\jan-31-review-f-cad9\backend\DTOs\OnlineVoting\VerifyCodeDto.cs(5,19): warning CS1591: Missing XML comment for publicly visible type or member 'VerifyCodeDto.VoterId' [c:\Users\glenl\.zenflow\worktrees\jan-31-review-f-cad9\backend\TallyJ4.csproj]
c:\Users\glenl\.zenflow\worktrees\jan-31-review-f-cad9\backend\DTOs\OnlineVoting\VerifyCodeDto.cs(7,19): warning CS1591: Missing XML comment for publicly visible type or member 'VerifyCodeDto.VerifyCode' [c:\Users\glenl\.zenflow\worktrees\jan-31-review-f-cad9\backend\TallyJ4.csproj]
c:\Users\glenl\.zenflow\worktrees\jan-31-review-f-cad9\backend\DTOs\Tellers\CreateTellerDto.cs(3,14): warning CS1591: Missing XML comment for publicly visible type or member 'CreateTellerDto' [c:\Users\glenl\.zenflow\worktrees\jan-31-review-f-cad9\backend\TallyJ4.csproj]
c:\Users\glenl\.zenflow\worktrees\jan-31-review-f-cad9\backend\DTOs\Tellers\CreateTellerDto.cs(5,17): warning CS1591: Missing XML comment for publicly visible type or member 'CreateTellerDto.ElectionGuid' [c:\Users\glenl\.zenflow\worktrees\jan-31-review-f-cad9\backend\TallyJ4.csproj]
c:\Users\glenl\.zenflow\worktrees\jan-31-review-f-cad9\backend\DTOs\Tellers\CreateTellerDto.cs(7,19): warning CS1591: Missing XML comment for publicly visible type or member 'CreateTellerDto.Name' [c:\Users\glenl\.zenflow\worktrees\jan-31-review-f-cad9\backend\TallyJ4.csproj]
c:\Users\glenl\.zenflow\worktrees\jan-31-review-f-cad9\backend\DTOs\Tellers\CreateTellerDto.cs(9,20): warning CS1591: Missing XML comment for publicly visible type or member 'CreateTellerDto.UsingComputerCode' [c:\Users\glenl\.zenflow\worktrees\jan-31-review-f-cad9\backend\TallyJ4.csproj]
c:\Users\glenl\.zenflow\worktrees\jan-31-review-f-cad9\backend\DTOs\Tellers\CreateTellerDto.cs(11,17): warning CS1591: Missing XML comment for publicly visible type or member 'CreateTellerDto.IsHeadTeller' [c:\Users\glenl\.zenflow\worktrees\jan-31-review-f-cad9\backend\TallyJ4.csproj]
c:\Users\glenl\.zenflow\worktrees\jan-31-review-f-cad9\backend\DTOs\Tellers\TellerDto.cs(3,14): warning CS1591: Missing XML comment for publicly visible type or member 'TellerDto' [c:\Users\glenl\.zenflow\worktrees\jan-31-review-f-cad9\backend\TallyJ4.csproj]
c:\Users\glenl\.zenflow\worktrees\jan-31-review-f-cad9\backend\DTOs\Tellers\TellerDto.cs(5,16): warning CS1591: Missing XML comment for publicly visible type or member 'TellerDto.RowId' [c:\Users\glenl\.zenflow\worktrees\jan-31-review-f-cad9\backend\TallyJ4.csproj]
c:\Users\glenl\.zenflow\worktrees\jan-31-review-f-cad9\backend\DTOs\Tellers\TellerDto.cs(7,17): warning CS1591: Missing XML comment for publicly visible type or member 'TellerDto.ElectionGuid' [c:\Users\glenl\.zenflow\worktrees\jan-31-review-f-cad9\backend\TallyJ4.csproj]
c:\Users\glenl\.zenflow\worktrees\jan-31-review-f-cad9\backend\DTOs\Tellers\TellerDto.cs(9,19): warning CS1591: Missing XML comment for publicly visible type or member 'TellerDto.Name' [c:\Users\glenl\.zenflow\worktrees\jan-31-review-f-cad9\backend\TallyJ4.csproj]
c:\Users\glenl\.zenflow\worktrees\jan-31-review-f-cad9\backend\DTOs\Tellers\TellerDto.cs(11,20): warning CS1591: Missing XML comment for publicly visible type or member 'TellerDto.UsingComputerCode' [c:\Users\glenl\.zenflow\worktrees\jan-31-review-f-cad9\backend\TallyJ4.csproj]
c:\Users\glenl\.zenflow\worktrees\jan-31-review-f-cad9\backend\DTOs\Tellers\TellerDto.cs(13,17): warning CS1591: Missing XML comment for publicly visible type or member 'TellerDto.IsHeadTeller' [c:\Users\glenl\.zenflow\worktrees\jan-31-review-f-cad9\backend\TallyJ4.csproj]
c:\Users\glenl\.zenflow\worktrees\jan-31-review-f-cad9\backend\DTOs\Tellers\UpdateTellerDto.cs(3,14): warning CS1591: Missing XML comment for publicly visible type or member 'UpdateTellerDto' [c:\Users\glenl\.zenflow\worktrees\jan-31-review-f-cad9\backend\TallyJ4.csproj]
c:\Users\glenl\.zenflow\worktrees\jan-31-review-f-cad9\backend\DTOs\Tellers\UpdateTellerDto.cs(5,19): warning CS1591: Missing XML comment for publicly visible type or member 'UpdateTellerDto.Name' [c:\Users\glenl\.zenflow\worktrees\jan-31-review-f-cad9\backend\TallyJ4.csproj]
c:\Users\glenl\.zenflow\worktrees\jan-31-review-f-cad9\backend\DTOs\Tellers\UpdateTellerDto.cs(7,20): warning CS1591: Missing XML comment for publicly visible type or member 'UpdateTellerDto.UsingComputerCode' [c:\Users\glenl\.zenflow\worktrees\jan-31-review-f-cad9\backend\TallyJ4.csproj]
c:\Users\glenl\.zenflow\worktrees\jan-31-review-f-cad9\backend\DTOs\Tellers\UpdateTellerDto.cs(9,17): warning CS1591: Missing XML comment for publicly visible type or member 'UpdateTellerDto.IsHeadTeller' [c:\Users\glenl\.zenflow\worktrees\jan-31-review-f-cad9\backend\TallyJ4.csproj]
c:\Users\glenl\.zenflow\worktrees\jan-31-review-f-cad9\backend\Hubs\OnlineVotingHub.cs(5,14): warning CS1591: Missing XML comment for publicly visible type or member 'OnlineVotingHub' [c:\Users\glenl\.zenflow\worktrees\jan-31-review-f-cad9\backend\TallyJ4.csproj]
c:\Users\glenl\.zenflow\worktrees\jan-31-review-f-cad9\backend\Hubs\OnlineVotingHub.cs(9,12): warning CS1591: Missing XML comment for publicly visible type or member 'OnlineVotingHub.OnlineVotingHub(ILogger<OnlineVotingHub>)' [c:\Users\glenl\.zenflow\worktrees\jan-31-review-f-cad9\backend\TallyJ4.csproj]
c:\Users\glenl\.zenflow\worktrees\jan-31-review-f-cad9\backend\Hubs\OnlineVotingHub.cs(14,23): warning CS1591: Missing XML comment for publicly visible type or member 'OnlineVotingHub.JoinElectionGroup(Guid)' [c:\Users\glenl\.zenflow\worktrees\jan-31-review-f-cad9\backend\TallyJ4.csproj]
c:\Users\glenl\.zenflow\worktrees\jan-31-review-f-cad9\backend\Hubs\OnlineVotingHub.cs(22,23): warning CS1591: Missing XML comment for publicly visible type or member 'OnlineVotingHub.LeaveElectionGroup(Guid)' [c:\Users\glenl\.zenflow\worktrees\jan-31-review-f-cad9\backend\TallyJ4.csproj]
c:\Users\glenl\.zenflow\worktrees\jan-31-review-f-cad9\backend\Hubs\OnlineVotingHub.cs(30,23): warning CS1591: Missing XML comment for publicly visible type or member 'OnlineVotingHub.BallotSubmitted(Guid, int)' [c:\Users\glenl\.zenflow\worktrees\jan-31-review-f-cad9\backend\TallyJ4.csproj]
c:\Users\glenl\.zenflow\worktrees\jan-31-review-f-cad9\backend\Hubs\OnlineVotingHub.cs(42,32): warning CS1591: Missing XML comment for publicly visible type or member 'OnlineVotingHub.OnDisconnectedAsync(Exception?)' [c:\Users\glenl\.zenflow\worktrees\jan-31-review-f-cad9\backend\TallyJ4.csproj]
c:\Users\glenl\.zenflow\worktrees\jan-31-review-f-cad9\backend\Mappings\AuditLogProfile.cs(7,14): warning CS1591: Missing XML comment for publicly visible type or member 'AuditLogProfile' [c:\Users\glenl\.zenflow\worktrees\jan-31-review-f-cad9\backend\TallyJ4.csproj]
c:\Users\glenl\.zenflow\worktrees\jan-31-review-f-cad9\backend\Mappings\AuditLogProfile.cs(9,12): warning CS1591: Missing XML comment for publicly visible type or member 'AuditLogProfile.AuditLogProfile()' [c:\Users\glenl\.zenflow\worktrees\jan-31-review-f-cad9\backend\TallyJ4.csproj]
c:\Users\glenl\.zenflow\worktrees\jan-31-review-f-cad9\backend\Mappings\ComputerProfile.cs(7,14): warning CS1591: Missing XML comment for publicly visible type or member 'ComputerProfile' [c:\Users\glenl\.zenflow\worktrees\jan-31-review-f-cad9\backend\TallyJ4.csproj]
c:\Users\glenl\.zenflow\worktrees\jan-31-review-f-cad9\backend\Mappings\ComputerProfile.cs(9,12): warning CS1591: Missing XML comment for publicly visible type or member 'ComputerProfile.ComputerProfile()' [c:\Users\glenl\.zenflow\worktrees\jan-31-review-f-cad9\backend\TallyJ4.csproj]
c:\Users\glenl\.zenflow\worktrees\jan-31-review-f-cad9\backend\Mappings\FrontDeskProfile.cs(7,14): warning CS1591: Missing XML comment for publicly visible type or member 'FrontDeskProfile' [c:\Users\glenl\.zenflow\worktrees\jan-31-review-f-cad9\backend\TallyJ4.csproj]
c:\Users\glenl\.zenflow\worktrees\jan-31-review-f-cad9\backend\Mappings\FrontDeskProfile.cs(9,12): warning CS1591: Missing XML comment for publicly visible type or member 'FrontDeskProfile.FrontDeskProfile()' [c:\Users\glenl\.zenflow\worktrees\jan-31-review-f-cad9\backend\TallyJ4.csproj]
c:\Users\glenl\.zenflow\worktrees\jan-31-review-f-cad9\backend\Mappings\TellerProfile.cs(7,14): warning CS1591: Missing XML comment for publicly visible type or member 'TellerProfile' [c:\Users\glenl\.zenflow\worktrees\jan-31-review-f-cad9\backend\TallyJ4.csproj]
c:\Users\glenl\.zenflow\worktrees\jan-31-review-f-cad9\backend\Mappings\TellerProfile.cs(9,12): warning CS1591: Missing XML comment for publicly visible type or member 'TellerProfile.TellerProfile()' [c:\Users\glenl\.zenflow\worktrees\jan-31-review-f-cad9\backend\TallyJ4.csproj]
c:\Users\glenl\.zenflow\worktrees\jan-31-review-f-cad9\backend\Middleware\AuditMiddleware.cs(7,14): warning CS1591: Missing XML comment for publicly visible type or member 'AuditMiddleware' [c:\Users\glenl\.zenflow\worktrees\jan-31-review-f-cad9\backend\TallyJ4.csproj]
c:\Users\glenl\.zenflow\worktrees\jan-31-review-f-cad9\backend\Middleware\AuditMiddleware.cs(12,12): warning CS1591: Missing XML comment for publicly visible type or member 'AuditMiddleware.AuditMiddleware(RequestDelegate, ILogger<AuditMiddleware>)' [c:\Users\glenl\.zenflow\worktrees\jan-31-review-f-cad9\backend\TallyJ4.csproj]
c:\Users\glenl\.zenflow\worktrees\jan-31-review-f-cad9\backend\Middleware\AuditMiddleware.cs(18,23): warning CS1591: Missing XML comment for publicly visible type or member 'AuditMiddleware.InvokeAsync(HttpContext, IAuditLogService)' [c:\Users\glenl\.zenflow\worktrees\jan-31-review-f-cad9\backend\TallyJ4.csproj]
c:\Users\glenl\.zenflow\worktrees\jan-31-review-f-cad9\backend\Services\AuditLogService.cs(10,14): warning CS1591: Missing XML comment for publicly visible type or member 'AuditLogService' [c:\Users\glenl\.zenflow\worktrees\jan-31-review-f-cad9\backend\TallyJ4.csproj]
c:\Users\glenl\.zenflow\worktrees\jan-31-review-f-cad9\backend\Services\AuditLogService.cs(16,12): warning CS1591: Missing XML comment for publicly visible type or member 'AuditLogService.AuditLogService(MainDbContext, IMapper, ILogger<AuditLogService>)' [c:\Users\glenl\.zenflow\worktrees\jan-31-review-f-cad9\backend\TallyJ4.csproj]
c:\Users\glenl\.zenflow\worktrees\jan-31-review-f-cad9\backend\Services\AuditLogService.cs(23,55): warning CS1591: Missing XML comment for publicly visible type or member 'AuditLogService.GetAuditLogsAsync(AuditLogFilterDto?, int, int)' [c:\Users\glenl\.zenflow\worktrees\jan-31-review-f-cad9\backend\TallyJ4.csproj]
c:\Users\glenl\.zenflow\worktrees\jan-31-review-f-cad9\backend\Services\AuditLogService.cs(92,37): warning CS1591: Missing XML comment for publicly visible type or member 'AuditLogService.GetAuditLogByIdAsync(int)' [c:\Users\glenl\.zenflow\worktrees\jan-31-review-f-cad9\backend\TallyJ4.csproj]
c:\Users\glenl\.zenflow\worktrees\jan-31-review-f-cad9\backend\Services\AuditLogService.cs(111,36): warning CS1591: Missing XML comment for publicly visible type or member 'AuditLogService.CreateAuditLogAsync(CreateAuditLogDto)' [c:\Users\glenl\.zenflow\worktrees\jan-31-review-f-cad9\backend\TallyJ4.csproj]
c:\Users\glenl\.zenflow\worktrees\jan-31-review-f-cad9\backend\Services\ComputerService.cs(9,14): warning CS1591: Missing XML comment for publicly visible type or member 'ComputerService' [c:\Users\glenl\.zenflow\worktrees\jan-31-review-f-cad9\backend\TallyJ4.csproj]
c:\Users\glenl\.zenflow\worktrees\jan-31-review-f-cad9\backend\Services\ComputerService.cs(15,12): warning CS1591: Missing XML comment for publicly visible type or member 'ComputerService.ComputerService(MainDbContext, IMapper, ILogger<ComputerService>)' [c:\Users\glenl\.zenflow\worktrees\jan-31-review-f-cad9\backend\TallyJ4.csproj]
c:\Users\glenl\.zenflow\worktrees\jan-31-review-f-cad9\backend\Services\ComputerService.cs(22,42): warning CS1591: Missing XML comment for publicly visible type or member 'ComputerService.GetComputersByLocationAsync(Guid)' [c:\Users\glenl\.zenflow\worktrees\jan-31-review-f-cad9\backend\TallyJ4.csproj]
c:\Users\glenl\.zenflow\worktrees\jan-31-review-f-cad9\backend\Services\ComputerService.cs(32,42): warning CS1591: Missing XML comment for publicly visible type or member 'ComputerService.GetComputersByElectionAsync(Guid)' [c:\Users\glenl\.zenflow\worktrees\jan-31-review-f-cad9\backend\TallyJ4.csproj]
c:\Users\glenl\.zenflow\worktrees\jan-31-review-f-cad9\backend\Services\ComputerService.cs(42,37): warning CS1591: Missing XML comment for publicly visible type or member 'ComputerService.GetComputerByGuidAsync(Guid)' [c:\Users\glenl\.zenflow\worktrees\jan-31-review-f-cad9\backend\TallyJ4.csproj]
c:\Users\glenl\.zenflow\worktrees\jan-31-review-f-cad9\backend\Services\ComputerService.cs(57,37): warning CS1591: Missing XML comment for publicly visible type or member 'ComputerService.GetComputerByCodeAsync(Guid, string)' [c:\Users\glenl\.zenflow\worktrees\jan-31-review-f-cad9\backend\TallyJ4.csproj]
c:\Users\glenl\.zenflow\worktrees\jan-31-review-f-cad9\backend\Services\ComputerService.cs(71,36): warning CS1591: Missing XML comment for publicly visible type or member 'ComputerService.RegisterComputerAsync(RegisterComputerDto)' [c:\Users\glenl\.zenflow\worktrees\jan-31-review-f-cad9\backend\TallyJ4.csproj]
c:\Users\glenl\.zenflow\worktrees\jan-31-review-f-cad9\backend\Services\ComputerService.cs(102,37): warning CS1591: Missing XML comment for publicly visible type or member 'ComputerService.UpdateComputerAsync(Guid, UpdateComputerDto)' [c:\Users\glenl\.zenflow\worktrees\jan-31-review-f-cad9\backend\TallyJ4.csproj]
c:\Users\glenl\.zenflow\worktrees\jan-31-review-f-cad9\backend\Services\ComputerService.cs(126,29): warning CS1591: Missing XML comment for publicly visible type or member 'ComputerService.DeleteComputerAsync(Guid)' [c:\Users\glenl\.zenflow\worktrees\jan-31-review-f-cad9\backend\TallyJ4.csproj]
c:\Users\glenl\.zenflow\worktrees\jan-31-review-f-cad9\backend\Services\ComputerService.cs(148,37): warning CS1591: Missing XML comment for publicly visible type or member 'ComputerService.UpdateActivityAsync(Guid)' [c:\Users\glenl\.zenflow\worktrees\jan-31-review-f-cad9\backend\TallyJ4.csproj]
c:\Users\glenl\.zenflow\worktrees\jan-31-review-f-cad9\backend\Services\ComputerService.cs(165,31): warning CS1591: Missing XML comment for publicly visible type or member 'ComputerService.GenerateComputerCodeAsync(Guid)' [c:\Users\glenl\.zenflow\worktrees\jan-31-review-f-cad9\backend\TallyJ4.csproj]
c:\Users\glenl\.zenflow\worktrees\jan-31-review-f-cad9\backend\Services\FrontDeskService.cs(10,14): warning CS1591: Missing XML comment for publicly visible type or member 'FrontDeskService' [c:\Users\glenl\.zenflow\worktrees\jan-31-review-f-cad9\backend\TallyJ4.csproj]
c:\Users\glenl\.zenflow\worktrees\jan-31-review-f-cad9\backend\Services\FrontDeskService.cs(17,12): warning CS1591: Missing XML comment for publicly visible type or member 'FrontDeskService.FrontDeskService(MainDbContext, IMapper, ILogger<FrontDeskService>, ISignalRNotificationService)' [c:\Users\glenl\.zenflow\worktrees\jan-31-review-f-cad9\backend\TallyJ4.csproj]
c:\Users\glenl\.zenflow\worktrees\jan-31-review-f-cad9\backend\Services\FrontDeskService.cs(29,48): warning CS1591: Missing XML comment for publicly visible type or member 'FrontDeskService.GetEligibleVotersAsync(Guid)' [c:\Users\glenl\.zenflow\worktrees\jan-31-review-f-cad9\backend\TallyJ4.csproj]
c:\Users\glenl\.zenflow\worktrees\jan-31-review-f-cad9\backend\Services\FrontDeskService.cs(40,42): warning CS1591: Missing XML comment for publicly visible type or member 'FrontDeskService.CheckInVoterAsync(Guid, CheckInVoterDto)' [c:\Users\glenl\.zenflow\worktrees\jan-31-review-f-cad9\backend\TallyJ4.csproj]
c:\Users\glenl\.zenflow\worktrees\jan-31-review-f-cad9\backend\Services\FrontDeskService.cs(96,36): warning CS1591: Missing XML comment for publicly visible type or member 'FrontDeskService.GetRollCallAsync(Guid)' [c:\Users\glenl\.zenflow\worktrees\jan-31-review-f-cad9\backend\TallyJ4.csproj]
c:\Users\glenl\.zenflow\worktrees\jan-31-review-f-cad9\backend\Services\FrontDeskService.cs(108,42): warning CS1591: Missing XML comment for publicly visible type or member 'FrontDeskService.GetStatsAsync(Guid)' [c:\Users\glenl\.zenflow\worktrees\jan-31-review-f-cad9\backend\TallyJ4.csproj]
c:\Users\glenl\.zenflow\worktrees\jan-31-review-f-cad9\backend\Services\IAuditLogService.cs(6,18): warning CS1591: Missing XML comment for publicly visible type or member 'IAuditLogService' [c:\Users\glenl\.zenflow\worktrees\jan-31-review-f-cad9\backend\TallyJ4.csproj]
c:\Users\glenl\.zenflow\worktrees\jan-31-review-f-cad9\backend\Services\IAuditLogService.cs(8,42): warning CS1591: Missing XML comment for publicly visible type or member 'IAuditLogService.GetAuditLogsAsync(AuditLogFilterDto?, int, int)' [c:\Users\glenl\.zenflow\worktrees\jan-31-review-f-cad9\backend\TallyJ4.csproj]
c:\Users\glenl\.zenflow\worktrees\jan-31-review-f-cad9\backend\Services\IAuditLogService.cs(13,24): warning CS1591: Missing XML comment for publicly visible type or member 'IAuditLogService.GetAuditLogByIdAsync(int)' [c:\Users\glenl\.zenflow\worktrees\jan-31-review-f-cad9\backend\TallyJ4.csproj]
c:\Users\glenl\.zenflow\worktrees\jan-31-review-f-cad9\backend\Services\IAuditLogService.cs(15,23): warning CS1591: Missing XML comment for publicly visible type or member 'IAuditLogService.CreateAuditLogAsync(CreateAuditLogDto)' [c:\Users\glenl\.zenflow\worktrees\jan-31-review-f-cad9\backend\TallyJ4.csproj]
c:\Users\glenl\.zenflow\worktrees\jan-31-review-f-cad9\backend\Services\IComputerService.cs(5,18): warning CS1591: Missing XML comment for publicly visible type or member 'IComputerService' [c:\Users\glenl\.zenflow\worktrees\jan-31-review-f-cad9\backend\TallyJ4.csproj]
c:\Users\glenl\.zenflow\worktrees\jan-31-review-f-cad9\backend\Services\IComputerService.cs(7,29): warning CS1591: Missing XML comment for publicly visible type or member 'IComputerService.GetComputersByLocationAsync(Guid)' [c:\Users\glenl\.zenflow\worktrees\jan-31-review-f-cad9\backend\TallyJ4.csproj]
c:\Users\glenl\.zenflow\worktrees\jan-31-review-f-cad9\backend\Services\IComputerService.cs(9,29): warning CS1591: Missing XML comment for publicly visible type or member 'IComputerService.GetComputersByElectionAsync(Guid)' [c:\Users\glenl\.zenflow\worktrees\jan-31-review-f-cad9\backend\TallyJ4.csproj]
c:\Users\glenl\.zenflow\worktrees\jan-31-review-f-cad9\backend\Services\IComputerService.cs(11,24): warning CS1591: Missing XML comment for publicly visible type or member 'IComputerService.GetComputerByGuidAsync(Guid)' [c:\Users\glenl\.zenflow\worktrees\jan-31-review-f-cad9\backend\TallyJ4.csproj]
c:\Users\glenl\.zenflow\worktrees\jan-31-review-f-cad9\backend\Services\IComputerService.cs(13,24): warning CS1591: Missing XML comment for publicly visible type or member 'IComputerService.GetComputerByCodeAsync(Guid, string)' [c:\Users\glenl\.zenflow\worktrees\jan-31-review-f-cad9\backend\TallyJ4.csproj]
c:\Users\glenl\.zenflow\worktrees\jan-31-review-f-cad9\backend\Services\IComputerService.cs(15,23): warning CS1591: Missing XML comment for publicly visible type or member 'IComputerService.RegisterComputerAsync(RegisterComputerDto)' [c:\Users\glenl\.zenflow\worktrees\jan-31-review-f-cad9\backend\TallyJ4.csproj]
c:\Users\glenl\.zenflow\worktrees\jan-31-review-f-cad9\backend\Services\IComputerService.cs(17,24): warning CS1591: Missing XML comment for publicly visible type or member 'IComputerService.UpdateComputerAsync(Guid, UpdateComputerDto)' [c:\Users\glenl\.zenflow\worktrees\jan-31-review-f-cad9\backend\TallyJ4.csproj]
c:\Users\glenl\.zenflow\worktrees\jan-31-review-f-cad9\backend\Services\IComputerService.cs(19,16): warning CS1591: Missing XML comment for publicly visible type or member 'IComputerService.DeleteComputerAsync(Guid)' [c:\Users\glenl\.zenflow\worktrees\jan-31-review-f-cad9\backend\TallyJ4.csproj]
c:\Users\glenl\.zenflow\worktrees\jan-31-review-f-cad9\backend\Services\IComputerService.cs(21,24): warning CS1591: Missing XML comment for publicly visible type or member 'IComputerService.UpdateActivityAsync(Guid)' [c:\Users\glenl\.zenflow\worktrees\jan-31-review-f-cad9\backend\TallyJ4.csproj]
c:\Users\glenl\.zenflow\worktrees\jan-31-review-f-cad9\backend\Services\IComputerService.cs(23,18): warning CS1591: Missing XML comment for publicly visible type or member 'IComputerService.GenerateComputerCodeAsync(Guid)' [c:\Users\glenl\.zenflow\worktrees\jan-31-review-f-cad9\backend\TallyJ4.csproj]
c:\Users\glenl\.zenflow\worktrees\jan-31-review-f-cad9\backend\Services\IFrontDeskService.cs(5,18): warning CS1591: Missing XML comment for publicly visible type or member 'IFrontDeskService' [c:\Users\glenl\.zenflow\worktrees\jan-31-review-f-cad9\backend\TallyJ4.csproj]
c:\Users\glenl\.zenflow\worktrees\jan-31-review-f-cad9\backend\Services\IFrontDeskService.cs(7,35): warning CS1591: Missing XML comment for publicly visible type or member 'IFrontDeskService.GetEligibleVotersAsync(Guid)' [c:\Users\glenl\.zenflow\worktrees\jan-31-review-f-cad9\backend\TallyJ4.csproj]
c:\Users\glenl\.zenflow\worktrees\jan-31-review-f-cad9\backend\Services\IFrontDeskService.cs(8,29): warning CS1591: Missing XML comment for publicly visible type or member 'IFrontDeskService.CheckInVoterAsync(Guid, CheckInVoterDto)' [c:\Users\glenl\.zenflow\worktrees\jan-31-review-f-cad9\backend\TallyJ4.csproj]
c:\Users\glenl\.zenflow\worktrees\jan-31-review-f-cad9\backend\Services\IFrontDeskService.cs(9,23): warning CS1591: Missing XML comment for publicly visible type or member 'IFrontDeskService.GetRollCallAsync(Guid)' [c:\Users\glenl\.zenflow\worktrees\jan-31-review-f-cad9\backend\TallyJ4.csproj]
c:\Users\glenl\.zenflow\worktrees\jan-31-review-f-cad9\backend\Services\IFrontDeskService.cs(10,29): warning CS1591: Missing XML comment for publicly visible type or member 'IFrontDeskService.GetStatsAsync(Guid)' [c:\Users\glenl\.zenflow\worktrees\jan-31-review-f-cad9\backend\TallyJ4.csproj]
c:\Users\glenl\.zenflow\worktrees\jan-31-review-f-cad9\backend\Services\IOnlineVotingService.cs(5,18): warning CS1591: Missing XML comment for publicly visible type or member 'IOnlineVotingService' [c:\Users\glenl\.zenflow\worktrees\jan-31-review-f-cad9\backend\TallyJ4.csproj]
c:\Users\glenl\.zenflow\worktrees\jan-31-review-f-cad9\backend\Services\IOnlineVotingService.cs(7,41): warning CS1591: Missing XML comment for publicly visible type or member 'IOnlineVotingService.RequestVerificationCodeAsync(RequestCodeDto)' [c:\Users\glenl\.zenflow\worktrees\jan-31-review-f-cad9\backend\TallyJ4.csproj]
c:\Users\glenl\.zenflow\worktrees\jan-31-review-f-cad9\backend\Services\IOnlineVotingService.cs(9,76): warning CS1591: Missing XML comment for publicly visible type or member 'IOnlineVotingService.VerifyCodeAsync(VerifyCodeDto)' [c:\Users\glenl\.zenflow\worktrees\jan-31-review-f-cad9\backend\TallyJ4.csproj]
c:\Users\glenl\.zenflow\worktrees\jan-31-review-f-cad9\backend\Services\IOnlineVotingService.cs(11,34): warning CS1591: Missing XML comment for publicly visible type or member 'IOnlineVotingService.GetElectionInfoAsync(Guid)' [c:\Users\glenl\.zenflow\worktrees\jan-31-review-f-cad9\backend\TallyJ4.csproj]
c:\Users\glenl\.zenflow\worktrees\jan-31-review-f-cad9\backend\Services\IOnlineVotingService.cs(13,36): warning CS1591: Missing XML comment for publicly visible type or member 'IOnlineVotingService.GetCandidatesAsync(Guid)' [c:\Users\glenl\.zenflow\worktrees\jan-31-review-f-cad9\backend\TallyJ4.csproj]
c:\Users\glenl\.zenflow\worktrees\jan-31-review-f-cad9\backend\Services\IOnlineVotingService.cs(15,41): warning CS1591: Missing XML comment for publicly visible type or member 'IOnlineVotingService.SubmitBallotAsync(SubmitOnlineBallotDto)' [c:\Users\glenl\.zenflow\worktrees\jan-31-review-f-cad9\backend\TallyJ4.csproj]
c:\Users\glenl\.zenflow\worktrees\jan-31-review-f-cad9\backend\Services\IOnlineVotingService.cs(17,31): warning CS1591: Missing XML comment for publicly visible type or member 'IOnlineVotingService.GetVoteStatusAsync(Guid, string)' [c:\Users\glenl\.zenflow\worktrees\jan-31-review-f-cad9\backend\TallyJ4.csproj]
c:\Users\glenl\.zenflow\worktrees\jan-31-review-f-cad9\backend\Services\ITellerService.cs(6,18): warning CS1591: Missing XML comment for publicly visible type or member 'ITellerService' [c:\Users\glenl\.zenflow\worktrees\jan-31-review-f-cad9\backend\TallyJ4.csproj]
c:\Users\glenl\.zenflow\worktrees\jan-31-review-f-cad9\backend\Services\ITellerService.cs(8,40): warning CS1591: Missing XML comment for publicly visible type or member 'ITellerService.GetTellersByElectionAsync(Guid, int, int)' [c:\Users\glenl\.zenflow\worktrees\jan-31-review-f-cad9\backend\TallyJ4.csproj]
c:\Users\glenl\.zenflow\worktrees\jan-31-review-f-cad9\backend\Services\ITellerService.cs(9,22): warning CS1591: Missing XML comment for publicly visible type or member 'ITellerService.GetTellerByIdAsync(int)' [c:\Users\glenl\.zenflow\worktrees\jan-31-review-f-cad9\backend\TallyJ4.csproj]
c:\Users\glenl\.zenflow\worktrees\jan-31-review-f-cad9\backend\Services\ITellerService.cs(10,21): warning CS1591: Missing XML comment for publicly visible type or member 'ITellerService.CreateTellerAsync(CreateTellerDto)' [c:\Users\glenl\.zenflow\worktrees\jan-31-review-f-cad9\backend\TallyJ4.csproj]
c:\Users\glenl\.zenflow\worktrees\jan-31-review-f-cad9\backend\Services\ITellerService.cs(11,22): warning CS1591: Missing XML comment for publicly visible type or member 'ITellerService.UpdateTellerAsync(int, UpdateTellerDto)' [c:\Users\glenl\.zenflow\worktrees\jan-31-review-f-cad9\backend\TallyJ4.csproj]
c:\Users\glenl\.zenflow\worktrees\jan-31-review-f-cad9\backend\Services\ITellerService.cs(12,16): warning CS1591: Missing XML comment for publicly visible type or member 'ITellerService.DeleteTellerAsync(int)' [c:\Users\glenl\.zenflow\worktrees\jan-31-review-f-cad9\backend\TallyJ4.csproj]
c:\Users\glenl\.zenflow\worktrees\jan-31-review-f-cad9\backend\Services\ITellerService.cs(13,16): warning CS1591: Missing XML comment for publicly visible type or member 'ITellerService.IsTellerNameUniqueAsync(Guid, string, int?)' [c:\Users\glenl\.zenflow\worktrees\jan-31-review-f-cad9\backend\TallyJ4.csproj]
c:\Users\glenl\.zenflow\worktrees\jan-31-review-f-cad9\backend\Services\OnlineVotingService.cs(13,14): warning CS1591: Missing XML comment for publicly visible type or member 'OnlineVotingService' [c:\Users\glenl\.zenflow\worktrees\jan-31-review-f-cad9\backend\TallyJ4.csproj]
c:\Users\glenl\.zenflow\worktrees\jan-31-review-f-cad9\backend\Services\OnlineVotingService.cs(19,12): warning CS1591: Missing XML comment for publicly visible type or member 'OnlineVotingService.OnlineVotingService(MainDbContext, IConfiguration, ILogger<OnlineVotingService>)' [c:\Users\glenl\.zenflow\worktrees\jan-31-review-f-cad9\backend\TallyJ4.csproj]
c:\Users\glenl\.zenflow\worktrees\jan-31-review-f-cad9\backend\Services\OnlineVotingService.cs(29,54): warning CS1591: Missing XML comment for publicly visible type or member 'OnlineVotingService.RequestVerificationCodeAsync(RequestCodeDto)' [c:\Users\glenl\.zenflow\worktrees\jan-31-review-f-cad9\backend\TallyJ4.csproj]
c:\Users\glenl\.zenflow\worktrees\jan-31-review-f-cad9\backend\Services\OnlineVotingService.cs(74,89): warning CS1591: Missing XML comment for publicly visible type or member 'OnlineVotingService.VerifyCodeAsync(VerifyCodeDto)' [c:\Users\glenl\.zenflow\worktrees\jan-31-review-f-cad9\backend\TallyJ4.csproj]
c:\Users\glenl\.zenflow\worktrees\jan-31-review-f-cad9\backend\Services\OnlineVotingService.cs(137,47): warning CS1591: Missing XML comment for publicly visible type or member 'OnlineVotingService.GetElectionInfoAsync(Guid)' [c:\Users\glenl\.zenflow\worktrees\jan-31-review-f-cad9\backend\TallyJ4.csproj]
c:\Users\glenl\.zenflow\worktrees\jan-31-review-f-cad9\backend\Services\OnlineVotingService.cs(168,49): warning CS1591: Missing XML comment for publicly visible type or member 'OnlineVotingService.GetCandidatesAsync(Guid)' [c:\Users\glenl\.zenflow\worktrees\jan-31-review-f-cad9\backend\TallyJ4.csproj]
c:\Users\glenl\.zenflow\worktrees\jan-31-review-f-cad9\backend\Services\OnlineVotingService.cs(185,54): warning CS1591: Missing XML comment for publicly visible type or member 'OnlineVotingService.SubmitBallotAsync(SubmitOnlineBallotDto)' [c:\Users\glenl\.zenflow\worktrees\jan-31-review-f-cad9\backend\TallyJ4.csproj]
c:\Users\glenl\.zenflow\worktrees\jan-31-review-f-cad9\backend\Services\OnlineVotingService.cs(311,44): warning CS1591: Missing XML comment for publicly visible type or member 'OnlineVotingService.GetVoteStatusAsync(Guid, string)' [c:\Users\glenl\.zenflow\worktrees\jan-31-review-f-cad9\backend\TallyJ4.csproj]
c:\Users\glenl\.zenflow\worktrees\jan-31-review-f-cad9\backend\Services\TellerService.cs(10,14): warning CS1591: Missing XML comment for publicly visible type or member 'TellerService' [c:\Users\glenl\.zenflow\worktrees\jan-31-review-f-cad9\backend\TallyJ4.csproj]
c:\Users\glenl\.zenflow\worktrees\jan-31-review-f-cad9\backend\Services\TellerService.cs(16,12): warning CS1591: Missing XML comment for publicly visible type or member 'TellerService.TellerService(MainDbContext, IMapper, ILogger<TellerService>)' [c:\Users\glenl\.zenflow\worktrees\jan-31-review-f-cad9\backend\TallyJ4.csproj]
c:\Users\glenl\.zenflow\worktrees\jan-31-review-f-cad9\backend\Services\TellerService.cs(23,53): warning CS1591: Missing XML comment for publicly visible type or member 'TellerService.GetTellersByElectionAsync(Guid, int, int)' [c:\Users\glenl\.zenflow\worktrees\jan-31-review-f-cad9\backend\TallyJ4.csproj]
c:\Users\glenl\.zenflow\worktrees\jan-31-review-f-cad9\backend\Services\TellerService.cs(52,35): warning CS1591: Missing XML comment for publicly visible type or member 'TellerService.GetTellerByIdAsync(int)' [c:\Users\glenl\.zenflow\worktrees\jan-31-review-f-cad9\backend\TallyJ4.csproj]
c:\Users\glenl\.zenflow\worktrees\jan-31-review-f-cad9\backend\Services\TellerService.cs(71,34): warning CS1591: Missing XML comment for publicly visible type or member 'TellerService.CreateTellerAsync(CreateTellerDto)' [c:\Users\glenl\.zenflow\worktrees\jan-31-review-f-cad9\backend\TallyJ4.csproj]
c:\Users\glenl\.zenflow\worktrees\jan-31-review-f-cad9\backend\Services\TellerService.cs(92,35): warning CS1591: Missing XML comment for publicly visible type or member 'TellerService.UpdateTellerAsync(int, UpdateTellerDto)' [c:\Users\glenl\.zenflow\worktrees\jan-31-review-f-cad9\backend\TallyJ4.csproj]
c:\Users\glenl\.zenflow\worktrees\jan-31-review-f-cad9\backend\Services\TellerService.cs(121,29): warning CS1591: Missing XML comment for publicly visible type or member 'TellerService.DeleteTellerAsync(int)' [c:\Users\glenl\.zenflow\worktrees\jan-31-review-f-cad9\backend\TallyJ4.csproj]
c:\Users\glenl\.zenflow\worktrees\jan-31-review-f-cad9\backend\Services\TellerService.cs(143,29): warning CS1591: Missing XML comment for publicly visible type or member 'TellerService.IsTellerNameUniqueAsync(Guid, string, int?)' [c:\Users\glenl\.zenflow\worktrees\jan-31-review-f-cad9\backend\TallyJ4.csproj]
c:\Users\glenl\.zenflow\worktrees\jan-31-review-f-cad9\backend\Validators\CreateTellerDtoValidator.cs(6,14): warning CS1591: Missing XML comment for publicly visible type or member 'CreateTellerDtoValidator' [c:\Users\glenl\.zenflow\worktrees\jan-31-review-f-cad9\backend\TallyJ4.csproj]
c:\Users\glenl\.zenflow\worktrees\jan-31-review-f-cad9\backend\Validators\CreateTellerDtoValidator.cs(8,12): warning CS1591: Missing XML comment for publicly visible type or member 'CreateTellerDtoValidator.CreateTellerDtoValidator()' [c:\Users\glenl\.zenflow\worktrees\jan-31-review-f-cad9\backend\TallyJ4.csproj]
c:\Users\glenl\.zenflow\worktrees\jan-31-review-f-cad9\backend\Validators\RegisterComputerDtoValidator.cs(6,14): warning CS1591: Missing XML comment for publicly visible type or member 'RegisterComputerDtoValidator' [c:\Users\glenl\.zenflow\worktrees\jan-31-review-f-cad9\backend\TallyJ4.csproj]
c:\Users\glenl\.zenflow\worktrees\jan-31-review-f-cad9\backend\Validators\RegisterComputerDtoValidator.cs(8,12): warning CS1591: Missing XML comment for publicly visible type or member 'RegisterComputerDtoValidator.RegisterComputerDtoValidator()' [c:\Users\glenl\.zenflow\worktrees\jan-31-review-f-cad9\backend\TallyJ4.csproj]
c:\Users\glenl\.zenflow\worktrees\jan-31-review-f-cad9\backend\Validators\RequestCodeDtoValidator.cs(6,14): warning CS1591: Missing XML comment for publicly visible type or member 'RequestCodeDtoValidator' [c:\Users\glenl\.zenflow\worktrees\jan-31-review-f-cad9\backend\TallyJ4.csproj]
c:\Users\glenl\.zenflow\worktrees\jan-31-review-f-cad9\backend\Validators\RequestCodeDtoValidator.cs(8,12): warning CS1591: Missing XML comment for publicly visible type or member 'RequestCodeDtoValidator.RequestCodeDtoValidator()' [c:\Users\glenl\.zenflow\worktrees\jan-31-review-f-cad9\backend\TallyJ4.csproj]
c:\Users\glenl\.zenflow\worktrees\jan-31-review-f-cad9\backend\Validators\SubmitOnlineBallotDtoValidator.cs(6,14): warning CS1591: Missing XML comment for publicly visible type or member 'SubmitOnlineBallotDtoValidator' [c:\Users\glenl\.zenflow\worktrees\jan-31-review-f-cad9\backend\TallyJ4.csproj]
c:\Users\glenl\.zenflow\worktrees\jan-31-review-f-cad9\backend\Validators\SubmitOnlineBallotDtoValidator.cs(8,12): warning CS1591: Missing XML comment for publicly visible type or member 'SubmitOnlineBallotDtoValidator.SubmitOnlineBallotDtoValidator()' [c:\Users\glenl\.zenflow\worktrees\jan-31-review-f-cad9\backend\TallyJ4.csproj]
c:\Users\glenl\.zenflow\worktrees\jan-31-review-f-cad9\backend\Validators\UpdateTellerDtoValidator.cs(6,14): warning CS1591: Missing XML comment for publicly visible type or member 'UpdateTellerDtoValidator' [c:\Users\glenl\.zenflow\worktrees\jan-31-review-f-cad9\backend\TallyJ4.csproj]
c:\Users\glenl\.zenflow\worktrees\jan-31-review-f-cad9\backend\Validators\UpdateTellerDtoValidator.cs(8,12): warning CS1591: Missing XML comment for publicly visible type or member 'UpdateTellerDtoValidator.UpdateTellerDtoValidator()' [c:\Users\glenl\.zenflow\worktrees\jan-31-review-f-cad9\backend\TallyJ4.csproj]
c:\Users\glenl\.zenflow\worktrees\jan-31-review-f-cad9\backend\Validators\VerifyCodeDtoValidator.cs(6,14): warning CS1591: Missing XML comment for publicly visible type or member 'VerifyCodeDtoValidator' [c:\Users\glenl\.zenflow\worktrees\jan-31-review-f-cad9\backend\TallyJ4.csproj]
c:\Users\glenl\.zenflow\worktrees\jan-31-review-f-cad9\backend\Validators\VerifyCodeDtoValidator.cs(8,12): warning CS1591: Missing XML comment for publicly visible type or member 'VerifyCodeDtoValidator.VerifyCodeDtoValidator()' [c:\Users\glenl\.zenflow\worktrees\jan-31-review-f-cad9\backend\TallyJ4.csproj]
  TallyJ4 -> C:\Users\glenl\.zenflow\worktrees\jan-31-review-f-cad9\backend\bin\Debug\net10.0\TallyJ4.dll

Build succeeded.

c:\Users\glenl\.zenflow\worktrees\jan-31-review-f-cad9\backend\Services\ImportService.cs(10,14): warning CS1591: Missing XML comment for publicly visible type or member 'ImportService' [c:\Users\glenl\.zenflow\worktrees\jan-31-review-f-cad9\backend\TallyJ4.csproj]
c:\Users\glenl\.zenflow\worktrees\jan-31-review-f-cad9\backend\Services\ImportService.cs(15,12): warning CS1591: Missing XML comment for publicly visible type or member 'ImportService.ImportService(MainDbContext, IHubContext<BallotImportHub>)' [c:\Users\glenl\.zenflow\worktrees\jan-31-review-f-cad9\backend\TallyJ4.csproj]
c:\Users\glenl\.zenflow\worktrees\jan-31-review-f-cad9\backend\Services\ImportService.cs(21,51): warning CS1591: Missing XML comment for publicly visible type or member 'ImportService.ParseCsvHeadersAsync(string, string)' [c:\Users\glenl\.zenflow\worktrees\jan-31-review-f-cad9\backend\TallyJ4.csproj]
c:\Users\glenl\.zenflow\worktrees\jan-31-review-f-cad9\backend\Services\ImportService.cs(47,40): warning CS1591: Missing XML comment for publicly visible type or member 'ImportService.ImportBallotDataAsync(ImportBallotRequestDto)' [c:\Users\glenl\.zenflow\worktrees\jan-31-review-f-cad9\backend\TallyJ4.csproj]
c:\Users\glenl\.zenflow\worktrees\jan-31-review-f-cad9\backend\DTOs\AuditLogs\AuditLogDto.cs(3,14): warning CS1591: Missing XML comment for publicly visible type or member 'AuditLogDto' [c:\Users\glenl\.zenflow\worktrees\jan-31-review-f-cad9\backend\TallyJ4.csproj]
c:\Users\glenl\.zenflow\worktrees\jan-31-review-f-cad9\backend\DTOs\AuditLogs\AuditLogDto.cs(5,16): warning CS1591: Missing XML comment for publicly visible type or member 'AuditLogDto.RowId' [c:\Users\glenl\.zenflow\worktrees\jan-31-review-f-cad9\backend\TallyJ4.csproj]
c:\Users\glenl\.zenflow\worktrees\jan-31-review-f-cad9\backend\DTOs\AuditLogs\AuditLogDto.cs(7,21): warning CS1591: Missing XML comment for publicly visible type or member 'AuditLogDto.AsOf' [c:\Users\glenl\.zenflow\worktrees\jan-31-review-f-cad9\backend\TallyJ4.csproj]
c:\Users\glenl\.zenflow\worktrees\jan-31-review-f-cad9\backend\DTOs\AuditLogs\AuditLogDto.cs(9,18): warning CS1591: Missing XML comment for publicly visible type or member 'AuditLogDto.ElectionGuid' [c:\Users\glenl\.zenflow\worktrees\jan-31-review-f-cad9\backend\TallyJ4.csproj]
c:\Users\glenl\.zenflow\worktrees\jan-31-review-f-cad9\backend\DTOs\AuditLogs\AuditLogDto.cs(11,18): warning CS1591: Missing XML comment for publicly visible type or member 'AuditLogDto.LocationGuid' [c:\Users\glenl\.zenflow\worktrees\jan-31-review-f-cad9\backend\TallyJ4.csproj]
c:\Users\glenl\.zenflow\worktrees\jan-31-review-f-cad9\backend\DTOs\AuditLogs\AuditLogDto.cs(13,20): warning CS1591: Missing XML comment for publicly visible type or member 'AuditLogDto.VoterId' [c:\Users\glenl\.zenflow\worktrees\jan-31-review-f-cad9\backend\TallyJ4.csproj]
c:\Users\glenl\.zenflow\worktrees\jan-31-review-f-cad9\backend\DTOs\AuditLogs\AuditLogDto.cs(15,20): warning CS1591: Missing XML comment for publicly visible type or member 'AuditLogDto.ComputerCode' [c:\Users\glenl\.zenflow\worktrees\jan-31-review-f-cad9\backend\TallyJ4.csproj]
c:\Users\glenl\.zenflow\worktrees\jan-31-review-f-cad9\backend\DTOs\AuditLogs\AuditLogDto.cs(17,20): warning CS1591: Missing XML comment for publicly visible type or member 'AuditLogDto.Details' [c:\Users\glenl\.zenflow\worktrees\jan-31-review-f-cad9\backend\TallyJ4.csproj]
c:\Users\glenl\.zenflow\worktrees\jan-31-review-f-cad9\backend\DTOs\AuditLogs\AuditLogDto.cs(19,20): warning CS1591: Missing XML comment for publicly visible type or member 'AuditLogDto.HostAndVersion' [c:\Users\glenl\.zenflow\worktrees\jan-31-review-f-cad9\backend\TallyJ4.csproj]
c:\Users\glenl\.zenflow\worktrees\jan-31-review-f-cad9\backend\DTOs\AuditLogs\AuditLogFilterDto.cs(3,14): warning CS1591: Missing XML comment for publicly visible type or member 'AuditLogFilterDto' [c:\Users\glenl\.zenflow\worktrees\jan-31-review-f-cad9\backend\TallyJ4.csproj]
c:\Users\glenl\.zenflow\worktrees\jan-31-review-f-cad9\backend\DTOs\AuditLogs\AuditLogFilterDto.cs(5,18): warning CS1591: Missing XML comment for publicly visible type or member 'AuditLogFilterDto.ElectionGuid' [c:\Users\glenl\.zenflow\worktrees\jan-31-review-f-cad9\backend\TallyJ4.csproj]
c:\Users\glenl\.zenflow\worktrees\jan-31-review-f-cad9\backend\DTOs\AuditLogs\AuditLogFilterDto.cs(7,18): warning CS1591: Missing XML comment for publicly visible type or member 'AuditLogFilterDto.LocationGuid' [c:\Users\glenl\.zenflow\worktrees\jan-31-review-f-cad9\backend\TallyJ4.csproj]
c:\Users\glenl\.zenflow\worktrees\jan-31-review-f-cad9\backend\DTOs\AuditLogs\AuditLogFilterDto.cs(9,20): warning CS1591: Missing XML comment for publicly visible type or member 'AuditLogFilterDto.VoterId' [c:\Users\glenl\.zenflow\worktrees\jan-31-review-f-cad9\backend\TallyJ4.csproj]
c:\Users\glenl\.zenflow\worktrees\jan-31-review-f-cad9\backend\DTOs\AuditLogs\AuditLogFilterDto.cs(11,20): warning CS1591: Missing XML comment for publicly visible type or member 'AuditLogFilterDto.ComputerCode' [c:\Users\glenl\.zenflow\worktrees\jan-31-review-f-cad9\backend\TallyJ4.csproj]
c:\Users\glenl\.zenflow\worktrees\jan-31-review-f-cad9\backend\DTOs\AuditLogs\AuditLogFilterDto.cs(13,22): warning CS1591: Missing XML comment for publicly visible type or member 'AuditLogFilterDto.StartDate' [c:\Users\glenl\.zenflow\worktrees\jan-31-review-f-cad9\backend\TallyJ4.csproj]
c:\Users\glenl\.zenflow\worktrees\jan-31-review-f-cad9\backend\DTOs\AuditLogs\AuditLogFilterDto.cs(15,22): warning CS1591: Missing XML comment for publicly visible type or member 'AuditLogFilterDto.EndDate' [c:\Users\glenl\.zenflow\worktrees\jan-31-review-f-cad9\backend\TallyJ4.csproj]
c:\Users\glenl\.zenflow\worktrees\jan-31-review-f-cad9\backend\DTOs\AuditLogs\AuditLogFilterDto.cs(17,20): warning CS1591: Missing XML comment for publicly visible type or member 'AuditLogFilterDto.SearchTerm' [c:\Users\glenl\.zenflow\worktrees\jan-31-review-f-cad9\backend\TallyJ4.csproj]
c:\Users\glenl\.zenflow\worktrees\jan-31-review-f-cad9\backend\DTOs\AuditLogs\CreateAuditLogDto.cs(3,14): warning CS1591: Missing XML comment for publicly visible type or member 'CreateAuditLogDto' [c:\Users\glenl\.zenflow\worktrees\jan-31-review-f-cad9\backend\TallyJ4.csproj]
c:\Users\glenl\.zenflow\worktrees\jan-31-review-f-cad9\backend\DTOs\AuditLogs\CreateAuditLogDto.cs(5,18): warning CS1591: Missing XML comment for publicly visible type or member 'CreateAuditLogDto.ElectionGuid' [c:\Users\glenl\.zenflow\worktrees\jan-31-review-f-cad9\backend\TallyJ4.csproj]
c:\Users\glenl\.zenflow\worktrees\jan-31-review-f-cad9\backend\DTOs\AuditLogs\CreateAuditLogDto.cs(7,18): warning CS1591: Missing XML comment for publicly visible type or member 'CreateAuditLogDto.LocationGuid' [c:\Users\glenl\.zenflow\worktrees\jan-31-review-f-cad9\backend\TallyJ4.csproj]
c:\Users\glenl\.zenflow\worktrees\jan-31-review-f-cad9\backend\DTOs\AuditLogs\CreateAuditLogDto.cs(9,20): warning CS1591: Missing XML comment for publicly visible type or member 'CreateAuditLogDto.VoterId' [c:\Users\glenl\.zenflow\worktrees\jan-31-review-f-cad9\backend\TallyJ4.csproj]
c:\Users\glenl\.zenflow\worktrees\jan-31-review-f-cad9\backend\DTOs\AuditLogs\CreateAuditLogDto.cs(11,20): warning CS1591: Missing XML comment for publicly visible type or member 'CreateAuditLogDto.ComputerCode' [c:\Users\glenl\.zenflow\worktrees\jan-31-review-f-cad9\backend\TallyJ4.csproj]
c:\Users\glenl\.zenflow\worktrees\jan-31-review-f-cad9\backend\DTOs\AuditLogs\CreateAuditLogDto.cs(13,20): warning CS1591: Missing XML comment for publicly visible type or member 'CreateAuditLogDto.Details' [c:\Users\glenl\.zenflow\worktrees\jan-31-review-f-cad9\backend\TallyJ4.csproj]
c:\Users\glenl\.zenflow\worktrees\jan-31-review-f-cad9\backend\DTOs\AuditLogs\CreateAuditLogDto.cs(15,20): warning CS1591: Missing XML comment for publicly visible type or member 'CreateAuditLogDto.HostAndVersion' [c:\Users\glenl\.zenflow\worktrees\jan-31-review-f-cad9\backend\TallyJ4.csproj]
c:\Users\glenl\.zenflow\worktrees\jan-31-review-f-cad9\backend\DTOs\Computers\ComputerDto.cs(3,14): warning CS1591: Missing XML comment for publicly visible type or member 'ComputerDto' [c:\Users\glenl\.zenflow\worktrees\jan-31-review-f-cad9\backend\TallyJ4.csproj]
c:\Users\glenl\.zenflow\worktrees\jan-31-review-f-cad9\backend\DTOs\Computers\ComputerDto.cs(5,17): warning CS1591: Missing XML comment for publicly visible type or member 'ComputerDto.ComputerGuid' [c:\Users\glenl\.zenflow\worktrees\jan-31-review-f-cad9\backend\TallyJ4.csproj]
c:\Users\glenl\.zenflow\worktrees\jan-31-review-f-cad9\backend\DTOs\Computers\ComputerDto.cs(7,17): warning CS1591: Missing XML comment for publicly visible type or member 'ComputerDto.ElectionGuid' [c:\Users\glenl\.zenflow\worktrees\jan-31-review-f-cad9\backend\TallyJ4.csproj]
c:\Users\glenl\.zenflow\worktrees\jan-31-review-f-cad9\backend\DTOs\Computers\ComputerDto.cs(9,17): warning CS1591: Missing XML comment for publicly visible type or member 'ComputerDto.LocationGuid' [c:\Users\glenl\.zenflow\worktrees\jan-31-review-f-cad9\backend\TallyJ4.csproj]
c:\Users\glenl\.zenflow\worktrees\jan-31-review-f-cad9\backend\DTOs\Computers\ComputerDto.cs(11,19): warning CS1591: Missing XML comment for publicly visible type or member 'ComputerDto.ComputerCode' [c:\Users\glenl\.zenflow\worktrees\jan-31-review-f-cad9\backend\TallyJ4.csproj]
c:\Users\glenl\.zenflow\worktrees\jan-31-review-f-cad9\backend\DTOs\Computers\ComputerDto.cs(13,20): warning CS1591: Missing XML comment for publicly visible type or member 'ComputerDto.BrowserInfo' [c:\Users\glenl\.zenflow\worktrees\jan-31-review-f-cad9\backend\TallyJ4.csproj]
c:\Users\glenl\.zenflow\worktrees\jan-31-review-f-cad9\backend\DTOs\Computers\ComputerDto.cs(15,20): warning CS1591: Missing XML comment for publicly visible type or member 'ComputerDto.IpAddress' [c:\Users\glenl\.zenflow\worktrees\jan-31-review-f-cad9\backend\TallyJ4.csproj]
c:\Users\glenl\.zenflow\worktrees\jan-31-review-f-cad9\backend\DTOs\Computers\ComputerDto.cs(17,22): warning CS1591: Missing XML comment for publicly visible type or member 'ComputerDto.LastActivity' [c:\Users\glenl\.zenflow\worktrees\jan-31-review-f-cad9\backend\TallyJ4.csproj]
c:\Users\glenl\.zenflow\worktrees\jan-31-review-f-cad9\backend\DTOs\Computers\ComputerDto.cs(19,22): warning CS1591: Missing XML comment for publicly visible type or member 'ComputerDto.RegisteredAt' [c:\Users\glenl\.zenflow\worktrees\jan-31-review-f-cad9\backend\TallyJ4.csproj]
c:\Users\glenl\.zenflow\worktrees\jan-31-review-f-cad9\backend\DTOs\Computers\ComputerDto.cs(21,18): warning CS1591: Missing XML comment for publicly visible type or member 'ComputerDto.IsActive' [c:\Users\glenl\.zenflow\worktrees\jan-31-review-f-cad9\backend\TallyJ4.csproj]
c:\Users\glenl\.zenflow\worktrees\jan-31-review-f-cad9\backend\DTOs\Computers\RegisterComputerDto.cs(3,14): warning CS1591: Missing XML comment for publicly visible type or member 'RegisterComputerDto' [c:\Users\glenl\.zenflow\worktrees\jan-31-review-f-cad9\backend\TallyJ4.csproj]
c:\Users\glenl\.zenflow\worktrees\jan-31-review-f-cad9\backend\DTOs\Computers\RegisterComputerDto.cs(5,17): warning CS1591: Missing XML comment for publicly visible type or member 'RegisterComputerDto.ElectionGuid' [c:\Users\glenl\.zenflow\worktrees\jan-31-review-f-cad9\backend\TallyJ4.csproj]
c:\Users\glenl\.zenflow\worktrees\jan-31-review-f-cad9\backend\DTOs\Computers\RegisterComputerDto.cs(7,17): warning CS1591: Missing XML comment for publicly visible type or member 'RegisterComputerDto.LocationGuid' [c:\Users\glenl\.zenflow\worktrees\jan-31-review-f-cad9\backend\TallyJ4.csproj]
c:\Users\glenl\.zenflow\worktrees\jan-31-review-f-cad9\backend\DTOs\Computers\RegisterComputerDto.cs(9,20): warning CS1591: Missing XML comment for publicly visible type or member 'RegisterComputerDto.ComputerCode' [c:\Users\glenl\.zenflow\worktrees\jan-31-review-f-cad9\backend\TallyJ4.csproj]
c:\Users\glenl\.zenflow\worktrees\jan-31-review-f-cad9\backend\DTOs\Computers\RegisterComputerDto.cs(11,20): warning CS1591: Missing XML comment for publicly visible type or member 'RegisterComputerDto.BrowserInfo' [c:\Users\glenl\.zenflow\worktrees\jan-31-review-f-cad9\backend\TallyJ4.csproj]
c:\Users\glenl\.zenflow\worktrees\jan-31-review-f-cad9\backend\DTOs\Computers\RegisterComputerDto.cs(13,20): warning CS1591: Missing XML comment for publicly visible type or member 'RegisterComputerDto.IpAddress' [c:\Users\glenl\.zenflow\worktrees\jan-31-review-f-cad9\backend\TallyJ4.csproj]
c:\Users\glenl\.zenflow\worktrees\jan-31-review-f-cad9\backend\DTOs\Computers\UpdateComputerDto.cs(3,14): warning CS1591: Missing XML comment for publicly visible type or member 'UpdateComputerDto' [c:\Users\glenl\.zenflow\worktrees\jan-31-review-f-cad9\backend\TallyJ4.csproj]
c:\Users\glenl\.zenflow\worktrees\jan-31-review-f-cad9\backend\DTOs\Computers\UpdateComputerDto.cs(5,20): warning CS1591: Missing XML comment for publicly visible type or member 'UpdateComputerDto.BrowserInfo' [c:\Users\glenl\.zenflow\worktrees\jan-31-review-f-cad9\backend\TallyJ4.csproj]
c:\Users\glenl\.zenflow\worktrees\jan-31-review-f-cad9\backend\DTOs\Computers\UpdateComputerDto.cs(7,20): warning CS1591: Missing XML comment for publicly visible type or member 'UpdateComputerDto.IpAddress' [c:\Users\glenl\.zenflow\worktrees\jan-31-review-f-cad9\backend\TallyJ4.csproj]
c:\Users\glenl\.zenflow\worktrees\jan-31-review-f-cad9\backend\DTOs\Computers\UpdateComputerDto.cs(9,18): warning CS1591: Missing XML comment for publicly visible type or member 'UpdateComputerDto.IsActive' [c:\Users\glenl\.zenflow\worktrees\jan-31-review-f-cad9\backend\TallyJ4.csproj]
c:\Users\glenl\.zenflow\worktrees\jan-31-review-f-cad9\backend\DTOs\FrontDesk\CheckInVoterDto.cs(5,14): warning CS1591: Missing XML comment for publicly visible type or member 'CheckInVoterDto' [c:\Users\glenl\.zenflow\worktrees\jan-31-review-f-cad9\backend\TallyJ4.csproj]
c:\Users\glenl\.zenflow\worktrees\jan-31-review-f-cad9\backend\DTOs\FrontDesk\CheckInVoterDto.cs(8,17): warning CS1591: Missing XML comment for publicly visible type or member 'CheckInVoterDto.PersonGuid' [c:\Users\glenl\.zenflow\worktrees\jan-31-review-f-cad9\backend\TallyJ4.csproj]
c:\Users\glenl\.zenflow\worktrees\jan-31-review-f-cad9\backend\DTOs\FrontDesk\CheckInVoterDto.cs(12,19): warning CS1591: Missing XML comment for publicly visible type or member 'CheckInVoterDto.VotingMethod' [c:\Users\glenl\.zenflow\worktrees\jan-31-review-f-cad9\backend\TallyJ4.csproj]
c:\Users\glenl\.zenflow\worktrees\jan-31-review-f-cad9\backend\DTOs\FrontDesk\CheckInVoterDto.cs(15,20): warning CS1591: Missing XML comment for publicly visible type or member 'CheckInVoterDto.TellerName' [c:\Users\glenl\.zenflow\worktrees\jan-31-review-f-cad9\backend\TallyJ4.csproj]
c:\Users\glenl\.zenflow\worktrees\jan-31-review-f-cad9\backend\DTOs\FrontDesk\CheckInVoterDto.cs(17,18): warning CS1591: Missing XML comment for publicly visible type or member 'CheckInVoterDto.VotingLocationGuid' [c:\Users\glenl\.zenflow\worktrees\jan-31-review-f-cad9\backend\TallyJ4.csproj]
c:\Users\glenl\.zenflow\worktrees\jan-31-review-f-cad9\backend\DTOs\FrontDesk\FrontDeskStatsDto.cs(3,14): warning CS1591: Missing XML comment for publicly visible type or member 'FrontDeskStatsDto' [c:\Users\glenl\.zenflow\worktrees\jan-31-review-f-cad9\backend\TallyJ4.csproj]
c:\Users\glenl\.zenflow\worktrees\jan-31-review-f-cad9\backend\DTOs\FrontDesk\FrontDeskStatsDto.cs(5,16): warning CS1591: Missing XML comment for publicly visible type or member 'FrontDeskStatsDto.TotalEligible' [c:\Users\glenl\.zenflow\worktrees\jan-31-review-f-cad9\backend\TallyJ4.csproj]
c:\Users\glenl\.zenflow\worktrees\jan-31-review-f-cad9\backend\DTOs\FrontDesk\FrontDeskStatsDto.cs(6,16): warning CS1591: Missing XML comment for publicly visible type or member 'FrontDeskStatsDto.CheckedIn' [c:\Users\glenl\.zenflow\worktrees\jan-31-review-f-cad9\backend\TallyJ4.csproj]
c:\Users\glenl\.zenflow\worktrees\jan-31-review-f-cad9\backend\DTOs\FrontDesk\FrontDeskStatsDto.cs(7,16): warning CS1591: Missing XML comment for publicly visible type or member 'FrontDeskStatsDto.NotYetCheckedIn' [c:\Users\glenl\.zenflow\worktrees\jan-31-review-f-cad9\backend\TallyJ4.csproj]
c:\Users\glenl\.zenflow\worktrees\jan-31-review-f-cad9\backend\DTOs\FrontDesk\FrontDeskStatsDto.cs(8,20): warning CS1591: Missing XML comment for publicly visible type or member 'FrontDeskStatsDto.CheckInPercentage' [c:\Users\glenl\.zenflow\worktrees\jan-31-review-f-cad9\backend\TallyJ4.csproj]
c:\Users\glenl\.zenflow\worktrees\jan-31-review-f-cad9\backend\DTOs\FrontDesk\FrontDeskVoterDto.cs(3,14): warning CS1591: Missing XML comment for publicly visible type or member 'FrontDeskVoterDto' [c:\Users\glenl\.zenflow\worktrees\jan-31-review-f-cad9\backend\TallyJ4.csproj]
c:\Users\glenl\.zenflow\worktrees\jan-31-review-f-cad9\backend\DTOs\FrontDesk\FrontDeskVoterDto.cs(5,17): warning CS1591: Missing XML comment for publicly visible type or member 'FrontDeskVoterDto.PersonGuid' [c:\Users\glenl\.zenflow\worktrees\jan-31-review-f-cad9\backend\TallyJ4.csproj]
c:\Users\glenl\.zenflow\worktrees\jan-31-review-f-cad9\backend\DTOs\FrontDesk\FrontDeskVoterDto.cs(6,19): warning CS1591: Missing XML comment for publicly visible type or member 'FrontDeskVoterDto.FullName' [c:\Users\glenl\.zenflow\worktrees\jan-31-review-f-cad9\backend\TallyJ4.csproj]
c:\Users\glenl\.zenflow\worktrees\jan-31-review-f-cad9\backend\DTOs\FrontDesk\FrontDeskVoterDto.cs(7,20): warning CS1591: Missing XML comment for publicly visible type or member 'FrontDeskVoterDto.BahaiId' [c:\Users\glenl\.zenflow\worktrees\jan-31-review-f-cad9\backend\TallyJ4.csproj]
c:\Users\glenl\.zenflow\worktrees\jan-31-review-f-cad9\backend\DTOs\FrontDesk\FrontDeskVoterDto.cs(8,20): warning CS1591: Missing XML comment for publicly visible type or member 'FrontDeskVoterDto.Area' [c:\Users\glenl\.zenflow\worktrees\jan-31-review-f-cad9\backend\TallyJ4.csproj]
c:\Users\glenl\.zenflow\worktrees\jan-31-review-f-cad9\backend\DTOs\FrontDesk\FrontDeskVoterDto.cs(9,18): warning CS1591: Missing XML comment for publicly visible type or member 'FrontDeskVoterDto.CanVote' [c:\Users\glenl\.zenflow\worktrees\jan-31-review-f-cad9\backend\TallyJ4.csproj]
c:\Users\glenl\.zenflow\worktrees\jan-31-review-f-cad9\backend\DTOs\FrontDesk\FrontDeskVoterDto.cs(10,20): warning CS1591: Missing XML comment for publicly visible type or member 'FrontDeskVoterDto.VotingMethod' [c:\Users\glenl\.zenflow\worktrees\jan-31-review-f-cad9\backend\TallyJ4.csproj]
c:\Users\glenl\.zenflow\worktrees\jan-31-review-f-cad9\backend\DTOs\FrontDesk\FrontDeskVoterDto.cs(11,17): warning CS1591: Missing XML comment for publicly visible type or member 'FrontDeskVoterDto.EnvNum' [c:\Users\glenl\.zenflow\worktrees\jan-31-review-f-cad9\backend\TallyJ4.csproj]
c:\Users\glenl\.zenflow\worktrees\jan-31-review-f-cad9\backend\DTOs\FrontDesk\FrontDeskVoterDto.cs(12,22): warning CS1591: Missing XML comment for publicly visible type or member 'FrontDeskVoterDto.RegistrationTime' [c:\Users\glenl\.zenflow\worktrees\jan-31-review-f-cad9\backend\TallyJ4.csproj]
c:\Users\glenl\.zenflow\worktrees\jan-31-review-f-cad9\backend\DTOs\FrontDesk\FrontDeskVoterDto.cs(13,18): warning CS1591: Missing XML comment for publicly visible type or member 'FrontDeskVoterDto.VotingLocationGuid' [c:\Users\glenl\.zenflow\worktrees\jan-31-review-f-cad9\backend\TallyJ4.csproj]
c:\Users\glenl\.zenflow\worktrees\jan-31-review-f-cad9\backend\DTOs\FrontDesk\FrontDeskVoterDto.cs(14,20): warning CS1591: Missing XML comment for publicly visible type or member 'FrontDeskVoterDto.Teller1' [c:\Users\glenl\.zenflow\worktrees\jan-31-review-f-cad9\backend\TallyJ4.csproj]
c:\Users\glenl\.zenflow\worktrees\jan-31-review-f-cad9\backend\DTOs\FrontDesk\FrontDeskVoterDto.cs(15,20): warning CS1591: Missing XML comment for publicly visible type or member 'FrontDeskVoterDto.Teller2' [c:\Users\glenl\.zenflow\worktrees\jan-31-review-f-cad9\backend\TallyJ4.csproj]
c:\Users\glenl\.zenflow\worktrees\jan-31-review-f-cad9\backend\DTOs\FrontDesk\FrontDeskVoterDto.cs(16,17): warning CS1591: Missing XML comment for publicly visible type or member 'FrontDeskVoterDto.IsCheckedIn' [c:\Users\glenl\.zenflow\worktrees\jan-31-review-f-cad9\backend\TallyJ4.csproj]
c:\Users\glenl\.zenflow\worktrees\jan-31-review-f-cad9\backend\DTOs\FrontDesk\RollCallDto.cs(3,14): warning CS1591: Missing XML comment for publicly visible type or member 'RollCallDto' [c:\Users\glenl\.zenflow\worktrees\jan-31-review-f-cad9\backend\TallyJ4.csproj]
c:\Users\glenl\.zenflow\worktrees\jan-31-review-f-cad9\backend\DTOs\FrontDesk\RollCallDto.cs(5,36): warning CS1591: Missing XML comment for publicly visible type or member 'RollCallDto.Voters' [c:\Users\glenl\.zenflow\worktrees\jan-31-review-f-cad9\backend\TallyJ4.csproj]
c:\Users\glenl\.zenflow\worktrees\jan-31-review-f-cad9\backend\DTOs\FrontDesk\RollCallDto.cs(6,30): warning CS1591: Missing XML comment for publicly visible type or member 'RollCallDto.Stats' [c:\Users\glenl\.zenflow\worktrees\jan-31-review-f-cad9\backend\TallyJ4.csproj]
c:\Users\glenl\.zenflow\worktrees\jan-31-review-f-cad9\backend\DTOs\Import\FieldMappingDto.cs(3,14): warning CS1591: Missing XML comment for publicly visible type or member 'FieldMappingDto' [c:\Users\glenl\.zenflow\worktrees\jan-31-review-f-cad9\backend\TallyJ4.csproj]
c:\Users\glenl\.zenflow\worktrees\jan-31-review-f-cad9\backend\DTOs\Import\FieldMappingDto.cs(5,19): warning CS1591: Missing XML comment for publicly visible type or member 'FieldMappingDto.SourceColumn' [c:\Users\glenl\.zenflow\worktrees\jan-31-review-f-cad9\backend\TallyJ4.csproj]
c:\Users\glenl\.zenflow\worktrees\jan-31-review-f-cad9\backend\DTOs\Import\FieldMappingDto.cs(7,19): warning CS1591: Missing XML comment for publicly visible type or member 'FieldMappingDto.TargetField' [c:\Users\glenl\.zenflow\worktrees\jan-31-review-f-cad9\backend\TallyJ4.csproj]
c:\Users\glenl\.zenflow\worktrees\jan-31-review-f-cad9\backend\DTOs\Import\ImportBallotRequestDto.cs(3,14): warning CS1591: Missing XML comment for publicly visible type or member 'ImportBallotRequestDto' [c:\Users\glenl\.zenflow\worktrees\jan-31-review-f-cad9\backend\TallyJ4.csproj]
c:\Users\glenl\.zenflow\worktrees\jan-31-review-f-cad9\backend\DTOs\Import\ImportBallotRequestDto.cs(5,19): warning CS1591: Missing XML comment for publicly visible type or member 'ImportBallotRequestDto.CsvContent' [c:\Users\glenl\.zenflow\worktrees\jan-31-review-f-cad9\backend\TallyJ4.csproj]
c:\Users\glenl\.zenflow\worktrees\jan-31-review-f-cad9\backend\DTOs\Import\ImportBallotRequestDto.cs(7,17): warning CS1591: Missing XML comment for publicly visible type or member 'ImportBallotRequestDto.ElectionGuid' [c:\Users\glenl\.zenflow\worktrees\jan-31-review-f-cad9\backend\TallyJ4.csproj]
c:\Users\glenl\.zenflow\worktrees\jan-31-review-f-cad9\backend\DTOs\Import\ImportBallotRequestDto.cs(9,18): warning CS1591: Missing XML comment for publicly visible type or member 'ImportBallotRequestDto.LocationGuid' [c:\Users\glenl\.zenflow\worktrees\jan-31-review-f-cad9\backend\TallyJ4.csproj]
c:\Users\glenl\.zenflow\worktrees\jan-31-review-f-cad9\backend\DTOs\Import\ImportBallotRequestDto.cs(11,35): warning CS1591: Missing XML comment for publicly visible type or member 'ImportBallotRequestDto.Configuration' [c:\Users\glenl\.zenflow\worktrees\jan-31-review-f-cad9\backend\TallyJ4.csproj]
c:\Users\glenl\.zenflow\worktrees\jan-31-review-f-cad9\backend\DTOs\Import\ImportConfigurationDto.cs(3,14): warning CS1591: Missing XML comment for publicly visible type or member 'ImportConfigurationDto' [c:\Users\glenl\.zenflow\worktrees\jan-31-review-f-cad9\backend\TallyJ4.csproj]
c:\Users\glenl\.zenflow\worktrees\jan-31-review-f-cad9\backend\DTOs\Import\ImportConfigurationDto.cs(5,16): warning CS1591: Missing XML comment for publicly visible type or member 'ImportConfigurationDto.FirstDataRow' [c:\Users\glenl\.zenflow\worktrees\jan-31-review-f-cad9\backend\TallyJ4.csproj]
c:\Users\glenl\.zenflow\worktrees\jan-31-review-f-cad9\backend\DTOs\Import\ImportConfigurationDto.cs(7,17): warning CS1591: Missing XML comment for publicly visible type or member 'ImportConfigurationDto.HasHeaderRow' [c:\Users\glenl\.zenflow\worktrees\jan-31-review-f-cad9\backend\TallyJ4.csproj]
c:\Users\glenl\.zenflow\worktrees\jan-31-review-f-cad9\backend\DTOs\Import\ImportConfigurationDto.cs(9,19): warning CS1591: Missing XML comment for publicly visible type or member 'ImportConfigurationDto.Delimiter' [c:\Users\glenl\.zenflow\worktrees\jan-31-review-f-cad9\backend\TallyJ4.csproj]
c:\Users\glenl\.zenflow\worktrees\jan-31-review-f-cad9\backend\DTOs\Import\ImportConfigurationDto.cs(11,34): warning CS1591: Missing XML comment for publicly visible type or member 'ImportConfigurationDto.FieldMappings' [c:\Users\glenl\.zenflow\worktrees\jan-31-review-f-cad9\backend\TallyJ4.csproj]
c:\Users\glenl\.zenflow\worktrees\jan-31-review-f-cad9\backend\DTOs\Import\ImportConfigurationDto.cs(13,17): warning CS1591: Missing XML comment for publicly visible type or member 'ImportConfigurationDto.SkipInvalidRows' [c:\Users\glenl\.zenflow\worktrees\jan-31-review-f-cad9\backend\TallyJ4.csproj]
c:\Users\glenl\.zenflow\worktrees\jan-31-review-f-cad9\backend\DTOs\Import\ImportResultDto.cs(3,14): warning CS1591: Missing XML comment for publicly visible type or member 'ImportResultDto' [c:\Users\glenl\.zenflow\worktrees\jan-31-review-f-cad9\backend\TallyJ4.csproj]
c:\Users\glenl\.zenflow\worktrees\jan-31-review-f-cad9\backend\DTOs\Import\ImportResultDto.cs(5,17): warning CS1591: Missing XML comment for publicly visible type or member 'ImportResultDto.Success' [c:\Users\glenl\.zenflow\worktrees\jan-31-review-f-cad9\backend\TallyJ4.csproj]
c:\Users\glenl\.zenflow\worktrees\jan-31-review-f-cad9\backend\DTOs\Import\ImportResultDto.cs(7,16): warning CS1591: Missing XML comment for publicly visible type or member 'ImportResultDto.TotalRows' [c:\Users\glenl\.zenflow\worktrees\jan-31-review-f-cad9\backend\TallyJ4.csproj]
c:\Users\glenl\.zenflow\worktrees\jan-31-review-f-cad9\backend\DTOs\Import\ImportResultDto.cs(9,16): warning CS1591: Missing XML comment for publicly visible type or member 'ImportResultDto.BallotsCreated' [c:\Users\glenl\.zenflow\worktrees\jan-31-review-f-cad9\backend\TallyJ4.csproj]
c:\Users\glenl\.zenflow\worktrees\jan-31-review-f-cad9\backend\DTOs\Import\ImportResultDto.cs(11,16): warning CS1591: Missing XML comment for publicly visible type or member 'ImportResultDto.VotesCreated' [c:\Users\glenl\.zenflow\worktrees\jan-31-review-f-cad9\backend\TallyJ4.csproj]
c:\Users\glenl\.zenflow\worktrees\jan-31-review-f-cad9\backend\DTOs\Import\ImportResultDto.cs(13,16): warning CS1591: Missing XML comment for publicly visible type or member 'ImportResultDto.SkippedRows' [c:\Users\glenl\.zenflow\worktrees\jan-31-review-f-cad9\backend\TallyJ4.csproj]
c:\Users\glenl\.zenflow\worktrees\jan-31-review-f-cad9\backend\DTOs\Import\ImportResultDto.cs(15,25): warning CS1591: Missing XML comment for publicly visible type or member 'ImportResultDto.Errors' [c:\Users\glenl\.zenflow\worktrees\jan-31-review-f-cad9\backend\TallyJ4.csproj]
c:\Users\glenl\.zenflow\worktrees\jan-31-review-f-cad9\backend\DTOs\Import\ImportResultDto.cs(17,25): warning CS1591: Missing XML comment for publicly visible type or member 'ImportResultDto.Warnings' [c:\Users\glenl\.zenflow\worktrees\jan-31-review-f-cad9\backend\TallyJ4.csproj]
c:\Users\glenl\.zenflow\worktrees\jan-31-review-f-cad9\backend\DTOs\Import\ParseCsvHeadersResponseDto.cs(3,14): warning CS1591: Missing XML comment for publicly visible type or member 'ParseCsvHeadersResponseDto' [c:\Users\glenl\.zenflow\worktrees\jan-31-review-f-cad9\backend\TallyJ4.csproj]
c:\Users\glenl\.zenflow\worktrees\jan-31-review-f-cad9\backend\DTOs\Import\ParseCsvHeadersResponseDto.cs(5,25): warning CS1591: Missing XML comment for publicly visible type or member 'ParseCsvHeadersResponseDto.Headers' [c:\Users\glenl\.zenflow\worktrees\jan-31-review-f-cad9\backend\TallyJ4.csproj]
c:\Users\glenl\.zenflow\worktrees\jan-31-review-f-cad9\backend\DTOs\Import\ParseCsvHeadersResponseDto.cs(7,27): warning CS1591: Missing XML comment for publicly visible type or member 'ParseCsvHeadersResponseDto.PreviewRows' [c:\Users\glenl\.zenflow\worktrees\jan-31-review-f-cad9\backend\TallyJ4.csproj]
c:\Users\glenl\.zenflow\worktrees\jan-31-review-f-cad9\backend\DTOs\Import\ParseCsvHeadersResponseDto.cs(9,16): warning CS1591: Missing XML comment for publicly visible type or member 'ParseCsvHeadersResponseDto.TotalRows' [c:\Users\glenl\.zenflow\worktrees\jan-31-review-f-cad9\backend\TallyJ4.csproj]
c:\Users\glenl\.zenflow\worktrees\jan-31-review-f-cad9\backend\DTOs\OnlineVoting\OnlineCandidateDto.cs(3,14): warning CS1591: Missing XML comment for publicly visible type or member 'OnlineCandidateDto' [c:\Users\glenl\.zenflow\worktrees\jan-31-review-f-cad9\backend\TallyJ4.csproj]
c:\Users\glenl\.zenflow\worktrees\jan-31-review-f-cad9\backend\DTOs\OnlineVoting\OnlineCandidateDto.cs(5,17): warning CS1591: Missing XML comment for publicly visible type or member 'OnlineCandidateDto.PersonGuid' [c:\Users\glenl\.zenflow\worktrees\jan-31-review-f-cad9\backend\TallyJ4.csproj]
c:\Users\glenl\.zenflow\worktrees\jan-31-review-f-cad9\backend\DTOs\OnlineVoting\OnlineCandidateDto.cs(7,19): warning CS1591: Missing XML comment for publicly visible type or member 'OnlineCandidateDto.FullName' [c:\Users\glenl\.zenflow\worktrees\jan-31-review-f-cad9\backend\TallyJ4.csproj]
c:\Users\glenl\.zenflow\worktrees\jan-31-review-f-cad9\backend\DTOs\OnlineVoting\OnlineCandidateDto.cs(9,20): warning CS1591: Missing XML comment for publicly visible type or member 'OnlineCandidateDto.Area' [c:\Users\glenl\.zenflow\worktrees\jan-31-review-f-cad9\backend\TallyJ4.csproj]
c:\Users\glenl\.zenflow\worktrees\jan-31-review-f-cad9\backend\DTOs\OnlineVoting\OnlineCandidateDto.cs(11,20): warning CS1591: Missing XML comment for publicly visible type or member 'OnlineCandidateDto.OtherInfo' [c:\Users\glenl\.zenflow\worktrees\jan-31-review-f-cad9\backend\TallyJ4.csproj]
c:\Users\glenl\.zenflow\worktrees\jan-31-review-f-cad9\backend\DTOs\OnlineVoting\OnlineElectionInfoDto.cs(3,14): warning CS1591: Missing XML comment for publicly visible type or member 'OnlineElectionInfoDto' [c:\Users\glenl\.zenflow\worktrees\jan-31-review-f-cad9\backend\TallyJ4.csproj]
c:\Users\glenl\.zenflow\worktrees\jan-31-review-f-cad9\backend\DTOs\OnlineVoting\OnlineElectionInfoDto.cs(5,17): warning CS1591: Missing XML comment for publicly visible type or member 'OnlineElectionInfoDto.ElectionGuid' [c:\Users\glenl\.zenflow\worktrees\jan-31-review-f-cad9\backend\TallyJ4.csproj]
c:\Users\glenl\.zenflow\worktrees\jan-31-review-f-cad9\backend\DTOs\OnlineVoting\OnlineElectionInfoDto.cs(7,19): warning CS1591: Missing XML comment for publicly visible type or member 'OnlineElectionInfoDto.Name' [c:\Users\glenl\.zenflow\worktrees\jan-31-review-f-cad9\backend\TallyJ4.csproj]
c:\Users\glenl\.zenflow\worktrees\jan-31-review-f-cad9\backend\DTOs\OnlineVoting\OnlineElectionInfoDto.cs(9,20): warning CS1591: Missing XML comment for publicly visible type or member 'OnlineElectionInfoDto.Convenor' [c:\Users\glenl\.zenflow\worktrees\jan-31-review-f-cad9\backend\TallyJ4.csproj]
c:\Users\glenl\.zenflow\worktrees\jan-31-review-f-cad9\backend\DTOs\OnlineVoting\OnlineElectionInfoDto.cs(11,22): warning CS1591: Missing XML comment for publicly visible type or member 'OnlineElectionInfoDto.DateOfElection' [c:\Users\glenl\.zenflow\worktrees\jan-31-review-f-cad9\backend\TallyJ4.csproj]
c:\Users\glenl\.zenflow\worktrees\jan-31-review-f-cad9\backend\DTOs\OnlineVoting\OnlineElectionInfoDto.cs(13,17): warning CS1591: Missing XML comment for publicly visible type or member 'OnlineElectionInfoDto.NumberToElect' [c:\Users\glenl\.zenflow\worktrees\jan-31-review-f-cad9\backend\TallyJ4.csproj]
c:\Users\glenl\.zenflow\worktrees\jan-31-review-f-cad9\backend\DTOs\OnlineVoting\OnlineElectionInfoDto.cs(15,22): warning CS1591: Missing XML comment for publicly visible type or member 'OnlineElectionInfoDto.OnlineWhenOpen' [c:\Users\glenl\.zenflow\worktrees\jan-31-review-f-cad9\backend\TallyJ4.csproj]
c:\Users\glenl\.zenflow\worktrees\jan-31-review-f-cad9\backend\DTOs\OnlineVoting\OnlineElectionInfoDto.cs(17,22): warning CS1591: Missing XML comment for publicly visible type or member 'OnlineElectionInfoDto.OnlineWhenClose' [c:\Users\glenl\.zenflow\worktrees\jan-31-review-f-cad9\backend\TallyJ4.csproj]
c:\Users\glenl\.zenflow\worktrees\jan-31-review-f-cad9\backend\DTOs\OnlineVoting\OnlineElectionInfoDto.cs(19,17): warning CS1591: Missing XML comment for publicly visible type or member 'OnlineElectionInfoDto.IsOpen' [c:\Users\glenl\.zenflow\worktrees\jan-31-review-f-cad9\backend\TallyJ4.csproj]
c:\Users\glenl\.zenflow\worktrees\jan-31-review-f-cad9\backend\DTOs\OnlineVoting\OnlineElectionInfoDto.cs(21,20): warning CS1591: Missing XML comment for publicly visible type or member 'OnlineElectionInfoDto.Instructions' [c:\Users\glenl\.zenflow\worktrees\jan-31-review-f-cad9\backend\TallyJ4.csproj]
c:\Users\glenl\.zenflow\worktrees\jan-31-review-f-cad9\backend\DTOs\OnlineVoting\OnlineVoterAuthResponse.cs(3,14): warning CS1591: Missing XML comment for publicly visible type or member 'OnlineVoterAuthResponse' [c:\Users\glenl\.zenflow\worktrees\jan-31-review-f-cad9\backend\TallyJ4.csproj]
c:\Users\glenl\.zenflow\worktrees\jan-31-review-f-cad9\backend\DTOs\OnlineVoting\OnlineVoterAuthResponse.cs(5,19): warning CS1591: Missing XML comment for publicly visible type or member 'OnlineVoterAuthResponse.Token' [c:\Users\glenl\.zenflow\worktrees\jan-31-review-f-cad9\backend\TallyJ4.csproj]
c:\Users\glenl\.zenflow\worktrees\jan-31-review-f-cad9\backend\DTOs\OnlineVoting\OnlineVoterAuthResponse.cs(7,19): warning CS1591: Missing XML comment for publicly visible type or member 'OnlineVoterAuthResponse.VoterId' [c:\Users\glenl\.zenflow\worktrees\jan-31-review-f-cad9\backend\TallyJ4.csproj]
c:\Users\glenl\.zenflow\worktrees\jan-31-review-f-cad9\backend\DTOs\OnlineVoting\OnlineVoterAuthResponse.cs(9,19): warning CS1591: Missing XML comment for publicly visible type or member 'OnlineVoterAuthResponse.VoterIdType' [c:\Users\glenl\.zenflow\worktrees\jan-31-review-f-cad9\backend\TallyJ4.csproj]
c:\Users\glenl\.zenflow\worktrees\jan-31-review-f-cad9\backend\DTOs\OnlineVoting\OnlineVoterAuthResponse.cs(11,21): warning CS1591: Missing XML comment for publicly visible type or member 'OnlineVoterAuthResponse.ExpiresAt' [c:\Users\glenl\.zenflow\worktrees\jan-31-review-f-cad9\backend\TallyJ4.csproj]
c:\Users\glenl\.zenflow\worktrees\jan-31-review-f-cad9\backend\DTOs\OnlineVoting\OnlineVoteStatusDto.cs(3,14): warning CS1591: Missing XML comment for publicly visible type or member 'OnlineVoteStatusDto' [c:\Users\glenl\.zenflow\worktrees\jan-31-review-f-cad9\backend\TallyJ4.csproj]
c:\Users\glenl\.zenflow\worktrees\jan-31-review-f-cad9\backend\DTOs\OnlineVoting\OnlineVoteStatusDto.cs(5,17): warning CS1591: Missing XML comment for publicly visible type or member 'OnlineVoteStatusDto.HasVoted' [c:\Users\glenl\.zenflow\worktrees\jan-31-review-f-cad9\backend\TallyJ4.csproj]
c:\Users\glenl\.zenflow\worktrees\jan-31-review-f-cad9\backend\DTOs\OnlineVoting\OnlineVoteStatusDto.cs(7,22): warning CS1591: Missing XML comment for publicly visible type or member 'OnlineVoteStatusDto.WhenSubmitted' [c:\Users\glenl\.zenflow\worktrees\jan-31-review-f-cad9\backend\TallyJ4.csproj]
c:\Users\glenl\.zenflow\worktrees\jan-31-review-f-cad9\backend\DTOs\OnlineVoting\OnlineVoteStatusDto.cs(9,20): warning CS1591: Missing XML comment for publicly visible type or member 'OnlineVoteStatusDto.Message' [c:\Users\glenl\.zenflow\worktrees\jan-31-review-f-cad9\backend\TallyJ4.csproj]
c:\Users\glenl\.zenflow\worktrees\jan-31-review-f-cad9\backend\DTOs\OnlineVoting\RequestCodeDto.cs(3,14): warning CS1591: Missing XML comment for publicly visible type or member 'RequestCodeDto' [c:\Users\glenl\.zenflow\worktrees\jan-31-review-f-cad9\backend\TallyJ4.csproj]
c:\Users\glenl\.zenflow\worktrees\jan-31-review-f-cad9\backend\DTOs\OnlineVoting\RequestCodeDto.cs(5,19): warning CS1591: Missing XML comment for publicly visible type or member 'RequestCodeDto.VoterId' [c:\Users\glenl\.zenflow\worktrees\jan-31-review-f-cad9\backend\TallyJ4.csproj]
c:\Users\glenl\.zenflow\worktrees\jan-31-review-f-cad9\backend\DTOs\OnlineVoting\RequestCodeDto.cs(7,19): warning CS1591: Missing XML comment for publicly visible type or member 'RequestCodeDto.VoterIdType' [c:\Users\glenl\.zenflow\worktrees\jan-31-review-f-cad9\backend\TallyJ4.csproj]
c:\Users\glenl\.zenflow\worktrees\jan-31-review-f-cad9\backend\DTOs\OnlineVoting\RequestCodeDto.cs(9,19): warning CS1591: Missing XML comment for publicly visible type or member 'RequestCodeDto.DeliveryMethod' [c:\Users\glenl\.zenflow\worktrees\jan-31-review-f-cad9\backend\TallyJ4.csproj]
c:\Users\glenl\.zenflow\worktrees\jan-31-review-f-cad9\backend\DTOs\OnlineVoting\SubmitOnlineBallotDto.cs(3,14): warning CS1591: Missing XML comment for publicly visible type or member 'SubmitOnlineBallotDto' [c:\Users\glenl\.zenflow\worktrees\jan-31-review-f-cad9\backend\TallyJ4.csproj]
c:\Users\glenl\.zenflow\worktrees\jan-31-review-f-cad9\backend\DTOs\OnlineVoting\SubmitOnlineBallotDto.cs(5,17): warning CS1591: Missing XML comment for publicly visible type or member 'SubmitOnlineBallotDto.ElectionGuid' [c:\Users\glenl\.zenflow\worktrees\jan-31-review-f-cad9\backend\TallyJ4.csproj]
c:\Users\glenl\.zenflow\worktrees\jan-31-review-f-cad9\backend\DTOs\OnlineVoting\SubmitOnlineBallotDto.cs(7,19): warning CS1591: Missing XML comment for publicly visible type or member 'SubmitOnlineBallotDto.VoterId' [c:\Users\glenl\.zenflow\worktrees\jan-31-review-f-cad9\backend\TallyJ4.csproj]
c:\Users\glenl\.zenflow\worktrees\jan-31-review-f-cad9\backend\DTOs\OnlineVoting\SubmitOnlineBallotDto.cs(9,32): warning CS1591: Missing XML comment for publicly visible type or member 'SubmitOnlineBallotDto.Votes' [c:\Users\glenl\.zenflow\worktrees\jan-31-review-f-cad9\backend\TallyJ4.csproj]
c:\Users\glenl\.zenflow\worktrees\jan-31-review-f-cad9\backend\DTOs\OnlineVoting\SubmitOnlineBallotDto.cs(12,14): warning CS1591: Missing XML comment for publicly visible type or member 'OnlineVoteDto' [c:\Users\glenl\.zenflow\worktrees\jan-31-review-f-cad9\backend\TallyJ4.csproj]
c:\Users\glenl\.zenflow\worktrees\jan-31-review-f-cad9\backend\DTOs\OnlineVoting\SubmitOnlineBallotDto.cs(14,18): warning CS1591: Missing XML comment for publicly visible type or member 'OnlineVoteDto.PersonGuid' [c:\Users\glenl\.zenflow\worktrees\jan-31-review-f-cad9\backend\TallyJ4.csproj]
c:\Users\glenl\.zenflow\worktrees\jan-31-review-f-cad9\backend\DTOs\OnlineVoting\SubmitOnlineBallotDto.cs(16,20): warning CS1591: Missing XML comment for publicly visible type or member 'OnlineVoteDto.VoteName' [c:\Users\glenl\.zenflow\worktrees\jan-31-review-f-cad9\backend\TallyJ4.csproj]
c:\Users\glenl\.zenflow\worktrees\jan-31-review-f-cad9\backend\DTOs\OnlineVoting\SubmitOnlineBallotDto.cs(18,16): warning CS1591: Missing XML comment for publicly visible type or member 'OnlineVoteDto.PositionOnBallot' [c:\Users\glenl\.zenflow\worktrees\jan-31-review-f-cad9\backend\TallyJ4.csproj]
c:\Users\glenl\.zenflow\worktrees\jan-31-review-f-cad9\backend\DTOs\OnlineVoting\VerifyCodeDto.cs(3,14): warning CS1591: Missing XML comment for publicly visible type or member 'VerifyCodeDto' [c:\Users\glenl\.zenflow\worktrees\jan-31-review-f-cad9\backend\TallyJ4.csproj]
c:\Users\glenl\.zenflow\worktrees\jan-31-review-f-cad9\backend\DTOs\OnlineVoting\VerifyCodeDto.cs(5,19): warning CS1591: Missing XML comment for publicly visible type or member 'VerifyCodeDto.VoterId' [c:\Users\glenl\.zenflow\worktrees\jan-31-review-f-cad9\backend\TallyJ4.csproj]
c:\Users\glenl\.zenflow\worktrees\jan-31-review-f-cad9\backend\DTOs\OnlineVoting\VerifyCodeDto.cs(7,19): warning CS1591: Missing XML comment for publicly visible type or member 'VerifyCodeDto.VerifyCode' [c:\Users\glenl\.zenflow\worktrees\jan-31-review-f-cad9\backend\TallyJ4.csproj]
c:\Users\glenl\.zenflow\worktrees\jan-31-review-f-cad9\backend\DTOs\Tellers\CreateTellerDto.cs(3,14): warning CS1591: Missing XML comment for publicly visible type or member 'CreateTellerDto' [c:\Users\glenl\.zenflow\worktrees\jan-31-review-f-cad9\backend\TallyJ4.csproj]
c:\Users\glenl\.zenflow\worktrees\jan-31-review-f-cad9\backend\DTOs\Tellers\CreateTellerDto.cs(5,17): warning CS1591: Missing XML comment for publicly visible type or member 'CreateTellerDto.ElectionGuid' [c:\Users\glenl\.zenflow\worktrees\jan-31-review-f-cad9\backend\TallyJ4.csproj]
c:\Users\glenl\.zenflow\worktrees\jan-31-review-f-cad9\backend\DTOs\Tellers\CreateTellerDto.cs(7,19): warning CS1591: Missing XML comment for publicly visible type or member 'CreateTellerDto.Name' [c:\Users\glenl\.zenflow\worktrees\jan-31-review-f-cad9\backend\TallyJ4.csproj]
c:\Users\glenl\.zenflow\worktrees\jan-31-review-f-cad9\backend\DTOs\Tellers\CreateTellerDto.cs(9,20): warning CS1591: Missing XML comment for publicly visible type or member 'CreateTellerDto.UsingComputerCode' [c:\Users\glenl\.zenflow\worktrees\jan-31-review-f-cad9\backend\TallyJ4.csproj]
c:\Users\glenl\.zenflow\worktrees\jan-31-review-f-cad9\backend\DTOs\Tellers\CreateTellerDto.cs(11,17): warning CS1591: Missing XML comment for publicly visible type or member 'CreateTellerDto.IsHeadTeller' [c:\Users\glenl\.zenflow\worktrees\jan-31-review-f-cad9\backend\TallyJ4.csproj]
c:\Users\glenl\.zenflow\worktrees\jan-31-review-f-cad9\backend\DTOs\Tellers\TellerDto.cs(3,14): warning CS1591: Missing XML comment for publicly visible type or member 'TellerDto' [c:\Users\glenl\.zenflow\worktrees\jan-31-review-f-cad9\backend\TallyJ4.csproj]
c:\Users\glenl\.zenflow\worktrees\jan-31-review-f-cad9\backend\DTOs\Tellers\TellerDto.cs(5,16): warning CS1591: Missing XML comment for publicly visible type or member 'TellerDto.RowId' [c:\Users\glenl\.zenflow\worktrees\jan-31-review-f-cad9\backend\TallyJ4.csproj]
c:\Users\glenl\.zenflow\worktrees\jan-31-review-f-cad9\backend\DTOs\Tellers\TellerDto.cs(7,17): warning CS1591: Missing XML comment for publicly visible type or member 'TellerDto.ElectionGuid' [c:\Users\glenl\.zenflow\worktrees\jan-31-review-f-cad9\backend\TallyJ4.csproj]
c:\Users\glenl\.zenflow\worktrees\jan-31-review-f-cad9\backend\DTOs\Tellers\TellerDto.cs(9,19): warning CS1591: Missing XML comment for publicly visible type or member 'TellerDto.Name' [c:\Users\glenl\.zenflow\worktrees\jan-31-review-f-cad9\backend\TallyJ4.csproj]
c:\Users\glenl\.zenflow\worktrees\jan-31-review-f-cad9\backend\DTOs\Tellers\TellerDto.cs(11,20): warning CS1591: Missing XML comment for publicly visible type or member 'TellerDto.UsingComputerCode' [c:\Users\glenl\.zenflow\worktrees\jan-31-review-f-cad9\backend\TallyJ4.csproj]
c:\Users\glenl\.zenflow\worktrees\jan-31-review-f-cad9\backend\DTOs\Tellers\TellerDto.cs(13,17): warning CS1591: Missing XML comment for publicly visible type or member 'TellerDto.IsHeadTeller' [c:\Users\glenl\.zenflow\worktrees\jan-31-review-f-cad9\backend\TallyJ4.csproj]
c:\Users\glenl\.zenflow\worktrees\jan-31-review-f-cad9\backend\DTOs\Tellers\UpdateTellerDto.cs(3,14): warning CS1591: Missing XML comment for publicly visible type or member 'UpdateTellerDto' [c:\Users\glenl\.zenflow\worktrees\jan-31-review-f-cad9\backend\TallyJ4.csproj]
c:\Users\glenl\.zenflow\worktrees\jan-31-review-f-cad9\backend\DTOs\Tellers\UpdateTellerDto.cs(5,19): warning CS1591: Missing XML comment for publicly visible type or member 'UpdateTellerDto.Name' [c:\Users\glenl\.zenflow\worktrees\jan-31-review-f-cad9\backend\TallyJ4.csproj]
c:\Users\glenl\.zenflow\worktrees\jan-31-review-f-cad9\backend\DTOs\Tellers\UpdateTellerDto.cs(7,20): warning CS1591: Missing XML comment for publicly visible type or member 'UpdateTellerDto.UsingComputerCode' [c:\Users\glenl\.zenflow\worktrees\jan-31-review-f-cad9\backend\TallyJ4.csproj]
c:\Users\glenl\.zenflow\worktrees\jan-31-review-f-cad9\backend\DTOs\Tellers\UpdateTellerDto.cs(9,17): warning CS1591: Missing XML comment for publicly visible type or member 'UpdateTellerDto.IsHeadTeller' [c:\Users\glenl\.zenflow\worktrees\jan-31-review-f-cad9\backend\TallyJ4.csproj]
c:\Users\glenl\.zenflow\worktrees\jan-31-review-f-cad9\backend\Hubs\OnlineVotingHub.cs(5,14): warning CS1591: Missing XML comment for publicly visible type or member 'OnlineVotingHub' [c:\Users\glenl\.zenflow\worktrees\jan-31-review-f-cad9\backend\TallyJ4.csproj]
c:\Users\glenl\.zenflow\worktrees\jan-31-review-f-cad9\backend\Hubs\OnlineVotingHub.cs(9,12): warning CS1591: Missing XML comment for publicly visible type or member 'OnlineVotingHub.OnlineVotingHub(ILogger<OnlineVotingHub>)' [c:\Users\glenl\.zenflow\worktrees\jan-31-review-f-cad9\backend\TallyJ4.csproj]
c:\Users\glenl\.zenflow\worktrees\jan-31-review-f-cad9\backend\Hubs\OnlineVotingHub.cs(14,23): warning CS1591: Missing XML comment for publicly visible type or member 'OnlineVotingHub.JoinElectionGroup(Guid)' [c:\Users\glenl\.zenflow\worktrees\jan-31-review-f-cad9\backend\TallyJ4.csproj]
c:\Users\glenl\.zenflow\worktrees\jan-31-review-f-cad9\backend\Hubs\OnlineVotingHub.cs(22,23): warning CS1591: Missing XML comment for publicly visible type or member 'OnlineVotingHub.LeaveElectionGroup(Guid)' [c:\Users\glenl\.zenflow\worktrees\jan-31-review-f-cad9\backend\TallyJ4.csproj]
c:\Users\glenl\.zenflow\worktrees\jan-31-review-f-cad9\backend\Hubs\OnlineVotingHub.cs(30,23): warning CS1591: Missing XML comment for publicly visible type or member 'OnlineVotingHub.BallotSubmitted(Guid, int)' [c:\Users\glenl\.zenflow\worktrees\jan-31-review-f-cad9\backend\TallyJ4.csproj]
c:\Users\glenl\.zenflow\worktrees\jan-31-review-f-cad9\backend\Hubs\OnlineVotingHub.cs(42,32): warning CS1591: Missing XML comment for publicly visible type or member 'OnlineVotingHub.OnDisconnectedAsync(Exception?)' [c:\Users\glenl\.zenflow\worktrees\jan-31-review-f-cad9\backend\TallyJ4.csproj]
c:\Users\glenl\.zenflow\worktrees\jan-31-review-f-cad9\backend\Mappings\AuditLogProfile.cs(7,14): warning CS1591: Missing XML comment for publicly visible type or member 'AuditLogProfile' [c:\Users\glenl\.zenflow\worktrees\jan-31-review-f-cad9\backend\TallyJ4.csproj]
c:\Users\glenl\.zenflow\worktrees\jan-31-review-f-cad9\backend\Mappings\AuditLogProfile.cs(9,12): warning CS1591: Missing XML comment for publicly visible type or member 'AuditLogProfile.AuditLogProfile()' [c:\Users\glenl\.zenflow\worktrees\jan-31-review-f-cad9\backend\TallyJ4.csproj]
c:\Users\glenl\.zenflow\worktrees\jan-31-review-f-cad9\backend\Mappings\ComputerProfile.cs(7,14): warning CS1591: Missing XML comment for publicly visible type or member 'ComputerProfile' [c:\Users\glenl\.zenflow\worktrees\jan-31-review-f-cad9\backend\TallyJ4.csproj]
c:\Users\glenl\.zenflow\worktrees\jan-31-review-f-cad9\backend\Mappings\ComputerProfile.cs(9,12): warning CS1591: Missing XML comment for publicly visible type or member 'ComputerProfile.ComputerProfile()' [c:\Users\glenl\.zenflow\worktrees\jan-31-review-f-cad9\backend\TallyJ4.csproj]
c:\Users\glenl\.zenflow\worktrees\jan-31-review-f-cad9\backend\Mappings\FrontDeskProfile.cs(7,14): warning CS1591: Missing XML comment for publicly visible type or member 'FrontDeskProfile' [c:\Users\glenl\.zenflow\worktrees\jan-31-review-f-cad9\backend\TallyJ4.csproj]
c:\Users\glenl\.zenflow\worktrees\jan-31-review-f-cad9\backend\Mappings\FrontDeskProfile.cs(9,12): warning CS1591: Missing XML comment for publicly visible type or member 'FrontDeskProfile.FrontDeskProfile()' [c:\Users\glenl\.zenflow\worktrees\jan-31-review-f-cad9\backend\TallyJ4.csproj]
c:\Users\glenl\.zenflow\worktrees\jan-31-review-f-cad9\backend\Mappings\TellerProfile.cs(7,14): warning CS1591: Missing XML comment for publicly visible type or member 'TellerProfile' [c:\Users\glenl\.zenflow\worktrees\jan-31-review-f-cad9\backend\TallyJ4.csproj]
c:\Users\glenl\.zenflow\worktrees\jan-31-review-f-cad9\backend\Mappings\TellerProfile.cs(9,12): warning CS1591: Missing XML comment for publicly visible type or member 'TellerProfile.TellerProfile()' [c:\Users\glenl\.zenflow\worktrees\jan-31-review-f-cad9\backend\TallyJ4.csproj]
c:\Users\glenl\.zenflow\worktrees\jan-31-review-f-cad9\backend\Middleware\AuditMiddleware.cs(7,14): warning CS1591: Missing XML comment for publicly visible type or member 'AuditMiddleware' [c:\Users\glenl\.zenflow\worktrees\jan-31-review-f-cad9\backend\TallyJ4.csproj]
c:\Users\glenl\.zenflow\worktrees\jan-31-review-f-cad9\backend\Middleware\AuditMiddleware.cs(12,12): warning CS1591: Missing XML comment for publicly visible type or member 'AuditMiddleware.AuditMiddleware(RequestDelegate, ILogger<AuditMiddleware>)' [c:\Users\glenl\.zenflow\worktrees\jan-31-review-f-cad9\backend\TallyJ4.csproj]
c:\Users\glenl\.zenflow\worktrees\jan-31-review-f-cad9\backend\Middleware\AuditMiddleware.cs(18,23): warning CS1591: Missing XML comment for publicly visible type or member 'AuditMiddleware.InvokeAsync(HttpContext, IAuditLogService)' [c:\Users\glenl\.zenflow\worktrees\jan-31-review-f-cad9\backend\TallyJ4.csproj]
c:\Users\glenl\.zenflow\worktrees\jan-31-review-f-cad9\backend\Services\AuditLogService.cs(10,14): warning CS1591: Missing XML comment for publicly visible type or member 'AuditLogService' [c:\Users\glenl\.zenflow\worktrees\jan-31-review-f-cad9\backend\TallyJ4.csproj]
c:\Users\glenl\.zenflow\worktrees\jan-31-review-f-cad9\backend\Services\AuditLogService.cs(16,12): warning CS1591: Missing XML comment for publicly visible type or member 'AuditLogService.AuditLogService(MainDbContext, IMapper, ILogger<AuditLogService>)' [c:\Users\glenl\.zenflow\worktrees\jan-31-review-f-cad9\backend\TallyJ4.csproj]
c:\Users\glenl\.zenflow\worktrees\jan-31-review-f-cad9\backend\Services\AuditLogService.cs(23,55): warning CS1591: Missing XML comment for publicly visible type or member 'AuditLogService.GetAuditLogsAsync(AuditLogFilterDto?, int, int)' [c:\Users\glenl\.zenflow\worktrees\jan-31-review-f-cad9\backend\TallyJ4.csproj]
c:\Users\glenl\.zenflow\worktrees\jan-31-review-f-cad9\backend\Services\AuditLogService.cs(92,37): warning CS1591: Missing XML comment for publicly visible type or member 'AuditLogService.GetAuditLogByIdAsync(int)' [c:\Users\glenl\.zenflow\worktrees\jan-31-review-f-cad9\backend\TallyJ4.csproj]
c:\Users\glenl\.zenflow\worktrees\jan-31-review-f-cad9\backend\Services\AuditLogService.cs(111,36): warning CS1591: Missing XML comment for publicly visible type or member 'AuditLogService.CreateAuditLogAsync(CreateAuditLogDto)' [c:\Users\glenl\.zenflow\worktrees\jan-31-review-f-cad9\backend\TallyJ4.csproj]
c:\Users\glenl\.zenflow\worktrees\jan-31-review-f-cad9\backend\Services\ComputerService.cs(9,14): warning CS1591: Missing XML comment for publicly visible type or member 'ComputerService' [c:\Users\glenl\.zenflow\worktrees\jan-31-review-f-cad9\backend\TallyJ4.csproj]
c:\Users\glenl\.zenflow\worktrees\jan-31-review-f-cad9\backend\Services\ComputerService.cs(15,12): warning CS1591: Missing XML comment for publicly visible type or member 'ComputerService.ComputerService(MainDbContext, IMapper, ILogger<ComputerService>)' [c:\Users\glenl\.zenflow\worktrees\jan-31-review-f-cad9\backend\TallyJ4.csproj]
c:\Users\glenl\.zenflow\worktrees\jan-31-review-f-cad9\backend\Services\ComputerService.cs(22,42): warning CS1591: Missing XML comment for publicly visible type or member 'ComputerService.GetComputersByLocationAsync(Guid)' [c:\Users\glenl\.zenflow\worktrees\jan-31-review-f-cad9\backend\TallyJ4.csproj]
c:\Users\glenl\.zenflow\worktrees\jan-31-review-f-cad9\backend\Services\ComputerService.cs(32,42): warning CS1591: Missing XML comment for publicly visible type or member 'ComputerService.GetComputersByElectionAsync(Guid)' [c:\Users\glenl\.zenflow\worktrees\jan-31-review-f-cad9\backend\TallyJ4.csproj]
c:\Users\glenl\.zenflow\worktrees\jan-31-review-f-cad9\backend\Services\ComputerService.cs(42,37): warning CS1591: Missing XML comment for publicly visible type or member 'ComputerService.GetComputerByGuidAsync(Guid)' [c:\Users\glenl\.zenflow\worktrees\jan-31-review-f-cad9\backend\TallyJ4.csproj]
c:\Users\glenl\.zenflow\worktrees\jan-31-review-f-cad9\backend\Services\ComputerService.cs(57,37): warning CS1591: Missing XML comment for publicly visible type or member 'ComputerService.GetComputerByCodeAsync(Guid, string)' [c:\Users\glenl\.zenflow\worktrees\jan-31-review-f-cad9\backend\TallyJ4.csproj]
c:\Users\glenl\.zenflow\worktrees\jan-31-review-f-cad9\backend\Services\ComputerService.cs(71,36): warning CS1591: Missing XML comment for publicly visible type or member 'ComputerService.RegisterComputerAsync(RegisterComputerDto)' [c:\Users\glenl\.zenflow\worktrees\jan-31-review-f-cad9\backend\TallyJ4.csproj]
c:\Users\glenl\.zenflow\worktrees\jan-31-review-f-cad9\backend\Services\ComputerService.cs(102,37): warning CS1591: Missing XML comment for publicly visible type or member 'ComputerService.UpdateComputerAsync(Guid, UpdateComputerDto)' [c:\Users\glenl\.zenflow\worktrees\jan-31-review-f-cad9\backend\TallyJ4.csproj]
c:\Users\glenl\.zenflow\worktrees\jan-31-review-f-cad9\backend\Services\ComputerService.cs(126,29): warning CS1591: Missing XML comment for publicly visible type or member 'ComputerService.DeleteComputerAsync(Guid)' [c:\Users\glenl\.zenflow\worktrees\jan-31-review-f-cad9\backend\TallyJ4.csproj]
c:\Users\glenl\.zenflow\worktrees\jan-31-review-f-cad9\backend\Services\ComputerService.cs(148,37): warning CS1591: Missing XML comment for publicly visible type or member 'ComputerService.UpdateActivityAsync(Guid)' [c:\Users\glenl\.zenflow\worktrees\jan-31-review-f-cad9\backend\TallyJ4.csproj]
c:\Users\glenl\.zenflow\worktrees\jan-31-review-f-cad9\backend\Services\ComputerService.cs(165,31): warning CS1591: Missing XML comment for publicly visible type or member 'ComputerService.GenerateComputerCodeAsync(Guid)' [c:\Users\glenl\.zenflow\worktrees\jan-31-review-f-cad9\backend\TallyJ4.csproj]
c:\Users\glenl\.zenflow\worktrees\jan-31-review-f-cad9\backend\Services\FrontDeskService.cs(10,14): warning CS1591: Missing XML comment for publicly visible type or member 'FrontDeskService' [c:\Users\glenl\.zenflow\worktrees\jan-31-review-f-cad9\backend\TallyJ4.csproj]
c:\Users\glenl\.zenflow\worktrees\jan-31-review-f-cad9\backend\Services\FrontDeskService.cs(17,12): warning CS1591: Missing XML comment for publicly visible type or member 'FrontDeskService.FrontDeskService(MainDbContext, IMapper, ILogger<FrontDeskService>, ISignalRNotificationService)' [c:\Users\glenl\.zenflow\worktrees\jan-31-review-f-cad9\backend\TallyJ4.csproj]
c:\Users\glenl\.zenflow\worktrees\jan-31-review-f-cad9\backend\Services\FrontDeskService.cs(29,48): warning CS1591: Missing XML comment for publicly visible type or member 'FrontDeskService.GetEligibleVotersAsync(Guid)' [c:\Users\glenl\.zenflow\worktrees\jan-31-review-f-cad9\backend\TallyJ4.csproj]
c:\Users\glenl\.zenflow\worktrees\jan-31-review-f-cad9\backend\Services\FrontDeskService.cs(40,42): warning CS1591: Missing XML comment for publicly visible type or member 'FrontDeskService.CheckInVoterAsync(Guid, CheckInVoterDto)' [c:\Users\glenl\.zenflow\worktrees\jan-31-review-f-cad9\backend\TallyJ4.csproj]
c:\Users\glenl\.zenflow\worktrees\jan-31-review-f-cad9\backend\Services\FrontDeskService.cs(96,36): warning CS1591: Missing XML comment for publicly visible type or member 'FrontDeskService.GetRollCallAsync(Guid)' [c:\Users\glenl\.zenflow\worktrees\jan-31-review-f-cad9\backend\TallyJ4.csproj]
c:\Users\glenl\.zenflow\worktrees\jan-31-review-f-cad9\backend\Services\FrontDeskService.cs(108,42): warning CS1591: Missing XML comment for publicly visible type or member 'FrontDeskService.GetStatsAsync(Guid)' [c:\Users\glenl\.zenflow\worktrees\jan-31-review-f-cad9\backend\TallyJ4.csproj]
c:\Users\glenl\.zenflow\worktrees\jan-31-review-f-cad9\backend\Services\IAuditLogService.cs(6,18): warning CS1591: Missing XML comment for publicly visible type or member 'IAuditLogService' [c:\Users\glenl\.zenflow\worktrees\jan-31-review-f-cad9\backend\TallyJ4.csproj]
c:\Users\glenl\.zenflow\worktrees\jan-31-review-f-cad9\backend\Services\IAuditLogService.cs(8,42): warning CS1591: Missing XML comment for publicly visible type or member 'IAuditLogService.GetAuditLogsAsync(AuditLogFilterDto?, int, int)' [c:\Users\glenl\.zenflow\worktrees\jan-31-review-f-cad9\backend\TallyJ4.csproj]
c:\Users\glenl\.zenflow\worktrees\jan-31-review-f-cad9\backend\Services\IAuditLogService.cs(13,24): warning CS1591: Missing XML comment for publicly visible type or member 'IAuditLogService.GetAuditLogByIdAsync(int)' [c:\Users\glenl\.zenflow\worktrees\jan-31-review-f-cad9\backend\TallyJ4.csproj]
c:\Users\glenl\.zenflow\worktrees\jan-31-review-f-cad9\backend\Services\IAuditLogService.cs(15,23): warning CS1591: Missing XML comment for publicly visible type or member 'IAuditLogService.CreateAuditLogAsync(CreateAuditLogDto)' [c:\Users\glenl\.zenflow\worktrees\jan-31-review-f-cad9\backend\TallyJ4.csproj]
c:\Users\glenl\.zenflow\worktrees\jan-31-review-f-cad9\backend\Services\IComputerService.cs(5,18): warning CS1591: Missing XML comment for publicly visible type or member 'IComputerService' [c:\Users\glenl\.zenflow\worktrees\jan-31-review-f-cad9\backend\TallyJ4.csproj]
c:\Users\glenl\.zenflow\worktrees\jan-31-review-f-cad9\backend\Services\IComputerService.cs(7,29): warning CS1591: Missing XML comment for publicly visible type or member 'IComputerService.GetComputersByLocationAsync(Guid)' [c:\Users\glenl\.zenflow\worktrees\jan-31-review-f-cad9\backend\TallyJ4.csproj]
c:\Users\glenl\.zenflow\worktrees\jan-31-review-f-cad9\backend\Services\IComputerService.cs(9,29): warning CS1591: Missing XML comment for publicly visible type or member 'IComputerService.GetComputersByElectionAsync(Guid)' [c:\Users\glenl\.zenflow\worktrees\jan-31-review-f-cad9\backend\TallyJ4.csproj]
c:\Users\glenl\.zenflow\worktrees\jan-31-review-f-cad9\backend\Services\IComputerService.cs(11,24): warning CS1591: Missing XML comment for publicly visible type or member 'IComputerService.GetComputerByGuidAsync(Guid)' [c:\Users\glenl\.zenflow\worktrees\jan-31-review-f-cad9\backend\TallyJ4.csproj]
c:\Users\glenl\.zenflow\worktrees\jan-31-review-f-cad9\backend\Services\IComputerService.cs(13,24): warning CS1591: Missing XML comment for publicly visible type or member 'IComputerService.GetComputerByCodeAsync(Guid, string)' [c:\Users\glenl\.zenflow\worktrees\jan-31-review-f-cad9\backend\TallyJ4.csproj]
c:\Users\glenl\.zenflow\worktrees\jan-31-review-f-cad9\backend\Services\IComputerService.cs(15,23): warning CS1591: Missing XML comment for publicly visible type or member 'IComputerService.RegisterComputerAsync(RegisterComputerDto)' [c:\Users\glenl\.zenflow\worktrees\jan-31-review-f-cad9\backend\TallyJ4.csproj]
c:\Users\glenl\.zenflow\worktrees\jan-31-review-f-cad9\backend\Services\IComputerService.cs(17,24): warning CS1591: Missing XML comment for publicly visible type or member 'IComputerService.UpdateComputerAsync(Guid, UpdateComputerDto)' [c:\Users\glenl\.zenflow\worktrees\jan-31-review-f-cad9\backend\TallyJ4.csproj]
c:\Users\glenl\.zenflow\worktrees\jan-31-review-f-cad9\backend\Services\IComputerService.cs(19,16): warning CS1591: Missing XML comment for publicly visible type or member 'IComputerService.DeleteComputerAsync(Guid)' [c:\Users\glenl\.zenflow\worktrees\jan-31-review-f-cad9\backend\TallyJ4.csproj]
c:\Users\glenl\.zenflow\worktrees\jan-31-review-f-cad9\backend\Services\IComputerService.cs(21,24): warning CS1591: Missing XML comment for publicly visible type or member 'IComputerService.UpdateActivityAsync(Guid)' [c:\Users\glenl\.zenflow\worktrees\jan-31-review-f-cad9\backend\TallyJ4.csproj]
c:\Users\glenl\.zenflow\worktrees\jan-31-review-f-cad9\backend\Services\IComputerService.cs(23,18): warning CS1591: Missing XML comment for publicly visible type or member 'IComputerService.GenerateComputerCodeAsync(Guid)' [c:\Users\glenl\.zenflow\worktrees\jan-31-review-f-cad9\backend\TallyJ4.csproj]
c:\Users\glenl\.zenflow\worktrees\jan-31-review-f-cad9\backend\Services\IFrontDeskService.cs(5,18): warning CS1591: Missing XML comment for publicly visible type or member 'IFrontDeskService' [c:\Users\glenl\.zenflow\worktrees\jan-31-review-f-cad9\backend\TallyJ4.csproj]
c:\Users\glenl\.zenflow\worktrees\jan-31-review-f-cad9\backend\Services\IFrontDeskService.cs(7,35): warning CS1591: Missing XML comment for publicly visible type or member 'IFrontDeskService.GetEligibleVotersAsync(Guid)' [c:\Users\glenl\.zenflow\worktrees\jan-31-review-f-cad9\backend\TallyJ4.csproj]
c:\Users\glenl\.zenflow\worktrees\jan-31-review-f-cad9\backend\Services\IFrontDeskService.cs(8,29): warning CS1591: Missing XML comment for publicly visible type or member 'IFrontDeskService.CheckInVoterAsync(Guid, CheckInVoterDto)' [c:\Users\glenl\.zenflow\worktrees\jan-31-review-f-cad9\backend\TallyJ4.csproj]
c:\Users\glenl\.zenflow\worktrees\jan-31-review-f-cad9\backend\Services\IFrontDeskService.cs(9,23): warning CS1591: Missing XML comment for publicly visible type or member 'IFrontDeskService.GetRollCallAsync(Guid)' [c:\Users\glenl\.zenflow\worktrees\jan-31-review-f-cad9\backend\TallyJ4.csproj]
c:\Users\glenl\.zenflow\worktrees\jan-31-review-f-cad9\backend\Services\IFrontDeskService.cs(10,29): warning CS1591: Missing XML comment for publicly visible type or member 'IFrontDeskService.GetStatsAsync(Guid)' [c:\Users\glenl\.zenflow\worktrees\jan-31-review-f-cad9\backend\TallyJ4.csproj]
c:\Users\glenl\.zenflow\worktrees\jan-31-review-f-cad9\backend\Services\IOnlineVotingService.cs(5,18): warning CS1591: Missing XML comment for publicly visible type or member 'IOnlineVotingService' [c:\Users\glenl\.zenflow\worktrees\jan-31-review-f-cad9\backend\TallyJ4.csproj]
c:\Users\glenl\.zenflow\worktrees\jan-31-review-f-cad9\backend\Services\IOnlineVotingService.cs(7,41): warning CS1591: Missing XML comment for publicly visible type or member 'IOnlineVotingService.RequestVerificationCodeAsync(RequestCodeDto)' [c:\Users\glenl\.zenflow\worktrees\jan-31-review-f-cad9\backend\TallyJ4.csproj]
c:\Users\glenl\.zenflow\worktrees\jan-31-review-f-cad9\backend\Services\IOnlineVotingService.cs(9,76): warning CS1591: Missing XML comment for publicly visible type or member 'IOnlineVotingService.VerifyCodeAsync(VerifyCodeDto)' [c:\Users\glenl\.zenflow\worktrees\jan-31-review-f-cad9\backend\TallyJ4.csproj]
c:\Users\glenl\.zenflow\worktrees\jan-31-review-f-cad9\backend\Services\IOnlineVotingService.cs(11,34): warning CS1591: Missing XML comment for publicly visible type or member 'IOnlineVotingService.GetElectionInfoAsync(Guid)' [c:\Users\glenl\.zenflow\worktrees\jan-31-review-f-cad9\backend\TallyJ4.csproj]
c:\Users\glenl\.zenflow\worktrees\jan-31-review-f-cad9\backend\Services\IOnlineVotingService.cs(13,36): warning CS1591: Missing XML comment for publicly visible type or member 'IOnlineVotingService.GetCandidatesAsync(Guid)' [c:\Users\glenl\.zenflow\worktrees\jan-31-review-f-cad9\backend\TallyJ4.csproj]
c:\Users\glenl\.zenflow\worktrees\jan-31-review-f-cad9\backend\Services\IOnlineVotingService.cs(15,41): warning CS1591: Missing XML comment for publicly visible type or member 'IOnlineVotingService.SubmitBallotAsync(SubmitOnlineBallotDto)' [c:\Users\glenl\.zenflow\worktrees\jan-31-review-f-cad9\backend\TallyJ4.csproj]
c:\Users\glenl\.zenflow\worktrees\jan-31-review-f-cad9\backend\Services\IOnlineVotingService.cs(17,31): warning CS1591: Missing XML comment for publicly visible type or member 'IOnlineVotingService.GetVoteStatusAsync(Guid, string)' [c:\Users\glenl\.zenflow\worktrees\jan-31-review-f-cad9\backend\TallyJ4.csproj]
c:\Users\glenl\.zenflow\worktrees\jan-31-review-f-cad9\backend\Services\ITellerService.cs(6,18): warning CS1591: Missing XML comment for publicly visible type or member 'ITellerService' [c:\Users\glenl\.zenflow\worktrees\jan-31-review-f-cad9\backend\TallyJ4.csproj]
c:\Users\glenl\.zenflow\worktrees\jan-31-review-f-cad9\backend\Services\ITellerService.cs(8,40): warning CS1591: Missing XML comment for publicly visible type or member 'ITellerService.GetTellersByElectionAsync(Guid, int, int)' [c:\Users\glenl\.zenflow\worktrees\jan-31-review-f-cad9\backend\TallyJ4.csproj]
c:\Users\glenl\.zenflow\worktrees\jan-31-review-f-cad9\backend\Services\ITellerService.cs(9,22): warning CS1591: Missing XML comment for publicly visible type or member 'ITellerService.GetTellerByIdAsync(int)' [c:\Users\glenl\.zenflow\worktrees\jan-31-review-f-cad9\backend\TallyJ4.csproj]
c:\Users\glenl\.zenflow\worktrees\jan-31-review-f-cad9\backend\Services\ITellerService.cs(10,21): warning CS1591: Missing XML comment for publicly visible type or member 'ITellerService.CreateTellerAsync(CreateTellerDto)' [c:\Users\glenl\.zenflow\worktrees\jan-31-review-f-cad9\backend\TallyJ4.csproj]
c:\Users\glenl\.zenflow\worktrees\jan-31-review-f-cad9\backend\Services\ITellerService.cs(11,22): warning CS1591: Missing XML comment for publicly visible type or member 'ITellerService.UpdateTellerAsync(int, UpdateTellerDto)' [c:\Users\glenl\.zenflow\worktrees\jan-31-review-f-cad9\backend\TallyJ4.csproj]
c:\Users\glenl\.zenflow\worktrees\jan-31-review-f-cad9\backend\Services\ITellerService.cs(12,16): warning CS1591: Missing XML comment for publicly visible type or member 'ITellerService.DeleteTellerAsync(int)' [c:\Users\glenl\.zenflow\worktrees\jan-31-review-f-cad9\backend\TallyJ4.csproj]
c:\Users\glenl\.zenflow\worktrees\jan-31-review-f-cad9\backend\Services\ITellerService.cs(13,16): warning CS1591: Missing XML comment for publicly visible type or member 'ITellerService.IsTellerNameUniqueAsync(Guid, string, int?)' [c:\Users\glenl\.zenflow\worktrees\jan-31-review-f-cad9\backend\TallyJ4.csproj]
c:\Users\glenl\.zenflow\worktrees\jan-31-review-f-cad9\backend\Services\OnlineVotingService.cs(13,14): warning CS1591: Missing XML comment for publicly visible type or member 'OnlineVotingService' [c:\Users\glenl\.zenflow\worktrees\jan-31-review-f-cad9\backend\TallyJ4.csproj]
c:\Users\glenl\.zenflow\worktrees\jan-31-review-f-cad9\backend\Services\OnlineVotingService.cs(19,12): warning CS1591: Missing XML comment for publicly visible type or member 'OnlineVotingService.OnlineVotingService(MainDbContext, IConfiguration, ILogger<OnlineVotingService>)' [c:\Users\glenl\.zenflow\worktrees\jan-31-review-f-cad9\backend\TallyJ4.csproj]
c:\Users\glenl\.zenflow\worktrees\jan-31-review-f-cad9\backend\Services\OnlineVotingService.cs(29,54): warning CS1591: Missing XML comment for publicly visible type or member 'OnlineVotingService.RequestVerificationCodeAsync(RequestCodeDto)' [c:\Users\glenl\.zenflow\worktrees\jan-31-review-f-cad9\backend\TallyJ4.csproj]
c:\Users\glenl\.zenflow\worktrees\jan-31-review-f-cad9\backend\Services\OnlineVotingService.cs(74,89): warning CS1591: Missing XML comment for publicly visible type or member 'OnlineVotingService.VerifyCodeAsync(VerifyCodeDto)' [c:\Users\glenl\.zenflow\worktrees\jan-31-review-f-cad9\backend\TallyJ4.csproj]
c:\Users\glenl\.zenflow\worktrees\jan-31-review-f-cad9\backend\Services\OnlineVotingService.cs(137,47): warning CS1591: Missing XML comment for publicly visible type or member 'OnlineVotingService.GetElectionInfoAsync(Guid)' [c:\Users\glenl\.zenflow\worktrees\jan-31-review-f-cad9\backend\TallyJ4.csproj]
c:\Users\glenl\.zenflow\worktrees\jan-31-review-f-cad9\backend\Services\OnlineVotingService.cs(168,49): warning CS1591: Missing XML comment for publicly visible type or member 'OnlineVotingService.GetCandidatesAsync(Guid)' [c:\Users\glenl\.zenflow\worktrees\jan-31-review-f-cad9\backend\TallyJ4.csproj]
c:\Users\glenl\.zenflow\worktrees\jan-31-review-f-cad9\backend\Services\OnlineVotingService.cs(185,54): warning CS1591: Missing XML comment for publicly visible type or member 'OnlineVotingService.SubmitBallotAsync(SubmitOnlineBallotDto)' [c:\Users\glenl\.zenflow\worktrees\jan-31-review-f-cad9\backend\TallyJ4.csproj]
c:\Users\glenl\.zenflow\worktrees\jan-31-review-f-cad9\backend\Services\OnlineVotingService.cs(311,44): warning CS1591: Missing XML comment for publicly visible type or member 'OnlineVotingService.GetVoteStatusAsync(Guid, string)' [c:\Users\glenl\.zenflow\worktrees\jan-31-review-f-cad9\backend\TallyJ4.csproj]
c:\Users\glenl\.zenflow\worktrees\jan-31-review-f-cad9\backend\Services\TellerService.cs(10,14): warning CS1591: Missing XML comment for publicly visible type or member 'TellerService' [c:\Users\glenl\.zenflow\worktrees\jan-31-review-f-cad9\backend\TallyJ4.csproj]
c:\Users\glenl\.zenflow\worktrees\jan-31-review-f-cad9\backend\Services\TellerService.cs(16,12): warning CS1591: Missing XML comment for publicly visible type or member 'TellerService.TellerService(MainDbContext, IMapper, ILogger<TellerService>)' [c:\Users\glenl\.zenflow\worktrees\jan-31-review-f-cad9\backend\TallyJ4.csproj]
c:\Users\glenl\.zenflow\worktrees\jan-31-review-f-cad9\backend\Services\TellerService.cs(23,53): warning CS1591: Missing XML comment for publicly visible type or member 'TellerService.GetTellersByElectionAsync(Guid, int, int)' [c:\Users\glenl\.zenflow\worktrees\jan-31-review-f-cad9\backend\TallyJ4.csproj]
c:\Users\glenl\.zenflow\worktrees\jan-31-review-f-cad9\backend\Services\TellerService.cs(52,35): warning CS1591: Missing XML comment for publicly visible type or member 'TellerService.GetTellerByIdAsync(int)' [c:\Users\glenl\.zenflow\worktrees\jan-31-review-f-cad9\backend\TallyJ4.csproj]
c:\Users\glenl\.zenflow\worktrees\jan-31-review-f-cad9\backend\Services\TellerService.cs(71,34): warning CS1591: Missing XML comment for publicly visible type or member 'TellerService.CreateTellerAsync(CreateTellerDto)' [c:\Users\glenl\.zenflow\worktrees\jan-31-review-f-cad9\backend\TallyJ4.csproj]
c:\Users\glenl\.zenflow\worktrees\jan-31-review-f-cad9\backend\Services\TellerService.cs(92,35): warning CS1591: Missing XML comment for publicly visible type or member 'TellerService.UpdateTellerAsync(int, UpdateTellerDto)' [c:\Users\glenl\.zenflow\worktrees\jan-31-review-f-cad9\backend\TallyJ4.csproj]
c:\Users\glenl\.zenflow\worktrees\jan-31-review-f-cad9\backend\Services\TellerService.cs(121,29): warning CS1591: Missing XML comment for publicly visible type or member 'TellerService.DeleteTellerAsync(int)' [c:\Users\glenl\.zenflow\worktrees\jan-31-review-f-cad9\backend\TallyJ4.csproj]
c:\Users\glenl\.zenflow\worktrees\jan-31-review-f-cad9\backend\Services\TellerService.cs(143,29): warning CS1591: Missing XML comment for publicly visible type or member 'TellerService.IsTellerNameUniqueAsync(Guid, string, int?)' [c:\Users\glenl\.zenflow\worktrees\jan-31-review-f-cad9\backend\TallyJ4.csproj]
c:\Users\glenl\.zenflow\worktrees\jan-31-review-f-cad9\backend\Validators\CreateTellerDtoValidator.cs(6,14): warning CS1591: Missing XML comment for publicly visible type or member 'CreateTellerDtoValidator' [c:\Users\glenl\.zenflow\worktrees\jan-31-review-f-cad9\backend\TallyJ4.csproj]
c:\Users\glenl\.zenflow\worktrees\jan-31-review-f-cad9\backend\Validators\CreateTellerDtoValidator.cs(8,12): warning CS1591: Missing XML comment for publicly visible type or member 'CreateTellerDtoValidator.CreateTellerDtoValidator()' [c:\Users\glenl\.zenflow\worktrees\jan-31-review-f-cad9\backend\TallyJ4.csproj]
c:\Users\glenl\.zenflow\worktrees\jan-31-review-f-cad9\backend\Validators\RegisterComputerDtoValidator.cs(6,14): warning CS1591: Missing XML comment for publicly visible type or member 'RegisterComputerDtoValidator' [c:\Users\glenl\.zenflow\worktrees\jan-31-review-f-cad9\backend\TallyJ4.csproj]
c:\Users\glenl\.zenflow\worktrees\jan-31-review-f-cad9\backend\Validators\RegisterComputerDtoValidator.cs(8,12): warning CS1591: Missing XML comment for publicly visible type or member 'RegisterComputerDtoValidator.RegisterComputerDtoValidator()' [c:\Users\glenl\.zenflow\worktrees\jan-31-review-f-cad9\backend\TallyJ4.csproj]
c:\Users\glenl\.zenflow\worktrees\jan-31-review-f-cad9\backend\Validators\RequestCodeDtoValidator.cs(6,14): warning CS1591: Missing XML comment for publicly visible type or member 'RequestCodeDtoValidator' [c:\Users\glenl\.zenflow\worktrees\jan-31-review-f-cad9\backend\TallyJ4.csproj]
c:\Users\glenl\.zenflow\worktrees\jan-31-review-f-cad9\backend\Validators\RequestCodeDtoValidator.cs(8,12): warning CS1591: Missing XML comment for publicly visible type or member 'RequestCodeDtoValidator.RequestCodeDtoValidator()' [c:\Users\glenl\.zenflow\worktrees\jan-31-review-f-cad9\backend\TallyJ4.csproj]
c:\Users\glenl\.zenflow\worktrees\jan-31-review-f-cad9\backend\Validators\SubmitOnlineBallotDtoValidator.cs(6,14): warning CS1591: Missing XML comment for publicly visible type or member 'SubmitOnlineBallotDtoValidator' [c:\Users\glenl\.zenflow\worktrees\jan-31-review-f-cad9\backend\TallyJ4.csproj]
c:\Users\glenl\.zenflow\worktrees\jan-31-review-f-cad9\backend\Validators\SubmitOnlineBallotDtoValidator.cs(8,12): warning CS1591: Missing XML comment for publicly visible type or member 'SubmitOnlineBallotDtoValidator.SubmitOnlineBallotDtoValidator()' [c:\Users\glenl\.zenflow\worktrees\jan-31-review-f-cad9\backend\TallyJ4.csproj]
c:\Users\glenl\.zenflow\worktrees\jan-31-review-f-cad9\backend\Validators\UpdateTellerDtoValidator.cs(6,14): warning CS1591: Missing XML comment for publicly visible type or member 'UpdateTellerDtoValidator' [c:\Users\glenl\.zenflow\worktrees\jan-31-review-f-cad9\backend\TallyJ4.csproj]
c:\Users\glenl\.zenflow\worktrees\jan-31-review-f-cad9\backend\Validators\UpdateTellerDtoValidator.cs(8,12): warning CS1591: Missing XML comment for publicly visible type or member 'UpdateTellerDtoValidator.UpdateTellerDtoValidator()' [c:\Users\glenl\.zenflow\worktrees\jan-31-review-f-cad9\backend\TallyJ4.csproj]
c:\Users\glenl\.zenflow\worktrees\jan-31-review-f-cad9\backend\Validators\VerifyCodeDtoValidator.cs(6,14): warning CS1591: Missing XML comment for publicly visible type or member 'VerifyCodeDtoValidator' [c:\Users\glenl\.zenflow\worktrees\jan-31-review-f-cad9\backend\TallyJ4.csproj]
c:\Users\glenl\.zenflow\worktrees\jan-31-review-f-cad9\backend\Validators\VerifyCodeDtoValidator.cs(8,12): warning CS1591: Missing XML comment for publicly visible type or member 'VerifyCodeDtoValidator.VerifyCodeDtoValidator()' [c:\Users\glenl\.zenflow\worktrees\jan-31-review-f-cad9\backend\TallyJ4.csproj]
    254 Warning(s)
    0 Error(s)

Time Elapsed 00:00:04.19
